2026-10-03T00:09:21+00:00 prequal-loaded-r1 (v0.11.0):  00:09:21 up 6 days, 10:24, 5409 users,  load average: 4.35, 5.75, 5.29 24G available
2026-10-03T00:19:23+00:00 llmd-loaded-r1 (v0.11.0):  00:19:23 up 6 days, 10:34, 5409 users,  load average: 7.72, 15.46, 10.71 26G available
2026-10-03T00:30:00+00:00 prequal-lean-loaded-r1 (v0.11.0):  00:30:00 up 6 days, 10:45, 5409 users,  load average: 6.93, 21.70, 17.19 23G available
2026-10-03T00:40:09+00:00 prequal-loaded-r2 (v0.11.0):  00:40:09 up 6 days, 10:55, 5409 users,  load average: 6.62, 13.25, 14.41 25G available
2026-10-03T00:50:54+00:00 llmd-loaded-r2 (v0.11.0):  00:50:54 up 6 days, 11:05, 5409 users,  load average: 6.70, 15.36, 15.17 23G available
2026-10-03T01:01:26+00:00 prequal-lean-loaded-r2 (v0.11.0):  01:01:26 up 6 days, 11:16, 5409 users,  load average: 6.96, 22.49, 20.02 25G available
2026-10-03T01:11:09+00:00 prequal-zipf-r1 (v0.11.0):  01:11:09 up 6 days, 11:26, 5409 users,  load average: 6.52, 12.58, 15.60 25G available
2026-10-03T01:21:26+00:00 llmd-zipf-r1 (v0.11.0):  01:21:26 up 6 days, 11:36, 5409 users,  load average: 7.33, 17.10, 16.73 25G available
2026-10-03T01:32:01+00:00 prequal-zipf-r2 (v0.11.0):  01:32:01 up 6 days, 11:47, 5409 users,  load average: 6.60, 23.37, 21.36 25G available
2026-10-03T01:42:02+00:00 llmd-zipf-r2 (v0.11.0):  01:42:02 up 6 days, 11:57, 5409 users,  load average: 7.92, 18.20, 19.38 25G available
2026-10-03T01:52:24+00:00 prequal-two-epp-r1 (v0.11.0):  01:52:24 up 6 days, 12:07, 5409 users,  load average: 7.11, 23.46, 22.59 25G available
2026-10-03T02:02:54+00:00 llmd-two-epp-r1 (v0.11.0):  02:02:54 up 6 days, 12:17, 5409 users,  load average: 6.28, 21.48, 22.02 25G available
2026-10-03T02:13:58+00:00 prequal-two-epp-r2 (v0.11.0):  02:13:58 up 6 days, 12:29, 5409 users,  load average: 6.92, 30.88, 28.95 25G available
2026-10-03T02:24:28+00:00 llmd-two-epp-r2 (v0.11.0):  02:24:28 up 6 days, 12:39, 5409 users,  load average: 6.25, 22.41, 25.40 21G available
2026-10-03T02:35:22+00:00 prequal-burst-r1 (v0.11.0):  02:35:22 up 6 days, 12:50, 5409 users,  load average: 7.97, 32.11, 30.66 25G available
2026-10-03T02:40:30+00:00 llmd-burst-r1 (v0.11.0):  02:40:30 up 6 days, 12:55, 5409 users,  load average: 7.14, 18.00, 24.86 18G available
2026-10-03T02:45:24+00:00 prequal-burst-r2 (v0.11.0):  02:45:24 up 6 days, 13:00, 5409 users,  load average: 6.92, 13.63, 21.15 26G available
2026-10-03T02:50:31+00:00 llmd-burst-r2 (v0.11.0):  02:50:31 up 6 days, 13:05, 5409 users,  load average: 7.38, 12.25, 18.48 23G available
2026-10-03T02:55:42+00:00 prequal-job1-r1 (v0.11.0):  02:55:42 up 6 days, 13:10, 5409 users,  load average: 6.99, 11.87, 16.65 23G available
2026-10-03T03:03:15+00:00 llmd-job1-r1 (v0.11.0):  03:03:15 up 6 days, 13:18, 5409 users,  load average: 5.53, 6.83, 12.18 26G available
2026-10-03T03:11:15+00:00 prequal-job1-r2 (v0.11.0):  03:11:15 up 6 days, 13:26, 5409 users,  load average: 6.94, 8.82, 11.11 25G available
2026-10-03T03:18:48+00:00 llmd-job1-r2 (v0.11.0):  03:18:48 up 6 days, 13:33, 5409 users,  load average: 7.43, 6.53, 8.92 18G available
