1790995231 0 0
1790995236 0 0
1790995241 0 0
1790995246 0 0
1790995252 0 0
1790995257 0 0
1790995262 0 0
1790995267 0 0
1790995272 0 0
1790995277 0 0
1790995282 0 0
1790995287 0 104524
1790995292 21232 333776
1790995297 77072 497133
1790995302 154736 690725
1790995307 232272 862479
1790995312 331920 1049034
1790995317 437664 1270375
1790995322 579360 1486638
1790995327 700176 1650743
1790995332 714272 1673169
1790995338 1931296 2891412
1790995343 3147920 4306358
1790995349 4496368 5763396
1790995354 5558144 6882654
1790995359 5558144 6882654
1790995364 5772976 7097693
1790995370 5922096 7246957
1790995375 6106928 7432026
1790995380 6271008 7596297
1790995385 6480000 7805481
1790995390 6737952 8063642
1790995395 6871424 8197247
1790995400 6997584 8323554
1790995405 7229648 8555823
1790995410 7540736 8867206
1790995415 8998672 10326621
1790995421 10238768 11567901
1790995426 11695856 13026441
1790995432 12434064 13765308
1790995437 12434064 13765308
1790995442 12434064 13765308
