1790986765 0 0
1790986770 0 0
1790986775 0 0
1790986780 0 0
1790986785 0 0
1790986790 0 0
1790986795 0 0
1790986801 0 0
1790986806 0 0
1790986811 0 0
1790986816 0 0
1790986821 0 0
1790986826 0 0
1790986831 0 36963
1790986836 0 201439
1790986841 56064 445324
1790986846 175488 689385
1790986851 231728 888683
1790986856 287536 1093531
1790986861 385120 1271159
1790986866 526096 1479325
1790986871 666560 1663746
1790986876 813152 1832812
1790986881 937088 1985170
1790986886 1041648 2109843
1790986892 1118736 2213625
1790986897 1452496 2547734
1790986902 2138352 3234282
1790986907 2618288 3714678
1790986912 3205440 4302415
1790986917 3638704 4788137
1790986922 4124128 5330313
1790986927 4691920 5935747
1790986933 5197200 6467874
1790986938 5709600 7007458
1790986943 6300016 7629343
1790986948 6863856 8199885
1790986953 7380688 8717245
1790986958 7904064 9241105
1790986963 8454112 9791712
1790986968 9020544 10358763
1790986973 9650848 10989738
1790986979 10306784 11646362
1790986984 10860384 12200577
1790986989 11399936 12740620
1790986994 11983648 13324944
1790986999 12569712 13911592
1790987004 13209376 14551892
1790987009 13843232 15186391
1790987014 14306160 15649800
1790987020 14702336 16046411
1790987025 15230592 16575229
1790987030 15717824 17062948
1790987035 16352096 17697951
1790987040 16942384 18288773
1790987045 17540992 18888022
1790987050 17993568 19341054
1790987055 18618848 19966964
1790987060 19195744 20544449
1790987066 19834064 21183401
1790987071 20386032 21735974
1790987076 20809872 22160254
1790987081 21306368 22657250
1790987086 22309472 23661348
1790987092 23478048 24831149
1790987097 24387744 25741773
1790987102 25420592 26775777
1790987108 26367328 27723436
1790987113 27452624 28809824
1790987118 28416704 29774869
1790987124 29309392 30668500
1790987129 30329680 31689879
1790987134 31370528 32731778
1790987139 32376880 33739174
1790987145 33416464 34779800
1790987150 34328704 35692969
1790987155 35119712 36484824
1790987160 36174112 37540371
1790987166 37187008 38554253
1790987171 38081840 39449984
1790987176 39143808 40513047
1790987182 40142400 41512669
1790987187 40964112 42335207
1790987192 41989584 43361831
1790987197 43062352 44435655
1790987203 43985584 45359836
1790987208 44905136 46280278
1790987213 45744176 47120222
1790987219 46654528 48031484
1790987224 47702656 49080793
1790987229 48493440 49872344
1790987234 49432992 50812873
1790987239 50440208 51821061
1790987245 51405616 52787507
1790987250 52499936 53882996
1790987255 53362992 54746929
1790987261 54021264 55405870
1790987266 54021264 55405870
1790987271 54021264 55405870
1790987276 54021264 55405870
