1790994270 0 0
1790994275 0 0
1790994280 0 0
1790994285 0 0
1790994290 0 0
1790994295 0 0
1790994300 0 0
1790994305 0 0
1790994310 0 0
1790994315 0 0
1790994320 0 0
1790994325 0 59524
1790994331 0 237890
1790994336 21488 402545
1790994341 63424 579411
1790994346 77664 705686
1790994351 113376 875870
1790994356 161696 1062160
1790994361 254848 1227351
1790994366 361200 1457692
1790994371 480512 1738231
1790994376 577536 1892374
1790994381 712160 2099687
1790994386 796224 2225423
1790994391 1132656 2665044
1790994397 1666128 3318270
1790994402 2235936 3955831
1790994407 2662752 4428244
1790994412 3080016 5000502
1790994417 3658256 5729236
1790994423 4150352 6286285
1790994428 4674256 6867151
1790994433 5264496 7496989
1790994438 5706064 7962630
1790994443 6219840 8496354
1790994449 6801472 9084742
1790994454 7364272 9661615
1790994459 7911200 10216476
1790994464 8571552 10899221
1790994469 9176784 11517483
1790994474 9727920 12083276
1790994480 10317664 12683560
1790994485 10796976 13172759
1790994490 11279680 13660668
1790994495 11805120 14195284
1790994500 12337088 14731053
1790994505 12947872 15344931
1790994511 13489872 15893655
1790994516 14103808 16516506
1790994521 14588112 17008317
1790994526 15199712 17626275
1790994531 15852224 18285527
1790994537 16442128 18884122
1790994542 17130288 19574927
1790994547 17723600 20170583
1790994553 18232416 20681665
1790994558 18851040 21301595
1790994563 19310160 21763695
1790994568 19796848 22252612
1790994573 19863424 22319642
1790994578 20782096 23240641
1790994584 21816560 24278455
1790994589 22816240 25280515
1790994595 23651536 26121018
1790994600 24640208 27115874
1790994606 25644032 28123373
1790994612 26772336 29253110
1790994617 27865504 30348571
1790994623 29012512 31499851
1790994629 29925328 32415167
1790994634 31052800 33548008
1790994640 32054512 34550983
1790994646 33266336 35771777
1790994651 34305072 36812467
1790994657 35379792 37905192
1790994664 36515536 39067577
1790994670 37658544 40235274
1790994676 38610480 41217675
1790994682 39568096 42191561
1790994687 40586048 43218846
1790994693 41651408 44316137
1790994698 42768144 45442428
1790994704 43857024 46569238
1790994710 44857760 47578372
1790994715 45710400 48439195
1790994721 46815296 49568859
1790994727 47911152 50710667
1790994732 48949264 51795145
1790994738 49978032 52869480
1790994744 51067968 53968229
1790994749 52011936 54920540
1790994755 52734576 55651588
1790994760 52734576 55651588
1790994766 52734576 55651588
1790994771 52734576 55651588
1790994776 52734576 55651588
1790994781 52734576 55651588
1790994787 52734576 55651588
