1790988656 0 0
1790988661 0 0
1790988666 0 0
1790988671 0 0
1790988676 0 0
1790988681 0 0
1790988686 0 0
1790988691 0 0
1790988696 0 0
1790988701 0 0
1790988706 0 0
1790988711 0 147833
1790988716 7088 275385
1790988721 57360 432803
1790988726 128656 679872
1790988732 241696 873186
1790988737 325936 1043768
1790988742 437632 1244984
1790988747 592032 1488609
1790988752 691712 1673851
1790988757 825792 1852497
1790988762 1010976 2077027
1790988767 1138992 2234537
1790988772 1182768 2278350
1790988777 1759264 2855431
1790988782 2264576 3361245
1790988787 2877424 3974703
1790988792 3400224 4514916
1790988798 3912288 5106559
1790988803 4456880 5687364
1790988808 5028048 6289688
1790988813 5543024 6839162
1790988818 6150464 7479382
1790988823 6864480 8211662
1790988829 7415408 8763091
1790988834 8067936 9416283
1790988839 8686800 10035783
1790988844 9294512 10644088
1790988849 9851088 11201255
1790988854 10535008 11885862
1790988859 11047520 12398923
1790988865 11568064 12919977
1790988870 12207376 13559936
1790988875 12797920 14151070
1790988880 13406848 14760623
1790988885 13962512 15316835
1790988890 14404368 15759136
1790988895 14914032 16269305
1790988900 15471984 16827834
1790988906 16015232 17371637
1790988911 16549040 17906011
1790988916 16992848 18350229
1790988921 17560960 18918954
1790988926 18104768 19463324
1790988931 18648448 20007512
1790988936 19189808 20549418
1790988941 19793824 21154027
1790988947 20356320 21717092
1790988952 20965664 22327102
1790988957 21286272 22648051
1790988962 22165344 23527997
1790988967 23055824 24419347
1790988972 23909376 25273765
1790988978 24772096 26137343
1790988983 25838720 27205056
1790988988 26749840 28117136
1790988993 27821536 29189917
1790988999 28900880 30270328
1790989004 29864128 31234598
1790989009 31022864 32394492
1790989015 31959872 33332459
1790989020 32885376 34258864
1790989025 33974912 35349505
1790989031 34993328 36368932
1790989036 36123488 37500262
1790989042 37177728 38555574
1790989047 38237520 39616463
1790989052 39106672 40486476
1790989057 40103360 41484148
1790989063 40971136 42352846
1790989068 41922768 43305390
1790989073 42932416 44316066
1790989078 43917648 45302321
1790989084 44763248 46148775
1790989089 45811984 47198572
1790989094 46851088 48238726
1790989100 47934656 49323398
1790989105 48903072 50292778
1790989110 49887424 51278107
1790989116 50941920 52333668
1790989121 51989648 53382512
1790989126 52985296 54379124
1790989132 53935408 55330212
1790989137 54420032 55815340
1790989142 54420032 55815340
1790989147 54420032 55815340
1790989152 54420032 55815340
