1790992976 0 0
1790992981 0 0
1790992986 0 0
1790992991 0 0
1790992996 0 0
1790993001 0 0
1790993006 0 0
1790993011 0 0
1790993016 0 0
1790993021 0 0
1790993026 0 0
1790993031 0 103074
1790993037 6496 302005
1790993042 27840 518355
1790993047 77344 704822
1790993052 133888 919655
1790993057 204912 1165237
1790993062 261424 1313723
1790993067 318032 1477846
1790993072 387952 1617681
1790993077 464432 1771046
1790993082 542448 1926337
1790993087 654576 2111577
1790993092 729968 2220911
1790993097 941536 2471584
1790993103 1446336 3006113
1790993108 1877984 3557409
1790993113 2391856 4161967
1790993118 2851200 4756945
1790993123 3379296 5446231
1790993129 3902880 6041824
1790993134 4336656 6543608
1790993139 4894368 7168383
1790993144 5489072 7807957
1790993150 5920752 8245092
1790993155 6468480 8810477
1790993160 6986640 9351888
1790993165 7654592 10028615
1790993170 8251504 10648693
1790993176 8808880 11218400
1790993181 9294032 11716826
1790993186 9844224 12279170
1790993191 10402560 12854056
1790993196 10963072 13424705
1790993201 11505936 13973260
1790993207 12054880 14524477
1790993212 12612752 15085070
1790993217 13145472 15622821
1790993222 13711328 16198603
1790993227 14339712 16834688
1790993232 14755520 17252764
1790993238 15325104 17829530
1790993243 15850208 18359392
1790993248 16480352 18997292
1790993253 17137104 19657193
1790993258 17752896 20275331
1790993264 18339424 20865175
1790993269 18997984 21526672
1790993274 19638704 22171786
1790993279 19668224 22201331
1790993284 20732496 23270028
1790993290 21757968 24297744
1790993295 22712400 25255450
1790993301 23846688 26405187
1790993306 24705456 27269301
1790993312 25580704 28150456
1790993317 26532080 29103179
1790993323 27612352 30184940
1790993329 28698304 31272162
1790993335 29681776 32259598
1790993340 30822720 33405540
1790993346 32001024 34585404
1790993352 33011424 35596850
1790993358 34163232 36749668
1790993364 35259936 37862479
1790993370 36254272 38866479
1790993376 37172640 39808810
1790993381 38324912 40962857
1790993388 39512256 42196447
1790993394 40621280 43315651
1790993399 41662512 44381063
1790993405 42700160 45441599
1790993411 43749808 46514239
1790993417 44944464 47739585
1790993423 45986592 48813649
1790993428 46886368 49722020
1790993434 48087472 50947356
1790993440 49062688 51938720
1790993446 50042432 52949010
1790993452 51153312 54120623
1790993457 52125840 55131501
1790993463 52482720 55503491
1790993468 52482720 55503491
1790993474 52482720 55503491
1790993479 52482720 55503491
1790993484 52482720 55503491
1790993489 52482720 55503491
