1790991724 0 0
1790991729 0 0
1790991734 0 0
1790991739 0 0
1790991744 13536 21619
1790991749 41584 50426
1790991754 62912 71782
1790991759 98752 107673
1790991764 141904 150885
1790991769 192016 201074
1790991774 249424 258558
1790991779 328304 337554
1790991784 364240 463640
1790991790 435920 662095
1790991795 486144 838703
1790991800 612992 1066586
1790991805 662672 1229309
1790991810 883440 1535911
1790991815 1090928 1790873
1790991820 1289936 2068562
1790991825 1468240 2332232
1790991830 1661440 2596527
1790991835 1946208 2908506
1790991840 2201824 3191848
1790991845 2331152 3321753
1790991850 2978880 3970239
1790991855 3516176 4508119
1790991861 4126880 5119476
1790991866 4713328 5737410
1790991871 5167520 6276595
1790991876 5676448 6854419
1790991881 6205808 7413976
1790991886 6769728 8009055
1790991891 7235552 8501925
1790991896 7758592 9046191
1790991902 8246480 9555108
1790991907 8833200 10166991
1790991912 9298752 10644615
1790991917 9915152 11261762
1790991922 10407632 11754771
1790991927 10893408 12241068
1790991932 11450768 12799024
1790991938 12069968 13418974
1790991943 12598352 13947948
1790991948 13170368 14520630
1790991953 13705264 15056167
1790991958 14254528 15606068
1790991963 14840528 16192765
1790991968 15420720 16773560
1790991973 16053328 17406870
1790991979 16659776 18013900
1790991984 17219104 18573898
1790991989 17700032 19055326
1790991994 18455520 19811611
1790991999 19039664 20404486
1790992004 19679568 21045174
1790992010 20330144 21696485
1790992015 20988352 22355502
1790992020 21544784 22912614
1790992025 22252496 23621196
1790992030 22510608 23879672
1790992035 23436544 24806671
1790992041 24405936 25777872
1790992046 25359552 26732563
1790992051 26359024 27733167
1790992057 27298816 28674066
1790992062 28319824 29696247
1790992067 29362768 30740337
1790992073 30357744 31736341
1790992078 31359536 32739244
1790992083 32181104 33561683
1790992088 33126960 34508693
1790992094 34061216 35444001
1790992099 34990736 36374637
1790992104 35976400 37361344
1790992109 36978768 38364778
1790992115 37900128 39287162
1790992120 38812640 40200646
1790992125 39862240 41251469
1790992131 40835648 42248817
1790992136 41789888 43204206
1790992141 42683952 44099305
1790992146 43720896 45137372
1790992152 44737776 46155269
1790992157 45638832 47057415
1790992163 46626512 48046109
1790992168 47720416 49141331
1790992173 48452912 49874593
1790992179 49235776 50658311
1790992184 50007856 51431127
1790992189 50690000 52113926
1790992194 51461440 52886182
1790992199 52174640 53600049
1790992205 52915152 54341355
1790992210 53565456 54992317
1790992215 53749744 55176817
1790992220 53749744 55176817
1790992225 53749744 55176817
