1790996597 0 0
1790996602 0 0
1790996607 0 0
1790996612 0 0
1790996617 0 0
1790996622 0 0
1790996627 0 0
1790996632 0 0
1790996637 0 0
1790996642 0 0
1790996647 0 0
1790996652 0 36369
1790996657 0 73324
1790996663 0 103419
1790996668 43664 154852
1790996673 201648 607548
1790996678 407104 1053110
1790996683 624544 1460835
1790996688 844144 1811887
1790996693 1160912 2219325
1790996698 1487056 2599635
1790996703 1767824 2932866
1790996708 2028832 3214856
1790996714 2376752 3602836
1790996719 2700704 3943868
1790996724 3066064 4335972
1790996729 3384032 4671226
1790996734 3716208 5020672
1790996739 4132176 5459184
1790996744 4455456 5793891
1790996749 4848304 6187143
1790996754 5248400 6587680
1790996759 5722816 7062568
1790996764 6079616 7419710
1790996769 6369072 7709467
1790996774 6830384 8171268
1790996780 7260576 8601896
1790996785 7682816 9024499
1790996790 8023856 9365887
1790996795 8358752 9701120
1790996800 8707520 10050250
1790996805 9113664 10456815
1790996810 9486352 10829876
1790996815 9806480 11150339
1790996820 10117072 11461219
1790996825 10494784 11839355
1790996830 10851424 12196376
1790996835 11228464 12573781
1790996841 11645616 12991343
1790996846 12016464 13362591
1790996851 12418656 13765189
1790996856 12804320 14151251
1790996861 13182288 14529564
1790996866 13494128 14841684
1790996871 13850512 15198436
1790996876 14213264 15561577
1790996881 14650416 15999165
1790996886 15111632 16460855
1790996891 15483808 16833401
1790996896 15823408 17173318
1790996901 16157728 17508027
1790996907 16646416 17997193
1790996912 16937840 18288927
1790996917 17374336 18725880
1790996922 17664480 19016325
1790996927 18036304 19388533
1790996932 18489568 19842247
1790996937 18807696 20160639
1790996942 19126448 20479718
1790996947 19490752 20844386
1790996952 19876416 21230458
1790996957 20253312 21607739
1790996962 20625616 21980406
1790996967 21042448 22397661
1790996973 21042448 22397661
1790996978 21042448 22397661
