1790995833 0 0
1790995838 0 0
1790995843 0 0
1790995848 0 0
1790995853 0 0
1790995858 0 0
1790995863 0 0
1790995869 0 0
1790995874 0 0
1790995879 0 0
1790995884 0 0
1790995889 14832 148819
1790995894 42704 400203
1790995899 90800 568808
1790995904 147840 756160
1790995909 211680 928682
1790995914 352576 1172856
1790995919 485552 1356686
1790995924 584800 1527091
1790995929 654320 1651800
1790995934 728448 1733998
1790995939 1935024 2941857
1790995945 3117712 4265225
1790995950 4502512 5768037
1790995955 5533536 6853973
1790995961 5533536 6853973
1790995966 5726768 7047399
1790995971 5977616 7298515
1790995976 6183648 7504782
1790995981 6341664 7662989
1790995986 6498096 7819598
1790995991 6661088 7982748
1790995996 6844288 8166106
1790996001 6999024 8320995
1790996006 7198640 8520830
1790996011 7480528 8803012
1790996017 8827168 10151048
1790996022 10209472 11534723
1790996028 11725424 13052242
1790996033 12380448 13707946
1790996038 12380448 13707946
1790996043 12380448 13707946
