1790990488 0 0
1790990493 0 0
1790990498 0 0
1790990503 0 0
1790990508 34608 43228
1790990513 70576 79237
1790990518 128128 136854
1790990523 149744 158500
1790990528 228864 237707
1790990533 250416 259282
1790990538 300800 309725
1790990543 322352 331300
1790990548 387184 537558
1790990553 479424 779886
1790990559 586016 1030560
1790990564 650048 1214943
1790990569 712640 1353258
1790990574 962560 1673378
1790990579 1148512 1893343
1790990584 1362128 2185494
1790990589 1561600 2440032
1790990594 1804544 2709997
1790990599 2019184 2974033
1790990604 2255072 3243569
1790990609 2510304 3499099
1790990614 3061616 4050918
1790990619 3610576 4600467
1790990625 4156208 5146656
1790990630 4687264 5707090
1790990635 5107264 6174643
1790990640 5565984 6696374
1790990645 5945632 7122852
1790990650 6592704 7811614
1790990656 7213936 8480196
1790990661 7786976 9075677
1790990666 8311808 9621780
1790990671 8904944 10240684
1790990676 9512208 10858171
1790990681 10066384 11412895
1790990687 10717584 12064766
1790990692 11341184 12688987
1790990697 11851792 13200063
1790990702 12322288 13671055
1790990707 12821296 14170590
1790990712 13470224 14820181
1790990717 14123872 15474529
1790990723 14610976 15962122
1790990728 15206128 16557887
1790990733 15713584 17065881
1790990738 16286752 17639610
1790990743 16773248 18126623
1790990748 17332496 18686397
1790990753 17795584 19149967
1790990758 18330800 19685737
1790990764 19036464 20392057
1790990769 19608912 20995926
1790990774 20310304 21698092
1790990779 21052480 22441027
1790990784 21888064 23277853
1790990790 22437120 23827471
1790990795 22728384 24119073
1790990800 23485344 24876796
1790990805 24494736 25887218
1790990810 25494224 26887618
1790990816 26576688 27971200
1790990821 27686368 29082736
1790990827 28695072 30092500
1790990832 29694672 31093109
1790990837 30585168 31984474
1790990843 31597360 32997742
1790990848 32624512 34025829
1790990853 33592960 34995303
1790990859 34502176 35905461
1790990864 35544848 36949184
1790990869 36425088 37839457
1790990874 37455440 38870849
1790990880 38558224 39974741
1790990885 39595536 41013027
1790990891 40676272 42094910
1790990896 41776640 43196423
1790990902 42891840 44312732
1790990907 43827168 45249094
1790990913 44789632 46212527
1790990918 45685104 47108861
1790990923 46547808 47979606
1790990928 47476784 48902318
1790990934 48414048 49840535
1790990939 49036128 50463268
1790990944 49896800 51324794
1790990949 50651728 52080451
1790990955 51356864 52786275
1790990960 52028816 53458898
1790990965 52725216 54155902
1790990970 53380688 54812042
1790990975 53801056 55232820
1790990980 53801056 55232820
1790990986 53801056 55232820
1790990991 53801056 55232820
