1790997530 0 0
1790997535 0 0
1790997540 0 0
1790997545 0 0
1790997550 0 0
1790997555 0 0
1790997560 0 0
1790997565 0 0
1790997570 0 0
1790997575 0 0
1790997580 0 0
1790997585 0 22789
1790997590 7136 74786
1790997596 14240 97224
1790997601 14240 111519
1790997606 194992 532929
1790997611 334912 963078
1790997616 483248 1266969
1790997621 730192 1650753
1790997626 1037888 2071592
1790997631 1317680 2434467
1790997636 1642080 2798496
1790997642 1979296 3175645
1790997647 2343056 3566212
1790997652 2665888 3913863
1790997657 3060688 4329491
1790997662 3406480 4694210
1790997667 3756832 5062991
1790997672 4116240 5441945
1790997677 4407696 5744915
1790997682 4682176 6019702
1790997687 5108816 6446811
1790997692 5428528 6766882
1790997697 5753968 7092650
1790997702 6165856 7504958
1790997708 6571264 7910828
1790997713 7046928 8386940
1790997718 7458704 8799220
1790997723 7828768 9169620
1790997728 8272336 9613636
1790997733 8583488 9925138
1790997738 8917952 10259894
1790997743 9301088 10643438
1790997748 9701152 11043869
1790997753 10153200 11496338
1790997758 10454528 11798014
1790997763 10825520 12169405
1790997768 11158448 12502703
1790997774 11467248 12811793
1790997779 11917536 13262551
1790997784 12310544 13655990
1790997789 12696336 14042170
1790997794 13026576 14372804
1790997799 13410736 14757320
1790997804 13831936 15178948
1790997809 14212640 15560074
1790997814 14618528 15966335
1790997819 14979408 16327574
1790997824 15431328 16779887
1790997829 15793936 17142885
1790997835 16304160 17653655
1790997840 16778624 18128661
1790997845 17136368 18486712
1790997850 17543840 18894656
1790997855 17929936 19281145
1790997860 18279040 19630618
1790997865 18586512 19938457
1790997870 18896832 20249075
1790997875 19252720 20605327
1790997880 19598896 20951870
1790997885 19876080 21229307
1790997890 20185824 21539360
1790997896 20524784 21878648
1790997901 20924688 22278904
1790997906 20961568 22315815
1790997911 20961568 22315815
