load 4.91 6.66 12.07 1790996605
load 5.49 6.72 12.03 1790996615
router-epp-5d95c984b5-8vfts   envoy-proxy    19m    18Mi   
router-epp-5d95c984b5-8vfts   epp            123m   22Mi   
load 6.12 6.82 12.01 1790996625
inference-perf-7cnx4          inference-perf   836m   226Mi   
router-epp-5d95c984b5-8vfts   envoy-proxy      16m    18Mi    
router-epp-5d95c984b5-8vfts   epp              79m    22Mi    
load 5.41 6.65 11.89 1790996635
inference-perf-7cnx4          inference-perf   836m   226Mi   
router-epp-5d95c984b5-8vfts   envoy-proxy      16m    18Mi    
router-epp-5d95c984b5-8vfts   epp              79m    22Mi    
load 4.73 6.46 11.77 1790996645
inference-perf-7cnx4          inference-perf   998m   294Mi   
router-epp-5d95c984b5-8vfts   envoy-proxy      7m     18Mi    
router-epp-5d95c984b5-8vfts   epp              45m    22Mi    
load 4.24 6.30 11.66 1790996656
inference-perf-7cnx4          inference-perf   885m   478Mi   
router-epp-5d95c984b5-8vfts   envoy-proxy      7m     18Mi    
router-epp-5d95c984b5-8vfts   epp              45m    22Mi    
load 4.51 6.29 11.60 1790996666
inference-perf-7cnx4          inference-perf   885m   478Mi   
router-epp-5d95c984b5-8vfts   envoy-proxy      7m     18Mi    
router-epp-5d95c984b5-8vfts   epp              45m    22Mi    
load 5.07 6.34 11.56 1790996676
inference-perf-7cnx4          inference-perf   288m   560Mi   
router-epp-5d95c984b5-8vfts   envoy-proxy      143m   23Mi    
router-epp-5d95c984b5-8vfts   epp              511m   33Mi    
load 6.43 6.60 11.59 1790996686
inference-perf-7cnx4          inference-perf   2487m   684Mi   
router-epp-5d95c984b5-8vfts   envoy-proxy      336m    29Mi    
router-epp-5d95c984b5-8vfts   epp              1295m   78Mi    
load 7.45 6.81 11.61 1790996696
inference-perf-7cnx4          inference-perf   2487m   684Mi   
router-epp-5d95c984b5-8vfts   envoy-proxy      336m    29Mi    
router-epp-5d95c984b5-8vfts   epp              1295m   78Mi    
load 9.03 7.16 11.67 1790996706
inference-perf-7cnx4          inference-perf   2795m   791Mi   
router-epp-5d95c984b5-8vfts   envoy-proxy      1563m   38Mi    
router-epp-5d95c984b5-8vfts   epp              1533m   83Mi    
load 8.19 7.04 11.58 1790996716
inference-perf-7cnx4          inference-perf   2284m   872Mi   
router-epp-5d95c984b5-8vfts   envoy-proxy      1338m   40Mi    
router-epp-5d95c984b5-8vfts   epp              1419m   79Mi    
load 8.45 7.14 11.56 1790996726
inference-perf-7cnx4          inference-perf   2284m   872Mi   
router-epp-5d95c984b5-8vfts   envoy-proxy      1338m   40Mi    
router-epp-5d95c984b5-8vfts   epp              1419m   79Mi    
load 8.53 7.20 11.54 1790996736
inference-perf-7cnx4          inference-perf   2784m   953Mi   
router-epp-5d95c984b5-8vfts   envoy-proxy      1262m   41Mi    
router-epp-5d95c984b5-8vfts   epp              1460m   87Mi    
load 9.77 7.51 11.59 1790996746
inference-perf-7cnx4          inference-perf   2408m   1041Mi   
router-epp-5d95c984b5-8vfts   envoy-proxy      1313m   42Mi     
router-epp-5d95c984b5-8vfts   epp              1493m   94Mi     
load 9.58 7.54 11.56 1790996756
inference-perf-7cnx4          inference-perf   2408m   1041Mi   
router-epp-5d95c984b5-8vfts   envoy-proxy      1313m   42Mi     
router-epp-5d95c984b5-8vfts   epp              1493m   94Mi     
load 10.28 7.77 11.59 1790996766
inference-perf-7cnx4          inference-perf   2779m   1149Mi   
router-epp-5d95c984b5-8vfts   envoy-proxy      1473m   43Mi     
router-epp-5d95c984b5-8vfts   epp              1570m   102Mi    
load 10.37 7.86 11.58 1790996776
inference-perf-7cnx4          inference-perf   2779m   1149Mi   
router-epp-5d95c984b5-8vfts   envoy-proxy      1481m   44Mi     
router-epp-5d95c984b5-8vfts   epp              1613m   103Mi    
load 10.47 7.96 11.57 1790996787
inference-perf-7cnx4          inference-perf   2779m   1149Mi   
router-epp-5d95c984b5-8vfts   envoy-proxy      1481m   44Mi     
router-epp-5d95c984b5-8vfts   epp              1613m   103Mi    
load 9.31 7.80 11.48 1790996797
inference-perf-7cnx4          inference-perf   2708m   1277Mi   
router-epp-5d95c984b5-8vfts   envoy-proxy      1351m   45Mi     
router-epp-5d95c984b5-8vfts   epp              1506m   94Mi     
load 9.82 7.96 11.49 1790996807
inference-perf-7cnx4          inference-perf   2925m   1392Mi   
router-epp-5d95c984b5-8vfts   envoy-proxy      1486m   47Mi     
router-epp-5d95c984b5-8vfts   epp              1589m   91Mi     
load 9.23 7.89 11.43 1790996817
inference-perf-7cnx4          inference-perf   2925m   1392Mi   
router-epp-5d95c984b5-8vfts   envoy-proxy      1486m   47Mi     
router-epp-5d95c984b5-8vfts   epp              1589m   91Mi     
load 11.47 8.39 11.55 1790996827
inference-perf-7cnx4          inference-perf   2590m   1502Mi   
router-epp-5d95c984b5-8vfts   envoy-proxy      1386m   47Mi     
router-epp-5d95c984b5-8vfts   epp              1540m   94Mi     
load 11.43 8.49 11.55 1790996837
inference-perf-7cnx4          inference-perf   2357m   1583Mi   
router-epp-5d95c984b5-8vfts   envoy-proxy      1386m   47Mi     
router-epp-5d95c984b5-8vfts   epp              1435m   102Mi    
load 10.90 8.48 11.51 1790996847
inference-perf-7cnx4          inference-perf   2649m   1707Mi   
router-epp-5d95c984b5-8vfts   envoy-proxy      1372m   49Mi     
router-epp-5d95c984b5-8vfts   epp              1522m   102Mi    
load 10.22 8.41 11.46 1790996857
inference-perf-7cnx4          inference-perf   2649m   1707Mi   
router-epp-5d95c984b5-8vfts   envoy-proxy      1372m   49Mi     
router-epp-5d95c984b5-8vfts   epp              1522m   102Mi    
load 11.97 8.84 11.57 1790996867
inference-perf-7cnx4          inference-perf   2766m   1803Mi   
router-epp-5d95c984b5-8vfts   envoy-proxy      1435m   50Mi     
router-epp-5d95c984b5-8vfts   epp              1628m   98Mi     
load 13.38 9.26 11.67 1790996877
inference-perf-7cnx4          inference-perf   2372m   1888Mi   
router-epp-5d95c984b5-8vfts   envoy-proxy      1315m   49Mi     
router-epp-5d95c984b5-8vfts   epp              1451m   93Mi     
load 13.65 9.45 11.71 1790996887
inference-perf-7cnx4          inference-perf   2372m   1888Mi   
router-epp-5d95c984b5-8vfts   envoy-proxy      1315m   49Mi     
router-epp-5d95c984b5-8vfts   epp              1451m   93Mi     
load 14.30 9.73 11.78 1790996897
inference-perf-7cnx4          inference-perf   2372m   1888Mi   
router-epp-5d95c984b5-8vfts   envoy-proxy      1315m   49Mi     
router-epp-5d95c984b5-8vfts   epp              1567m   100Mi    
load 15.27 10.09 11.87 1790996907
inference-perf-7cnx4          inference-perf   3071m   2010Mi   
router-epp-5d95c984b5-8vfts   envoy-proxy      1609m   50Mi     
router-epp-5d95c984b5-8vfts   epp              1634m   95Mi     
load 14.56 10.10 11.86 1790996917
inference-perf-7cnx4          inference-perf   3071m   2010Mi   
router-epp-5d95c984b5-8vfts   envoy-proxy      1609m   50Mi     
router-epp-5d95c984b5-8vfts   epp              1634m   95Mi     
load 13.23 9.96 11.79 1790996928
inference-perf-7cnx4          inference-perf   2635m   2115Mi   
router-epp-5d95c984b5-8vfts   envoy-proxy      1445m   50Mi     
router-epp-5d95c984b5-8vfts   epp              1545m   94Mi     
load 14.07 10.26 11.87 1790996938
inference-perf-7cnx4          inference-perf   2585m   2236Mi   
router-epp-5d95c984b5-8vfts   envoy-proxy      1304m   50Mi     
router-epp-5d95c984b5-8vfts   epp              1538m   90Mi     
load 13.20 10.20 11.83 1790996948
inference-perf-7cnx4          inference-perf   2585m   2236Mi   
router-epp-5d95c984b5-8vfts   envoy-proxy      1304m   50Mi     
router-epp-5d95c984b5-8vfts   epp              1538m   90Mi     
load 14.15 10.52 11.92 1790996958
inference-perf-7cnx4          inference-perf   2465m   2332Mi   
router-epp-5d95c984b5-8vfts   envoy-proxy      1377m   50Mi     
router-epp-5d95c984b5-8vfts   epp              1512m   105Mi    
load 12.66 10.32 11.84 1790996968
inference-perf-7cnx4          inference-perf   2465m   2332Mi   
router-epp-5d95c984b5-8vfts   envoy-proxy      1377m   50Mi     
router-epp-5d95c984b5-8vfts   epp              1547m   99Mi     
load 11.01 10.05 11.74 1790996978
inference-perf-7cnx4          inference-perf   2465m   2332Mi   
router-epp-5d95c984b5-8vfts   envoy-proxy      1377m   50Mi     
router-epp-5d95c984b5-8vfts   epp              1547m   99Mi     
