load 6.02 8.57 11.01 1790997085
router-epp-6d8d85798b-zrvcf   envoy-proxy   24m   18Mi   
router-epp-6d8d85798b-zrvcf   epp           47m   3Mi    
load 5.33 8.33 10.90 1790997095
router-epp-6d8d85798b-zrvcf   envoy-proxy    24m   18Mi   
router-epp-6d8d85798b-zrvcf   epp            37m   4Mi    
load 4.74 8.11 10.80 1790997106
inference-perf-7hktm          inference-perf   882m   189Mi   
router-epp-6d8d85798b-zrvcf   envoy-proxy      13m    18Mi    
router-epp-6d8d85798b-zrvcf   epp              18m    4Mi     
load 4.40 7.92 10.71 1790997116
inference-perf-7hktm          inference-perf   882m   189Mi   
router-epp-6d8d85798b-zrvcf   envoy-proxy      13m    18Mi    
router-epp-6d8d85798b-zrvcf   epp              18m    4Mi     
load 3.95 7.71 10.61 1790997126
inference-perf-7hktm          inference-perf   998m   283Mi   
router-epp-6d8d85798b-zrvcf   envoy-proxy      7m     18Mi    
router-epp-6d8d85798b-zrvcf   epp              18m    4Mi     
load 3.57 7.51 10.52 1790997136
inference-perf-7hktm          inference-perf   998m   349Mi   
router-epp-6d8d85798b-zrvcf   envoy-proxy      7m     18Mi    
router-epp-6d8d85798b-zrvcf   epp              12m    4Mi     
load 3.33 7.32 10.42 1790997146
inference-perf-7hktm          inference-perf   998m   349Mi   
router-epp-6d8d85798b-zrvcf   envoy-proxy      7m     18Mi    
router-epp-6d8d85798b-zrvcf   epp              12m    4Mi     
load 3.20 7.16 10.34 1790997156
inference-perf-7hktm          inference-perf   517m   531Mi   
router-epp-6d8d85798b-zrvcf   envoy-proxy      154m   24Mi    
router-epp-6d8d85798b-zrvcf   epp              55m    6Mi     
load 3.40 7.08 10.28 1790997166
inference-perf-7hktm          inference-perf   1659m   702Mi   
router-epp-6d8d85798b-zrvcf   envoy-proxy      667m    34Mi    
router-epp-6d8d85798b-zrvcf   epp              136m    8Mi     
load 4.05 7.09 10.25 1790997176
inference-perf-7hktm          inference-perf   1659m   702Mi   
router-epp-6d8d85798b-zrvcf   envoy-proxy      667m    34Mi    
router-epp-6d8d85798b-zrvcf   epp              136m    8Mi     
load 4.35 7.05 10.20 1790997186
inference-perf-7hktm          inference-perf   1659m   702Mi   
router-epp-6d8d85798b-zrvcf   envoy-proxy      936m    37Mi    
router-epp-6d8d85798b-zrvcf   epp              311m    12Mi    
load 4.14 6.92 10.12 1790997196
inference-perf-7hktm          inference-perf   2587m   887Mi   
router-epp-6d8d85798b-zrvcf   envoy-proxy      1270m   42Mi    
router-epp-6d8d85798b-zrvcf   epp              290m    12Mi    
load 4.40 6.89 10.08 1790997206
inference-perf-7hktm          inference-perf   2587m   887Mi   
router-epp-6d8d85798b-zrvcf   envoy-proxy      1270m   42Mi    
router-epp-6d8d85798b-zrvcf   epp              290m    12Mi    
load 4.51 6.83 10.02 1790997216
inference-perf-7hktm          inference-perf   2710m   993Mi   
router-epp-6d8d85798b-zrvcf   envoy-proxy      1118m   43Mi    
router-epp-6d8d85798b-zrvcf   epp              336m    13Mi    
load 4.51 6.75 9.96 1790997226
inference-perf-7hktm          inference-perf   2710m   993Mi   
router-epp-6d8d85798b-zrvcf   envoy-proxy      1255m   43Mi    
router-epp-6d8d85798b-zrvcf   epp              322m    14Mi    
load 4.58 6.69 9.91 1790997236
inference-perf-7hktm          inference-perf   2710m   993Mi   
router-epp-6d8d85798b-zrvcf   envoy-proxy      1255m   43Mi    
router-epp-6d8d85798b-zrvcf   epp              322m    14Mi    
load 4.50 6.60 9.85 1790997246
inference-perf-7hktm          inference-perf   2402m   1101Mi   
router-epp-6d8d85798b-zrvcf   envoy-proxy      956m    45Mi     
router-epp-6d8d85798b-zrvcf   epp              275m    14Mi     
load 4.81 6.60 9.81 1790997257
inference-perf-7hktm          inference-perf   2136m   1207Mi   
router-epp-6d8d85798b-zrvcf   envoy-proxy      943m    44Mi     
router-epp-6d8d85798b-zrvcf   epp              278m    14Mi     
load 4.76 6.53 9.75 1790997267
inference-perf-7hktm          inference-perf   2136m   1207Mi   
router-epp-6d8d85798b-zrvcf   envoy-proxy      943m    44Mi     
router-epp-6d8d85798b-zrvcf   epp              278m    14Mi     
load 5.22 6.56 9.73 1790997277
inference-perf-7hktm          inference-perf   2800m   1300Mi   
router-epp-6d8d85798b-zrvcf   envoy-proxy      1199m   46Mi     
router-epp-6d8d85798b-zrvcf   epp              337m    14Mi     
load 5.38 6.56 9.69 1790997287
inference-perf-7hktm          inference-perf   2657m   1398Mi   
router-epp-6d8d85798b-zrvcf   envoy-proxy      1163m   47Mi     
router-epp-6d8d85798b-zrvcf   epp              315m    14Mi     
load 5.01 6.44 9.62 1790997297
inference-perf-7hktm          inference-perf   2657m   1398Mi   
router-epp-6d8d85798b-zrvcf   envoy-proxy      1163m   47Mi     
router-epp-6d8d85798b-zrvcf   epp              315m    14Mi     
load 5.64 6.54 9.62 1790997307
inference-perf-7hktm          inference-perf   2585m   1492Mi   
router-epp-6d8d85798b-zrvcf   envoy-proxy      1159m   48Mi     
router-epp-6d8d85798b-zrvcf   epp              321m    14Mi     
load 6.60 6.72 9.64 1790997317
inference-perf-7hktm          inference-perf   2316m   1602Mi   
router-epp-6d8d85798b-zrvcf   envoy-proxy      1007m   48Mi     
router-epp-6d8d85798b-zrvcf   epp              291m    15Mi     
load 6.12 6.61 9.58 1790997327
inference-perf-7hktm          inference-perf   2390m   1687Mi   
router-epp-6d8d85798b-zrvcf   envoy-proxy      983m    48Mi     
router-epp-6d8d85798b-zrvcf   epp              293m    14Mi     
load 5.80 6.53 9.52 1790997337
inference-perf-7hktm          inference-perf   2390m   1687Mi   
router-epp-6d8d85798b-zrvcf   envoy-proxy      983m    48Mi     
router-epp-6d8d85798b-zrvcf   epp              293m    14Mi     
load 5.21 6.38 9.44 1790997347
inference-perf-7hktm          inference-perf   2232m   1767Mi   
router-epp-6d8d85798b-zrvcf   envoy-proxy      1066m   48Mi     
router-epp-6d8d85798b-zrvcf   epp              270m    14Mi     
load 5.03 6.30 9.38 1790997357
inference-perf-7hktm          inference-perf   2486m   1861Mi   
router-epp-6d8d85798b-zrvcf   envoy-proxy      1066m   48Mi     
router-epp-6d8d85798b-zrvcf   epp              299m    14Mi     
load 5.02 6.25 9.33 1790997367
inference-perf-7hktm          inference-perf   2486m   1861Mi   
router-epp-6d8d85798b-zrvcf   envoy-proxy      1066m   48Mi     
router-epp-6d8d85798b-zrvcf   epp              299m    14Mi     
load 4.95 6.20 9.28 1790997377
inference-perf-7hktm          inference-perf   2286m   1977Mi   
router-epp-6d8d85798b-zrvcf   envoy-proxy      1045m   48Mi     
router-epp-6d8d85798b-zrvcf   epp              295m    15Mi     
load 5.68 6.32 9.29 1790997387
inference-perf-7hktm          inference-perf   2804m   2062Mi   
router-epp-6d8d85798b-zrvcf   envoy-proxy      1203m   49Mi     
router-epp-6d8d85798b-zrvcf   epp              306m    15Mi     
load 5.41 6.24 9.23 1790997397
inference-perf-7hktm          inference-perf   2804m   2062Mi   
router-epp-6d8d85798b-zrvcf   envoy-proxy      1203m   49Mi     
router-epp-6d8d85798b-zrvcf   epp              306m    15Mi     
load 5.05 6.14 9.16 1790997408
inference-perf-7hktm          inference-perf   2669m   2139Mi   
router-epp-6d8d85798b-zrvcf   envoy-proxy      1217m   50Mi     
router-epp-6d8d85798b-zrvcf   epp              328m    14Mi     
load 5.14 6.12 9.12 1790997418
inference-perf-7hktm          inference-perf   2101m   2207Mi   
router-epp-6d8d85798b-zrvcf   envoy-proxy      951m    49Mi     
router-epp-6d8d85798b-zrvcf   epp              262m    14Mi     
load 5.22 6.10 9.08 1790997428
inference-perf-7hktm          inference-perf   2101m   2207Mi   
router-epp-6d8d85798b-zrvcf   envoy-proxy      951m    49Mi     
router-epp-6d8d85798b-zrvcf   epp              262m    14Mi     
load 5.87 6.21 9.09 1790997438
inference-perf-7hktm          inference-perf   2310m   2324Mi   
router-epp-6d8d85798b-zrvcf   envoy-proxy      1053m   48Mi     
router-epp-6d8d85798b-zrvcf   epp              287m    14Mi     
load 5.27 6.07 9.01 1790997448
inference-perf-7hktm          inference-perf   2457m   2437Mi   
router-epp-6d8d85798b-zrvcf   envoy-proxy      1108m   49Mi     
router-epp-6d8d85798b-zrvcf   epp              305m    14Mi     
load 4.91 5.97 8.95 1790997458
inference-perf-7hktm          inference-perf   2457m   2437Mi   
router-epp-6d8d85798b-zrvcf   envoy-proxy      1108m   49Mi     
router-epp-6d8d85798b-zrvcf   epp              305m    14Mi     
