1790995526 0 0
1790995531 0 0
1790995536 0 0
1790995541 0 0
1790995546 0 0
1790995551 0 0
1790995556 0 0
1790995561 0 0
1790995566 0 0
1790995571 0 0
1790995576 0 0
1790995582 20288 183379
1790995587 55856 390838
1790995592 125072 604631
1790995597 181776 781759
1790995602 265456 959432
1790995607 363840 1137332
1790995612 490448 1354323
1790995617 546096 1465455
1790995622 686368 1635769
1790995627 794896 1745933
1790995632 1954480 2906692
1790995638 3268592 4424445
1790995643 4636528 5912783
1790995649 5529568 6853266
1790995654 5594880 6918657
1790995659 5734944 7058835
1790995664 5912784 7236867
1790995669 6052400 7376630
1790995674 6235392 7559781
1790995679 6473184 7797784
1790995684 6711072 8035948
1790995689 6836752 8161773
1790995694 7067680 8392911
1790995700 7193232 8518572
1790995705 7863024 9189019
1790995710 9246560 10573892
1790995715 10679824 12008647
1790995721 12191504 13521811
1790995727 12376064 13706532
1790995732 12376064 13706532
