1790989287 0 0
1790989292 0 0
1790989297 0 0
1790989303 0 0
1790989308 0 0
1790989313 0 0
1790989318 0 0
1790989323 0 0
1790989328 0 0
1790989333 0 0
1790989338 0 0
1790989343 7296 141803
1790989348 21456 318985
1790989353 70384 519228
1790989358 132960 719002
1790989363 189136 858834
1790989368 265280 1035358
1790989373 371584 1190943
1790989378 462496 1352921
1790989384 644976 1610352
1790989389 780048 1790974
1790989394 988688 2040432
1790989399 1137344 2219406
1790989404 1293776 2375983
1790989409 1877456 2960233
1790989414 2378192 3461523
1790989419 2881136 3964966
1790989424 3479776 4593184
1790989429 3981504 5151712
1790989434 4537744 5753460
1790989439 4917072 6160875
1790989444 5486656 6776159
1790989449 6100528 7422785
1790989454 6717600 8058217
1790989459 7382304 8723611
1790989465 7927152 9269025
1790989470 8444608 9786996
1790989475 8997616 10340572
1790989480 9520800 10864299
1790989485 10009712 11353785
1790989490 10617552 11962343
1790989495 11298976 12644470
1790989500 11832016 13178087
1790989505 12408320 13754897
1790989510 12962320 14309486
1790989515 13655136 15002996
1790989520 14106704 15455020
1790989525 14703456 16052373
1790989530 15339728 16689347
1790989535 15894352 17244625
1790989541 16398544 17749394
1790989546 17013792 18365258
1790989551 17589136 18941176
1790989556 18108480 19461034
1790989561 18668384 20021513
1790989566 19168848 20522467
1790989571 19650176 21004299
1790989576 20121376 21475964
1790989581 20667088 22022275
1790989586 20839104 22194499
1790989591 21726528 23082785
1790989596 22730240 24087545
1790989601 23651696 25009937
1790989607 24620560 25979911
1790989612 25487472 26847789
1790989617 26449168 27810441
1790989622 27299456 28661563
1790989627 28288192 29651327
1790989632 29282704 30646859
1790989637 30223664 31588895
1790989642 31342448 32708893
1790989647 32162816 33530036
1790989653 33174896 34543168
1790989658 34091136 35460344
1790989663 35130224 36500535
1790989668 36085792 37457205
1790989673 36916000 38288285
1790989678 37773184 39146297
1790989683 38703360 40077431
1790989689 39604416 40979392
1790989694 40554608 41930563
1790989699 41496224 42873283
1790989704 42452048 43830137
1790989709 43434288 44813311
1790989714 44445056 45825153
1790989720 45515968 46897118
1790989725 46439792 47821926
1790989730 47491472 48874855
1790989735 48328864 49713122
1790989740 49244832 50629926
1790989745 50076912 51462890
1790989750 51088576 52475574
1790989755 52035088 53423100
1790989761 53034944 54424134
1790989766 53880176 55270253
1790989771 54099936 55490173
1790989776 54099936 55490173
1790989781 54099936 55490173
1790989786 54099936 55490173
