1790992346 0 0
1790992351 0 0
1790992356 0 0
1790992361 0 0
1790992366 0 0
1790992371 0 0
1790992376 0 0
1790992381 0 0
1790992386 0 0
1790992391 0 0
1790992396 0 0
1790992401 0 133438
1790992406 27520 280893
1790992411 48512 458900
1790992417 83264 614123
1790992422 159920 747204
1790992427 272176 984530
1790992432 371824 1142369
1790992437 493184 1359178
1790992442 592416 1522029
1790992447 704928 1692472
1790992452 874336 1907757
1790992457 1085024 2159178
1790992462 1126544 2225056
1790992467 1614144 2735530
1790992472 2260208 3382243
1790992477 2838640 3968791
1790992483 3424624 4569175
1790992488 3839328 5050708
1790992493 4320544 5573379
1790992498 4797152 6119989
1790992503 5471680 6831004
1790992508 6060416 7451844
1790992513 6605344 8014241
1790992518 7217584 8627744
1790992523 7769888 9181233
1790992528 8419376 9831697
1790992533 8943040 10356725
1790992539 9358256 10772419
1790992544 9960960 11376458
1790992549 10613008 12029606
1790992554 11261568 12679570
1790992559 11828864 13248248
1790992564 12323888 13743774
1790992569 12908272 14328717
1790992574 13519024 14940470
1790992579 14021712 15443621
1790992584 14567984 15991131
1790992590 15038720 16463457
1790992595 15546608 16973162
1790992600 16110368 17537543
1790992605 16582592 18010256
1790992610 17120496 18549191
1790992615 17703024 19133010
1790992620 18316480 19747389
1790992625 18854176 20285587
1790992630 19452480 20884419
1790992635 20006288 21439132
1790992640 20530688 21964494
1790992646 20781248 22215315
1790992651 21579232 23014105
1790992656 22559424 23995197
1790992661 23580864 25018060
1790992667 24480000 25918924
1790992672 25248496 26688272
1790992677 26060736 27501901
1790992682 27130656 28573529
1790992688 28030768 29474466
1790992693 28947200 30391807
1790992698 30009776 31456372
1790992704 31060320 32508057
1790992709 32218000 33666980
1790992715 33138800 34604140
1790992720 34189296 35655577
1790992726 35170480 36638594
1790992731 36065920 37535001
1790992736 37150304 38620569
1790992742 38184768 39656027
1790992747 39172112 40644275
1790992753 40015472 41488487
1790992758 41144992 42619227
1790992764 42297888 43773817
1790992769 43257600 44734564
1790992775 44267424 45745680
1790992780 45384880 46864158
1790992786 46255536 47736087
1790992791 47334208 48815922
1790992796 48308912 49791678
1790992802 49209824 50693465
1790992807 50280064 51764694
1790992812 51529952 53015906
1790992818 52487136 53974073
1790992824 53464368 54952395
1790992829 54039776 55528377
1790992834 54039776 55528377
1790992839 54039776 55528377
1790992844 54039776 55528377
