1790987402 0 0
1790987407 0 0
1790987412 0 0
1790987417 0 0
1790987422 0 0
1790987427 0 0
1790987432 0 0
1790987438 0 0
1790987443 0 0
1790987448 0 0
1790987453 0 0
1790987458 6960 228561
1790987463 28224 383997
1790987468 99200 599370
1790987473 155264 741167
1790987478 266880 911419
1790987483 372176 1134351
1790987488 534336 1393371
1790987493 654448 1563978
1790987498 774784 1742382
1790987503 880016 1905769
1790987508 1012976 2075630
1790987513 1124448 2222556
1790987518 1249232 2347466
1790987523 1789776 2888528
1790987529 2404720 3504106
1790987534 3013344 4113334
1790987539 3499008 4629251
1790987544 3917584 5092387
1790987549 4372992 5586796
1790987554 4815952 6070019
1790987559 5306944 6588000
1790987564 5828272 7137453
1790987569 6315536 7651405
1790987574 6954416 8296909
1790987579 7569904 8913038
1790987584 8020944 9364535
1790987589 8715936 10060185
1790987594 9369376 10714288
1790987600 9879104 11224550
1790987605 10442976 11788994
1790987610 11072992 12419587
1790987615 11661296 13008485
1790987620 12170768 13518443
1790987625 12772480 14120719
1790987630 13401712 14750613
1790987635 13995072 15344543
1790987640 14538880 15888888
1790987645 15024224 16374735
1790987650 15518352 16869375
1790987655 16074640 17426204
1790987660 16712256 18064425
1790987665 17286064 18638795
1790987670 17944016 19297369
1790987676 18440880 19794727
1790987681 18967056 20321443
1790987686 19589824 20944806
1790987691 20111888 21467400
1790987696 20676736 22032850
1790987701 20862544 22218823
1790987706 21743488 23100613
1790987711 22736800 24094938
1790987716 23591040 24950006
1790987721 24624736 25984775
1790987726 25609792 26970776
1790987731 26567664 27929566
1790987737 27516416 28879270
1790987742 28501168 29864987
1790987747 29559072 30923982
1790987752 30471104 31836908
1790987757 31615072 32981981
1790987762 32592816 33960644
1790987767 33555872 34924687
1790987772 34486208 35855934
1790987778 35575712 36946542
1790987783 36466800 37838460
1790987788 37432032 38804657
1790987793 38329824 39703309
1790987798 39195424 40569792
1790987803 39977936 41353064
1790987809 40846192 42222220
1790987814 41928144 43305226
1790987819 42908432 44286466
1790987824 44005424 45384524
1790987829 44939648 46319687
1790987834 45807904 47188785
1790987839 46766848 48148736
1790987844 47723696 49106483
1790987850 48740928 50124709
1790987855 49614960 50999606
1790987860 50535120 51920685
1790987865 51402816 52789221
1790987870 52264864 53652147
1790987875 53081632 54469692
1790987880 54046816 55435830
1790987885 54166480 55555609
1790987890 54166480 55555609
1790987895 54166480 55555609
