1790991123 0 0
1790991128 0 0
1790991133 0 0
1790991138 0 0
1790991143 51760 60872
1790991148 82096 91240
1790991153 127728 136912
1790991158 188480 197728
1790991163 249248 258541
1790991168 272016 281340
1790991174 310000 319360
1790991179 363200 402203
1790991184 385280 512819
1790991189 460384 705256
1790991194 504912 810455
1790991199 593824 994512
1790991204 674144 1239774
1790991209 920192 1554588
1790991214 1155696 1861343
1790991219 1405088 2206272
1790991224 1696992 2559089
1790991229 1910288 2821116
1790991234 2130240 3068560
1790991239 2316016 3280316
1790991244 2583392 3547957
1790991249 3145280 4110394
1790991254 3636880 4602485
1790991260 4240560 5206739
1790991265 4873024 5893535
1790991270 5362784 6457206
1790991275 5965904 7135739
1790991280 6488144 7717412
1790991285 6973568 8245439
1790991290 7521552 8813964
1790991295 8145440 9461353
1790991300 8624832 9958997
1790991305 9138768 10494328
1790991310 9737520 11106326
1790991316 10367456 11736882
1790991321 10873728 12243698
1790991326 11445408 12815929
1790991331 12102320 13473477
1790991336 12709584 14081341
1790991341 13290048 14662417
1790991346 13877152 15250074
1790991351 14324992 15698363
1790991356 14852784 16226700
1790991361 15365552 16739972
1790991366 15824960 17199829
1790991371 16309840 17685153
1790991377 16937712 18313687
1790991382 17469024 18845507
1790991387 17883088 19259968
1790991392 18516800 19894311
1790991397 19160752 20538906
1790991402 19851360 21245153
1790991407 20528560 21923027
1790991412 21269136 22679201
1790991417 21993152 23411998
1790991423 22600144 24019576
1790991428 23034208 24454053
1790991433 24087344 25508849
1790991438 25184176 26607198
1790991443 26224128 27662841
1790991449 27163600 28603253
1790991454 28163472 29604482
1790991459 29142784 30585507
1790991465 30174784 31619553
1790991470 31228608 32674434
1790991475 32166128 33613287
1790991481 33089104 34537523
1790991486 34067664 35517094
1790991491 35102240 36553104
1790991496 36061824 37513655
1790991502 37043248 38496003
1790991507 37942560 39403515
1790991512 38883792 40346151
1790991517 39846064 41309680
1790991523 40690704 42155829
1790991528 41681184 43147306
1790991533 42619680 44087133
1790991539 43481296 44949604
1790991544 44300384 45769451
1790991549 45290224 46760313
1790991554 46306992 47778428
1790991559 47380784 48853264
1790991565 48307376 49780778
1790991570 49175504 50649787
1790991575 49931040 51406091
1790991580 50675488 52151272
1790991585 51525952 53002620
1790991591 52231392 53708728
1790991596 52881376 54359392
1790991601 53670448 55149242
1790991606 54336544 55816037
1790991611 54351632 55831153
1790991616 54351632 55831153
1790991621 54351632 55831153
