1790986163 0 0
1790986168 0 0
1790986173 0 0
1790986178 0 0
1790986183 0 0
1790986188 0 0
1790986193 0 0
1790986198 0 0
1790986203 0 0
1790986208 0 0
1790986213 0 0
1790986218 0 103458
1790986224 35696 279955
1790986229 78464 495482
1790986234 171072 733154
1790986239 275472 932140
1790986244 408992 1140885
1790986249 464928 1265708
1790986254 674592 1553095
1790986259 764832 1678303
1790986264 883552 1869253
1790986269 980720 2015662
1790986274 1114400 2200946
1790986279 1121184 2215425
1790986284 1667216 2761984
1790986289 2298112 3393613
1790986295 2914464 4010573
1790986300 3503712 4624268
1790986305 4001216 5177979
1790986310 4455632 5678576
1790986315 4963344 6221097
1790986320 5580784 6871384
1790986325 6037616 7352952
1790986330 6480160 7817021
1790986335 7087088 8424589
1790986340 7619776 8957883
1790986345 8185840 9524489
1790986350 8819904 10159229
1790986355 9343776 10683581
1790986361 9918480 11258907
1790986366 10475232 11816218
1790986371 10940736 12282243
1790986376 11553760 12895879
1790986381 12039072 13381631
1790986386 12564352 13907466
1790986391 13076480 14420168
1790986396 13635344 14979582
1790986401 14260752 15605656
1790986406 14880960 16226455
1790986411 15395600 16741634
1790986416 16027280 17373973
1790986421 16580768 17928053
1790986426 16986720 18334383
1790986432 17606592 18954857
1790986437 18258096 19607079
1790986442 18878176 20227809
1790986447 19436576 20786798
1790986452 19999488 21350265
1790986457 20609968 21961334
1790986462 20814304 22165896
1790986467 21331216 22683308
1790986472 22276704 23629820
1790986478 23272816 24626976
1790986483 24118016 25473021
1790986488 25119792 26475817
1790986493 26181696 27538799
1790986499 27409168 28767571
1790986504 28476944 29836431
1790986510 29369568 30729933
1790986515 30524496 31886067
1790986521 31638704 33001427
1790986526 32650864 34014623
1790986531 33602064 34966777
1790986537 34744592 36110476
1790986542 35689584 37056459
1790986547 36613024 37980854
1790986552 37462992 38831643
1790986557 38364480 39734094
1790986563 39212048 40582534
1790986568 40333312 41704926
1790986573 41233984 42606544
1790986578 42215760 43589324
1790986584 43264416 44638985
1790986589 44235168 45610833
1790986594 45161936 46538550
1790986599 45951712 47329080
1790986604 46845104 48223413
1790986609 47863872 49243257
1790986615 48706016 50086176
1790986620 49691840 51073104
1790986625 50506672 51888764
1790986630 51555376 52938484
1790986636 52569040 53953225
1790986641 53587872 54973103
1790986646 54037792 55423458
1790986651 54037792 55423458
1790986656 54037792 55423458
1790986661 54037792 55423458
