1790989871 0 0
1790989876 0 0
1790989881 0 0
1790989886 0 0
1790989891 29376 38437
1790989896 52400 61486
1790989901 113824 122967
1790989906 197664 215234
1790989911 220688 238278
1790989916 266784 284426
1790989921 312864 330545
1790989926 351264 412960
1790989931 396704 539548
1790989936 463264 726275
1790989941 552496 920242
1790989946 634144 1078922
1790989951 706656 1301052
1790989957 894624 1573816
1790989962 1126816 1914237
1790989967 1346560 2177173
1790989972 1652832 2532973
1790989977 1900192 2839584
1790989982 2183376 3165817
1790989987 2429792 3423405
1790989992 2766064 3759988
1790989997 3236544 4230941
1790990002 3914800 4909888
1790990007 4458272 5453924
1790990012 4983728 6057482
1790990017 5486992 6629995
1790990023 6061968 7269584
1790990028 6533504 7772230
1790990033 7120720 8391235
1790990038 7602368 8891451
1790990043 8068672 9384065
1790990048 8620736 9958829
1790990053 9167040 10525978
1790990058 9736064 11109331
1790990063 10361648 11735548
1790990068 10898880 12273336
1790990073 11465392 12840406
1790990078 12108000 13483735
1790990083 12641024 14017323
1790990089 13216640 14593541
1790990094 13814624 15192099
1790990099 14351392 15729351
1790990104 15004992 16383602
1790990109 15461328 16840434
1790990114 15939344 17318897
1790990119 16603664 17983914
1790990124 17073200 18453917
1790990129 17587216 18968471
1790990134 18063712 19445445
1790990139 18636336 20018657
1790990144 19317776 20700825
1790990149 19975120 21358869
1790990155 20705984 22090467
1790990160 21368368 22753488
1790990165 22124912 23510735
1790990170 22723568 24109994
1790990175 23235824 24623074
1790990180 24197840 25586057
1790990186 25248800 26638137
1790990191 26086544 27476746
1790990196 26963632 28354728
1790990202 27962576 29354643
1790990207 29065040 30458206
1790990213 29990096 31384207
1790990218 30765120 32160019
1790990223 31685776 33081597
1790990228 32581440 33978216
1790990234 33466784 34864837
1790990239 34403584 35802593
1790990244 35448272 36848257
1790990249 36550384 37951506
1790990254 37624304 39026530
1790990260 38557328 39960473
1790990265 39578528 40982717
1790990270 40458736 41863874
1790990275 41452720 42858895
1790990281 42365968 43772999
1790990286 43368432 44776448
1790990291 44435424 45844543
1790990296 45345984 46756024
1790990302 46420496 47831632
1790990307 47307664 48719720
1790990313 48423344 49836574
1790990318 49321504 50750496
1790990323 50118592 51548644
1790990328 50923952 52354835
1790990334 51647984 53079656
1790990339 52512176 53944713
1790990344 53272576 54705932
1790990349 54007120 55441268
1790990354 54513200 55947883
1790990359 54513200 55947883
1790990364 54513200 55947883
1790990369 54513200 55947883
