1790997077 0 0
1790997082 0 0
1790997087 0 0
1790997092 0 0
1790997097 0 0
1790997102 0 0
1790997107 0 0
1790997112 0 0
1790997117 0 0
1790997123 0 0
1790997128 0 0
1790997133 0 44679
1790997138 0 60004
1790997143 0 96349
1790997148 0 111218
1790997153 187952 560707
1790997158 322096 976065
1790997163 482736 1315887
1790997168 685264 1624642
1790997173 986272 2031147
1790997178 1265856 2392637
1790997183 1690912 2847865
1790997188 2085088 3278437
1790997193 2419488 3653080
1790997199 2805376 4060062
1790997204 3204704 4480856
1790997209 3578224 4874143
1790997214 4015088 5334730
1790997219 4354592 5690997
1790997224 4664976 6001671
1790997229 5041296 6378389
1790997234 5329488 6666886
1790997239 5654432 6992097
1790997244 6007104 7345136
1790997249 6478976 7817459
1790997254 6877984 8216838
1790997259 7244672 8583905
1790997264 7670416 9010039
1790997269 8018640 9358648
1790997274 8440288 9780697
1790997280 8854256 10195078
1790997285 9260528 10601796
1790997290 9645600 10987262
1790997295 9989056 11331106
1790997300 10319424 11661769
1790997305 10638176 11980886
1790997310 11036336 12379433
1790997315 11419568 12763008
1790997320 11715136 13058873
1790997325 12023952 13367990
1790997330 12400512 13744882
1790997335 12797024 14141812
1790997340 13200288 14545448
1790997345 13548608 14894154
1790997350 13912176 15258046
1790997355 14250576 15596796
1790997360 14584592 15931165
1790997366 15020624 16367673
1790997371 15340896 16688312
1790997376 15733328 17081122
1790997381 16190304 17538569
1790997386 16596560 17945219
1790997391 16964544 18313539
1790997396 17384880 18734315
1790997401 17672080 19021735
1790997406 18004288 19354287
1790997411 18327200 19677543
1790997416 18685808 20036454
1790997421 19093584 20444685
1790997426 19471760 20823198
1790997431 19751712 21103449
1790997436 20159088 21511273
1790997442 20528176 21880743
1790997447 20885632 22245943
1790997452 20952976 22313342
1790997457 20952976 22313342
