1790996144 0 0
1790996149 0 0
1790996154 0 0
1790996159 0 0
1790996164 0 0
1790996169 0 0
1790996174 0 0
1790996179 0 0
1790996184 0 0
1790996189 0 0
1790996194 0 0
1790996199 0 7229
1790996204 0 45307
1790996209 0 82524
1790996214 0 112459
1790996220 153872 518483
1790996225 258880 903263
1790996230 462832 1259389
1790996235 673728 1577232
1790996240 918832 1932602
1790996245 1332400 2457001
1790996250 1649264 2812234
1790996255 1964512 3166719
1790996260 2281184 3500189
1790996265 2562160 3804010
1790996270 2891856 4151053
1790996275 3226656 4503836
1790996280 3584720 4881241
1790996285 3944272 5260048
1790996291 4317600 5654149
1790996296 4722672 6059984
1790996301 5099904 6437593
1790996306 5506944 6845044
1790996311 5846928 7185363
1790996316 6233040 7571835
1790996321 6615312 7954476
1790996326 6881984 8221423
1790996331 7227408 8567144
1790996336 7701632 9041817
1790996341 8020064 9360503
1790996346 8417568 9758416
1790996351 8786144 10127378
1790996356 9223520 10565151
1790996361 9674448 11016545
1790996366 10061344 11403816
1790996371 10399184 11741976
1790996377 10732048 12075188
1790996382 11110352 12453860
1790996387 11516480 12860413
1790996392 11813920 13158121
1790996397 12224800 13569402
1790996402 12623856 13968839
1790996407 12956064 14301334
1790996412 13281360 14626947
1790996417 13548336 14894128
1790996422 13953808 15299999
1790996427 14307360 15653935
1790996432 14781280 16128282
1790996437 15151824 16499199
1790996442 15523760 16871501
1790996447 15861248 17209318
1790996452 16246448 17594909
1790996458 16623968 17972802
1790996463 17074448 18423756
1790996468 17409104 18758710
1790996473 17753648 19103584
1790996478 18197888 19548262
1790996483 18603520 19954226
1790996488 18936784 20287810
1790996493 19358240 20709630
1790996498 19732944 21084735
1790996503 20145904 21498072
1790996508 20412960 21765428
1790996513 20850496 22203406
1790996518 20954912 22307903
1790996523 20954912 22307903
