load 5.97 12.26 15.47 1790989879
router-epp-6d8d85798b-g4gjf   envoy-proxy   27m   18Mi   
router-epp-6d8d85798b-g4gjf   epp           47m   4Mi    
load 5.22 11.89 15.31 1790989889
inference-perf-hot-f57sm      inference-perf   898m   188Mi   
inference-perf-s4z95          inference-perf   895m   204Mi   
router-epp-6d8d85798b-g4gjf   envoy-proxy      12m    18Mi    
router-epp-6d8d85798b-g4gjf   epp              20m    4Mi     
load 4.95 11.61 15.18 1790989899
inference-perf-hot-f57sm      inference-perf   898m   188Mi   
inference-perf-s4z95          inference-perf   895m   204Mi   
router-epp-6d8d85798b-g4gjf   envoy-proxy      12m    18Mi    
router-epp-6d8d85798b-g4gjf   epp              20m    4Mi     
load 4.50 11.30 15.04 1790989909
inference-perf-hot-f57sm      inference-perf   242m   365Mi   
inference-perf-s4z95          inference-perf   901m   208Mi   
router-epp-6d8d85798b-g4gjf   envoy-proxy      84m    25Mi    
router-epp-6d8d85798b-g4gjf   epp              20m    4Mi     
load 3.96 10.96 14.89 1790989919
inference-perf-hot-f57sm      inference-perf   320m   388Mi   
inference-perf-s4z95          inference-perf   998m   278Mi   
router-epp-6d8d85798b-g4gjf   envoy-proxy      169m   27Mi    
router-epp-6d8d85798b-g4gjf   epp              59m    6Mi     
load 3.50 10.63 14.74 1790989929
inference-perf-hot-f57sm      inference-perf   320m   388Mi   
inference-perf-s4z95          inference-perf   998m   278Mi   
router-epp-6d8d85798b-g4gjf   envoy-proxy      169m   27Mi    
router-epp-6d8d85798b-g4gjf   epp              59m    6Mi     
load 3.35 10.36 14.61 1790989939
inference-perf-hot-f57sm      inference-perf   216m   407Mi   
inference-perf-s4z95          inference-perf   981m   560Mi   
router-epp-6d8d85798b-g4gjf   envoy-proxy      270m   30Mi    
router-epp-6d8d85798b-g4gjf   epp              59m    6Mi     
load 2.91 10.04 14.46 1790989949
inference-perf-hot-f57sm      inference-perf   216m   407Mi   
inference-perf-s4z95          inference-perf   835m   601Mi   
router-epp-6d8d85798b-g4gjf   envoy-proxy      557m   32Mi    
router-epp-6d8d85798b-g4gjf   epp              184m   8Mi     
load 3.69 9.97 14.39 1790989959
inference-perf-hot-f57sm      inference-perf   216m   407Mi   
inference-perf-s4z95          inference-perf   835m   601Mi   
router-epp-6d8d85798b-g4gjf   envoy-proxy      557m   32Mi    
router-epp-6d8d85798b-g4gjf   epp              184m   8Mi     
load 3.67 9.76 14.27 1790989969
inference-perf-hot-f57sm      inference-perf   325m   431Mi   
inference-perf-s4z95          inference-perf   925m   639Mi   
router-epp-6d8d85798b-g4gjf   envoy-proxy      669m   37Mi    
router-epp-6d8d85798b-g4gjf   epp              198m   9Mi     
load 4.44 9.72 14.21 1790989979
inference-perf-hot-f57sm      inference-perf   884m    470Mi   
inference-perf-s4z95          inference-perf   1000m   681Mi   
router-epp-6d8d85798b-g4gjf   envoy-proxy      876m    41Mi    
router-epp-6d8d85798b-g4gjf   epp              249m    11Mi    
load 4.47 9.54 14.10 1790989990
inference-perf-hot-f57sm      inference-perf   884m    470Mi   
inference-perf-s4z95          inference-perf   1000m   681Mi   
router-epp-6d8d85798b-g4gjf   envoy-proxy      876m    41Mi    
router-epp-6d8d85798b-g4gjf   epp              249m    11Mi    
load 5.51 9.61 14.08 1790990000
inference-perf-hot-f57sm      inference-perf   970m   538Mi   
inference-perf-s4z95          inference-perf   886m   733Mi   
router-epp-6d8d85798b-g4gjf   envoy-proxy      854m   45Mi    
router-epp-6d8d85798b-g4gjf   epp              262m   12Mi    
load 8.44 10.10 14.19 1790990010
inference-perf-hot-f57sm      inference-perf   892m    564Mi   
inference-perf-s4z95          inference-perf   2760m   818Mi   
router-epp-6d8d85798b-g4gjf   envoy-proxy      854m    45Mi    
router-epp-6d8d85798b-g4gjf   epp              369m    14Mi    
load 8.54 10.06 14.13 1790990020
inference-perf-hot-f57sm      inference-perf   892m    564Mi   
inference-perf-s4z95          inference-perf   2760m   818Mi   
router-epp-6d8d85798b-g4gjf   envoy-proxy      854m    45Mi    
router-epp-6d8d85798b-g4gjf   epp              369m    14Mi    
load 8.79 10.06 14.09 1790990030
inference-perf-hot-f57sm      inference-perf   1011m   605Mi   
inference-perf-s4z95          inference-perf   3258m   956Mi   
router-epp-6d8d85798b-g4gjf   envoy-proxy      1784m   53Mi    
router-epp-6d8d85798b-g4gjf   epp              436m    15Mi    
load 8.87 10.04 14.04 1790990040
inference-perf-hot-f57sm      inference-perf   1125m   640Mi    
inference-perf-s4z95          inference-perf   3117m   1061Mi   
router-epp-6d8d85798b-g4gjf   envoy-proxy      1784m   53Mi     
router-epp-6d8d85798b-g4gjf   epp              460m    16Mi     
load 9.69 10.17 14.04 1790990050
inference-perf-hot-f57sm      inference-perf   1125m   640Mi    
inference-perf-s4z95          inference-perf   3117m   1061Mi   
router-epp-6d8d85798b-g4gjf   envoy-proxy      1784m   53Mi     
router-epp-6d8d85798b-g4gjf   epp              460m    16Mi     
load 9.79 10.18 14.00 1790990060
inference-perf-hot-f57sm      inference-perf   876m    675Mi    
inference-perf-s4z95          inference-perf   2816m   1147Mi   
router-epp-6d8d85798b-g4gjf   envoy-proxy      1769m   56Mi     
router-epp-6d8d85798b-g4gjf   epp              405m    16Mi     
load 10.42 10.31 14.00 1790990070
inference-perf-hot-f57sm      inference-perf   1170m   702Mi    
inference-perf-s4z95          inference-perf   3188m   1237Mi   
router-epp-6d8d85798b-g4gjf   envoy-proxy      1687m   56Mi     
router-epp-6d8d85798b-g4gjf   epp              459m    16Mi     
load 12.13 10.68 14.08 1790990080
inference-perf-hot-f57sm      inference-perf   1170m   702Mi    
inference-perf-s4z95          inference-perf   3188m   1237Mi   
router-epp-6d8d85798b-g4gjf   envoy-proxy      1687m   56Mi     
router-epp-6d8d85798b-g4gjf   epp              459m    16Mi     
load 12.49 10.80 14.08 1790990090
inference-perf-hot-f57sm      inference-perf   953m    734Mi    
inference-perf-s4z95          inference-perf   3179m   1368Mi   
router-epp-6d8d85798b-g4gjf   envoy-proxy      1856m   57Mi     
router-epp-6d8d85798b-g4gjf   epp              459m    16Mi     
load 16.05 11.62 14.32 1790990100
inference-perf-hot-f57sm      inference-perf   902m    766Mi    
inference-perf-s4z95          inference-perf   3263m   1452Mi   
router-epp-6d8d85798b-g4gjf   envoy-proxy      1856m   57Mi     
router-epp-6d8d85798b-g4gjf   epp              447m    17Mi     
load 15.16 11.58 14.27 1790990110
inference-perf-hot-f57sm      inference-perf   902m    766Mi    
inference-perf-s4z95          inference-perf   3263m   1452Mi   
router-epp-6d8d85798b-g4gjf   envoy-proxy      1856m   57Mi     
router-epp-6d8d85798b-g4gjf   epp              447m    17Mi     
load 14.80 11.62 14.26 1790990121
inference-perf-hot-f57sm      inference-perf   1025m   793Mi    
inference-perf-s4z95          inference-perf   3160m   1566Mi   
router-epp-6d8d85798b-g4gjf   envoy-proxy      1826m   58Mi     
router-epp-6d8d85798b-g4gjf   epp              449m    17Mi     
load 13.92 11.54 14.20 1790990131
inference-perf-hot-f57sm      inference-perf   989m    833Mi    
inference-perf-s4z95          inference-perf   2923m   1644Mi   
router-epp-6d8d85798b-g4gjf   envoy-proxy      1663m   57Mi     
router-epp-6d8d85798b-g4gjf   epp              424m    17Mi     
load 12.57 11.32 14.10 1790990141
inference-perf-hot-f57sm      inference-perf   989m    833Mi    
inference-perf-s4z95          inference-perf   2923m   1644Mi   
router-epp-6d8d85798b-g4gjf   envoy-proxy      1663m   57Mi     
router-epp-6d8d85798b-g4gjf   epp              424m    17Mi     
load 13.64 11.59 14.16 1790990151
inference-perf-hot-f57sm      inference-perf   703m    869Mi    
inference-perf-s4z95          inference-perf   2615m   1721Mi   
router-epp-6d8d85798b-g4gjf   envoy-proxy      1617m   58Mi     
router-epp-6d8d85798b-g4gjf   epp              401m    17Mi     
load 14.51 11.85 14.22 1790990161
inference-perf-hot-f57sm      inference-perf   1431m   921Mi    
inference-perf-s4z95          inference-perf   3268m   1864Mi   
router-epp-6d8d85798b-g4gjf   envoy-proxy      1936m   58Mi     
router-epp-6d8d85798b-g4gjf   epp              401m    17Mi     
load 15.57 12.17 14.30 1790990171
inference-perf-hot-f57sm      inference-perf   1431m   921Mi    
inference-perf-s4z95          inference-perf   3268m   1864Mi   
router-epp-6d8d85798b-g4gjf   envoy-proxy      1936m   58Mi     
router-epp-6d8d85798b-g4gjf   epp              401m    17Mi     
load 16.00 12.37 14.34 1790990181
inference-perf-hot-f57sm      inference-perf   2010m   974Mi    
inference-perf-s4z95          inference-perf   3007m   1979Mi   
router-epp-6d8d85798b-g4gjf   envoy-proxy      2193m   59Mi     
router-epp-6d8d85798b-g4gjf   epp              508m    17Mi     
load 18.34 12.98 14.52 1790990191
inference-perf-hot-f57sm      inference-perf   1661m   1044Mi   
inference-perf-s4z95          inference-perf   3652m   2107Mi   
router-epp-6d8d85798b-g4gjf   envoy-proxy      2108m   62Mi     
router-epp-6d8d85798b-g4gjf   epp              513m    20Mi     
load 20.55 13.64 14.72 1790990201
inference-perf-hot-f57sm      inference-perf   1661m   1044Mi   
inference-perf-s4z95          inference-perf   3652m   2107Mi   
router-epp-6d8d85798b-g4gjf   envoy-proxy      2108m   62Mi     
router-epp-6d8d85798b-g4gjf   epp              513m    20Mi     
load 26.09 15.06 15.17 1790990211
inference-perf-hot-f57sm      inference-perf   1442m   1097Mi   
inference-perf-s4z95          inference-perf   3652m   2107Mi   
router-epp-6d8d85798b-g4gjf   envoy-proxy      2468m   62Mi     
router-epp-6d8d85798b-g4gjf   epp              513m    20Mi     
load 25.94 15.42 15.29 1790990221
inference-perf-hot-f57sm      inference-perf   1542m   1156Mi   
inference-perf-s4z95          inference-perf   4399m   2479Mi   
router-epp-6d8d85798b-g4gjf   envoy-proxy      2585m   63Mi     
router-epp-6d8d85798b-g4gjf   epp              596m    21Mi     
load 29.18 16.46 15.62 1790990232
inference-perf-hot-f57sm      inference-perf   1542m   1156Mi   
inference-perf-s4z95          inference-perf   4399m   2479Mi   
router-epp-6d8d85798b-g4gjf   envoy-proxy      2585m   63Mi     
router-epp-6d8d85798b-g4gjf   epp              596m    21Mi     
load 30.82 17.22 15.88 1790990242
inference-perf-hot-f57sm      inference-perf   1778m   1226Mi   
inference-perf-s4z95          inference-perf   4097m   2651Mi   
router-epp-6d8d85798b-g4gjf   envoy-proxy      2585m   63Mi     
router-epp-6d8d85798b-g4gjf   epp              611m    19Mi     
load 33.88 18.32 16.25 1790990252
inference-perf-hot-f57sm      inference-perf   1617m   1268Mi   
inference-perf-s4z95          inference-perf   4517m   2769Mi   
router-epp-6d8d85798b-g4gjf   envoy-proxy      2568m   65Mi     
router-epp-6d8d85798b-g4gjf   epp              610m    20Mi     
load 36.75 19.46 16.65 1790990262
inference-perf-hot-f57sm      inference-perf   1590m   1312Mi   
inference-perf-s4z95          inference-perf   4714m   2954Mi   
router-epp-6d8d85798b-g4gjf   envoy-proxy      2693m   66Mi     
router-epp-6d8d85798b-g4gjf   epp              637m    22Mi     
load 37.70 20.53 17.04 1790990272
inference-perf-hot-f57sm      inference-perf   1590m   1312Mi   
inference-perf-s4z95          inference-perf   4714m   2954Mi   
router-epp-6d8d85798b-g4gjf   envoy-proxy      2693m   66Mi     
router-epp-6d8d85798b-g4gjf   epp              637m    22Mi     
load 36.34 20.79 17.17 1790990282
inference-perf-hot-f57sm      inference-perf   1703m   1393Mi   
inference-perf-s4z95          inference-perf   4550m   3086Mi   
router-epp-6d8d85798b-g4gjf   envoy-proxy      2670m   66Mi     
router-epp-6d8d85798b-g4gjf   epp              632m    22Mi     
load 38.18 21.70 17.50 1790990292
inference-perf-hot-f57sm      inference-perf   1713m   1445Mi   
inference-perf-s4z95          inference-perf   4393m   3222Mi   
router-epp-6d8d85798b-g4gjf   envoy-proxy      2670m   66Mi     
router-epp-6d8d85798b-g4gjf   epp              614m    22Mi     
load 37.44 22.09 17.68 1790990302
inference-perf-hot-f57sm      inference-perf   1713m   1445Mi   
inference-perf-s4z95          inference-perf   4393m   3222Mi   
router-epp-6d8d85798b-g4gjf   envoy-proxy      2670m   66Mi     
router-epp-6d8d85798b-g4gjf   epp              614m    22Mi     
load 40.75 23.31 18.12 1790990312
inference-perf-hot-f57sm      inference-perf   1473m   1505Mi   
inference-perf-s4z95          inference-perf   4602m   3514Mi   
router-epp-6d8d85798b-g4gjf   envoy-proxy      2641m   67Mi     
router-epp-6d8d85798b-g4gjf   epp              621m    22Mi     
load 41.59 24.06 18.42 1790990323
inference-perf-hot-f57sm      inference-perf   1473m   1505Mi   
inference-perf-s4z95          inference-perf   4602m   3514Mi   
router-epp-6d8d85798b-g4gjf   envoy-proxy      2638m   68Mi     
router-epp-6d8d85798b-g4gjf   epp              621m    22Mi     
load 38.88 24.07 18.48 1790990333
inference-perf-s4z95          inference-perf   4602m   3514Mi   
router-epp-6d8d85798b-g4gjf   envoy-proxy      2638m   68Mi     
router-epp-6d8d85798b-g4gjf   epp              621m    22Mi     
load 35.31 23.79 18.45 1790990343
inference-perf-s4z95          inference-perf   4732m   3872Mi   
router-epp-6d8d85798b-g4gjf   envoy-proxy      2362m   69Mi     
router-epp-6d8d85798b-g4gjf   epp              605m    22Mi     
load 31.94 23.45 18.40 1790990353
inference-perf-s4z95          inference-perf   5184m   4017Mi   
router-epp-6d8d85798b-g4gjf   envoy-proxy      2362m   69Mi     
router-epp-6d8d85798b-g4gjf   epp              569m    22Mi     
load 27.19 22.71 18.21 1790990363
inference-perf-s4z95          inference-perf   5184m   4017Mi   
router-epp-6d8d85798b-g4gjf   envoy-proxy      2362m   69Mi     
router-epp-6d8d85798b-g4gjf   epp              569m    22Mi     
