1790993640 0 0
1790993645 0 0
1790993650 0 0
1790993655 0 0
1790993660 0 0
1790993665 0 0
1790993670 0 0
1790993675 0 0
1790993680 0 0
1790993685 0 0
1790993690 0 0
1790993695 21264 162519
1790993700 49184 355114
1790993705 83776 538847
1790993710 197072 769517
1790993715 252704 933141
1790993720 371696 1161913
1790993726 518720 1353898
1790993731 616272 1537688
1790993736 721568 1693382
1790993741 868368 1885323
1790993746 966512 2026283
1790993751 1107744 2197091
1790993756 1128752 2219152
1790993761 1629664 2721227
1790993766 2193232 3307665
1790993771 2714896 3830520
1790993776 3364336 4483077
1790993782 3814640 5023837
1790993787 4227312 5474818
1790993792 4721488 6017008
1790993797 5315632 6650315
1790993802 5837264 7206226
1790993807 6354512 7750383
1790993812 6810720 8207990
1790993817 7403552 8801676
1790993822 8015184 9413903
1790993827 8607072 10006389
1790993832 9007376 10407535
1790993837 9544368 10946221
1790993843 10049504 11452258
1790993848 10668208 12071980
1790993853 11192272 12596907
1790993858 11718784 13125667
1790993863 12455600 13864492
1790993868 13071168 14480651
1790993873 13762288 15173537
1790993878 14399072 15810953
1790993883 14983120 16396351
1790993888 15472848 16886913
1790993894 15960432 17375034
1790993899 16586176 18001693
1790993904 17130768 18546808
1790993909 17654864 19071780
1790993914 18171680 19596006
1790993919 18733648 20158495
1790993924 19361440 20786932
1790993929 19946208 21372302
1790993934 20523168 21949843
1790993939 20759456 22186370
1790993944 21498304 22940996
1790993950 22501712 23945382
1790993955 23560896 25005982
1790993960 24589200 26035725
1790993966 25645056 27092892
1790993971 26527344 27976110
1790993977 27466976 28916637
1790993982 28589616 30040714
1790993987 29468480 30920484
1790993993 30328112 31781405
1790993998 31403360 32858102
1790994003 32434624 33890818
1790994009 33388272 34845379
1790994014 34320080 35778142
1790994019 35349664 36809131
1790994025 36337632 37798124
1790994030 37501648 38964033
1790994037 38596384 40074654
1790994042 39697056 41176841
1790994047 40657312 42138587
1790994053 41626928 43109243
1790994058 42620592 44103841
1790994064 43609152 45093712
1790994069 44709200 46194824
1790994075 45622128 47108678
1790994080 46665344 48153352
1790994085 47594112 49083347
1790994090 48499632 49990121
1790994096 49402400 50893733
1790994101 50412080 51904427
1790994106 51330432 52823711
1790994112 52395744 53890174
1790994117 53479760 54975208
1790994122 53965808 55461770
1790994128 53965808 55461770
1790994133 53965808 55461770
1790994138 53965808 55461770
