1790988012 0 0
1790988017 0 0
1790988022 0 0
1790988027 0 0
1790988032 0 0
1790988037 0 0
1790988042 0 0
1790988047 0 0
1790988052 0 0
1790988057 0 0
1790988062 0 0
1790988067 7104 89875
1790988072 21248 276074
1790988077 64336 428253
1790988082 99872 576583
1790988087 176880 768072
1790988092 275744 967790
1790988097 389120 1167718
1790988102 486784 1368705
1790988108 627440 1560756
1790988113 776336 1732403
1790988118 924096 1961514
1790988123 1084960 2167695
1790988128 1134576 2227372
1790988133 1797520 2890975
1790988138 2406224 3500254
1790988143 2939264 4033832
1790988148 3450832 4550845
1790988153 3865552 5026195
1790988158 4317328 5517083
1790988163 4886768 6147730
1790988168 5453344 6744333
1790988174 5882272 7196299
1790988179 6485408 7829774
1790988184 7081584 8426552
1790988189 7628256 8973763
1790988194 8155648 9501680
1790988199 8716976 10063554
1790988204 9198672 10545785
1790988209 9836816 11184558
1790988214 10326336 11674573
1790988219 10922480 12271316
1790988225 11566816 12916287
1790988230 12065968 13415920
1790988235 12662080 14012639
1790988240 13373472 14724726
1790988245 13809920 15161600
1790988250 14304928 15657090
1790988255 14943360 16296215
1790988260 15513568 16867007
1790988265 16138608 17492657
1790988270 16659056 18013622
1790988275 17208528 18563646
1790988280 17840352 19196100
1790988286 18397392 19753682
1790988291 18968848 20325710
1790988296 19509264 20866651
1790988301 19982096 21339966
1790988306 20561344 21919820
1790988311 20924880 22283735
1790988316 21478560 22837980
1790988321 22513920 23874361
1790988326 23512880 24874337
1790988332 24447168 25809561
1790988337 25331312 26694580
1790988342 26283792 27648019
1790988347 27221440 28586588
1790988352 28272992 29639166
1790988358 29122832 30489918
1790988363 30139184 31507260
1790988368 31240544 32609690
1790988373 32139152 33509208
1790988378 33141152 34512231
1790988384 34119024 35491040
1790988389 34964768 36337686
1790988394 35831936 37205712
1790988399 36886944 38261769
1790988404 37965760 39341672
1790988410 39012592 40389539
1790988415 39943968 41321834
1790988420 40879392 42258237
1790988426 41868064 43247894
1790988431 42780608 44161339
1790988436 43742432 45124148
1790988441 44667424 46050056
1790988447 45636848 47020439
1790988452 46645808 48030428
1790988457 47610192 48995780
1790988462 48606560 49993131
1790988467 49623952 51011527
1790988473 50574320 51962833
1790988478 51625392 53014987
1790988483 52611520 54002112
1790988488 53437504 54828887
1790988493 54320688 55712987
1790988499 54320688 55712987
1790988504 54320688 55712987
1790988509 54320688 55712987
