load 6.82 31.06 30.34 1790994933
router-epp-6d8d85798b-bl5lm   envoy-proxy   21m   21Mi   
router-epp-6d8d85798b-bl5lm   epp           44m   15Mi   
load 5.93 30.07 30.02 1790994943
inference-perf-hldn4          inference-perf   485m   67Mi   
router-epp-6d8d85798b-bl5lm   envoy-proxy      16m    21Mi   
router-epp-6d8d85798b-bl5lm   epp              35m    15Mi   
load 5.17 29.12 29.71 1790994953
inference-perf-hldn4          inference-perf   485m   67Mi   
router-epp-6d8d85798b-bl5lm   envoy-proxy      16m    21Mi   
router-epp-6d8d85798b-bl5lm   epp              35m    15Mi   
load 4.60 28.21 29.41 1790994963
inference-perf-hldn4          inference-perf   475m   176Mi   
router-epp-6d8d85798b-bl5lm   envoy-proxy      11m    21Mi    
router-epp-6d8d85798b-bl5lm   epp              22m    15Mi    
load 4.29 27.36 29.12 1790994973
inference-perf-hldn4          inference-perf   971m   260Mi   
router-epp-6d8d85798b-bl5lm   envoy-proxy      7m     22Mi    
router-epp-6d8d85798b-bl5lm   epp              13m    15Mi    
load 3.78 26.49 28.82 1790994983
inference-perf-hldn4          inference-perf   971m   260Mi   
router-epp-6d8d85798b-bl5lm   envoy-proxy      7m     22Mi    
router-epp-6d8d85798b-bl5lm   epp              13m    15Mi    
load 3.35 25.65 28.52 1790994993
inference-perf-hldn4          inference-perf   997m   339Mi   
router-epp-6d8d85798b-bl5lm   envoy-proxy      6m     22Mi    
router-epp-6d8d85798b-bl5lm   epp              13m    15Mi    
load 3.45 24.94 28.26 1790995003
inference-perf-hldn4          inference-perf   935m   595Mi   
router-epp-6d8d85798b-bl5lm   envoy-proxy      154m   29Mi    
router-epp-6d8d85798b-bl5lm   epp              80m    18Mi    
load 3.23 24.18 27.98 1790995013
inference-perf-hldn4          inference-perf   935m   595Mi   
router-epp-6d8d85798b-bl5lm   envoy-proxy      154m   29Mi    
router-epp-6d8d85798b-bl5lm   epp              80m    18Mi    
load 3.55 23.23 27.60 1790995023
inference-perf-hldn4          inference-perf   1369m   661Mi   
router-epp-6d8d85798b-bl5lm   envoy-proxy      643m    36Mi    
router-epp-6d8d85798b-bl5lm   epp              208m    20Mi    
load 3.77 22.62 27.36 1790995033
inference-perf-hldn4          inference-perf   1144m   711Mi   
router-epp-6d8d85798b-bl5lm   envoy-proxy      566m    38Mi    
router-epp-6d8d85798b-bl5lm   epp              177m    21Mi    
load 7.83 22.84 27.38 1790995043
inference-perf-hldn4          inference-perf   1144m   711Mi   
router-epp-6d8d85798b-bl5lm   envoy-proxy      566m    38Mi    
router-epp-6d8d85798b-bl5lm   epp              177m    21Mi    
load 15.64 24.03 27.72 1790995053
inference-perf-hldn4          inference-perf   2593m   885Mi   
router-epp-6d8d85798b-bl5lm   envoy-proxy      1075m   57Mi    
router-epp-6d8d85798b-bl5lm   epp              160m    22Mi    
load 18.77 24.46 27.82 1790995063
inference-perf-hldn4          inference-perf   6124m   1160Mi   
router-epp-6d8d85798b-bl5lm   envoy-proxy      2750m   70Mi     
router-epp-6d8d85798b-bl5lm   epp              632m    38Mi     
load 16.27 23.74 27.55 1790995073
inference-perf-hldn4          inference-perf   6124m   1160Mi   
router-epp-6d8d85798b-bl5lm   envoy-proxy      2750m   70Mi     
router-epp-6d8d85798b-bl5lm   epp              632m    38Mi     
load 14.53 23.12 27.31 1790995083
inference-perf-hldn4          inference-perf   1926m   1248Mi   
router-epp-6d8d85798b-bl5lm   envoy-proxy      2750m   70Mi     
router-epp-6d8d85798b-bl5lm   epp              289m    37Mi     
load 12.68 22.44 27.04 1790995093
inference-perf-hldn4          inference-perf   1115m   1285Mi   
router-epp-6d8d85798b-bl5lm   envoy-proxy      665m    71Mi     
router-epp-6d8d85798b-bl5lm   epp              182m    37Mi     
load 11.43 21.85 26.80 1790995104
inference-perf-hldn4          inference-perf   1115m   1285Mi   
router-epp-6d8d85798b-bl5lm   envoy-proxy      665m    71Mi     
router-epp-6d8d85798b-bl5lm   epp              182m    37Mi     
load 9.89 21.18 26.53 1790995114
inference-perf-hldn4          inference-perf   1115m   1285Mi   
router-epp-6d8d85798b-bl5lm   envoy-proxy      665m    71Mi     
router-epp-6d8d85798b-bl5lm   epp              204m    37Mi     
load 14.89 21.90 26.70 1790995124
inference-perf-hldn4          inference-perf   1312m   1345Mi   
router-epp-6d8d85798b-bl5lm   envoy-proxy      1109m   71Mi     
router-epp-6d8d85798b-bl5lm   epp              344m    38Mi     
load 23.17 23.45 27.16 1790995134
inference-perf-hldn4          inference-perf   1312m   1345Mi   
router-epp-6d8d85798b-bl5lm   envoy-proxy      1109m   71Mi     
router-epp-6d8d85798b-bl5lm   epp              344m    38Mi     
load 19.68 22.69 26.87 1790995144
inference-perf-hldn4          inference-perf   4990m   1737Mi   
router-epp-6d8d85798b-bl5lm   envoy-proxy      1109m   71Mi     
router-epp-6d8d85798b-bl5lm   epp              344m    38Mi     
