1790994924 0 0
1790994929 0 0
1790994934 0 0
1790994939 0 0
1790994945 0 0
1790994950 0 0
1790994955 0 0
1790994960 0 0
1790994965 0 0
1790994970 0 0
1790994975 0 0
1790994980 0 0
1790994985 0 0
1790994990 0 7321
1790994995 6960 179213
1790995000 21600 342349
1790995005 71376 534812
1790995010 141184 786694
1790995015 225504 956201
1790995020 354800 1143380
1790995025 466848 1327712
1790995030 608736 1506567
1790995036 707984 1671191
1790995041 1419440 2383314
1790995046 2672464 3764020
1790995052 3987568 5216282
1790995057 5264672 6570458
1790995063 5539280 6859439
1790995068 5718336 7038652
1790995073 5895952 7216466
1790995078 6110880 7431575
1790995083 6258464 7579302
1790995088 6465696 7786748
1790995093 6681600 8002819
1790995098 6814304 8135635
1790995103 7036560 8358155
1790995108 7164512 8486254
1790995113 7246336 8568157
1790995118 8453744 9776688
1790995124 9752224 11076527
1790995129 11263328 12589178
1790995135 12391904 13718878
1790995140 12391904 13718878
1790995145 12391904 13718878
