1790876045 0 0
1790876050 0 0
1790876055 0 0
1790876060 0 0
1790876065 0 0
1790876070 0 0
1790876075 0 0
1790876080 0 0
1790876085 0 0
1790876090 0 0
1790876095 0 0
1790876100 0 0
1790876105 0 0
1790876110 20688 191681
1790876116 76832 458035
1790876121 119616 651916
1790876126 168544 784672
1790876131 245616 948326
1790876136 343648 1126769
1790876141 427536 1273996
1790876146 596640 1502998
1790876151 723408 1703070
1790876156 878240 1887920
1790876161 1005072 2065033
1790876166 1139360 2221423
1790876171 1249776 2331932
1790876176 1783264 2865883
1790876181 2338784 3422007
1790876187 2914912 3998777
1790876192 3521728 4645401
1790876197 3972560 5157281
1790876202 4406560 5636632
1790876207 4932800 6191348
1790876212 5488544 6777231
1790876217 5994272 7309342
1790876222 6456352 7795159
1790876227 6951792 8291036
1790876232 7552080 8891960
1790876238 8142528 9483073
1790876243 8714144 10055193
1790876248 9285872 10627522
1790876253 9823792 11165998
1790876258 10444224 11787080
1790876263 11052032 12395548
1790876268 11656368 13000392
1790876274 12252800 13597410
1790876279 12823488 14168626
1790876284 13355824 14701573
1790876289 13873264 15219575
1790876294 14378480 15725221
1790876299 15008544 16355945
1790876304 15545984 16893924
1790876309 16189920 17538593
1790876315 16775840 18125082
1790876320 17416624 18766464
1790876325 17975856 19326210
1790876330 18525104 19876035
1790876335 19137424 20489048
1790876340 19655440 21007519
1790876345 20206624 21559261
1790876350 20856784 22210083
1790876355 21181328 22534903
1790876361 22085648 23440126
1790876366 22964736 24320129
1790876371 24048176 25404674
1790876376 24947888 26305349
1790876382 25851488 27209845
1790876387 26764000 28123204
1790876392 27844960 29205277
1790876397 28846416 30207699
1790876403 29938800 31301215
1790876408 31035184 32398791
1790876413 32036640 33401190
1790876418 33088464 34454042
1790876424 34085920 35452505
1790876429 35051024 36418591
1790876434 35980976 37349530
1790876439 36950272 38319798
1790876445 37877712 39248107
1790876450 38715472 40086693
1790876455 39661712 41033897
1790876460 40560368 41933481
1790876465 41652224 43026505
1790876471 42554288 43929442
1790876476 43475056 44851066
1790876481 44327504 45704394
1790876486 45207456 46585225
1790876491 46223680 47602526
1790876497 47344528 48724552
1790876502 48395520 49776510
1790876507 49443984 50825979
1790876513 50234624 51617543
1790876518 51133920 52517673
1790876523 52174432 53559241
1790876528 53069424 54455230
1790876533 54044000 55430704
1790876539 54131248 55518051
1790876544 54131248 55518051
1790876549 54131248 55518051
1790876554 54131248 55518051
