1790877199 0 0
1790877204 0 0
1790877209 0 0
1790877214 0 0
1790877220 0 0
1790877225 0 0
1790877230 0 0
1790877235 0 0
1790877240 0 0
1790877245 0 0
1790877250 0 0
1790877255 0 0
1790877260 6896 184232
1790877265 20720 346137
1790877270 98528 561408
1790877275 147584 701926
1790877280 293440 989458
1790877285 384208 1165870
1790877290 440176 1307594
1790877295 566448 1506771
1790877300 734256 1706203
1790877305 824240 1822841
1790877310 985632 2037200
1790877316 1117632 2199517
1790877321 1191072 2281071
1790877326 1729568 2820135
1790877331 2408896 3500088
1790877336 2990976 4082774
1790877341 3520480 4667390
1790877346 4169520 5380164
1790877351 4647712 5892004
1790877356 5139040 6409506
1790877361 5597680 6892940
1790877366 6101408 7423836
1790877372 6464688 7803995
1790877377 7003776 8343648
1790877382 7577664 8918109
1790877387 8161584 9502578
1790877392 8768112 10109700
1790877397 9286720 10628794
1790877402 9870160 11212818
1790877407 10463488 11806827
1790877412 10922496 12266354
1790877418 11389872 12734245
1790877423 12011376 13356416
1790877428 12616192 13961868
1790877433 13169104 14515317
1790877438 13730992 15077748
1790877443 14374016 15721369
1790877448 14833408 16181215
1790877453 15380000 16728357
1790877458 16010176 17359248
1790877464 16536352 17886023
1790877469 17119728 18470023
1790877474 17705424 19056325
1790877479 18296032 19647574
1790877484 19019168 20371373
1790877489 19629744 20982584
1790877494 20261360 21614766
1790877499 20734912 22088834
1790877504 20911936 22265996
1790877510 21928656 23283756
1790877515 22851344 24207354
1790877520 23846016 25202978
1790877525 24815728 26173696
1790877530 25659856 27018770
1790877536 26576512 27936408
1790877541 27453488 28814302
1790877546 28420176 29781928
1790877551 29459184 30821948
1790877556 30516688 31880574
1790877562 31405440 32770333
1790877567 32455088 33821085
1790877572 33370928 34737778
1790877577 34433584 35801503
1790877582 35388688 36757546
1790877587 36396768 37766777
1790877593 37418256 38789405
1790877598 38172336 39544251
1790877603 39094976 40467763
1790877608 39928784 41302379
1790877613 40662432 42036793
1790877619 41536256 42911531
1790877624 42630944 44007430
1790877629 43681744 45059347
1790877634 44700464 46079054
1790877639 45735296 47114872
1790877645 46526528 47906913
1790877650 47601568 48983175
1790877655 48741008 50123817
1790877661 49959504 51343511
1790877666 50919328 52304309
1790877671 51777824 53163671
1790877676 52829584 54216532
1790877682 53687808 55075711
1790877687 54125664 55514074
1790877692 54125664 55514074
1790877697 54125664 55514074
1790877702 54125664 55514074
