1790877794 0 0
1790877800 0 0
1790877805 0 0
1790877810 0 0
1790877815 0 0
1790877820 0 0
1790877825 0 0
1790877830 0 0
1790877835 0 0
1790877840 0 0
1790877845 0 0
1790877850 6896 155300
1790877855 48544 385157
1790877860 90832 555598
1790877865 182304 740136
1790877870 238512 955780
1790877875 378304 1214784
1790877880 511408 1384954
1790877885 603920 1497252
1790877890 694784 1651811
1790877896 821824 1822409
1790877901 1025568 2074174
1790877906 1117360 2201159
1790877911 1197616 2282485
1790877916 1811072 2896571
1790877921 2307328 3393366
1790877926 2908016 3994596
1790877931 3458608 4566079
1790877936 3930160 5098932
1790877941 4570400 5795243
1790877946 5077632 6344102
1790877951 5662960 6960636
1790877957 6148912 7471976
1790877962 6666032 8005029
1790877967 7236496 8576086
1790877972 7896288 9236536
1790877977 8309952 9650599
1790877982 8879936 10221158
1790877987 9465136 10806996
1790877992 10020704 11363075
1790877997 10569040 11911932
1790878002 11251296 12594862
1790878007 11710944 13055013
1790878012 12213616 13558282
1790878017 12701248 14046407
1790878022 13338992 14684812
1790878028 14057488 15404022
1790878033 14620144 15967239
1790878038 15145632 16493292
1790878043 15702192 17050346
1790878048 16167968 17516590
1790878053 16702096 18051238
1790878058 17190736 18540415
1790878063 17790576 19140947
1790878068 18338464 19689390
1790878073 18923520 20275041
1790878078 19500432 20852537
1790878083 20063104 21415752
1790878088 20619248 21972488
1790878093 20885008 22238505
1790878099 21639232 22993525
1790878104 22476016 23831137
1790878109 23439264 24795364
1790878114 24490480 25847619
1790878119 25407680 26765703
1790878124 26275792 27634768
1790878129 27134144 28494046
1790878134 27928080 29288793
1790878140 28940704 30302421
1790878145 29844848 31207504
1790878150 30779072 32142585
1790878155 31764672 33129247
1790878160 32667008 34032559
1790878165 33512032 34878451
1790878170 34465760 35833127
1790878176 35555264 36923726
1790878181 36628960 37998458
1790878186 37526336 38896830
1790878191 38696192 40067933
1790878196 39792512 41165315
1790878201 40813648 42187532
1790878207 41739904 43114645
1790878212 42732704 44108484
1790878217 43540656 44917338
1790878222 44362480 45740003
1790878227 45444304 46822889
1790878232 46368384 47747943
1790878237 47139712 48519969
1790878243 48125408 49506671
1790878248 49058352 50440671
1790878253 50072400 51455738
1790878258 51071936 52456276
1790878263 51945056 53330311
1790878268 52894272 54280391
1790878273 54012496 55399810
1790878278 54213424 55600971
1790878284 54213424 55600971
1790878289 54213424 55600971
1790878294 54213424 55600971
