1790878364 0 0
1790878369 0 0
1790878374 0 0
1790878379 0 0
1790878384 0 0
1790878389 0 0
1790878394 0 0
1790878399 0 0
1790878405 0 0
1790878410 0 0
1790878415 0 0
1790878420 0 0
1790878425 0 0
1790878430 0 0
1790878435 0 0
1790878440 0 0
1790878445 0 0
1790878450 0 0
1790878455 0 0
1790878460 0 0
1790878466 0 0
1790878471 0 0
1790878476 0 0
1790878481 0 0
1790878486 7200 135525
1790878491 29440 306376
1790878496 79248 529112
1790878501 149008 734647
1790878506 233248 933422
1790878511 316784 1087281
1790878516 400416 1250445
1790878521 506160 1406848
1790878526 696592 1695831
1790878531 794224 1829198
1790878536 935168 1992571
1790878541 1136720 2220095
1790878546 1235120 2318579
1790878552 1811776 2895772
1790878557 2422624 3507294
1790878562 2882480 3967635
1790878567 3424544 4528642
1790878572 3937104 5097870
1790878577 4462768 5673995
1790878582 5048944 6306480
1790878587 5518160 6808256
1790878592 5965888 7279469
1790878597 6508000 7846836
1790878602 7034480 8373774
1790878607 7622864 8962810
1790878612 8170256 9510785
1790878618 8834576 10175782
1790878623 9440016 10781870
1790878628 9919808 11262140
1790878633 10447904 11790826
1790878638 10971296 12314755
1790878643 11554752 12898810
1790878648 12193840 13538499
1790878653 12785664 14130907
1790878658 13338576 14684412
1790878663 13849040 15195429
1790878668 14357440 15704337
1790878673 14889328 16236825
1790878678 15412992 16761002
1790878683 15985456 17334090
1790878688 16538256 17887444
1790878694 17233584 18583476
1790878699 17768992 19119390
1790878704 18440416 19791511
1790878709 18972160 20323814
1790878714 19468656 20820818
1790878719 20059280 21412074
1790878724 20679360 22032779
1790878729 20848080 22201698
1790878734 21890192 23244838
1790878739 22882176 24237864
1790878745 23818160 25174828
1790878750 24715040 26072666
1790878755 25681472 27040056
1790878760 26721904 28081494
1790878765 27562240 28922746
1790878770 28471552 29833010
1790878775 29430640 30793092
1790878780 30267232 31630582
1790878786 31367312 32731783
1790878791 32303584 33668918
1790878796 33195056 34561373
1790878801 34200080 35567455
1790878806 35205104 36573515
1790878811 36255088 37624602
1790878817 37365536 38736162
1790878822 38438384 39810103
1790878827 39347616 40720295
1790878832 40240592 41614202
1790878837 41200592 42575179
1790878842 42184320 43559947
1790878847 43186064 44562703
1790878853 44159808 45537441
1790878858 45041056 46419601
1790878863 45962608 47342138
1790878868 46753280 48133601
1790878873 47655872 49037142
1790878878 48573840 49956053
1790878884 49404384 50787394
1790878889 50238224 51622123
1790878894 51309200 52694215
1790878899 52320576 53706652
1790878904 53296608 54683685
1790878909 54118992 55506924
1790878914 54118992 55506924
1790878919 54118992 55506924
1790878924 54118992 55506924
1790878929 54118992 55506924
