1790876631 0 0
1790876636 0 0
1790876641 0 0
1790876646 0 0
1790876651 0 0
1790876656 0 0
1790876661 0 0
1790876666 0 0
1790876671 0 0
1790876676 0 0
1790876681 0 0
1790876686 7104 164184
1790876691 70496 407811
1790876696 127344 573203
1790876701 183936 728506
1790876706 232704 883559
1790876712 289712 1032117
1790876717 415248 1268296
1790876722 556064 1468911
1790876727 675440 1660465
1790876732 830416 1868343
1790876737 935168 1994506
1790876742 1110528 2223623
1790876747 1185152 2298333
1790876752 1742144 2855933
1790876757 2347600 3462060
1790876762 2932384 4047399
1790876767 3393664 4519931
1790876772 3900336 5091193
1790876777 4463360 5692120
1790876782 4955808 6218260
1790876787 5552624 6847199
1790876792 6195696 7524673
1790876797 6628912 7970998
1790876803 7391792 8734672
1790876808 7924080 9267548
1790876813 8485584 9829608
1790876818 9062688 10407308
1790876823 9552160 10897309
1790876828 10092720 11438384
1790876833 10706720 12053053
1790876838 11314128 12661132
1790876843 11804224 13151685
1790876848 12359696 13707773
1790876853 12968304 14317002
1790876858 13595680 14945054
1790876863 14054704 15404536
1790876868 14617168 15967577
1790876873 15068992 16419880
1790876879 15625056 16983846
1790876884 16171840 17531210
1790876889 16667600 18027543
1790876894 17358800 18719418
1790876899 17980288 19341592
1790876904 18440864 19802617
1790876909 19047456 20409885
1790876914 19565504 20928436
1790876919 20119888 21483387
1790876924 20653760 22017847
1790876929 20874960 22239254
1790876934 21735616 23100834
1790876939 22852944 24219322
1790876944 23784672 25152037
1790876950 24872976 26241472
1790876955 25865120 27234667
1790876960 26903952 28274578
1790876965 27829888 29201529
1790876970 28826544 30199142
1790876975 29753536 31127114
1790876980 30702000 32076561
1790876985 31628320 33003852
1790876990 32533792 33910262
1790876995 33561312 34938888
1790877000 34410432 35788836
1790877006 35233792 36613088
1790877011 36173936 37554179
1790877016 37042272 38423481
1790877021 37901584 39283673
1790877026 38797728 40180766
1790877031 39759680 41143684
1790877036 40633632 42018565
1790877041 41573760 42959644
1790877046 42433136 43819970
1790877051 43227408 44615026
1790877056 44154080 45542697
1790877061 44951776 46341199
1790877067 45875504 47265875
1790877072 46691680 48082884
1790877077 47741744 49134101
1790877082 48796256 50189679
1790877087 49781248 51175751
1790877092 50557792 51953056
1790877097 51564304 52960629
1790877102 52778576 54176127
1790877108 53675152 55073692
1790877113 54201840 55600868
1790877118 54201840 55600868
1790877123 54201840 55600868
1790877128 54201840 55600868
