1790875468 0 0
1790875473 0 0
1790875478 0 0
1790875483 0 0
1790875488 0 0
1790875493 0 0
1790875498 0 0
1790875503 0 0
1790875508 0 0
1790875513 0 0
1790875518 0 0
1790875523 34736 228784
1790875528 70416 444648
1790875533 154880 645210
1790875538 204480 801603
1790875543 304016 1025635
1790875548 416288 1240632
1790875553 500976 1411613
1790875558 615776 1577546
1790875564 721808 1726559
1790875569 834352 1875492
1790875574 977280 2040485
1790875579 1125264 2218449
1790875584 1197424 2291346
1790875589 1746432 2840955
1790875594 2341200 3436358
1790875599 2909136 4004810
1790875604 3404352 4502427
1790875609 3893088 5082962
1790875614 4433552 5659687
1790875619 4909808 6169008
1790875624 5508192 6799244
1790875629 5920576 7232910
1790875634 6451632 7792866
1790875639 7080544 8422821
1790875645 7608912 8951766
1790875650 8175680 9519056
1790875655 8674640 10018505
1790875660 9210624 10555019
1790875665 9727760 11072666
1790875670 10309088 11654588
1790875675 10782656 12128631
1790875680 11312960 12659538
1790875685 11982736 13330049
1790875690 12463920 13811819
1790875695 13103344 14451921
1790875700 13655424 15004520
1790875705 14169968 15519568
1790875710 14793744 16143956
1790875715 15414032 16764857
1790875720 16115616 17467126
1790875725 16625936 17978004
1790875731 17081024 18433598
1790875736 17668880 19022138
1790875741 18180752 19534575
1790875746 18783232 20137703
1790875751 19432432 20787508
1790875756 20028144 21383809
1790875761 20650256 22006567
1790875766 20924352 22280921
1790875771 21680992 23038395
1790875776 22694416 24052827
1790875781 23684160 25043563
1790875786 24745712 26106185
1790875792 25749104 27110636
1790875797 26588256 27950737
1790875802 27621072 28984698
1790875807 28605792 29970350
1790875812 29488096 30853545
1790875817 30417744 31784094
1790875822 31421760 32789199
1790875827 32364576 33733100
1790875832 33301072 34670594
1790875837 34100352 35470625
1790875842 34981280 36352455
1790875847 35979072 37351218
1790875853 36975360 38348586
1790875858 37873920 39248177
1790875863 38758768 40133976
1790875868 39751312 41127467
1790875873 40655168 42032233
1790875878 41607568 42985562
1790875883 42544176 43923201
1790875888 43495344 44875447
1790875893 44416224 45797317
1790875898 45562736 46944925
1790875903 46357008 47739977
1790875908 47183984 48567774
1790875913 48194096 49578993
1790875919 49018816 50404674
1790875924 49933088 51319913
1790875929 50813856 52201518
1790875934 51822544 53211220
1790875939 52759904 54149502
1790875944 53762672 55153368
1790875949 54292320 55683611
1790875954 54292320 55683611
1790875959 54292320 55683611
1790875964 54292320 55683611
