1791038188 1098699.79 107.43
1791038193 1098704.12 111.29
1791038198 1098707.82 114.60
1791038203 1098711.07 118.11
1791038208 1098714.97 121.94
1791038213 1098718.17 124.75
1791038218 1098722.87 128.26
1791038223 1098727.22 131.29
1791038228 1098731.08 133.69
1791038233 1098733.99 135.77
1791038238 1098737.24 137.87
1791038243 1098740.91 141.72
1791038248 1098745.25 145.44
1791038253 1098749.93 149.11
1791038258 1098759.00 155.56
1791038263 1098787.78 163.74
1791038268 1098795.69 171.42
1791038273 1098809.40 178.19
1791038278 1098848.48 187.89
1791038283 1098859.36 195.81
1791038288 1098873.20 209.13
1791038293 1098884.77 220.22
1791038298 1098901.29 231.16
1791038303 1098912.12 240.94
1791038308 1098918.78 246.94
1791038313 1098925.98 253.03
1791038318 1098932.58 259.02
1791038323 1098938.67 265.05
1791038328 1098944.68 271.01
1791038333 1098950.71 277.06
1791038338 1098956.82 283.04
1791038343 1098965.95 292.74
1791038348 1098982.42 309.88
1791038353 1098997.81 325.90
1791038358 1099013.76 341.75
1791038363 1099031.86 359.65
1791038368 1099043.96 371.61
1791038373 1099073.59 390.91
1791038378 1099119.40 410.73
1791038383 1099167.82 433.66
1791038388 1099193.37 451.68
1791038393 1099209.64 468.56
1791038398 1099224.58 483.67
1791038403 1099249.49 502.38
1791038408 1099265.26 517.18
1791038413 1099284.41 536.32
1791038418 1099303.54 554.78
1791038423 1099324.85 576.19
1791038428 1099337.86 589.48
1791038433 1099352.96 605.15
1791038438 1099368.01 620.84
1791038443 1099383.21 636.79
1791038448 1099398.93 653.16
1791038453 1099416.97 671.37
1791038458 1099437.65 691.61
1791038463 1099449.47 703.07
1791038468 1099461.78 711.36
1791038473 1099505.01 723.66
1791038478 1099549.65 740.95
1791038483 1099567.56 753.07
1791038488 1099583.15 765.76
1791038493 1099595.78 778.53
1791038498 1099609.22 791.98
1791038503 1099622.38 805.10
1791038508 1099633.75 816.67
1791038513 1099645.64 829.03
1791038518 1099657.50 841.39
1791038523 1099671.23 855.67
1791038528 1099681.64 866.25
1791038533 1099690.77 875.88
1791038538 1099704.90 890.68
1791038543 1099720.13 906.64
1791038548 1099731.23 918.14
1791038553 1099742.20 929.53
1791038558 1099753.99 941.72
1791038563 1099766.04 954.31
1791038568 1099777.21 964.59
1791038573 1099789.28 976.34
1791038578 1099800.10 987.07
1791038583 1099831.52 1002.75
1791038588 1099863.66 1009.65
1791038593 1099896.81 1020.60
1791038598 1099918.36 1037.51
1791038603 1099938.59 1054.37
1791038608 1099956.92 1072.57
1791038613 1099970.07 1085.46
1791038618 1099989.84 1104.69
1791038623 1100009.69 1125.10
1791038628 1100027.16 1143.31
1791038633 1100038.87 1155.37
1791038638 1100053.55 1170.67
1791038643 1100075.63 1193.14
1791038648 1100092.99 1210.88
1791038653 1100114.07 1232.61
1791038658 1100129.99 1249.05
1791038663 1100144.86 1264.24
1791038668 1100163.11 1282.37
1791038673 1100180.35 1299.72
1791038678 1100199.07 1318.79
1791038684 1100235.28 1337.54
1791038689 1100276.32 1355.10
1791038694 1100294.08 1371.37
1791038699 1100318.36 1391.75
1791038704 1100339.29 1410.13
1791038709 1100352.35 1423.07
1791038714 1100363.16 1432.78
1791038719 1100384.45 1453.93
1791038724 1100409.46 1477.58
1791038729 1100437.18 1498.81
1791038734 1100459.48 1520.81
1791038739 1100479.52 1540.88
1791038744 1100503.71 1565.01
1791038749 1100529.35 1587.55
1791038754 1100557.67 1611.30
1791038759 1100584.09 1637.49
1791038764 1100608.07 1661.18
1791038769 1100629.30 1682.50
1791038774 1100651.43 1704.48
1791038779 1100671.16 1724.40
1791038784 1100694.41 1748.06
1791038789 1100717.27 1771.61
1791038794 1100740.58 1795.76
1791038799 1100761.10 1816.04
1791038804 1100815.63 1840.00
1791038809 1100875.12 1867.00
1791038814 1100934.26 1896.35
1791038819 1100993.80 1925.57
1791038824 1101054.84 1954.65
1791038829 1101114.77 1978.15
1791038834 1101174.84 2006.85
1791038839 1101233.76 2029.89
1791038844 1101279.18 2041.76
1791038849 1101317.50 2073.07
1791038854 1101357.99 2102.18
1791038859 1101402.35 2140.90
1791038864 1101444.29 2177.44
1791038869 1101497.41 2208.16
1791038874 1101547.10 2245.47
1791038879 1101602.60 2272.69
1791038884 1101661.82 2302.82
1791038889 1101706.95 2342.43
1791038894 1101740.67 2375.10
1791038899 1101765.65 2400.23
1791038904 1101795.28 2429.69
1791038909 1101820.25 2454.46
1791038914 1101848.91 2483.15
1791038919 1101879.81 2513.80
1791038924 1101909.64 2543.40
1791038929 1101934.68 2568.52
1791038934 1101973.59 2607.11
1791038939 1102010.53 2643.80
1791038944 1102044.02 2677.29
1791038949 1102066.91 2700.42
1791038954 1102095.67 2729.14
1791038959 1102126.09 2759.72
1791038964 1102155.29 2788.43
1791038969 1102173.68 2806.37
1791038974 1102213.80 2846.52
1791038979 1102248.31 2880.82
1791038984 1102280.33 2913.42
1791038989 1102304.50 2938.36
1791038994 1102335.29 2969.86
1791038999 1102374.59 3009.48
1791039004 1102403.96 3039.36
1791039009 1102437.79 3073.52
1791039014 1102477.68 3113.51
1791039019 1102514.50 3150.40
1791039024 1102549.46 3185.94
1791039029 1102586.22 3223.49
1791039034 1102624.02 3261.60
1791039039 1102658.64 3296.88
1791039044 1102692.03 3330.98
1791039049 1102729.72 3369.29
1791039054 1102766.61 3406.69
1791039059 1102803.65 3444.56
1791039064 1102837.59 3479.16
1791039069 1102878.84 3520.59
1791039074 1102925.07 3566.69
1791039079 1102962.98 3605.19
1791039084 1103002.06 3644.90
1791039090 1103026.50 3669.81
1791039095 1103050.64 3694.88
1791039100 1103093.39 3738.19
1791039105 1103126.53 3772.49
1791039110 1103170.97 3816.83
1791039115 1103211.26 3857.93
1791039120 1103253.29 3900.71
1791039125 1103298.39 3946.01
1791039130 1103343.09 3990.92
1791039135 1103388.19 4036.16
1791039140 1103431.76 4079.94
1791039145 1103477.82 4126.12
1791039150 1103522.93 4171.48
1791039155 1103563.94 4212.94
1791039160 1103598.63 4248.22
1791039165 1103640.81 4290.38
1791039170 1103683.13 4332.99
1791039175 1103719.64 4370.21
1791039180 1103763.07 4413.88
1791039185 1103808.63 4459.44
1791039190 1103853.45 4504.32
1791039195 1103894.18 4545.13
1791039200 1103936.59 4587.61
1791039205 1103980.87 4631.95
1791039210 1104025.85 4677.13
1791039215 1104054.55 4706.22
1791039220 1104074.33 4726.65
1791039225 1104117.30 4770.10
1791039230 1104163.27 4816.08
1791039235 1104208.89 4861.84
1791039240 1104254.04 4907.28
1791039245 1104297.91 4951.55
1791039250 1104343.82 4997.45
1791039255 1104388.84 5042.67
1791039260 1104435.44 5089.19
1791039265 1104481.90 5135.75
1791039270 1104527.85 5181.85
1791039275 1104575.97 5229.68
1791039280 1104623.02 5276.65
1791039285 1104669.67 5322.98
1791039290 1104716.66 5369.91
1791039295 1104763.55 5416.64
1791039300 1104810.14 5463.12
1791039305 1104857.58 5510.47
1791039310 1104904.55 5557.27
1791039315 1104951.49 5604.16
1791039320 1104998.72 5651.04
1791039325 1105045.60 5697.88
1791039330 1105092.51 5744.58
1791039335 1105139.19 5791.17
1791039340 1105185.80 5837.53
1791039345 1105217.25 5869.24
1791039350 1105228.80 5880.79
1791039355 1105241.53 5893.30
1791039360 1105248.09 5898.96
1791039365 1105254.02 5904.61
1791039370 1105262.24 5912.20
1791039375 1105265.47 5915.34
1791039380 1105268.81 5918.65
1791039385 1105273.46 5922.06
1791039390 1105277.12 5925.87
1791039395 1105280.51 5929.01
1791039400 1105283.41 5931.63
1791039405 1105286.43 5934.64
1791039410 1105289.63 5938.08
1791039415 1105294.20 5942.82
1791039420 1105297.36 5946.12
1791039425 1105301.82 5950.77
1791039430 1105305.98 5954.30
1791039435 1105308.96 5957.29
1791039440 1105313.62 5962.25
1791039445 1105318.31 5967.27
1791039450 1105322.56 5971.76
1791039455 1105327.53 5976.81
1791039460 1105332.11 5981.22
1791039465 1105336.40 5985.82
1791039470 1105340.60 5990.20
1791039475 1105345.38 5995.03
1791039481 1105349.94 5999.75
1791039486 1105355.49 6004.44
1791039491 1105364.58 6013.47
1791039496 1105379.26 6028.15
1791039501 1105389.92 6038.80
1791039506 1105405.04 6053.92
1791039511 1105416.28 6065.16
1791039516 1105427.47 6076.41
1791039521 1105439.13 6087.71
1791039526 1105445.63 6094.23
1791039531 1105451.78 6100.48
1791039536 1105458.15 6106.83
1791039541 1105464.43 6113.04
1791039546 1105470.61 6119.33
1791039551 1105476.80 6125.59
1791039556 1105482.99 6131.85
1791039561 1105495.35 6144.90
1791039566 1105524.38 6175.21
1791039571 1105548.16 6200.21
1791039576 1105570.75 6224.13
1791039581 1105596.88 6251.28
1791039586 1105622.63 6278.28
1791039591 1105639.68 6296.32
1791039596 1105661.29 6319.22
1791039601 1105686.90 6346.14
1791039606 1105708.11 6368.74
1791039611 1105732.32 6394.59
1791039616 1105755.78 6419.44
1791039621 1105782.06 6447.37
1791039626 1105800.27 6466.76
1791039631 1105825.16 6493.11
1791039636 1105846.47 6515.43
1791039641 1105873.20 6543.08
1791039646 1105911.46 6582.44
1791039651 1105935.14 6607.45
1791039656 1105960.89 6634.55
1791039661 1105983.08 6657.75
1791039666 1106003.04 6678.85
1791039671 1106023.96 6701.04
1791039676 1106048.21 6726.50
1791039681 1106071.58 6751.18
1791039686 1106086.97 6767.33
1791039691 1106108.62 6790.50
1791039696 1106122.08 6804.63
1791039701 1106140.96 6824.82
1791039706 1106161.96 6846.65
1791039711 1106177.05 6862.41
1791039716 1106195.22 6881.77
1791039721 1106212.57 6900.11
1791039726 1106231.98 6920.80
1791039731 1106247.09 6936.71
1791039736 1106261.07 6951.48
1791039741 1106279.64 6971.24
1791039746 1106295.71 6988.01
1791039751 1106314.10 7007.58
1791039756 1106336.57 7031.61
1791039761 1106349.47 7044.92
1791039766 1106364.24 7060.01
1791039771 1106384.28 7081.11
1791039776 1106402.37 7100.30
1791039781 1106418.94 7117.85
1791039786 1106433.93 7133.61
1791039791 1106447.78 7148.09
1791039796 1106465.60 7166.92
1791039801 1106479.65 7181.78
1791039806 1106494.11 7197.03
1791039811 1106512.14 7215.97
1791039816 1106533.25 7238.44
1791039821 1106551.50 7257.81
1791039826 1106581.19 7287.79
1791039831 1106609.00 7316.98
1791039836 1106633.92 7343.44
1791039841 1106657.70 7368.64
1791039846 1106678.92 7391.06
1791039851 1106706.81 7420.53
1791039856 1106727.60 7442.55
1791039861 1106748.26 7464.40
1791039866 1106779.84 7497.52
1791039871 1106805.01 7524.28
1791039876 1106830.07 7550.69
1791039881 1106861.44 7583.45
1791039886 1106882.67 7605.41
1791039891 1106906.76 7630.61
1791039896 1106935.53 7660.74
1791039901 1106959.74 7686.27
1791039906 1106984.24 7712.13
1791039911 1107007.11 7736.03
1791039916 1107027.44 7757.64
1791039921 1107052.92 7784.56
1791039926 1107082.88 7815.74
1791039931 1107097.19 7830.58
1791039936 1107119.30 7853.78
1791039941 1107147.20 7883.36
1791039946 1107180.48 7918.35
1791039951 1107212.63 7951.86
1791039956 1107247.95 7988.41
1791039961 1107276.86 8018.81
1791039966 1107309.55 8052.85
1791039971 1107346.97 8091.35
1791039976 1107384.36 8130.14
1791039981 1107420.99 8168.08
1791039986 1107448.67 8197.15
1791039991 1107480.61 8230.43
1791039996 1107520.97 8271.80
1791040001 1107555.65 8307.64
1791040006 1107588.62 8341.93
1791040011 1107618.78 8372.93
1791040016 1107643.60 8399.08
1791040021 1107669.71 8426.26
1791040026 1107700.53 8458.26
1791040031 1107734.01 8492.81
1791040036 1107762.71 8522.86
1791040042 1107795.00 8556.28
1791040047 1107833.43 8595.55
1791040052 1107867.70 8631.03
1791040057 1107892.78 8656.42
1791040062 1107925.20 8689.69
1791040067 1107964.57 8730.38
1791040072 1108004.50 8771.48
1791040077 1108043.86 8811.84
1791040082 1108086.76 8855.54
1791040087 1108123.31 8893.12
1791040092 1108163.71 8934.28
1791040097 1108201.34 8972.98
1791040102 1108244.13 9016.73
1791040107 1108285.11 9058.60
1791040112 1108326.93 9101.19
1791040117 1108367.54 9142.69
1791040122 1108407.51 9183.69
1791040127 1108451.10 9227.74
1791040132 1108494.71 9271.86
1791040137 1108532.89 9311.21
1791040142 1108570.82 9350.00
1791040147 1108608.44 9388.39
1791040152 1108647.63 9428.40
1791040157 1108686.14 9467.94
1791040162 1108727.22 9509.70
1791040167 1108768.20 9551.54
1791040172 1108809.07 9593.21
1791040177 1108850.35 9635.30
1791040182 1108870.88 9656.15
1791040187 1108907.05 9693.15
1791040192 1108945.98 9733.01
1791040197 1108979.29 9767.87
1791040202 1109023.19 9812.54
1791040207 1109069.35 9859.00
1791040212 1109115.57 9905.61
1791040217 1109162.22 9952.67
1791040222 1109208.91 9999.68
1791040227 1109254.23 10045.39
1791040232 1109300.27 10091.67
1791040237 1109347.17 10138.86
1791040242 1109393.87 10185.76
1791040247 1109440.42 10232.64
1791040252 1109487.81 10280.06
1791040257 1109534.46 10326.88
1791040262 1109582.40 10374.78
1791040267 1109630.71 10422.89
1791040272 1109678.61 10470.65
1791040277 1109726.39 10518.45
1791040282 1109772.06 10564.30
1791040287 1109818.00 10610.51
1791040292 1109864.64 10657.15
1791040297 1109909.85 10702.82
1791040302 1109953.83 10747.15
1791040307 1109981.85 10775.69
1791040312 1110021.32 10815.73
1791040317 1110065.99 10861.20
1791040322 1110112.71 10908.28
1791040327 1110160.49 10956.18
1791040332 1110208.56 11004.23
1791040337 1110256.45 11052.36
1791040342 1110303.84 11099.97
1791040347 1110351.16 11147.54
1791040352 1110399.15 11195.51
1791040357 1110447.48 11243.95
1791040362 1110496.29 11292.59
1791040367 1110544.94 11341.26
1791040372 1110593.87 11390.05
1791040377 1110642.80 11438.99
1791040382 1110691.72 11487.73
1791040387 1110740.85 11536.58
1791040392 1110790.18 11585.43
1791040397 1110839.29 11634.50
1791040402 1110887.36 11682.50
1791040407 1110936.43 11731.54
1791040412 1110985.90 11780.59
1791040417 1111035.20 11829.79
1791040422 1111084.52 11878.83
1791040427 1111133.69 11927.92
1791040432 1111164.69 11958.82
1791040437 1111197.57 11992.30
1791040442 1111244.32 12039.41
1791040447 1111291.76 12087.04
1791040452 1111340.10 12135.23
1791040457 1111388.22 12183.51
1791040462 1111436.49 12231.82
1791040467 1111484.71 12280.17
1791040472 1111533.48 12328.72
1791040478 1111582.29 12377.62
1791040483 1111631.40 12426.41
1791040488 1111680.45 12475.38
1791040493 1111729.72 12524.42
1791040498 1111778.77 12573.42
1791040503 1111827.93 12622.32
1791040508 1111877.51 12671.54
1791040513 1111926.77 12720.57
1791040518 1111976.07 12769.82
1791040523 1112025.31 12818.89
1791040528 1112074.70 12868.09
1791040533 1112124.09 12917.16
1791040538 1112173.14 12966.21
1791040543 1112222.47 13015.29
1791040548 1112271.74 13064.48
1791040553 1112321.13 13113.56
1791040558 1112370.38 13162.48
1791040563 1112419.53 13211.43
1791040568 1112469.01 13260.65
1791040573 1112507.79 13299.35
1791040578 1112524.02 13315.62
1791040583 1112536.10 13327.69
1791040588 1112546.00 13336.71
1791040593 1112555.40 13344.05
1791040598 1112561.70 13350.08
1791040603 1112564.22 13352.68
1791040608 1112566.94 13355.52
1791040613 1112573.81 13362.61
1791040618 1112577.01 13365.95
1791040623 1112580.96 13369.80
1791040628 1112584.59 13373.32
1791040633 1112588.24 13376.79
1791040638 1112592.07 13380.63
1791040643 1112596.08 13384.81
1791040648 1112599.26 13388.24
1791040653 1112602.87 13392.00
1791040658 1112606.55 13395.14
1791040663 1112610.21 13399.06
1791040668 1112613.46 13402.66
1791040673 1112616.95 13406.47
1791040678 1112620.72 13410.23
1791040683 1112624.22 13413.89
1791040688 1112628.13 13417.16
1791040693 1112631.66 13420.90
1791040698 1112634.96 13424.32
1791040703 1112638.36 13428.15
1791040708 1112642.60 13431.91
1791040713 1112648.52 13437.77
1791040718 1112662.08 13451.30
1791040723 1112673.92 13463.08
1791040728 1112682.61 13471.85
1791040733 1112696.50 13485.77
1791040738 1112707.56 13496.73
1791040743 1112718.60 13507.75
1791040748 1112728.79 13517.57
1791040753 1112734.98 13523.62
1791040758 1112741.05 13529.56
1791040763 1112747.05 13535.60
1791040768 1112753.04 13541.59
1791040773 1112759.05 13547.63
1791040778 1112764.97 13553.60
1791040783 1112771.06 13559.66
1791040788 1112785.90 13575.22
1791040793 1112797.73 13587.60
1791040798 1112811.68 13602.02
1791040803 1112825.61 13616.80
1791040808 1112840.51 13632.39
1791040813 1112858.47 13650.01
1791040818 1112871.33 13663.31
1791040823 1112888.98 13681.78
1791040828 1112910.77 13704.48
1791040833 1112929.17 13723.77
1791040838 1112949.50 13745.04
1791040843 1112964.59 13760.74
1791040848 1112977.48 13774.14
1791040853 1112993.45 13790.88
1791040858 1113012.50 13810.78
1791040863 1113027.50 13826.31
1791040868 1113042.73 13842.21
1791040873 1113061.78 13861.06
1791040878 1113078.85 13878.73
1791040883 1113094.54 13895.17
1791040888 1113109.05 13910.38
1791040893 1113120.33 13922.14
1791040899 1113132.74 13935.05
1791040904 1113149.48 13952.66
1791040909 1113160.44 13963.99
1791040914 1113170.32 13974.39
1791040919 1113182.60 13987.11
1791040924 1113196.91 14002.09
1791040929 1113207.44 14013.01
1791040934 1113221.34 14026.44
1791040939 1113234.77 14040.26
1791040944 1113245.77 14051.91
1791040949 1113259.06 14065.86
1791040954 1113271.29 14078.56
1791040959 1113280.74 14088.51
1791040964 1113291.61 14099.65
1791040969 1113302.76 14111.31
1791040974 1113311.15 14120.21
1791040979 1113323.02 14132.68
1791040984 1113334.49 14144.68
1791040989 1113348.67 14159.47
1791040994 1113363.19 14173.77
1791040999 1113374.04 14184.95
1791041004 1113384.29 14195.75
1791041009 1113394.92 14206.83
1791041014 1113405.94 14218.31
1791041019 1113421.41 14234.44
1791041024 1113431.13 14244.55
1791041029 1113443.19 14257.16
1791041034 1113453.81 14268.17
1791041039 1113469.62 14284.49
1791041044 1113488.42 14304.10
1791041049 1113502.23 14318.48
1791041054 1113520.17 14337.15
1791041059 1113537.41 14354.18
1791041064 1113551.51 14368.87
1791041069 1113565.42 14383.39
1791041074 1113579.27 14397.84
1791041079 1113593.53 14412.66
1791041084 1113611.28 14431.04
1791041089 1113629.91 14450.45
1791041094 1113649.57 14470.89
1791041099 1113668.15 14490.20
1791041104 1113682.95 14505.61
1791041109 1113697.37 14520.64
1791041114 1113712.75 14536.69
1791041119 1113734.22 14558.08
1791041124 1113749.15 14573.59
1791041129 1113764.92 14590.09
1791041134 1113780.87 14606.73
1791041139 1113797.95 14624.54
1791041144 1113813.29 14640.43
1791041149 1113827.18 14654.74
1791041154 1113844.73 14673.05
1791041159 1113853.97 14682.52
1791041164 1113872.51 14701.93
1791041169 1113896.60 14726.91
1791041174 1113919.91 14751.14
1791041179 1113947.34 14778.80
1791041184 1113972.36 14804.77
1791041189 1113992.81 14826.07
1791041194 1114015.79 14849.92
1791041199 1114037.37 14872.29
1791041204 1114059.88 14895.60
1791041209 1114081.99 14918.67
1791041214 1114099.60 14936.99
1791041219 1114122.29 14960.68
1791041224 1114140.46 14979.53
1791041229 1114162.86 15002.90
1791041234 1114180.88 15021.50
1791041239 1114203.72 15044.10
1791041244 1114231.81 15072.99
1791041249 1114256.07 15098.26
1791041254 1114276.31 15119.26
1791041259 1114291.24 15134.83
1791041264 1114312.21 15156.57
1791041269 1114333.35 15178.60
1791041274 1114358.38 15204.64
1791041279 1114382.58 15229.59
1791041284 1114394.87 15241.92
1791041289 1114417.61 15265.59
1791041294 1114448.73 15297.85
1791041299 1114471.50 15321.55
1791041304 1114501.90 15351.94
1791041309 1114526.77 15377.90
1791041314 1114552.23 15404.42
1791041319 1114576.78 15430.10
1791041324 1114607.14 15461.54
1791041329 1114644.20 15499.37
1791041334 1114675.17 15531.40
1791041339 1114700.41 15557.54
1791041344 1114724.59 15582.52
1791041349 1114754.68 15613.56
1791041354 1114792.85 15652.30
1791041359 1114824.86 15685.37
1791041364 1114856.02 15716.20
1791041369 1114884.34 15745.41
1791041374 1114911.61 15773.52
1791041379 1114937.62 15800.53
1791041384 1114964.46 15828.27
1791041389 1114989.81 15854.72
1791041394 1115023.74 15889.56
1791041399 1115054.73 15921.26
1791041404 1115079.47 15946.80
1791041409 1115092.44 15960.38
1791041414 1115129.10 15997.96
1791041419 1115168.49 16038.30
1791041424 1115203.98 16073.79
1791041429 1115238.02 16109.00
1791041434 1115275.63 16147.50
1791041439 1115312.21 16185.10
1791041444 1115353.05 16226.41
1791041449 1115384.93 16259.55
1791041454 1115419.90 16295.56
1791041459 1115448.77 16325.43
1791041464 1115483.66 16361.08
1791041469 1115516.13 16394.55
1791041474 1115554.77 16433.63
1791041479 1115584.71 16464.65
1791041485 1115622.21 16501.49
1791041490 1115657.43 16537.80
1791041495 1115694.50 16575.36
1791041500 1115724.36 16606.09
1791041505 1115759.76 16642.02
1791041510 1115799.65 16682.58
1791041515 1115836.50 16719.91
1791041520 1115867.38 16751.63
1791041525 1115901.66 16786.35
1791041530 1115936.10 16821.33
1791041535 1115950.51 16836.20
1791041540 1115990.89 16877.61
1791041545 1116036.01 16921.39
1791041550 1116073.25 16959.60
1791041555 1116115.34 17002.28
1791041560 1116155.03 17042.72
1791041565 1116197.44 17085.54
1791041570 1116239.36 17128.14
1791041575 1116280.18 17169.50
1791041580 1116324.01 17213.83
1791041585 1116367.82 17257.89
1791041590 1116414.06 17304.28
1791041595 1116453.23 17343.76
1791041600 1116484.96 17376.33
1791041605 1116527.69 17418.93
1791041610 1116571.68 17463.13
1791041615 1116615.41 17506.99
1791041620 1116660.44 17552.19
1791041625 1116707.07 17598.69
1791041630 1116753.76 17645.32
1791041635 1116795.33 17687.25
1791041640 1116838.24 17730.53
1791041645 1116882.16 17774.53
1791041650 1116927.32 17819.71
1791041655 1116966.65 17858.93
1791041660 1116982.56 17875.41
1791041665 1117024.70 17918.09
1791041670 1117070.32 17964.03
1791041675 1117117.69 18011.39
1791041680 1117164.39 18058.30
1791041685 1117211.57 18105.33
1791041690 1117258.04 18152.06
1791041695 1117304.71 18198.75
1791041700 1117351.42 18245.60
1791041705 1117398.08 18292.23
1791041710 1117445.10 18339.23
1791041715 1117492.27 18386.32
1791041720 1117538.68 18432.91
1791041725 1117585.25 18479.36
1791041730 1117632.71 18526.47
1791041735 1117679.87 18573.48
1791041740 1117726.83 18620.47
1791041745 1117774.19 18667.57
1791041750 1117821.31 18714.67
1791041755 1117868.52 18761.75
1791041760 1117915.98 18809.17
1791041765 1117963.56 18856.59
1791041770 1118011.19 18904.05
1791041775 1118058.81 18951.39
1791041780 1118106.25 18998.75
1791041785 1118123.11 19015.80
1791041790 1118139.84 19032.22
1791041795 1118146.29 19038.68
1791041800 1118152.29 19043.85
1791041805 1118161.64 19051.75
1791041810 1118164.85 19055.08
1791041815 1118167.87 19058.21
1791041820 1118171.99 19062.50
1791041825 1118176.26 19066.90
1791041830 1118179.55 19070.24
1791041835 1118183.06 19073.76
1791041840 1118186.35 19077.19
1791041845 1118189.37 19080.43
1791041850 1118193.68 19083.41
1791041855 1118198.13 19087.29
1791041860 1118202.85 19092.26
1791041865 1118207.31 19096.75
1791041870 1118211.65 19101.48
1791041875 1118216.97 19106.01
1791041880 1118226.29 19115.20
1791041885 1118244.27 19133.11
1791041890 1118255.01 19143.78
1791041895 1118268.63 19157.28
1791041900 1118279.85 19168.57
1791041905 1118291.16 19179.92
1791041910 1118302.03 19190.30
1791041915 1118308.42 19196.72
1791041920 1118314.61 19203.04
1791041925 1118320.85 19209.31
1791041930 1118326.95 19215.58
1791041935 1118333.09 19221.88
1791041940 1118339.14 19228.16
1791041945 1118345.33 19234.47
1791041951 1118360.97 19251.11
1791041956 1118380.24 19271.65
1791041961 1118406.11 19299.26
1791041966 1118430.02 19324.68
1791041971 1118454.23 19350.20
1791041976 1118479.52 19376.66
1791041981 1118504.02 19402.50
1791041986 1118529.16 19429.14
1791041991 1118554.04 19455.80
1791041996 1118577.85 19481.09
1791042001 1118599.92 19504.59
1791042006 1118619.21 19525.06
1791042011 1118645.11 19552.16
1791042016 1118668.65 19577.01
1791042021 1118697.85 19607.66
1791042026 1118719.41 19630.34
1791042031 1118748.01 19660.09
1791042036 1118771.91 19684.88
1791042041 1118793.53 19707.91
1791042046 1118822.29 19737.86
1791042051 1118841.61 19758.13
1791042056 1118863.63 19781.29
1791042061 1118883.06 19802.09
1791042066 1118909.96 19830.28
1791042071 1118932.65 19853.87
1791042076 1118946.47 19868.20
1791042081 1118960.03 19882.49
1791042086 1118977.18 19900.82
1791042091 1118994.26 19918.75
1791042096 1119013.07 19938.30
1791042101 1119028.82 19955.00
1791042106 1119043.20 19970.06
1791042111 1119058.45 19986.19
1791042116 1119071.00 19999.25
1791042121 1119087.26 20016.73
1791042126 1119106.86 20037.61
1791042131 1119126.73 20058.77
1791042136 1119139.23 20071.65
1791042141 1119152.45 20085.63
1791042146 1119173.55 20108.20
1791042151 1119190.07 20125.50
1791042156 1119212.32 20148.74
1791042161 1119232.93 20170.53
1791042166 1119254.40 20193.36
1791042171 1119271.73 20211.85
1791042176 1119293.16 20234.49
1791042181 1119315.65 20258.44
1791042186 1119330.82 20274.29
1791042191 1119344.15 20288.34
1791042196 1119358.12 20302.69
1791042201 1119381.24 20326.87
1791042206 1119404.90 20351.97
1791042211 1119424.03 20371.96
1791042216 1119447.27 20396.15
1791042221 1119483.19 20433.66
1791042226 1119506.94 20458.94
1791042231 1119531.16 20484.66
1791042236 1119552.74 20507.51
1791042241 1119580.12 20536.59
1791042246 1119606.87 20564.79
1791042251 1119629.74 20589.07
1791042256 1119653.86 20614.37
1791042261 1119681.49 20643.49
1791042266 1119699.84 20662.89
1791042271 1119722.09 20686.20
1791042276 1119745.84 20711.19
1791042281 1119765.82 20732.48
1791042286 1119782.72 20750.31
1791042291 1119805.27 20774.36
1791042296 1119832.75 20803.12
1791042301 1119862.94 20834.73
1791042306 1119890.42 20863.64
1791042311 1119912.58 20887.26
1791042316 1119940.02 20915.90
1791042321 1119959.43 20936.15
1791042326 1119980.88 20958.92
1791042331 1120017.09 20996.40
1791042336 1120041.33 21022.05
1791042341 1120068.30 21050.19
1791042346 1120103.60 21086.73
1791042351 1120136.76 21121.34
1791042356 1120171.09 21157.12
1791042361 1120204.11 21191.75
1791042366 1120241.93 21231.02
1791042371 1120268.18 21258.57
1791042376 1120297.79 21289.83
1791042381 1120328.66 21322.09
1791042386 1120366.57 21361.16
1791042391 1120400.82 21396.76
1791042396 1120429.82 21426.65
1791042401 1120463.71 21461.31
1791042406 1120495.64 21494.32
1791042411 1120531.68 21531.54
1791042416 1120570.60 21571.38
1791042421 1120601.30 21603.18
1791042426 1120626.42 21629.55
1791042431 1120669.77 21673.35
1791042436 1120708.86 21713.36
1791042441 1120736.77 21742.62
1791042446 1120753.28 21759.76
1791042451 1120783.53 21791.43
1791042456 1120823.22 21831.80
1791042461 1120861.72 21870.95
1791042466 1120904.08 21914.11
1791042471 1120946.04 21956.96
1791042477 1120989.84 22001.37
1791042482 1121026.51 22039.47
1791042487 1121065.54 22079.72
1791042492 1121104.42 22119.72
1791042497 1121149.55 22165.25
1791042502 1121192.95 22209.38
1791042507 1121235.53 22252.86
1791042512 1121278.01 22296.13
1791042517 1121313.07 22332.06
1791042522 1121348.98 22369.08
1791042527 1121386.02 22407.32
1791042532 1121430.82 22452.58
1791042537 1121472.49 22494.98
1791042542 1121514.20 22537.40
1791042547 1121553.82 22578.11
1791042552 1121592.79 22618.07
1791042557 1121635.60 22661.38
1791042562 1121679.52 22705.82
1791042567 1121717.32 22744.70
1791042572 1121735.18 22763.19
1791042577 1121778.17 22806.52
1791042582 1121821.84 22850.94
1791042587 1121864.49 22894.57
1791042592 1121910.39 22940.87
1791042597 1121956.72 22987.70
1791042602 1122002.77 23034.21
1791042607 1122048.48 23080.50
1791042612 1122091.18 23124.03
1791042617 1122131.23 23165.07
1791042622 1122171.81 23206.42
1791042627 1122217.57 23252.70
1791042632 1122262.05 23297.68
1791042637 1122310.39 23345.50
1791042642 1122357.83 23392.96
1791042647 1122402.78 23438.25
1791042652 1122449.84 23485.44
1791042657 1122495.64 23531.54
1791042662 1122539.66 23576.12
1791042667 1122588.13 23624.53
1791042672 1122636.89 23673.15
1791042677 1122684.62 23720.76
1791042682 1122732.71 23768.71
1791042687 1122780.81 23816.87
1791042692 1122827.07 23863.26
1791042697 1122849.42 23885.52
1791042702 1122894.33 23931.09
1791042707 1122939.64 23977.08
1791042712 1122984.93 24023.02
1791042717 1123031.64 24070.17
1791042722 1123079.36 24118.08
1791042727 1123127.08 24166.09
1791042732 1123175.30 24214.29
1791042737 1123224.03 24262.89
1791042742 1123272.43 24311.37
1791042747 1123321.25 24360.24
1791042752 1123369.88 24408.87
1791042757 1123419.05 24457.55
1791042762 1123468.12 24506.36
1791042767 1123517.16 24555.28
1791042772 1123566.06 24604.11
1791042777 1123615.27 24653.27
1791042782 1123664.38 24702.22
1791042787 1123713.64 24751.36
1791042792 1123762.61 24800.16
1791042797 1123811.96 24849.22
1791042802 1123861.01 24898.13
1791042807 1123910.21 24947.24
1791042812 1123959.26 24996.15
1791042817 1124008.58 25044.94
1791042822 1124031.75 25068.13
1791042827 1124077.80 25114.62
1791042832 1124125.52 25162.58
1791042837 1124173.48 25210.69
1791042842 1124221.56 25258.95
1791042847 1124269.91 25307.41
1791042852 1124318.33 25355.94
1791042857 1124367.15 25404.69
1791042862 1124415.89 25453.47
1791042867 1124464.57 25502.25
1791042872 1124513.19 25550.91
1791042877 1124562.23 25599.51
1791042882 1124611.39 25648.48
1791042887 1124660.56 25697.49
1791042892 1124709.52 25746.34
1791042897 1124758.81 25795.52
1791042902 1124807.79 25844.40
1791042907 1124856.91 25893.46
1791042912 1124905.96 25942.42
1791042917 1124955.23 25991.51
1791042922 1125004.65 26040.70
1791042927 1125053.96 26089.95
1791042933 1125103.14 26138.99
1791042938 1125152.85 26188.17
1791042943 1125202.10 26237.18
1791042948 1125251.51 26286.29
1791042953 1125300.69 26335.31
1791042958 1125349.78 26384.25
1791042963 1125373.41 26408.02
1791042968 1125391.55 26426.18
1791042973 1125401.35 26436.09
1791042978 1125411.02 26444.93
