1791039484 0 0
1791039489 0 0
1791039494 0 0
1791039499 0 0
1791039504 0 0
1791039509 0 0
1791039514 0 0
1791039519 0 0
1791039524 0 0
1791039529 0 0
1791039534 0 0
1791039539 0 0
1791039544 0 0
1791039549 0 0
1791039555 0 0
1791039560 0 51320
1791039565 48720 354786
1791039570 98304 578002
1791039575 161376 793830
1791039580 302624 1037900
1791039585 461168 1295872
1791039590 564368 1452571
1791039595 708272 1674284
1791039600 842720 1898891
1791039605 951120 2083684
1791039610 1074752 2305656
1791039615 1196240 2520695
1791039620 1334496 2767185
1791039625 1442640 2924552
1791039630 1605152 3166158
1791039636 1721136 3345270
1791039641 1882144 3596713
1791039646 2113280 3941211
1791039651 2289856 4201600
1791039656 2455952 4417096
1791039661 2603552 4609308
1791039666 2707408 4765782
1791039671 2819344 4950000
1791039676 2980112 5187317
1791039681 3052032 5344713
1791039686 3136736 5478704
1791039691 3229088 5640201
1791039696 3285392 5751802
1791039701 3388096 5922827
1791039706 3502768 6124583
1791039712 3587280 6256374
1791039717 3688000 6412347
1791039722 3817056 6582550
1791039727 3911056 6729962
1791039732 3982752 6870315
1791039737 4045072 6981837
1791039742 4177872 7197261
1791039747 4244608 7280039
1791039752 4375072 7479367
1791039757 4452880 7635436
1791039762 4514944 7739140
1791039767 4588944 7859536
1791039772 4703440 8067118
1791039777 4782352 8185920
1791039782 4898592 8334206
1791039787 4964576 8446010
1791039793 5065744 8587151
1791039798 5162848 8727904
1791039803 5252352 8874810
1791039808 5260032 8905199
1791039813 5396576 9090318
1791039818 5548944 9275461
1791039823 5713184 9580261
1791039828 5858080 9817514
1791039833 5976784 9987601
1791039838 6166496 10254461
1791039843 6291216 10469186
1791039848 6457200 10698937
1791039853 6578768 10921828
1791039858 6703840 11077714
1791039864 6868032 11344848
1791039869 6983216 11583171
1791039874 7135392 11827864
1791039879 7280976 12058578
1791039884 7462544 12311165
1791039889 7559456 12495567
1791039894 7768336 12785647
1791039899 7906928 13002504
1791039904 8040592 13225478
1791039909 8183584 13432936
1791039914 8341472 13627439
1791039919 8456336 13811782
1791039924 8608128 14107864
1791039929 8680048 14249912
1791039935 8732688 14346096
1791039940 8942848 14627556
1791039945 9101248 14902571
1791039950 9252240 15207384
1791039955 9482128 15546695
1791039960 9654352 15819586
1791039965 9828096 16103277
1791039970 10013392 16452930
1791039975 10201312 16793551
1791039980 10395792 17129571
1791039985 10579760 17394377
1791039990 10746592 17683336
1791039995 10955968 18042454
1791040001 11175936 18377043
1791040006 11360272 18659259
1791040011 11584464 18939806
1791040016 11726944 19178078
1791040021 11866096 19416163
1791040026 12059440 19720982
1791040031 12269760 20011959
1791040036 12476832 20272096
1791040041 12640064 20575330
1791040046 12954640 20976598
1791040051 13174384 21290481
1791040057 13240240 21379735
1791040062 13468016 21704906
1791040067 13728176 22077087
1791040072 13922512 22476508
1791040077 14203568 22897728
1791040082 14421872 23270137
1791040087 14555728 23537110
1791040092 14821968 23975517
1791040098 15061040 24309623
1791040103 15372784 24748139
1791040108 15683296 25186427
1791040113 15929968 25551345
1791040118 16189888 25922906
1791040123 16470528 26315122
1791040128 16729232 26768682
1791040134 16891680 27096294
1791040139 17124112 27504536
1791040144 17321408 27786847
1791040149 17574992 28174948
1791040154 17838800 28577046
1791040159 18072736 28918044
1791040164 18334192 29294702
1791040169 18589568 29687513
1791040175 18782288 30074958
1791040180 18946672 30290026
1791040185 19059008 30497088
1791040190 19293792 30875858
1791040195 19475264 31189030
1791040200 19753840 31607063
1791040205 20129664 32165407
1791040210 20416256 32618332
1791040216 20689136 33109542
1791040221 21064720 33643978
1791040226 21385392 34072968
1791040231 21707776 34609200
1791040237 22003360 35033183
1791040242 22343392 35536962
1791040247 22633216 36044185
1791040252 22908032 36511440
1791040258 23215200 36970950
1791040263 23602256 37569078
1791040268 23888816 38042224
1791040273 24178448 38545992
1791040279 24414944 38962959
1791040284 24641312 39340438
1791040289 24921664 39792480
1791040294 25195104 40221791
1791040299 25476064 40658776
1791040304 25705936 40978646
1791040309 25819520 41178937
1791040314 26034432 41593658
1791040320 26412080 42194345
1791040325 26724160 42711987
1791040330 27060080 43307441
1791040335 27403328 43836655
1791040341 27696768 44316505
1791040346 28057792 44875046
1791040351 28377120 45372786
1791040357 28784144 46003003
1791040362 29111840 46569561
1791040367 29404128 47067509
1791040373 29813824 47676961
1791040378 30114512 48198248
1791040383 30456032 48790464
1791040388 30787184 49323676
1791040394 31144864 49896971
1791040399 31456192 50422371
1791040404 31798816 51030682
1791040409 32115936 51578224
1791040415 32484096 52137130
1791040420 32799808 52671856
1791040425 33089952 53214633
1791040431 33216464 53452917
1791040436 33344320 53674726
1791040441 33605184 54128119
1791040446 33959888 54800706
1791040451 34285888 55344031
1791040457 34660192 55950838
1791040462 35011888 56525233
1791040467 35422080 57096247
1791040473 35829824 57698590
1791040478 36098416 58226430
1791040483 36210384 58789908
1791040489 36486144 59369117
1791040494 36724544 59935186
1791040500 37063936 60499796
1791040505 37358576 61067146
1791040511 37656000 61621461
1791040516 37908944 62169890
1791040521 38208400 62742422
1791040526 38516720 63252933
1791040532 38780016 63801857
1791040537 39096672 64363963
1791040542 39403088 64938038
1791040548 39717808 65532887
1791040553 40014928 66084580
1791040558 40325360 66626680
1791040563 40607184 67198583
1791040569 40841808 67703918
1791040574 40848560 67711039
1791040579 40848560 67711039
1791040584 40848560 67711039
