1791041875 0 0
1791041880 0 0
1791041885 0 0
1791041890 0 0
1791041895 0 0
1791041900 0 0
1791041905 0 0
1791041910 0 0
1791041915 0 0
1791041920 0 0
1791041925 0 0
1791041930 0 0
1791041935 0 0
1791041940 0 0
1791041945 0 0
1791041950 6912 132970
1791041955 20704 318145
1791041960 119280 578811
1791041965 225696 816734
1791041970 361440 1059925
1791041976 498448 1297419
1791041981 635728 1540308
1791041986 756960 1756241
1791041991 910720 1994847
1791041996 1032592 2231119
1791042001 1133824 2410790
1791042006 1249184 2603680
1791042011 1370848 2805398
1791042016 1543280 3071386
1791042021 1732912 3323816
1791042026 1854800 3523076
1791042031 2013216 3768895
1791042036 2160560 3985867
1791042041 2282976 4171211
1791042046 2455056 4439317
1791042052 2605632 4616478
1791042057 2739376 4810663
1791042062 2825680 4987416
1791042067 2996128 5277243
1791042072 3047088 5344713
1791042077 3147824 5455493
1791042082 3241184 5580928
1791042087 3340064 5759067
1791042092 3425536 5915795
1791042097 3544368 6065225
1791042102 3622880 6191504
1791042107 3693872 6316016
1791042112 3767184 6427307
1791042117 3868432 6568809
1791042122 3948032 6679791
1791042128 4062560 6855960
1791042133 4165840 7020215
1791042138 4237840 7138150
1791042143 4288048 7257176
1791042148 4371936 7413350
1791042153 4471744 7577106
1791042158 4580368 7768882
1791042163 4692128 7992996
1791042168 4780192 8148328
1791042173 4901456 8327967
1791042178 5013248 8520494
1791042183 5129328 8683095
1791042188 5209024 8786867
1791042193 5276368 8905199
1791042198 5319376 8956253
1791042203 5500048 9245560
1791042208 5638416 9431691
1791042214 5724832 9595092
1791042219 5915184 9891846
1791042224 6094448 10158831
1791042229 6251760 10401295
1791042234 6345104 10587956
1791042239 6512608 10824649
1791042244 6666992 11077491
1791042249 6804736 11293344
1791042254 6947024 11522965
1791042259 7100720 11783559
1791042264 7180080 11917388
1791042269 7290224 12111725
1791042274 7447184 12324254
1791042279 7592336 12539599
1791042285 7714192 12696039
1791042290 7853696 12889755
1791042295 8033376 13165851
1791042300 8188336 13424837
1791042305 8361552 13685648
1791042310 8477008 13877803
1791042315 8627664 14145120
1791042320 8715600 14249912
1791042325 8826848 14405431
1791042330 9009920 14753817
1791042335 9107248 14969543
1791042341 9246816 15205599
1791042346 9442112 15537663
1791042351 9632656 15842019
1791042356 9846432 16177583
1791042361 10021600 16481042
1791042366 10216032 16839087
1791042371 10396800 17077118
1791042376 10560928 17357459
1791042381 10746800 17639134
1791042386 11010672 18012251
1791042391 11223232 18310122
1791042396 11437056 18584357
1791042401 11680464 18918376
1791042407 11893376 19209014
1791042412 12134368 19578592
1791042417 12306976 19900078
1791042422 12471648 20168351
1791042427 12664560 20463884
1791042432 12896272 20842327
1791042437 13098768 21141514
1791042442 13283968 21379735
1791042447 13320640 21416454
1791042452 13651792 21816787
1791042457 13848560 22159607
1791042463 14060192 22537039
1791042468 14278848 22905592
1791042473 14532832 23352442
1791042478 14761008 23723489
1791042483 14983472 24072152
1791042488 15237504 24489603
1791042493 15475520 24873603
1791042498 15744352 25321647
1791042503 15975552 25684600
1791042508 16270880 26115288
1791042514 16424288 26419981
1791042519 16583536 26753959
1791042524 16756432 27028195
1791042529 17054496 27520515
1791042534 17287008 27867973
1791042539 17592848 28279730
1791042544 17854736 28666223
1791042549 18067504 28993281
1791042554 18329920 29428464
1791042560 18582816 29814392
1791042565 18827952 30200958
1791042570 18888192 30290026
1791042575 19129360 30660100
1791042580 19367456 31084953
1791042585 19614608 31504516
1791042590 19924240 32016657
1791042596 20217072 32529831
1791042601 20479776 32982220
1791042606 20761376 33428655
1791042611 20982528 33797994
1791042616 21226752 34149819
1791042622 21515840 34617979
1791042627 21788224 35062520
1791042632 22099152 35524145
1791042637 22386592 36043328
1791042642 22684128 36489358
1791042648 22929760 36913514
1791042653 23273376 37427759
1791042658 23484000 37769326
1791042663 23826144 38323047
1791042668 24166544 38887656
1791042673 24496560 39385225
1791042679 24851376 39889624
1791042684 25151392 40408105
1791042689 25371552 40813916
1791042694 25500960 40978646
1791042699 25697904 41341094
1791042705 25970000 41839492
1791042710 26288912 42306330
1791042715 26579792 42831978
1791042720 26908400 43456848
1791042726 27199984 43959263
1791042731 27534784 44540381
1791042736 27877712 45120531
1791042741 28207904 45684545
1791042747 28536544 46248446
1791042752 28909600 46853010
1791042757 29221056 47363637
1791042763 29528800 47923656
1791042768 29789536 48501545
1791042773 30088144 49065240
1791042779 30389904 49591862
1791042784 30762368 50148576
1791042789 31074176 50680557
1791042795 31398560 51244997
1791042800 31725008 51787589
1791042805 32025616 52285075
1791042810 32382000 52894536
1791042815 32639296 53407869
1791042821 32654400 53452917
1791042826 32931552 54009102
1791042831 33273616 54631721
1791042837 33611008 55237787
1791042842 33878336 55817420
1791042847 34079152 56375317
1791042853 34292896 56917298
1791042858 34510592 57490737
1791042864 34653488 58062572
1791042869 34869056 58603909
1791042874 35127360 59168669
1791042879 35409952 59734103
1791042885 35680224 60277713
1791042890 35939248 60835229
1791042896 36188816 61383555
1791042901 36488176 61933566
1791042906 36782608 62473618
1791042911 37081200 63053470
1791042917 37397392 63622812
1791042922 37698176 64193286
1791042927 37991504 64736727
1791042932 38247280 65281079
1791042938 38519664 65845069
1791042943 38825344 66417903
1791042948 39110672 66981996
1791042954 39356864 67510105
1791042959 39441008 67711039
1791042964 39441008 67711039
1791042969 39441008 67711039
