1791038248 0 0
1791038253 0 0
1791038258 0 0
1791038263 0 0
1791038268 0 0
1791038273 0 0
1791038278 0 0
1791038283 0 0
1791038288 0 0
1791038293 0 0
1791038298 0 0
1791038303 0 0
1791038309 0 0
1791038314 0 0
1791038319 0 0
1791038324 0 0
1791038329 0 0
1791038334 0 0
1791038339 0 0
1791038344 6912 155632
1791038349 63056 370300
1791038354 126160 607323
1791038359 217264 889671
1791038364 287776 1097213
1791038369 387904 1266099
1791038374 547200 1540305
1791038380 683456 1822553
1791038385 793248 2002245
1791038390 921984 2186780
1791038395 1075024 2440544
1791038400 1158064 2610893
1791038405 1308992 2833851
1791038410 1433024 3049928
1791038415 1634688 3323161
1791038420 1814752 3596777
1791038425 1943232 3799706
1791038431 2065600 4009253
1791038436 2186896 4186531
1791038441 2383200 4438789
1791038446 2524576 4617673
1791038451 2684976 4869045
1791038456 2831440 5121123
1791038461 2975632 5344713
1791038466 3004112 5373971
1791038471 3075360 5500583
1791038476 3178960 5677161
1791038481 3273104 5826590
1791038486 3356112 5960005
1791038491 3458320 6117161
1791038496 3551568 6308652
1791038501 3630240 6463477
1791038506 3758992 6640870
1791038511 3823440 6743460
1791038516 3917104 6892278
1791038522 4020512 7070970
1791038527 4137328 7213212
1791038532 4173920 7273172
1791038537 4278640 7480106
1791038542 4401424 7687517
1791038547 4504720 7829527
1791038552 4569472 7948798
1791038557 4670176 8097013
1791038562 4784672 8275729
1791038567 4863680 8379462
1791038572 4935968 8519045
1791038577 5059008 8653913
1791038582 5177328 8845732
1791038587 5213808 8905199
1791038592 5285104 8994087
1791038598 5420800 9208244
1791038603 5589120 9438687
1791038608 5726336 9677596
1791038613 5838832 9847508
1791038618 5996784 10098123
1791038623 6185440 10379644
1791038628 6337808 10616764
1791038633 6420000 10773341
1791038638 6534736 10959091
1791038643 6690192 11255388
1791038648 6861392 11523028
1791038653 7022096 11777303
1791038658 7194816 11999960
1791038663 7322640 12212782
1791038668 7503184 12458674
1791038673 7642384 12689209
1791038678 7836144 12950652
1791038684 7975888 13166040
1791038689 8105360 13351348
1791038694 8263088 13559622
1791038699 8436640 13840617
1791038704 8565072 14055576
1791038709 8629856 14197728
1791038714 8666352 14249912
1791038719 8875232 14568069
1791038724 9083888 14887609
1791038729 9248592 15177716
1791038734 9394384 15450014
1791038739 9546784 15671615
1791038744 9736480 15991341
1791038749 9920832 16281658
1791038754 10141680 16615450
1791038760 10378672 16936030
1791038765 10560672 17246808
1791038770 10731136 17507614
1791038775 10949056 17796932
1791038780 11150272 18085370
1791038785 11394048 18458202
1791038790 11603616 18755389
1791038795 11754896 19001800
1791038800 11925072 19274662
1791038805 12144272 19623066
1791038811 12324480 19953012
1791038817 12566384 20345459
1791038823 12832304 20761516
1791038830 13038208 21088960
1791038836 13197456 21379735
1791038842 13197456 21379735
1791038847 13451472 21705312
1791038852 13678240 22069184
1791038857 13874720 22476377
1791038862 14111424 22890388
1791038867 14327632 23255320
1791038872 14541600 23641472
1791038877 14772736 24020629
1791038884 15081840 24510282
1791038889 15342736 24880454
1791038894 15570768 25231705
1791038899 15778256 25595696
1791038905 16052272 25952325
1791038910 16260992 26240855
1791038915 16491072 26664395
1791038920 16717904 27029699
1791038925 16920800 27342608
1791038930 17194576 27772027
1791038935 17472576 28197518
1791038940 17775440 28680663
1791038945 18033792 29051817
1791038950 18195648 29324936
1791038955 18416816 29702593
1791038960 18706592 30185910
1791038966 18784784 30290026
1791038971 18961616 30637354
1791038976 19224544 31122229
1791038981 19436016 31518127
1791038986 19668048 31868068
1791038991 19902256 32240190
1791038996 20176272 32699183
1791039001 20417072 33140239
1791039006 20697440 33531760
1791039011 21023008 33992026
1791039017 21344816 34469394
1791039022 21663248 34944802
1791039027 21915584 35403380
1791039032 22174432 35879710
1791039037 22412640 36282723
1791039042 22679184 36712119
1791039047 23032448 37241139
1791039052 23303408 37672853
1791039057 23557792 38115942
1791039062 23864976 38583789
1791039067 24140080 39052231
1791039072 24509072 39666900
1791039078 24819680 40125972
1791039083 25166304 40585330
1791039088 25424272 40978646
1791039093 25508848 41127223
1791039098 25797712 41691022
1791039103 26127504 42157630
1791039108 26407072 42682179
1791039113 26687792 43165225
1791039118 27021024 43731360
1791039124 27445168 44367284
1791039129 27806032 44949743
1791039134 28115424 45484030
1791039139 28507344 46047990
1791039145 28882848 46672646
1791039150 29239104 47193673
1791039155 29492416 47623652
1791039160 29838976 48094402
1791039165 30170528 48583324
1791039170 30509376 49131285
1791039175 30772624 49570040
1791039180 31078464 50111780
1791039185 31463520 50704440
1791039190 31765184 51214702
1791039196 32089808 51703945
1791039201 32478608 52255447
1791039206 32791152 52806008
1791039211 33149840 53385477
1791039216 33186288 53452917
1791039221 33477936 53890064
1791039226 33821568 54571867
1791039232 34070304 55038006
1791039237 34380080 55611217
1791039242 34678176 56117015
1791039247 35115136 56775978
1791039252 35516800 57378589
1791039258 35952272 58031749
1791039263 36309040 58582345
1791039268 36677712 59169553
1791039273 37062672 59771961
1791039278 37494096 60427584
1791039284 37944160 61029934
1791039289 38292608 61554709
1791039294 38693312 62193013
1791039299 39094944 62810142
1791039304 39481760 63452657
1791039310 39793440 64029027
1791039315 40178432 64633805
1791039320 40524704 65243377
1791039325 40936464 65918830
1791039331 41328672 66558907
1791039336 41723824 67152635
1791039341 42059232 67636814
1791039346 42125104 67711039
1791039351 42125104 67711039
1791039356 42125104 67711039
