1791040707 0 0
1791040712 0 0
1791040717 0 0
1791040723 0 0
1791040728 0 0
1791040733 0 0
1791040738 0 0
1791040743 0 0
1791040748 0 0
1791040753 0 0
1791040758 0 0
1791040763 0 0
1791040768 0 0
1791040773 0 0
1791040778 0 0
1791040783 0 0
1791040788 6912 184896
1791040793 48720 347851
1791040798 112368 548536
1791040803 189744 771237
1791040808 295504 1016860
1791040813 463168 1268849
1791040818 557696 1445866
1791040824 687008 1712355
1791040829 892672 2030258
1791040834 1063120 2283938
1791040839 1194992 2545128
1791040844 1289104 2737910
1791040849 1431888 2929186
1791040854 1596864 3183714
1791040859 1758800 3413238
1791040864 1933792 3635445
1791040869 2069104 3857168
1791040874 2213888 4096919
1791040879 2363776 4327987
1791040884 2523008 4572453
1791040889 2674848 4765959
1791040894 2761584 4928124
1791040899 2846016 5061227
1791040904 2968112 5307064
1791040910 3011440 5351974
1791040915 3075360 5470829
1791040920 3163280 5618399
1791040925 3306992 5826782
1791040930 3392144 5953030
1791040935 3478800 6109508
1791040940 3587584 6316369
1791040945 3674032 6434236
1791040950 3786160 6612123
1791040955 3893008 6738045
1791040960 3943408 6818617
1791040965 4037024 6988827
1791040970 4088160 7108519
1791040975 4164880 7212510
1791040980 4283376 7383474
1791040985 4363712 7538698
1791040990 4454256 7694650
1791040996 4562384 7896186
1791041001 4636288 7993451
1791041006 4701296 8149479
1791041011 4823536 8297569
1791041016 4892752 8445031
1791041021 4998080 8601571
1791041026 5092384 8727350
1791041031 5198064 8905199
1791041036 5291680 9023428
1791041041 5460336 9275409
1791041046 5616032 9498253
1791041051 5717456 9721952
1791041056 5858768 9956975
1791041061 5973984 10133735
1791041066 6095824 10326842
1791041072 6218592 10526757
1791041077 6310592 10683537
1791041082 6456592 10921620
1791041087 6596544 11189327
1791041092 6752672 11441047
1791041097 6910944 11710606
1791041102 7062480 11902384
1791041107 7210272 12108761
1791041112 7343648 12309689
1791041117 7543344 12606687
1791041122 7718048 12846568
1791041127 7856144 13047157
1791041132 7988432 13262667
1791041137 8196752 13522574
1791041142 8345488 13736965
1791041147 8464720 13929272
1791041152 8621504 14189798
1791041158 8672464 14249912
1791041163 8778960 14449565
1791041168 8959792 14790812
1791041173 9121088 15095229
1791041178 9325552 15441460
1791041183 9562256 15782389
1791041188 9747248 16065183
1791041193 9913872 16385707
1791041198 10066368 16651795
1791041203 10255792 16965070
1791041208 10444400 17252772
1791041213 10634192 17513683
1791041218 10834336 17826336
1791041223 10985744 18064614
1791041228 11207840 18391943
1791041234 11382336 18644109
1791041239 11613696 18940377
1791041244 11853536 19312484
1791041249 12007360 19630998
1791041254 12239376 19913569
1791041259 12356528 20137788
1791041264 12544256 20390713
1791041269 12733760 20686416
1791041274 12978096 21045896
1791041279 13199632 21379735
1791041284 13251008 21445591
1791041289 13479424 21756873
1791041294 13766688 22174912
1791041299 13910208 22447128
1791041304 14213728 22890452
1791041309 14384768 23196023
1791041315 14556608 23529982
1791041320 14805536 23908952
1791041325 15038944 24302095
1791041330 15393376 24793192
1791041335 15655968 25156486
1791041340 15914880 25512965
1791041345 16133504 25826195
1791041350 16465088 26338619
1791041355 16718160 26730958
1791041360 16924640 27171186
1791041365 17120320 27512909
1791041370 17315152 27861409
1791041375 17594560 28233767
1791041380 17789728 28561292
1791041386 17991920 28917269
1791041391 18197760 29287997
1791041396 18472368 29710286
1791041401 18710512 30126354
1791041406 18830496 30290026
1791041411 18982400 30600728
1791041416 19268656 31120345
1791041421 19540848 31585709
1791041426 19754096 31978423
1791041431 20061280 32476671
1791041437 20351552 32930928
1791041442 20682432 33434572
1791041447 20965488 33887759
1791041452 21256464 34335451
1791041457 21556144 34766161
1791041462 21846032 35204026
1791041467 22059536 35567325
1791041472 22384240 36111021
1791041477 22587216 36467242
1791041482 22858528 36898123
1791041487 23149744 37337707
1791041492 23460416 37835736
1791041498 23749392 38272034
1791041503 23992160 38680175
1791041508 24289504 39155350
1791041513 24615664 39631815
1791041518 24892592 40030264
1791041523 25158272 40453230
1791041528 25455792 40978646
1791041533 25473936 41007925
1791041538 25712032 41519603
1791041543 25945520 42059067
1791041548 26274368 42533940
1791041554 26632976 43076840
1791041559 26944688 43604033
1791041564 27294304 44116457
1791041569 27715136 44717780
1791041574 28056768 45195076
1791041579 28407184 45729913
1791041584 28792144 46359595
1791041589 29072192 46873967
1791041595 29315168 47289265
1791041600 29625136 47758225
1791041605 29944416 48280590
1791041610 30325872 48866358
1791041615 30609488 49384569
1791041620 31017104 50000779
1791041625 31405456 50593034
1791041630 31738496 51111845
1791041636 32039712 51600586
1791041641 32337504 52122503
1791041646 32648464 52678815
1791041651 33003328 53244495
1791041656 33133728 53452917
1791041661 33382688 53830874
1791041666 33748176 54513304
1791041672 34110752 55172072
1791041677 34450832 55780898
1791041682 34822864 56390282
1791041687 35220864 57014120
1791041693 35631808 57625483
1791041698 36022784 58224998
1791041703 36408656 58841832
1791041708 36835152 59475885
1791041713 37201376 60054038
1791041719 37656880 60680091
1791041724 38012720 61272255
1791041729 38392256 61865661
1791041734 38787824 62454375
1791041739 39210976 63068454
1791041745 39607424 63676257
1791041750 40031200 64320470
1791041755 40436096 64937562
1791041760 40813440 65547266
1791041765 41189824 66158144
1791041771 41536496 66738271
1791041776 41896864 67363518
1791041781 42110064 67711039
1791041786 42110064 67711039
1791041791 42110064 67711039
