1790947661 0 0
1790947666 0 0
1790947671 0 0
1790947676 0 0
1790947681 0 0
1790947686 0 0
1790947691 0 0
1790947696 0 0
1790947701 0 0
1790947707 0 0
1790947712 0 0
1790947717 0 0
1790947722 0 0
1790947727 0 0
1790947732 0 0
1790947737 0 0
1790947742 0 0
1790947747 0 0
1790947752 0 0
1790947758 0 0
1790947763 0 0
1790947768 0 0
1790947773 0 0
1790947778 0 0
1790947783 0 0
1790947788 0 0
1790947793 0 0
1790947798 13936 200188
1790947803 48944 362740
1790947808 69408 516699
1790947813 111136 678418
1790947818 180912 871220
1790947823 280608 1072335
1790947828 429712 1266312
1790947833 563360 1451652
1790947838 674752 1651313
1790947843 807248 1827612
1790947848 962656 2027141
1790947853 1088512 2205285
1790947859 1146304 2263833
1790947864 1743216 2861439
1790947869 2322336 3441127
1790947874 2833168 3952533
1790947879 3340528 4461610
1790947884 3813680 4989101
1790947889 4239440 5445086
1790947894 4871168 6125694
1790947899 5482272 6769223
1790947904 5967216 7280774
1790947909 6430624 7769493
1790947914 7056816 8396431
1790947919 7702912 9043175
1790947925 8314032 9655015
1790947930 8892128 10233690
1790947935 9402768 10744858
1790947940 9963136 11305803
1790947945 10574816 11918120
1790947950 11122624 12466507
1790947955 11691232 13035732
1790947960 12092352 13437255
1790947965 12637168 13982681
1790947970 13127360 14473363
1790947975 13763024 15109746
1790947980 14347472 15694795
1790947985 14983024 16331002
1790947991 15484080 16832577
1790947996 16052416 17401504
1790948001 16629008 17978723
1790948006 17220000 18570350
1790948011 17703360 19054216
1790948016 18269312 19620772
1790948021 18923936 20276083
1790948026 19446384 20799144
1790948031 20008944 21362284
1790948036 20614608 21968539
1790948041 20841696 22195842
1790948046 21563792 22918761
1790948051 22667264 24023454
1790948057 23502896 24859942
1790948062 24544736 25902854
1790948067 25489184 26848304
1790948072 26556288 27916539
1790948077 27531088 28892345
1790948082 28336192 29698384
1790948087 29357408 30720634
1790948093 30360016 31724277
1790948098 31440800 32806217
1790948103 32357456 33723833
1790948108 33193984 34561248
1790948113 34116864 35485161
1790948118 35069408 36438665
1790948124 36177472 37547869
1790948129 37182256 38553758
1790948134 38276352 39649013
1790948140 39129680 40503261
1790948145 40119248 41493882
1790948150 41042496 42418085
1790948155 41905632 43282076
1790948160 42868032 44245519
1790948165 43775520 45154006
1790948170 44739776 46119286
1790948175 45744368 47124952
1790948181 46771328 48152969
1790948186 47716352 49098983
1790948191 48625984 50009557
1790948196 49549488 50934056
1790948201 50246160 51631485
1790948206 51132896 52519191
1790948212 52129856 53517179
1790948217 53163616 54552006
1790948222 54096160 55485503
1790948227 54103776 55493124
1790948232 54103776 55493124
1790948237 54103776 55493124
1790948242 54103776 55493124
