1790948318 0 0
1790948323 0 0
1790948328 0 0
1790948333 0 0
1790948338 0 0
1790948343 0 0
1790948348 0 0
1790948353 0 0
1790948358 0 0
1790948363 0 0
1790948368 0 0
1790948374 0 0
1790948379 0 0
1790948384 0 0
1790948389 0 0
1790948394 0 0
1790948399 0 0
1790948404 0 0
1790948409 0 0
1790948414 0 0
1790948419 0 0
1790948424 0 0
1790948429 0 0
1790948434 13968 162206
1790948439 43136 326803
1790948444 113792 579571
1790948449 184288 734467
1790948455 282496 963722
1790948460 374416 1134898
1790948465 507520 1333891
1790948470 584944 1459840
1790948475 699168 1623635
1790948480 832688 1808003
1790948485 980160 2007495
1790948490 1155584 2220463
1790948495 1259008 2324004
1790948500 1978000 3043718
1790948505 2480704 3546907
1790948510 3066000 4132767
1790948515 3612720 4745208
1790948520 4083952 5270862
1790948525 4549184 5775767
1790948531 5111392 6375577
1790948536 5711440 7007794
1790948541 6326080 7656250
1790948546 6853776 8189943
1790948551 7408720 8745474
1790948556 7919328 9256582
1790948561 8532896 9870742
1790948566 9064320 10402708
1790948571 9718912 11058028
1790948576 10285776 11625471
1790948581 10853472 12193707
1790948586 11302096 12642776
1790948591 11882720 13223956
1790948596 12454112 13795939
1790948601 12912432 14254736
1790948607 13504816 14847712
1790948612 14081472 15424913
1790948617 14649232 15993274
1790948622 15245040 16589729
1790948627 15745200 17090408
1790948632 16254016 17599688
1790948637 16886672 18232991
1790948642 17350544 18697266
1790948647 17876272 19223575
1790948652 18371600 19719418
1790948657 18889584 20237905
1790948662 19495744 20844649
1790948667 20034624 21384059
1790948672 20646368 21996475
1790948677 20815392 22165708
1790948683 21652288 23003460
1790948688 22606848 23958952
1790948693 23582128 24935227
1790948698 24530784 25884883
1790948703 25422224 26777224
1790948708 26289696 27645516
1790948713 27311456 28668327
1790948718 28273568 29631380
1790948723 29122672 30481359
1790948729 29959760 31319335
1790948734 30896432 32256948
1790948739 31838096 33199527
1790948744 32815600 34178020
1790948749 33872880 35236340
1790948754 34692880 36057179
1790948759 35574528 36939785
1790948764 36555120 37921337
1790948770 37444688 38811794
1790948775 38429376 39797476
1790948780 39377008 40746022
1790948785 40211104 41580976
1790948790 41292512 42663537
1790948795 42345088 43717133
1790948800 43400896 44773971
1790948806 44377792 45751871
1790948811 45404432 46779514
1790948816 46406368 47782542
1790948821 47415408 48792585
1790948826 48357392 49735450
1790948831 49208720 50587679
1790948836 50170800 51550728
1790948841 51218784 52599780
1790948846 52130512 53512469
1790948851 52992656 54375478
1790948857 53751568 55135068
1790948862 54015264 55399090
1790948867 54015264 55399090
1790948872 54015264 55399090
1790948877 54015264 55399090
