1790947092 0 0
1790947097 0 0
1790947102 0 0
1790947107 0 0
1790947112 0 0
1790947117 0 0
1790947122 0 0
1790947128 0 0
1790947133 0 0
1790947138 0 0
1790947143 0 15272
1790947148 21200 252576
1790947153 91680 550729
1790947158 133808 662355
1790947163 210288 831956
1790947168 280272 965248
1790947173 357664 1114708
1790947178 456384 1270442
1790947183 555696 1462334
1790947188 717024 1705945
1790947193 842304 1882697
1790947198 1011344 2096117
1790947203 1122832 2220684
1790947208 1233744 2331730
1790947213 1718016 2816493
1790947218 2169072 3268032
1790947224 2656944 3756358
1790947229 3275120 4375085
1790947234 3794272 4948832
1790947239 4329584 5551604
1790947244 4826608 6083445
1790947249 5388400 6675038
1790947254 5921520 7236756
1790947259 6477152 7819280
1790947264 6982640 8325306
1790947269 7538704 8881950
1790947274 8039984 9383682
1790947279 8548704 9892848
1790947284 9188048 10532824
1790947289 9790016 11135345
1790947294 10329104 11675026
1790947300 10942448 12288994
1790947305 11495696 12842876
1790947310 12040384 13388103
1790947315 12545952 13894207
1790947320 13242704 14591657
1790947325 13853968 15203487
1790947330 14406896 15756934
1790947335 15053984 16404617
1790947340 15522160 16873311
1790947345 16040672 17392322
1790947350 16645808 17998104
1790947355 17284400 18637418
1790947360 17818432 19171990
1790947365 18331088 19685173
1790947370 18947776 20302470
1790947375 19564864 20920104
1790947381 20133696 21489509
1790947386 20715216 22071551
1790947391 20886800 22243304
1790947396 21896160 23253740
1790947401 22841872 24200305
1790947406 23717088 25076356
1790947411 24643392 26003584
1790947416 25463920 26824961
1790947421 26442608 27804701
1790947427 27347920 28710976
1790947432 28345648 29709627
1790947437 29190656 30555444
1790947442 30154848 31520601
1790947447 31092608 32459327
1790947452 31909120 33276716
1790947457 32808032 34176559
1790947462 33768528 35137977
1790947467 34723888 36094246
1790947473 35798496 37169909
1790947478 36730016 38102420
1790947483 37754752 39128248
1790947488 38698272 40072726
1790947493 39736320 41111723
1790947498 40665072 42041379
1790947503 41561680 42938894
1790947508 42617280 43995658
1790947514 43600512 44979912
1790947519 44541872 45922200
1790947524 45395904 46776999
1790947529 46311120 47693102
1790947534 47243472 48626403
1790947539 48121056 49504964
1790947544 49246304 50631377
1790947549 50177936 51563929
1790947555 51158560 52545460
1790947560 52117424 53505245
1790947565 53242960 54631946
1790947570 54103360 55493282
1790947575 54221648 55611686
1790947580 54221648 55611686
1790947585 54221648 55611686
1790947590 54221648 55611686
