1790949194 0 0
1790949199 0 0
1790949204 0 0
1790949209 0 0
1790949214 0 0
1790949219 0 0
1790949224 0 0
1790949229 0 0
1790949234 0 0
1790949239 0 0
1790949244 0 0
1790949249 0 0
1790949254 0 0
1790949260 0 0
1790949265 21200 118864
1790949270 55728 339557
1790949275 91024 474042
1790949280 153872 591224
1790949285 196496 702502
1790949290 259120 909338
1790949295 371488 1160236
1790949300 483680 1343750
1790949305 615568 1520128
1790949310 790496 1749440
1790949315 967168 1979791
1790949320 1106160 2170840
1790949325 1147664 2214684
1790949330 1664240 2731832
1790949336 2240384 3308548
1790949341 2807536 3876302
1790949346 3257440 4326683
1790949351 3821376 4944799
1790949356 4366848 5563583
1790949361 4864352 6110237
1790949366 5265344 6539725
1790949371 5800688 7103240
1790949376 6428512 7763877
1790949381 7040736 8376804
1790949386 7513856 8850353
1790949391 7999312 9336322
1790949396 8552736 9890338
1790949401 9104448 10442574
1790949407 9640528 10979166
1790949412 10283008 11622316
1790949417 10837056 12176892
1790949422 11429808 12770251
1790949427 12016704 13357779
1790949432 12674096 14015897
1790949437 13218992 14561304
1790949442 13734992 15077891
1790949447 14243696 15587120
1790949452 14795696 16139667
1790949457 15420672 16765190
1790949462 15951856 17296934
1790949467 16582192 17927895
1790949472 17148944 18495242
1790949478 17604848 18951611
1790949483 18276896 19624398
1790949488 18755152 20103109
1790949493 19338400 20687001
1790949498 19852320 21201437
1790949503 20474176 21823924
1790949508 20816256 22166286
1790949513 21406816 22757510
1790949518 22320144 23671775
1790949523 23279536 24632150
1790949528 24301760 25655333
1790949534 25181184 26535633
1790949539 26089760 27445177
1790949544 26898688 28254973
1790949549 27885440 29242747
1790949554 28895728 30254067
1790949560 29979360 31338740
1790949565 30916736 32277062
1790949570 31962736 33324143
1790949575 33002800 34365284
1790949580 33917216 35280654
1790949585 34981360 36345869
1790949590 35743120 37108386
1790949595 36640496 38006650
1790949601 37506416 38873481
1790949606 38502880 39870973
1790949611 39600880 40970143
1790949616 40569312 41939483
1790949621 41456192 42827281
1790949626 42418944 43790984
1790949632 43263552 44636489
1790949637 44208336 45582240
1790949642 45218064 46593081
1790949647 46276512 47652495
1790949652 47273968 48650963
1790949657 48130768 49508649
1790949663 49050560 50429434
1790949668 49949840 51329646
1790949673 50834096 52214806
1790949678 51812624 53194251
1790949683 52847184 54229854
1790949688 53785136 55168786
1790949693 54033216 55417116
1790949698 54033216 55417116
1790949704 54033216 55417116
1790949709 54033216 55417116
