load 9.53 12.38 8.27 1790948326
router-epp-5d47b4b8-cxvnh    epp        3m     19Mi     
load 8.21 12.01 8.20 1790948336
router-epp-5d47b4b8-cxvnh     epp           4m     19Mi     
router-epp-5d64986776-x9qgd   envoy-proxy   13m    13Mi     
router-epp-5d64986776-x9qgd   epp           46m    3Mi      
load 7.03 11.63 8.11 1790948346
router-epp-5d47b4b8-cxvnh     epp            5m    19Mi     
router-epp-5d64986776-x9qgd   envoy-proxy    9m    13Mi     
router-epp-5d64986776-x9qgd   epp            47m   4Mi      
load 6.10 11.28 8.04 1790948356
router-epp-5d47b4b8-cxvnh     epp            5m    19Mi     
router-epp-5d64986776-x9qgd   envoy-proxy    8m    14Mi     
router-epp-5d64986776-x9qgd   epp            45m   4Mi      
load 5.32 10.94 7.96 1790948366
router-epp-5d47b4b8-cxvnh     epp            5m    19Mi     
router-epp-5d64986776-x9qgd   envoy-proxy    8m    14Mi     
router-epp-5d64986776-x9qgd   epp            45m   4Mi      
load 4.89 10.66 7.90 1790948376
router-epp-5d47b4b8-cxvnh     epp            5m    19Mi     
router-epp-5d64986776-x9qgd   envoy-proxy    8m    14Mi     
router-epp-5d64986776-x9qgd   epp            46m   4Mi      
load 4.82 10.45 7.86 1790948387
router-epp-5d64986776-x9qgd   envoy-proxy    8m    14Mi     
router-epp-5d64986776-x9qgd   epp            39m   4Mi      
load 4.47 10.19 7.81 1790948397
router-epp-5d64986776-x9qgd   envoy-proxy    8m    14Mi     
router-epp-5d64986776-x9qgd   epp            39m   4Mi      
load 4.46 10.00 7.77 1790948407
inference-perf-pn57v          inference-perf   777m   221Mi    
router-epp-5d64986776-x9qgd   envoy-proxy      5m     14Mi     
router-epp-5d64986776-x9qgd   epp              17m    4Mi      
load 4.96 9.94 7.77 1790948417
inference-perf-pn57v          inference-perf   998m   310Mi    
router-epp-5d64986776-x9qgd   envoy-proxy      3m     14Mi     
router-epp-5d64986776-x9qgd   epp              13m    4Mi      
load 4.35 9.64 7.70 1790948427
inference-perf-pn57v          inference-perf   998m   310Mi    
router-epp-5d64986776-x9qgd   envoy-proxy      3m     14Mi     
router-epp-5d64986776-x9qgd   epp              13m    4Mi      
load 4.80 9.57 7.70 1790948437
inference-perf-pn57v          inference-perf   998m   310Mi    
router-epp-5d64986776-x9qgd   envoy-proxy      3m     14Mi     
router-epp-5d64986776-x9qgd   epp              15m    5Mi      
load 4.81 9.42 7.67 1790948447
inference-perf-pn57v          inference-perf   1039m   573Mi    
router-epp-5d64986776-x9qgd   envoy-proxy      150m    21Mi     
router-epp-5d64986776-x9qgd   epp              15m     5Mi      
load 4.52 9.21 7.62 1790948457
inference-perf-pn57v          inference-perf   1039m   573Mi    
router-epp-5d64986776-x9qgd   envoy-proxy      150m    21Mi     
router-epp-5d64986776-x9qgd   epp              15m     5Mi      
load 4.05 8.95 7.55 1790948467
inference-perf-pn57v          inference-perf   1639m   634Mi    
router-epp-5d64986776-x9qgd   envoy-proxy      390m    23Mi     
router-epp-5d64986776-x9qgd   epp              39m     9Mi      
load 3.87 8.75 7.50 1790948477
inference-perf-pn57v          inference-perf   1363m   713Mi    
router-epp-5d64986776-x9qgd   envoy-proxy      337m    25Mi     
router-epp-5d64986776-x9qgd   epp              34m     10Mi     
load 3.67 8.55 7.45 1790948487
inference-perf-pn57v          inference-perf   1363m   713Mi    
router-epp-5d64986776-x9qgd   envoy-proxy      337m    25Mi     
router-epp-5d64986776-x9qgd   epp              34m     10Mi     
load 3.90 8.43 7.42 1790948497
inference-perf-pn57v          inference-perf   1359m   763Mi    
router-epp-5d64986776-x9qgd   envoy-proxy      290m    24Mi     
router-epp-5d64986776-x9qgd   epp              35m     10Mi     
load 7.08 8.96 7.61 1790948507
inference-perf-pn57v          inference-perf   2933m   898Mi    
router-epp-5d64986776-x9qgd   envoy-proxy      647m    27Mi     
router-epp-5d64986776-x9qgd   epp              42m     13Mi     
load 6.22 8.72 7.54 1790948517
inference-perf-pn57v          inference-perf   2933m   898Mi    
router-epp-5d64986776-x9qgd   envoy-proxy      647m    27Mi     
router-epp-5d64986776-x9qgd   epp              42m     13Mi     
load 6.05 8.59 7.51 1790948527
inference-perf-pn57v          inference-perf   3677m   1041Mi   
router-epp-5d64986776-x9qgd   envoy-proxy      726m    28Mi     
router-epp-5d64986776-x9qgd   epp              37m     12Mi     
load 5.96 8.49 7.49 1790948537
inference-perf-pn57v          inference-perf   3677m   1041Mi   
router-epp-5d64986776-x9qgd   envoy-proxy      790m    28Mi     
router-epp-5d64986776-x9qgd   epp              38m     13Mi     
load 5.96 8.41 7.47 1790948548
inference-perf-pn57v          inference-perf   3677m   1041Mi   
router-epp-5d64986776-x9qgd   envoy-proxy      790m    28Mi     
router-epp-5d64986776-x9qgd   epp              38m     13Mi     
load 5.88 8.31 7.45 1790948558
inference-perf-pn57v          inference-perf   3734m   1191Mi   
router-epp-5d64986776-x9qgd   envoy-proxy      852m    29Mi     
router-epp-5d64986776-x9qgd   epp              40m     14Mi     
load 6.22 8.30 7.46 1790948568
inference-perf-pn57v          inference-perf   3630m   1450Mi   
router-epp-5d64986776-x9qgd   envoy-proxy      773m    29Mi     
router-epp-5d64986776-x9qgd   epp              37m     14Mi     
load 6.59 8.31 7.47 1790948578
inference-perf-pn57v          inference-perf   3630m   1450Mi   
router-epp-5d64986776-x9qgd   envoy-proxy      773m    29Mi     
router-epp-5d64986776-x9qgd   epp              37m     14Mi     
load 7.62 8.47 7.53 1790948588
inference-perf-pn57v          inference-perf   3941m   1569Mi   
router-epp-5d64986776-x9qgd   envoy-proxy      829m    30Mi     
router-epp-5d64986776-x9qgd   epp              37m     14Mi     
load 8.44 8.62 7.59 1790948598
inference-perf-pn57v          inference-perf   3448m   1693Mi   
router-epp-5d64986776-x9qgd   envoy-proxy      749m    29Mi     
router-epp-5d64986776-x9qgd   epp              38m     14Mi     
load 8.00 8.51 7.56 1790948608
inference-perf-pn57v          inference-perf   3448m   1693Mi   
router-epp-5d64986776-x9qgd   envoy-proxy      749m    29Mi     
router-epp-5d64986776-x9qgd   epp              38m     14Mi     
load 7.68 8.43 7.55 1790948618
inference-perf-pn57v          inference-perf   3334m   1777Mi   
router-epp-5d64986776-x9qgd   envoy-proxy      762m    29Mi     
router-epp-5d64986776-x9qgd   epp              38m     14Mi     
load 7.32 8.33 7.52 1790948628
inference-perf-pn57v          inference-perf   3647m   2012Mi   
router-epp-5d64986776-x9qgd   envoy-proxy      781m    30Mi     
router-epp-5d64986776-x9qgd   epp              37m     14Mi     
load 7.51 8.34 7.54 1790948638
inference-perf-pn57v          inference-perf   3647m   2012Mi   
router-epp-5d64986776-x9qgd   envoy-proxy      781m    30Mi     
router-epp-5d64986776-x9qgd   epp              37m     14Mi     
load 7.10 8.23 7.51 1790948648
inference-perf-pn57v          inference-perf   3647m   2012Mi   
router-epp-5d64986776-x9qgd   envoy-proxy      765m    30Mi     
router-epp-5d64986776-x9qgd   epp              38m     14Mi     
load 6.94 8.15 7.49 1790948658
inference-perf-pn57v          inference-perf   3436m   2151Mi   
router-epp-5d64986776-x9qgd   envoy-proxy      692m    30Mi     
router-epp-5d64986776-x9qgd   epp              37m     14Mi     
load 7.02 8.13 7.49 1790948668
inference-perf-pn57v          inference-perf   3436m   2151Mi   
router-epp-5d64986776-x9qgd   envoy-proxy      692m    30Mi     
router-epp-5d64986776-x9qgd   epp              37m     14Mi     
load 6.40 7.96 7.44 1790948678
inference-perf-pn57v          inference-perf   3476m   2317Mi   
router-epp-5d64986776-x9qgd   envoy-proxy      790m    30Mi     
router-epp-5d64986776-x9qgd   epp              39m     14Mi     
load 6.89 8.01 7.47 1790948689
inference-perf-pn57v          inference-perf   3699m   2593Mi   
router-epp-5d64986776-x9qgd   envoy-proxy      765m    31Mi     
router-epp-5d64986776-x9qgd   epp              44m     16Mi     
load 9.37 8.49 7.63 1790948699
inference-perf-pn57v          inference-perf   3699m   2593Mi   
router-epp-5d64986776-x9qgd   envoy-proxy      765m    31Mi     
router-epp-5d64986776-x9qgd   epp              44m     16Mi     
load 13.23 9.40 7.94 1790948709
inference-perf-pn57v          inference-perf   5958m   2748Mi   
router-epp-5d64986776-x9qgd   envoy-proxy      765m    31Mi     
router-epp-5d64986776-x9qgd   epp              44m     16Mi     
load 14.45 9.80 8.08 1790948719
inference-perf-pn57v          inference-perf   6044m   3015Mi   
router-epp-5d64986776-x9qgd   envoy-proxy      1370m   32Mi     
router-epp-5d64986776-x9qgd   epp              54m     17Mi     
load 15.46 10.17 8.22 1790948729
inference-perf-pn57v          inference-perf   6044m   3015Mi   
router-epp-5d64986776-x9qgd   envoy-proxy      1370m   32Mi     
router-epp-5d64986776-x9qgd   epp              54m     17Mi     
load 15.37 10.31 8.29 1790948739
inference-perf-pn57v          inference-perf   5951m   3260Mi   
router-epp-5d64986776-x9qgd   envoy-proxy      1366m   32Mi     
router-epp-5d64986776-x9qgd   epp              52m     17Mi     
load 16.28 10.68 8.43 1790948749
inference-perf-pn57v          inference-perf   6244m   3497Mi   
router-epp-5d64986776-x9qgd   envoy-proxy      1366m   32Mi     
router-epp-5d64986776-x9qgd   epp              52m     17Mi     
load 15.39 10.67 8.46 1790948759
inference-perf-pn57v          inference-perf   6244m   3497Mi   
router-epp-5d64986776-x9qgd   envoy-proxy      1366m   32Mi     
router-epp-5d64986776-x9qgd   epp              52m     17Mi     
load 16.10 10.99 8.58 1790948769
inference-perf-pn57v          inference-perf   6140m   3670Mi   
router-epp-5d64986776-x9qgd   envoy-proxy      1408m   33Mi     
router-epp-5d64986776-x9qgd   epp              54m     16Mi     
load 16.19 11.19 8.67 1790948779
inference-perf-pn57v          inference-perf   5998m   3920Mi   
router-epp-5d64986776-x9qgd   envoy-proxy      1408m   33Mi     
router-epp-5d64986776-x9qgd   epp              56m     17Mi     
load 18.84 11.92 8.94 1790948789
inference-perf-pn57v          inference-perf   5998m   3920Mi   
router-epp-5d64986776-x9qgd   envoy-proxy      1408m   33Mi     
router-epp-5d64986776-x9qgd   epp              56m     17Mi     
load 20.78 12.57 9.18 1790948799
inference-perf-pn57v          inference-perf   6156m   4163Mi   
router-epp-5d64986776-x9qgd   envoy-proxy      1413m   33Mi     
router-epp-5d64986776-x9qgd   epp              56m     18Mi     
load 20.13 12.70 9.26 1790948810
inference-perf-pn57v          inference-perf   6731m   4444Mi   
router-epp-5d64986776-x9qgd   envoy-proxy      1574m   34Mi     
router-epp-5d64986776-x9qgd   epp              60m     18Mi     
load 20.53 13.04 9.41 1790948820
inference-perf-pn57v          inference-perf   6731m   4444Mi   
router-epp-5d64986776-x9qgd   envoy-proxy      1574m   34Mi     
router-epp-5d64986776-x9qgd   epp              60m     18Mi     
load 21.03 13.40 9.57 1790948830
inference-perf-pn57v          inference-perf   6731m   4444Mi   
router-epp-5d64986776-x9qgd   envoy-proxy      1498m   34Mi     
router-epp-5d64986776-x9qgd   epp              57m     17Mi     
load 20.38 13.50 9.64 1790948840
inference-perf-pn57v          inference-perf   6582m   4766Mi   
router-epp-5d64986776-x9qgd   envoy-proxy      1498m   34Mi     
router-epp-5d64986776-x9qgd   epp              56m     17Mi     
load 21.32 13.93 9.82 1790948850
inference-perf-pn57v          inference-perf   6582m   4766Mi   
router-epp-5d64986776-x9qgd   envoy-proxy      1498m   34Mi     
router-epp-5d64986776-x9qgd   epp              56m     17Mi     
load 19.28 13.73 9.80 1790948860
inference-perf-pn57v          inference-perf   5945m   4968Mi   
router-epp-5d64986776-x9qgd   envoy-proxy      1455m   34Mi     
router-epp-5d64986776-x9qgd   epp              56m     17Mi     
load 16.54 13.33 9.71 1790948870
inference-perf-pn57v          inference-perf   6213m   5178Mi   
router-epp-5d64986776-x9qgd   envoy-proxy      1455m   34Mi     
router-epp-5d64986776-x9qgd   epp              44m     17Mi     
