load 2.17 1.00 0.67 1790947101
load 2.07 1.02 0.68 1790947111
load 1.99 1.03 0.69 1790947121
inference-perf-svl4z          inference-perf   926m   224Mi   
router-epp-5d64986776-57wr6   envoy-proxy      4m     13Mi    
router-epp-5d64986776-57wr6   epp              24m    3Mi     
load 1.92 1.05 0.70 1790947131
inference-perf-svl4z          inference-perf   998m   278Mi   
router-epp-5d64986776-57wr6   envoy-proxy      3m     14Mi    
router-epp-5d64986776-57wr6   epp              16m    3Mi     
load 1.86 1.06 0.71 1790947141
inference-perf-svl4z          inference-perf   998m   278Mi   
router-epp-5d64986776-57wr6   envoy-proxy      3m     14Mi    
router-epp-5d64986776-57wr6   epp              16m    3Mi     
load 2.21 1.16 0.75 1790947151
inference-perf-svl4z          inference-perf   998m   350Mi   
router-epp-5d64986776-57wr6   envoy-proxy      3m     14Mi    
router-epp-5d64986776-57wr6   epp              12m    4Mi     
load 2.89 1.34 0.81 1790947161
inference-perf-svl4z          inference-perf   1363m   621Mi   
router-epp-5d64986776-57wr6   envoy-proxy      167m    21Mi    
router-epp-5d64986776-57wr6   epp              28m     9Mi     
load 3.71 1.56 0.89 1790947171
inference-perf-svl4z          inference-perf   1363m   621Mi   
router-epp-5d64986776-57wr6   envoy-proxy      167m    21Mi    
router-epp-5d64986776-57wr6   epp              28m     9Mi     
load 3.69 1.62 0.92 1790947181
inference-perf-svl4z          inference-perf   1419m   662Mi   
router-epp-5d64986776-57wr6   envoy-proxy      384m    23Mi    
router-epp-5d64986776-57wr6   epp              46m     9Mi     
load 3.35 1.62 0.92 1790947191
inference-perf-svl4z          inference-perf   1419m   662Mi   
router-epp-5d64986776-57wr6   envoy-proxy      323m    23Mi    
router-epp-5d64986776-57wr6   epp              46m     9Mi     
load 3.86 1.78 0.98 1790947201
inference-perf-svl4z          inference-perf   1344m   713Mi   
router-epp-5d64986776-57wr6   envoy-proxy      304m    24Mi    
router-epp-5d64986776-57wr6   epp              31m     10Mi    
load 3.90 1.85 1.02 1790947211
inference-perf-svl4z          inference-perf   1344m   713Mi   
router-epp-5d64986776-57wr6   envoy-proxy      304m    24Mi    
router-epp-5d64986776-57wr6   epp              31m     10Mi    
load 3.76 1.89 1.04 1790947221
inference-perf-svl4z          inference-perf   1156m   787Mi   
router-epp-5d64986776-57wr6   envoy-proxy      219m    24Mi    
router-epp-5d64986776-57wr6   epp              49m     11Mi    
load 3.82 1.96 1.07 1790947231
inference-perf-svl4z          inference-perf   2804m   925Mi   
router-epp-5d64986776-57wr6   envoy-proxy      642m    26Mi    
router-epp-5d64986776-57wr6   epp              34m     11Mi    
load 4.65 2.21 1.16 1790947242
inference-perf-svl4z          inference-perf   2804m   925Mi   
router-epp-5d64986776-57wr6   envoy-proxy      642m    26Mi    
router-epp-5d64986776-57wr6   epp              34m     11Mi    
load 4.26 2.20 1.17 1790947252
inference-perf-svl4z          inference-perf   3732m   1098Mi   
router-epp-5d64986776-57wr6   envoy-proxy      800m    28Mi     
router-epp-5d64986776-57wr6   epp              38m     13Mi     
load 4.52 2.33 1.22 1790947262
inference-perf-svl4z          inference-perf   3828m   1246Mi   
router-epp-5d64986776-57wr6   envoy-proxy      769m    28Mi     
router-epp-5d64986776-57wr6   epp              38m     13Mi     
load 4.87 2.48 1.28 1790947272
inference-perf-svl4z          inference-perf   3828m   1246Mi   
router-epp-5d64986776-57wr6   envoy-proxy      769m    28Mi     
router-epp-5d64986776-57wr6   epp              38m     13Mi     
load 5.05 2.60 1.33 1790947282
inference-perf-svl4z          inference-perf   3268m   1389Mi   
router-epp-5d64986776-57wr6   envoy-proxy      741m    28Mi     
router-epp-5d64986776-57wr6   epp              38m     13Mi     
load 5.17 2.71 1.38 1790947292
inference-perf-svl4z          inference-perf   3777m   1533Mi   
router-epp-5d64986776-57wr6   envoy-proxy      769m    29Mi     
router-epp-5d64986776-57wr6   epp              37m     14Mi     
load 5.83 2.93 1.47 1790947302
inference-perf-svl4z          inference-perf   3777m   1533Mi   
router-epp-5d64986776-57wr6   envoy-proxy      769m    29Mi     
router-epp-5d64986776-57wr6   epp              37m     14Mi     
load 6.02 3.07 1.53 1790947312
inference-perf-svl4z          inference-perf   3777m   1533Mi   
router-epp-5d64986776-57wr6   envoy-proxy      769m    29Mi     
router-epp-5d64986776-57wr6   epp              38m     14Mi     
load 6.58 3.28 1.62 1790947322
inference-perf-svl4z          inference-perf   3539m   1794Mi   
router-epp-5d64986776-57wr6   envoy-proxy      765m    29Mi     
router-epp-5d64986776-57wr6   epp              38m     14Mi     
load 6.71 3.42 1.68 1790947332
inference-perf-svl4z          inference-perf   3539m   1794Mi   
router-epp-5d64986776-57wr6   envoy-proxy      765m    29Mi     
router-epp-5d64986776-57wr6   epp              38m     14Mi     
load 6.28 3.44 1.71 1790947342
inference-perf-svl4z          inference-perf   4079m   1913Mi   
router-epp-5d64986776-57wr6   envoy-proxy      849m    30Mi     
router-epp-5d64986776-57wr6   epp              40m     14Mi     
load 6.09 3.49 1.74 1790947352
inference-perf-svl4z          inference-perf   3530m   2018Mi   
router-epp-5d64986776-57wr6   envoy-proxy      692m    29Mi     
router-epp-5d64986776-57wr6   epp              37m     14Mi     
load 5.99 3.56 1.78 1790947362
inference-perf-svl4z          inference-perf   3530m   2018Mi   
router-epp-5d64986776-57wr6   envoy-proxy      692m    29Mi     
router-epp-5d64986776-57wr6   epp              37m     14Mi     
load 5.37 3.51 1.78 1790947373
inference-perf-svl4z          inference-perf   3807m   2163Mi   
router-epp-5d64986776-57wr6   envoy-proxy      789m    30Mi     
router-epp-5d64986776-57wr6   epp              38m     14Mi     
load 5.68 3.64 1.85 1790947383
inference-perf-svl4z          inference-perf   3492m   2296Mi   
router-epp-5d64986776-57wr6   envoy-proxy      807m    29Mi     
router-epp-5d64986776-57wr6   epp              39m     14Mi     
load 5.17 3.60 1.85 1790947393
inference-perf-svl4z          inference-perf   3492m   2296Mi   
router-epp-5d64986776-57wr6   envoy-proxy      807m    29Mi     
router-epp-5d64986776-57wr6   epp              39m     14Mi     
load 8.55 4.37 2.12 1790947403
inference-perf-svl4z          inference-perf   3781m   2446Mi   
router-epp-5d64986776-57wr6   envoy-proxy      807m    29Mi     
router-epp-5d64986776-57wr6   epp              46m     14Mi     
load 10.89 5.02 2.36 1790947413
inference-perf-svl4z          inference-perf   4783m   2672Mi   
router-epp-5d64986776-57wr6   envoy-proxy      883m    31Mi     
router-epp-5d64986776-57wr6   epp              53m     16Mi     
load 11.22 5.28 2.47 1790947423
inference-perf-svl4z          inference-perf   4783m   2672Mi   
router-epp-5d64986776-57wr6   envoy-proxy      883m    31Mi     
router-epp-5d64986776-57wr6   epp              53m     16Mi     
load 12.78 5.83 2.68 1790947433
inference-perf-svl4z          inference-perf   5734m   2918Mi   
router-epp-5d64986776-57wr6   envoy-proxy      1285m   31Mi     
router-epp-5d64986776-57wr6   epp              51m     16Mi     
load 14.43 6.41 2.91 1790947443
inference-perf-svl4z          inference-perf   5932m   3109Mi   
router-epp-5d64986776-57wr6   envoy-proxy      1335m   32Mi     
router-epp-5d64986776-57wr6   epp              54m     16Mi     
load 15.55 6.92 3.11 1790947453
inference-perf-svl4z          inference-perf   5932m   3109Mi   
router-epp-5d64986776-57wr6   envoy-proxy      1335m   32Mi     
router-epp-5d64986776-57wr6   epp              54m     16Mi     
load 15.57 7.20 3.24 1790947463
inference-perf-svl4z          inference-perf   5975m   3372Mi   
router-epp-5d64986776-57wr6   envoy-proxy      1359m   32Mi     
router-epp-5d64986776-57wr6   epp              52m     16Mi     
load 15.57 7.62 3.44 1790947473
inference-perf-svl4z          inference-perf   6062m   3631Mi   
router-epp-5d64986776-57wr6   envoy-proxy      1308m   33Mi     
router-epp-5d64986776-57wr6   epp              55m     16Mi     
load 16.25 8.03 3.62 1790947484
inference-perf-svl4z          inference-perf   6062m   3631Mi   
router-epp-5d64986776-57wr6   envoy-proxy      1308m   33Mi     
router-epp-5d64986776-57wr6   epp              55m     16Mi     
load 16.08 8.26 3.74 1790947494
inference-perf-svl4z          inference-perf   6332m   3831Mi   
router-epp-5d64986776-57wr6   envoy-proxy      1463m   33Mi     
router-epp-5d64986776-57wr6   epp              56m     17Mi     
load 16.11 8.51 3.88 1790947504
inference-perf-svl4z          inference-perf   6455m   4046Mi   
router-epp-5d64986776-57wr6   envoy-proxy      1468m   34Mi     
router-epp-5d64986776-57wr6   epp              55m     17Mi     
load 16.52 8.86 4.04 1790947514
inference-perf-svl4z          inference-perf   6455m   4046Mi   
router-epp-5d64986776-57wr6   envoy-proxy      1468m   34Mi     
router-epp-5d64986776-57wr6   epp              55m     17Mi     
load 16.04 9.01 4.14 1790947524
inference-perf-svl4z          inference-perf   6277m   4274Mi   
router-epp-5d64986776-57wr6   envoy-proxy      1406m   33Mi     
router-epp-5d64986776-57wr6   epp              55m     17Mi     
load 16.19 9.27 4.28 1790947534
inference-perf-svl4z          inference-perf   6577m   4501Mi   
router-epp-5d64986776-57wr6   envoy-proxy      1482m   33Mi     
router-epp-5d64986776-57wr6   epp              56m     17Mi     
load 17.81 9.83 4.51 1790947544
inference-perf-svl4z          inference-perf   6577m   4501Mi   
router-epp-5d64986776-57wr6   envoy-proxy      1482m   33Mi     
router-epp-5d64986776-57wr6   epp              56m     17Mi     
load 18.75 10.30 4.72 1790947554
inference-perf-svl4z          inference-perf   5874m   4751Mi   
router-epp-5d64986776-57wr6   envoy-proxy      1351m   33Mi     
router-epp-5d64986776-57wr6   epp              53m     17Mi     
load 21.12 11.08 5.04 1790947564
inference-perf-svl4z          inference-perf   6175m   5068Mi   
router-epp-5d64986776-57wr6   envoy-proxy      1446m   34Mi     
router-epp-5d64986776-57wr6   epp              56m     17Mi     
load 20.16 11.22 5.15 1790947574
inference-perf-svl4z          inference-perf   6175m   5068Mi   
router-epp-5d64986776-57wr6   envoy-proxy      1446m   34Mi     
router-epp-5d64986776-57wr6   epp              56m     17Mi     
load 17.22 10.88 5.10 1790947584
inference-perf-svl4z          inference-perf   6175m   5068Mi   
router-epp-5d64986776-57wr6   envoy-proxy      1500m   35Mi     
router-epp-5d64986776-57wr6   epp              58m     18Mi     
