load 5.06 3.95 4.81
load 4.51 3.87 4.78
router-epp-6d6f94cf5b-nq8t8   envoy-proxy    4m     13Mi     
router-epp-6d6f94cf5b-nq8t8   epp            99m    49Mi     
router-epp-6d6f94cf5b-wffpf   envoy-proxy    4m     13Mi     
router-epp-6d6f94cf5b-wffpf   epp            176m   52Mi     
load 4.20 3.82 4.75
inference-perf-pzn4q          inference-perf   777m   215Mi    
router-epp-6d6f94cf5b-nq8t8   envoy-proxy      4m     13Mi     
router-epp-6d6f94cf5b-nq8t8   epp              60m    50Mi     
router-epp-6d6f94cf5b-wffpf   envoy-proxy      3m     14Mi     
router-epp-6d6f94cf5b-wffpf   epp              125m   52Mi     
load 3.71 3.73 4.71
inference-perf-pzn4q          inference-perf   777m   215Mi    
router-epp-6d6f94cf5b-nq8t8   envoy-proxy      4m     13Mi     
router-epp-6d6f94cf5b-nq8t8   epp              60m    50Mi     
router-epp-6d6f94cf5b-wffpf   envoy-proxy      3m     14Mi     
router-epp-6d6f94cf5b-wffpf   epp              125m   52Mi     
load 3.37 3.65 4.68
inference-perf-pzn4q          inference-perf   998m   304Mi    
router-epp-6d6f94cf5b-nq8t8   envoy-proxy      3m     14Mi     
router-epp-6d6f94cf5b-nq8t8   epp              47m    50Mi     
router-epp-6d6f94cf5b-wffpf   envoy-proxy      3m     14Mi     
router-epp-6d6f94cf5b-wffpf   epp              45m    52Mi     
load 3.89 3.76 4.70
inference-perf-pzn4q          inference-perf   998m   363Mi    
router-epp-6d6f94cf5b-nq8t8   envoy-proxy      3m     14Mi     
router-epp-6d6f94cf5b-nq8t8   epp              47m    50Mi     
router-epp-6d6f94cf5b-wffpf   envoy-proxy      3m     14Mi     
router-epp-6d6f94cf5b-wffpf   epp              46m    52Mi     
load 4.39 3.87 4.72
inference-perf-pzn4q          inference-perf   998m   363Mi    
router-epp-6d6f94cf5b-nq8t8   envoy-proxy      3m     14Mi     
router-epp-6d6f94cf5b-nq8t8   epp              47m    50Mi     
router-epp-6d6f94cf5b-wffpf   envoy-proxy      3m     14Mi     
router-epp-6d6f94cf5b-wffpf   epp              46m    52Mi     
load 4.25 3.86 4.71
inference-perf-pzn4q          inference-perf   1155m   615Mi    
router-epp-6d6f94cf5b-nq8t8   envoy-proxy      141m    18Mi     
router-epp-6d6f94cf5b-nq8t8   epp              735m    72Mi     
router-epp-6d6f94cf5b-wffpf   envoy-proxy      70m     16Mi     
router-epp-6d6f94cf5b-wffpf   epp              201m    58Mi     
load 4.35 3.89 4.72
inference-perf-pzn4q          inference-perf   1403m   662Mi    
router-epp-6d6f94cf5b-nq8t8   envoy-proxy      569m    21Mi     
router-epp-6d6f94cf5b-nq8t8   epp              799m    76Mi     
router-epp-6d6f94cf5b-wffpf   envoy-proxy      207m    18Mi     
router-epp-6d6f94cf5b-wffpf   epp              558m    67Mi     
load 4.08 3.85 4.69
inference-perf-pzn4q          inference-perf   1403m   662Mi    
router-epp-6d6f94cf5b-nq8t8   envoy-proxy      569m    21Mi     
router-epp-6d6f94cf5b-nq8t8   epp              799m    76Mi     
router-epp-6d6f94cf5b-wffpf   envoy-proxy      207m    18Mi     
router-epp-6d6f94cf5b-wffpf   epp              558m    67Mi     
load 4.30 3.90 4.70
inference-perf-pzn4q          inference-perf   1147m   703Mi    
router-epp-6d6f94cf5b-nq8t8   envoy-proxy      430m    22Mi     
router-epp-6d6f94cf5b-nq8t8   epp              811m    87Mi     
router-epp-6d6f94cf5b-wffpf   envoy-proxy      237m    18Mi     
router-epp-6d6f94cf5b-wffpf   epp              514m    71Mi     
load 3.88 3.83 4.67
inference-perf-pzn4q          inference-perf   1361m   749Mi    
router-epp-6d6f94cf5b-nq8t8   envoy-proxy      450m    22Mi     
router-epp-6d6f94cf5b-nq8t8   epp              811m    87Mi     
router-epp-6d6f94cf5b-wffpf   envoy-proxy      249m    18Mi     
router-epp-6d6f94cf5b-wffpf   epp              601m    76Mi     
load 9.44 5.02 5.05
inference-perf-pzn4q          inference-perf   1361m   749Mi    
router-epp-6d6f94cf5b-nq8t8   envoy-proxy      450m    22Mi     
router-epp-6d6f94cf5b-nq8t8   epp              811m    87Mi     
router-epp-6d6f94cf5b-wffpf   envoy-proxy      249m    18Mi     
router-epp-6d6f94cf5b-wffpf   epp              601m    76Mi     
load 12.63 5.84 5.31
inference-perf-pzn4q          inference-perf   1619m   843Mi    
router-epp-6d6f94cf5b-nq8t8   envoy-proxy      475m    23Mi     
router-epp-6d6f94cf5b-nq8t8   epp              832m    84Mi     
router-epp-6d6f94cf5b-wffpf   envoy-proxy      526m    23Mi     
router-epp-6d6f94cf5b-wffpf   epp              1041m   103Mi    
load 17.64 7.13 5.74
inference-perf-pzn4q          inference-perf   3628m   955Mi    
router-epp-6d6f94cf5b-nq8t8   envoy-proxy      829m    23Mi     
router-epp-6d6f94cf5b-nq8t8   epp              1054m   113Mi    
router-epp-6d6f94cf5b-wffpf   envoy-proxy      963m    25Mi     
router-epp-6d6f94cf5b-wffpf   epp              1126m   106Mi    
load 20.09 8.02 6.04
inference-perf-pzn4q          inference-perf   3628m   955Mi    
router-epp-6d6f94cf5b-nq8t8   envoy-proxy      829m    23Mi     
router-epp-6d6f94cf5b-nq8t8   epp              1054m   113Mi    
router-epp-6d6f94cf5b-wffpf   envoy-proxy      963m    25Mi     
router-epp-6d6f94cf5b-wffpf   epp              1126m   106Mi    
load 22.96 9.03 6.40
inference-perf-pzn4q          inference-perf   3524m   1069Mi   
router-epp-6d6f94cf5b-nq8t8   envoy-proxy      862m    25Mi     
router-epp-6d6f94cf5b-nq8t8   epp              1054m   113Mi    
router-epp-6d6f94cf5b-wffpf   envoy-proxy      963m    26Mi     
router-epp-6d6f94cf5b-wffpf   epp              1126m   106Mi    
load 25.88 10.11 6.77
inference-perf-pzn4q          inference-perf   3920m   1279Mi   
router-epp-6d6f94cf5b-nq8t8   envoy-proxy      913m    26Mi     
router-epp-6d6f94cf5b-nq8t8   epp              1078m   119Mi    
router-epp-6d6f94cf5b-wffpf   envoy-proxy      1047m   27Mi     
router-epp-6d6f94cf5b-wffpf   epp              1173m   125Mi    
load 29.38 11.39 7.22
inference-perf-pzn4q          inference-perf   3920m   1279Mi   
router-epp-6d6f94cf5b-nq8t8   envoy-proxy      913m    26Mi     
router-epp-6d6f94cf5b-nq8t8   epp              1078m   119Mi    
router-epp-6d6f94cf5b-wffpf   envoy-proxy      1047m   27Mi     
router-epp-6d6f94cf5b-wffpf   epp              1173m   125Mi    
load 29.96 12.10 7.50
inference-perf-pzn4q          inference-perf   3982m   1437Mi   
router-epp-6d6f94cf5b-nq8t8   envoy-proxy      941m    25Mi     
router-epp-6d6f94cf5b-nq8t8   epp              1104m   119Mi    
router-epp-6d6f94cf5b-wffpf   envoy-proxy      1047m   27Mi     
router-epp-6d6f94cf5b-wffpf   epp              1173m   125Mi    
load 30.69 12.84 7.79
inference-perf-pzn4q          inference-perf   3843m   1558Mi   
router-epp-6d6f94cf5b-nq8t8   envoy-proxy      873m    26Mi     
router-epp-6d6f94cf5b-nq8t8   epp              1076m   115Mi    
router-epp-6d6f94cf5b-wffpf   envoy-proxy      1063m   28Mi     
router-epp-6d6f94cf5b-wffpf   epp              1198m   114Mi    
load 31.27 13.54 8.07
inference-perf-pzn4q          inference-perf   3665m   1686Mi   
router-epp-6d6f94cf5b-nq8t8   envoy-proxy      855m    26Mi     
router-epp-6d6f94cf5b-nq8t8   epp              1059m   118Mi    
router-epp-6d6f94cf5b-wffpf   envoy-proxy      1063m   28Mi     
router-epp-6d6f94cf5b-wffpf   epp              1198m   132Mi    
load 31.80 14.24 8.36
inference-perf-pzn4q          inference-perf   3665m   1686Mi   
router-epp-6d6f94cf5b-nq8t8   envoy-proxy      855m    26Mi     
router-epp-6d6f94cf5b-nq8t8   epp              1059m   118Mi    
router-epp-6d6f94cf5b-wffpf   envoy-proxy      1063m   28Mi     
router-epp-6d6f94cf5b-wffpf   epp              1198m   132Mi    
load 31.19 14.70 8.57
inference-perf-pzn4q          inference-perf   3782m   1809Mi   
router-epp-6d6f94cf5b-nq8t8   envoy-proxy      836m    26Mi     
router-epp-6d6f94cf5b-nq8t8   epp              1069m   115Mi    
router-epp-6d6f94cf5b-wffpf   envoy-proxy      1023m   29Mi     
router-epp-6d6f94cf5b-wffpf   epp              1172m   132Mi    
load 30.95 15.18 8.80
inference-perf-pzn4q          inference-perf   3866m   1971Mi   
router-epp-6d6f94cf5b-nq8t8   envoy-proxy      897m    27Mi     
router-epp-6d6f94cf5b-nq8t8   epp              1089m   118Mi    
router-epp-6d6f94cf5b-wffpf   envoy-proxy      1076m   29Mi     
router-epp-6d6f94cf5b-wffpf   epp              1213m   123Mi    
load 32.11 15.95 9.12
inference-perf-pzn4q          inference-perf   3866m   1971Mi   
router-epp-6d6f94cf5b-nq8t8   envoy-proxy      897m    27Mi     
router-epp-6d6f94cf5b-nq8t8   epp              1089m   118Mi    
router-epp-6d6f94cf5b-wffpf   envoy-proxy      1076m   29Mi     
router-epp-6d6f94cf5b-wffpf   epp              1213m   123Mi    
load 31.87 16.43 9.35
inference-perf-pzn4q          inference-perf   3913m   2094Mi   
router-epp-6d6f94cf5b-nq8t8   envoy-proxy      897m    27Mi     
router-epp-6d6f94cf5b-nq8t8   epp              1102m   123Mi    
router-epp-6d6f94cf5b-wffpf   envoy-proxy      1076m   29Mi     
router-epp-6d6f94cf5b-wffpf   epp              1222m   128Mi    
load 31.05 16.76 9.53
inference-perf-pzn4q          inference-perf   3955m   2270Mi   
router-epp-6d6f94cf5b-nq8t8   envoy-proxy      908m    27Mi     
router-epp-6d6f94cf5b-nq8t8   epp              1102m   123Mi    
router-epp-6d6f94cf5b-wffpf   envoy-proxy      1092m   29Mi     
router-epp-6d6f94cf5b-wffpf   epp              1215m   128Mi    
load 29.39 16.87 9.64
inference-perf-pzn4q          inference-perf   3955m   2270Mi   
router-epp-6d6f94cf5b-nq8t8   envoy-proxy      908m    27Mi     
router-epp-6d6f94cf5b-nq8t8   epp              1102m   123Mi    
router-epp-6d6f94cf5b-wffpf   envoy-proxy      1092m   29Mi     
router-epp-6d6f94cf5b-wffpf   epp              1215m   128Mi    
load 29.85 17.39 9.89
inference-perf-pzn4q          inference-perf   3657m   2425Mi   
router-epp-6d6f94cf5b-nq8t8   envoy-proxy      888m    27Mi     
router-epp-6d6f94cf5b-nq8t8   epp              1101m   119Mi    
router-epp-6d6f94cf5b-wffpf   envoy-proxy      1032m   29Mi     
router-epp-6d6f94cf5b-wffpf   epp              1211m   114Mi    
load 31.41 18.13 10.21
inference-perf-pzn4q          inference-perf   2614m   2549Mi   
router-epp-6d6f94cf5b-nq8t8   envoy-proxy      702m    28Mi     
router-epp-6d6f94cf5b-nq8t8   epp              1058m   132Mi    
router-epp-6d6f94cf5b-wffpf   envoy-proxy      778m    30Mi     
router-epp-6d6f94cf5b-wffpf   epp              1132m   143Mi    
load 33.01 18.92 10.55
inference-perf-pzn4q          inference-perf   2614m   2549Mi   
router-epp-6d6f94cf5b-nq8t8   envoy-proxy      702m    28Mi     
router-epp-6d6f94cf5b-nq8t8   epp              1058m   132Mi    
router-epp-6d6f94cf5b-wffpf   envoy-proxy      778m    30Mi     
router-epp-6d6f94cf5b-wffpf   epp              1132m   143Mi    
load 36.06 20.04 11.01
inference-perf-pzn4q          inference-perf   4331m   2834Mi   
router-epp-6d6f94cf5b-nq8t8   envoy-proxy      888m    29Mi     
router-epp-6d6f94cf5b-nq8t8   epp              1026m   130Mi    
router-epp-6d6f94cf5b-wffpf   envoy-proxy      1053m   31Mi     
router-epp-6d6f94cf5b-wffpf   epp              1132m   143Mi    
load 41.02 21.63 11.62
inference-perf-pzn4q          inference-perf   4331m   2834Mi   
router-epp-6d6f94cf5b-nq8t8   envoy-proxy      867m    32Mi     
router-epp-6d6f94cf5b-nq8t8   epp              1002m   159Mi    
router-epp-6d6f94cf5b-wffpf   envoy-proxy      988m    33Mi     
router-epp-6d6f94cf5b-wffpf   epp              1136m   188Mi    
load 45.59 23.24 12.26
inference-perf-pzn4q          inference-perf   4331m   2834Mi   
router-epp-6d6f94cf5b-nq8t8   envoy-proxy      867m    32Mi     
router-epp-6d6f94cf5b-nq8t8   epp              1002m   159Mi    
router-epp-6d6f94cf5b-wffpf   envoy-proxy      988m    33Mi     
router-epp-6d6f94cf5b-wffpf   epp              1136m   188Mi    
load 48.56 24.61 12.82
inference-perf-pzn4q          inference-perf   3866m   3131Mi   
router-epp-6d6f94cf5b-nq8t8   envoy-proxy      867m    32Mi     
router-epp-6d6f94cf5b-nq8t8   epp              1044m   177Mi    
router-epp-6d6f94cf5b-wffpf   envoy-proxy      907m    34Mi     
router-epp-6d6f94cf5b-wffpf   epp              1069m   180Mi    
load 49.22 25.53 13.24
inference-perf-pzn4q          inference-perf   4412m   3390Mi   
router-epp-6d6f94cf5b-nq8t8   envoy-proxy      905m    33Mi     
router-epp-6d6f94cf5b-nq8t8   epp              1064m   143Mi    
router-epp-6d6f94cf5b-wffpf   envoy-proxy      971m    34Mi     
router-epp-6d6f94cf5b-wffpf   epp              1167m   152Mi    
load 47.70 25.97 13.52
inference-perf-pzn4q          inference-perf   4412m   3390Mi   
router-epp-6d6f94cf5b-nq8t8   envoy-proxy      905m    33Mi     
router-epp-6d6f94cf5b-nq8t8   epp              1064m   143Mi    
router-epp-6d6f94cf5b-wffpf   envoy-proxy      971m    34Mi     
router-epp-6d6f94cf5b-wffpf   epp              1167m   152Mi    
load 48.93 26.96 13.97
inference-perf-pzn4q          inference-perf   4324m   3677Mi   
router-epp-6d6f94cf5b-nq8t8   envoy-proxy      907m    32Mi     
router-epp-6d6f94cf5b-nq8t8   epp              1069m   148Mi    
router-epp-6d6f94cf5b-wffpf   envoy-proxy      1033m   35Mi     
router-epp-6d6f94cf5b-wffpf   epp              1154m   149Mi    
load 49.19 27.74 14.37
inference-perf-pzn4q          inference-perf   4306m   3874Mi   
router-epp-6d6f94cf5b-nq8t8   envoy-proxy      911m    32Mi     
router-epp-6d6f94cf5b-nq8t8   epp              1059m   135Mi    
router-epp-6d6f94cf5b-wffpf   envoy-proxy      1054m   34Mi     
router-epp-6d6f94cf5b-wffpf   epp              1185m   152Mi    
load 50.31 29.05 15.01
inference-perf-pzn4q          inference-perf   4306m   3874Mi   
router-epp-6d6f94cf5b-nq8t8   envoy-proxy      911m    32Mi     
router-epp-6d6f94cf5b-nq8t8   epp              1059m   135Mi    
router-epp-6d6f94cf5b-wffpf   envoy-proxy      1054m   34Mi     
router-epp-6d6f94cf5b-wffpf   epp              1185m   152Mi    
load 51.85 30.07 15.50
inference-perf-pzn4q          inference-perf   4331m   4194Mi   
router-epp-6d6f94cf5b-nq8t8   envoy-proxy      927m    33Mi     
router-epp-6d6f94cf5b-nq8t8   epp              1076m   154Mi    
router-epp-6d6f94cf5b-wffpf   envoy-proxy      1035m   34Mi     
router-epp-6d6f94cf5b-wffpf   epp              1165m   165Mi    
load 52.62 30.96 15.94
inference-perf-pzn4q          inference-perf   4331m   4390Mi   
router-epp-6d6f94cf5b-nq8t8   envoy-proxy      920m    33Mi     
router-epp-6d6f94cf5b-nq8t8   epp              1068m   155Mi    
router-epp-6d6f94cf5b-wffpf   envoy-proxy      1033m   35Mi     
router-epp-6d6f94cf5b-wffpf   epp              1145m   188Mi    
load 51.60 31.46 16.26
inference-perf-pzn4q          inference-perf   4331m   4390Mi   
router-epp-6d6f94cf5b-nq8t8   envoy-proxy      920m    33Mi     
router-epp-6d6f94cf5b-nq8t8   epp              1068m   155Mi    
router-epp-6d6f94cf5b-wffpf   envoy-proxy      1033m   35Mi     
router-epp-6d6f94cf5b-wffpf   epp              1145m   188Mi    
load 53.55 32.52 16.77
inference-perf-pzn4q          inference-perf   4347m   4561Mi   
router-epp-6d6f94cf5b-nq8t8   envoy-proxy      882m    33Mi     
router-epp-6d6f94cf5b-nq8t8   epp              1049m   149Mi    
router-epp-6d6f94cf5b-wffpf   envoy-proxy      990m    35Mi     
router-epp-6d6f94cf5b-wffpf   epp              1144m   162Mi    
load 56.85 33.90 17.39
inference-perf-pzn4q          inference-perf   4013m   4847Mi   
router-epp-6d6f94cf5b-nq8t8   envoy-proxy      912m    33Mi     
router-epp-6d6f94cf5b-nq8t8   epp              1050m   162Mi    
router-epp-6d6f94cf5b-wffpf   envoy-proxy      1026m   35Mi     
router-epp-6d6f94cf5b-wffpf   epp              1144m   175Mi    
load 57.32 34.76 17.85
inference-perf-pzn4q          inference-perf   4013m   4847Mi   
router-epp-6d6f94cf5b-nq8t8   envoy-proxy      912m    33Mi     
router-epp-6d6f94cf5b-nq8t8   epp              1050m   162Mi    
router-epp-6d6f94cf5b-wffpf   envoy-proxy      1026m   35Mi     
router-epp-6d6f94cf5b-wffpf   epp              1144m   175Mi    
load 56.36 35.30 18.20
inference-perf-pzn4q          inference-perf   4213m   5095Mi   
router-epp-6d6f94cf5b-nq8t8   envoy-proxy      831m    33Mi     
router-epp-6d6f94cf5b-nq8t8   epp              1010m   145Mi    
router-epp-6d6f94cf5b-wffpf   envoy-proxy      924m    35Mi     
router-epp-6d6f94cf5b-wffpf   epp              1080m   176Mi    
load 48.00 34.20 18.03
inference-perf-pzn4q          inference-perf   3494m   5278Mi   
router-epp-6d6f94cf5b-nq8t8   envoy-proxy      716m    33Mi     
router-epp-6d6f94cf5b-nq8t8   epp              1044m   107Mi    
router-epp-6d6f94cf5b-wffpf   envoy-proxy      852m    35Mi     
router-epp-6d6f94cf5b-wffpf   epp              1142m   152Mi    
