load 6.78 8.78 9.27
router-epp-5d47b4b8-nrprm    epp        3m     23Mi   
load 5.82 8.51 9.17
router-epp-5d47b4b8-nrprm     epp           4m     23Mi   
router-epp-6fc4687944-ntxq4   envoy-proxy   13m    13Mi   
router-epp-6fc4687944-ntxq4   epp           228m   22Mi   
load 5.00 8.25 9.08
router-epp-5d47b4b8-nrprm     epp            5m     23Mi   
router-epp-6fc4687944-ntxq4   envoy-proxy    8m     13Mi   
router-epp-6fc4687944-ntxq4   epp            225m   22Mi   
load 4.31 7.99 8.99
router-epp-5d47b4b8-nrprm     epp            5m     23Mi   
router-epp-6fc4687944-ntxq4   envoy-proxy    8m     13Mi   
router-epp-6fc4687944-ntxq4   epp            225m   22Mi   
load 3.73 7.74 8.89
router-epp-5d47b4b8-nrprm     epp            5m     23Mi   
router-epp-6fc4687944-ntxq4   envoy-proxy    8m     14Mi   
router-epp-6fc4687944-ntxq4   epp            173m   22Mi   
load 3.32 7.52 8.81
router-epp-5d47b4b8-nrprm     epp            5m     23Mi   
router-epp-6fc4687944-ntxq4   envoy-proxy    8m     14Mi   
router-epp-6fc4687944-ntxq4   epp            174m   22Mi   
load 3.36 7.39 8.75
router-epp-6fc4687944-ntxq4   envoy-proxy    8m     14Mi   
router-epp-6fc4687944-ntxq4   epp            174m   22Mi   
load 4.91 7.58 8.80
router-epp-6fc4687944-ntxq4   envoy-proxy    8m     14Mi   
router-epp-6fc4687944-ntxq4   epp            177m   22Mi   
load 4.31 7.36 8.71
router-epp-6fc4687944-ntxq4   envoy-proxy    5m     14Mi   
router-epp-6fc4687944-ntxq4   epp            153m   22Mi   
load 3.80 7.15 8.63
inference-perf-5nx98          inference-perf   999m   215Mi   
router-epp-6fc4687944-ntxq4   envoy-proxy      3m     14Mi    
router-epp-6fc4687944-ntxq4   epp              66m    22Mi    
load 3.45 6.96 8.55
inference-perf-5nx98          inference-perf   999m   215Mi   
router-epp-6fc4687944-ntxq4   envoy-proxy      3m     14Mi    
router-epp-6fc4687944-ntxq4   epp              66m    22Mi    
load 3.07 6.77 8.47
inference-perf-5nx98          inference-perf   998m   278Mi   
router-epp-6fc4687944-ntxq4   envoy-proxy      3m     14Mi    
router-epp-6fc4687944-ntxq4   epp              48m    22Mi    
load 3.89 6.82 8.47
inference-perf-5nx98          inference-perf   1000m   459Mi   
router-epp-6fc4687944-ntxq4   envoy-proxy      335m    20Mi    
router-epp-6fc4687944-ntxq4   epp              48m     23Mi    
load 3.91 6.73 8.42
inference-perf-5nx98          inference-perf   1000m   459Mi   
router-epp-6fc4687944-ntxq4   envoy-proxy      335m    20Mi    
router-epp-6fc4687944-ntxq4   epp              48m     23Mi    
load 4.31 6.72 8.40
inference-perf-5nx98          inference-perf   1045m   644Mi   
router-epp-6fc4687944-ntxq4   envoy-proxy      551m    22Mi    
router-epp-6fc4687944-ntxq4   epp              897m    49Mi    
load 4.43 6.67 8.37
inference-perf-5nx98          inference-perf   1252m   679Mi   
router-epp-6fc4687944-ntxq4   envoy-proxy      559m    23Mi    
router-epp-6fc4687944-ntxq4   epp              873m    63Mi    
load 3.90 6.48 8.29
inference-perf-5nx98          inference-perf   1252m   679Mi   
router-epp-6fc4687944-ntxq4   envoy-proxy      559m    23Mi    
router-epp-6fc4687944-ntxq4   epp              873m    63Mi    
load 9.52 7.59 8.63
inference-perf-5nx98          inference-perf   1251m   741Mi   
router-epp-6fc4687944-ntxq4   envoy-proxy      802m    31Mi    
router-epp-6fc4687944-ntxq4   epp              1064m   62Mi    
load 16.21 9.08 9.10
inference-perf-5nx98          inference-perf   4776m   1054Mi   
router-epp-6fc4687944-ntxq4   envoy-proxy      802m    31Mi     
router-epp-6fc4687944-ntxq4   epp              1601m   179Mi    
load 14.43 8.93 9.05
inference-perf-5nx98          inference-perf   4776m   1054Mi   
router-epp-6fc4687944-ntxq4   envoy-proxy      802m    31Mi     
router-epp-6fc4687944-ntxq4   epp              1601m   179Mi    
load 13.68 8.96 9.06
inference-perf-5nx98          inference-perf   3577m   1192Mi   
router-epp-6fc4687944-ntxq4   envoy-proxy      1193m   40Mi     
router-epp-6fc4687944-ntxq4   epp              1527m   81Mi     
load 12.04 8.77 9.00
inference-perf-5nx98          inference-perf   1402m   1253Mi   
router-epp-6fc4687944-ntxq4   envoy-proxy      702m    39Mi     
router-epp-6fc4687944-ntxq4   epp              1042m   90Mi     
load 10.87 8.63 8.95
inference-perf-5nx98          inference-perf   1402m   1253Mi   
router-epp-6fc4687944-ntxq4   envoy-proxy      702m    39Mi     
router-epp-6fc4687944-ntxq4   epp              1042m   90Mi     
load 9.43 8.39 8.87
inference-perf-5nx98          inference-perf   1413m   1290Mi   
router-epp-6fc4687944-ntxq4   envoy-proxy      680m    40Mi     
router-epp-6fc4687944-ntxq4   epp              981m    86Mi     
load 11.40 8.83 9.00
inference-perf-5nx98          inference-perf   969m   1328Mi   
router-epp-6fc4687944-ntxq4   envoy-proxy      700m   40Mi     
router-epp-6fc4687944-ntxq4   epp              981m   86Mi     
load 16.28 9.95 9.37
inference-perf-5nx98          inference-perf   969m   1328Mi   
router-epp-6fc4687944-ntxq4   envoy-proxy      700m   40Mi     
router-epp-6fc4687944-ntxq4   epp              981m   86Mi     
load 17.01 10.34 9.50
inference-perf-5nx98          inference-perf   3326m   1488Mi   
router-epp-6fc4687944-ntxq4   envoy-proxy      1730m   41Mi     
router-epp-6fc4687944-ntxq4   epp              1294m   160Mi    
