1790860280 0 0
1790860285 0 0
1790860290 0 0
1790860295 0 0
1790860300 0 0
1790860305 0 0
1790860310 0 0
1790860316 0 0
1790860321 0 0
1790860326 0 0
1790860331 0 0
1790860336 0 0
1790860341 0 0
1790860346 0 0
1790860351 0 65791
1790860356 20848 243462
1790860361 56288 477912
1790860366 77040 648514
1790860371 104928 803115
1790860376 161088 958891
1790860381 251600 1185909
1790860386 314624 1342799
1790860391 398800 1505681
1790860396 551856 1769545
1790860401 664480 1962954
1790860407 741680 2148111
1790860412 769696 2214143
1790860417 1087792 2589936
1790860422 1559744 3202665
1790860427 2090096 3800618
1790860432 2567760 4339883
1790860437 2962512 4878142
1790860442 3405248 5418820
1790860448 3845344 5934936
1790860453 4298576 6456950
1790860458 4824720 7042122
1790860463 5492304 7788912
1790860468 5981920 8283803
1790860473 6528768 8835481
1790860478 7152640 9471289
1790860484 7670912 9996097
1790860489 8297904 10637853
1790860494 8782112 11133164
1790860499 9214192 11575220
1790860505 9777424 12150919
1790860510 10260944 12647520
1790860515 10815040 13215839
1790860520 11398576 13806440
1790860525 12034080 14446300
1790860531 12565504 14980394
1790860536 12990512 15408356
1790860541 13641728 16064439
1790860546 14337888 16766906
1790860551 14983728 17422346
1790860556 15518832 17963239
1790860562 16074432 18525223
1790860567 16558112 19012329
1790860572 17183888 19639370
1790860577 17713040 20171338
1790860582 18300384 20761870
1790860587 18959776 21425590
1790860592 19577424 22048173
1790860598 19678624 22151056
1790860603 20612144 23087813
1790860608 21576144 24054090
1790860614 22471520 24954530
1790860619 23495840 25981530
1790860624 24383872 26875281
1790860630 25344176 27843470
1790860635 26359232 28860424
1790860641 27554480 30058249
1790860647 28572208 31077663
1790860652 29548912 32058037
1790860657 30579872 33093258
1790860663 31523072 34038151
1790860668 32487632 35004512
1790860673 33483440 36001352
1790860679 34516256 37036050
1790860684 35496544 38018041
1790860690 36440576 38963975
1790860695 37382736 39907865
1790860700 38387328 40913563
1790860706 39383392 41911068
1790860711 40552624 43082559
1790860717 41408000 43940279
1790860722 42233664 44766808
1790860727 43245424 45779626
1790860732 44321600 46856958
1790860738 45333040 47869364
1790860743 46408416 48946546
1790860749 47456128 49995969
1790860754 48391440 50932301
1790860760 49380640 51922558
1790860765 50392672 52935623
1790860771 51495552 54039506
1790860776 52501264 55046240
1790860781 52834208 55379848
1790860787 52834208 55379848
1790860792 52834208 55379848
1790860797 52834208 55379848
