1790931298 0 0
1790931303 0 0
1790931308 0 0
1790931313 0 0
1790931318 0 0
1790931323 0 0
1790931328 0 0
1790931333 0 0
1790931339 0 0
1790931344 0 0
1790931349 0 0
1790931354 0 0
1790931359 0 0
1790931364 0 0
1790931369 0 44373
1790931374 0 66528
1790931379 6864 110233
1790931384 87744 191197
1790931389 180560 585107
1790931394 300512 898011
1790931399 630896 1446783
1790931405 891216 1831870
1790931410 1167536 2218012
1790931415 1475040 2564649
1790931420 1806048 2951518
1790931425 2191904 3402249
1790931430 2597856 3845446
1790931435 2893712 4157574
1790931440 3301664 4587076
1790931445 3617408 4920390
1790931450 4004880 5328352
1790931455 4286736 5625667
1790931460 4712528 6054149
1790931465 5181728 6523839
1790931471 5604320 6946870
1790931476 5915072 7257945
1790931481 6367184 7710527
1790931486 6779904 8123684
1790931491 7254768 8599118
1790931496 7638656 8983407
1790931501 7897584 9242577
1790931506 8371152 9716609
1790931511 8622576 9968302
1790931516 9074304 10420507
1790931521 9459200 10805774
1790931527 9830400 11177386
1790931532 10095072 11442351
1790931537 10475888 11823599
1790931542 10867680 12215821
1790931547 11172192 12520623
1790931552 11543312 12892137
1790931557 11809120 13158211
1790931562 12147856 13497301
1790931567 12526720 13876596
1790931572 12844672 14194921
1790931577 13206912 14557535
1790931582 13657168 15008264
1790931587 14071952 15423421
1790931593 14390064 15741899
1790931598 14768592 16120783
1790931603 15228496 16581198
1790931608 15633328 16986459
1790931613 16036384 17389970
1790931618 16339984 17693895
1790931623 16828464 18182866
1790931628 17140160 18494907
1790931633 17510640 18865773
1790931638 17828016 19183491
1790931643 18183312 19539191
1790931648 18612176 19968521
1790931654 18967280 20323962
1790931659 19270432 20627436
1790931664 19544224 20901477
1790931669 19988400 21346135
1790931674 20314672 21672725
1790931679 20691344 22049807
1790931684 20987600 22346373
1790931689 20987600 22346373
1790931694 20987600 22346373
