1790865118 0 0
1790865123 0 0
1790865128 0 0
1790865133 0 0
1790865138 0 0
1790865143 13632 21490
1790865148 55920 64572
1790865153 98912 107613
1790865158 141920 150678
1790865163 213568 222420
1790865168 263664 272587
1790865173 306688 315669
1790865179 328160 337166
1790865184 385424 476950
1790865189 420864 616393
1790865194 499520 816305
1790865199 571184 993685
1790865204 677440 1246032
1790865209 811488 1456469
1790865214 990752 1719022
1790865219 1189888 1957669
1790865224 1417984 2255752
1790865229 1630176 2495646
1790865234 1899248 2824173
1790865239 2055136 3020731
1790865244 2240432 3216823
1790865249 2556480 3533223
1790865254 3020880 3998106
1790865260 3615552 4593411
1790865265 4186224 5164761
1790865270 4697968 5707554
1790865275 5245232 6348583
1790865280 5718656 6870799
1790865285 6351216 7564934
1790865290 6935664 8181188
1790865296 7401008 8666684
1790865301 8024736 9322252
1790865306 8628816 9949971
1790865311 9075232 10417043
1790865316 9592816 10938700
1790865321 10117248 11463694
1790865326 10723824 12070922
1790865332 11420592 12768507
1790865337 11973184 13321700
1790865342 12574640 13923795
1790865347 13135248 14485027
1790865352 13667872 15018160
1790865357 14252848 15603737
1790865362 14781136 16132603
1790865367 15237888 16589859
1790865372 15819712 17172303
1790865378 16468832 17822095
1790865383 17108832 18462739
1790865388 17574080 18928449
1790865393 18123632 19478623
1790865398 18795008 20150815
1790865403 19337760 20694178
1790865408 20004080 21361216
1790865413 20689216 22047101
1790865419 21304672 22663229
1790865424 21961984 23321226
1790865429 22419632 23779415
1790865434 22857136 24217435
1790865439 23792400 25153664
1790865444 24531984 25894112
1790865449 25474896 26838014
1790865455 26400560 27764619
1790865460 27333488 28698475
1790865465 28274752 29640769
1790865470 29152928 30519783
1790865476 30103552 31471429
1790865481 30948416 32317257
1790865486 31697280 33066983
1790865491 32536656 33907182
1790865496 33340928 34712234
1790865501 34309376 35681714
1790865507 35019072 36392178
1790865512 35935184 37309177
1790865517 36842240 38217213
1790865522 37729488 39105495
1790865527 38686528 40063559
1790865533 39588032 40965996
1790865538 40425984 41804763
1790865543 41292816 42672556
1790865548 42241376 43622065
1790865553 43060960 44442467
1790865559 43950000 45332453
1790865564 44876928 46260434
1790865569 45755216 47139603
1790865574 46611968 47997238
1790865579 47462304 48848487
1790865585 48260560 49647600
1790865590 49205200 50593149
1790865595 50076720 51465603
1790865600 50962032 52351944
1790865605 51839968 53230820
1790865611 52604320 53995927
1790865616 52947296 54339307
1790865621 53177600 54569921
1790865626 53427248 54819846
1790865631 53670480 55063303
1790865636 53820144 55213134
1790865641 53820144 55213134
1790865646 53820144 55213134
1790865651 53820144 55213134
