load 7.82 9.03 9.11
load 6.70 8.75 9.02
inference-perf-hot-zdvz2      inference-perf   884m   166Mi   
inference-perf-j4rkl          inference-perf   866m   166Mi   
router-epp-6fc4687944-4zbsm   envoy-proxy      4m     14Mi    
router-epp-6fc4687944-4zbsm   epp              105m   22Mi    
load 5.82 8.50 8.93
inference-perf-hot-zdvz2      inference-perf   486m   276Mi   
inference-perf-j4rkl          inference-perf   818m   215Mi   
router-epp-6fc4687944-4zbsm   envoy-proxy      4m     14Mi    
router-epp-6fc4687944-4zbsm   epp              153m   28Mi    
load 5.15 8.27 8.85
inference-perf-hot-zdvz2      inference-perf   486m   276Mi   
inference-perf-j4rkl          inference-perf   818m   215Mi   
router-epp-6fc4687944-4zbsm   envoy-proxy      4m     14Mi    
router-epp-6fc4687944-4zbsm   epp              153m   28Mi    
load 4.75 8.08 8.79
inference-perf-hot-zdvz2      inference-perf   194m   367Mi   
inference-perf-j4rkl          inference-perf   993m   273Mi   
router-epp-6fc4687944-4zbsm   envoy-proxy      117m   19Mi    
router-epp-6fc4687944-4zbsm   epp              247m   31Mi    
load 4.17 7.84 8.70
inference-perf-hot-zdvz2      inference-perf   283m   393Mi   
inference-perf-j4rkl          inference-perf   999m   343Mi   
router-epp-6fc4687944-4zbsm   envoy-proxy      194m   21Mi    
router-epp-6fc4687944-4zbsm   epp              311m   38Mi    
load 3.61 7.60 8.61
inference-perf-hot-zdvz2      inference-perf   283m   393Mi   
inference-perf-j4rkl          inference-perf   999m   343Mi   
router-epp-6fc4687944-4zbsm   envoy-proxy      194m   21Mi    
router-epp-6fc4687944-4zbsm   epp              311m   38Mi    
load 4.22 7.60 8.60
inference-perf-hot-zdvz2      inference-perf   320m   423Mi   
inference-perf-j4rkl          inference-perf   854m   585Mi   
router-epp-6fc4687944-4zbsm   envoy-proxy      461m   22Mi    
router-epp-6fc4687944-4zbsm   epp              311m   38Mi    
load 4.10 7.46 8.55
inference-perf-hot-zdvz2      inference-perf   329m    437Mi   
inference-perf-j4rkl          inference-perf   1015m   642Mi   
router-epp-6fc4687944-4zbsm   envoy-proxy      704m    24Mi    
router-epp-6fc4687944-4zbsm   epp              978m    52Mi    
load 3.91 7.31 8.49
inference-perf-hot-zdvz2      inference-perf   329m    437Mi   
inference-perf-j4rkl          inference-perf   1015m   642Mi   
router-epp-6fc4687944-4zbsm   envoy-proxy      704m    24Mi    
router-epp-6fc4687944-4zbsm   epp              978m    52Mi    
load 4.96 7.42 8.51
inference-perf-hot-zdvz2      inference-perf   955m    489Mi   
inference-perf-j4rkl          inference-perf   935m    673Mi   
router-epp-6fc4687944-4zbsm   envoy-proxy      810m    26Mi    
router-epp-6fc4687944-4zbsm   epp              1055m   59Mi    
load 4.72 7.29 8.45
inference-perf-hot-zdvz2      inference-perf   955m    489Mi   
inference-perf-j4rkl          inference-perf   960m    706Mi   
router-epp-6fc4687944-4zbsm   envoy-proxy      995m    25Mi    
router-epp-6fc4687944-4zbsm   epp              1166m   68Mi    
load 7.32 7.75 8.59
inference-perf-hot-zdvz2      inference-perf   955m    489Mi   
inference-perf-j4rkl          inference-perf   960m    706Mi   
router-epp-6fc4687944-4zbsm   envoy-proxy      995m    25Mi    
router-epp-6fc4687944-4zbsm   epp              1166m   68Mi    
load 10.79 8.48 8.82
inference-perf-hot-zdvz2      inference-perf   955m    532Mi   
inference-perf-j4rkl          inference-perf   960m    706Mi   
router-epp-6fc4687944-4zbsm   envoy-proxy      978m    26Mi    
router-epp-6fc4687944-4zbsm   epp              1329m   97Mi    
load 12.22 8.86 8.94
inference-perf-hot-zdvz2      inference-perf   1111m   583Mi   
inference-perf-j4rkl          inference-perf   2340m   831Mi   
router-epp-6fc4687944-4zbsm   envoy-proxy      1835m   29Mi    
router-epp-6fc4687944-4zbsm   epp              1329m   97Mi    
load 13.75 9.31 9.08
inference-perf-hot-zdvz2      inference-perf   1111m   583Mi   
inference-perf-j4rkl          inference-perf   2340m   831Mi   
router-epp-6fc4687944-4zbsm   envoy-proxy      1835m   29Mi    
router-epp-6fc4687944-4zbsm   epp              1329m   97Mi    
load 15.15 9.76 9.23
inference-perf-hot-zdvz2      inference-perf   1101m   624Mi    
inference-perf-j4rkl          inference-perf   3056m   1017Mi   
router-epp-6fc4687944-4zbsm   envoy-proxy      1796m   30Mi     
router-epp-6fc4687944-4zbsm   epp              1703m   94Mi     
load 16.39 10.21 9.39
inference-perf-hot-zdvz2      inference-perf   1196m   676Mi    
inference-perf-j4rkl          inference-perf   2720m   1113Mi   
router-epp-6fc4687944-4zbsm   envoy-proxy      1791m   30Mi     
router-epp-6fc4687944-4zbsm   epp              1706m   98Mi     
load 16.88 10.51 9.50
inference-perf-hot-zdvz2      inference-perf   1196m   676Mi    
inference-perf-j4rkl          inference-perf   2720m   1113Mi   
router-epp-6fc4687944-4zbsm   envoy-proxy      1791m   30Mi     
router-epp-6fc4687944-4zbsm   epp              1706m   98Mi     
load 17.23 10.79 9.60
inference-perf-hot-zdvz2      inference-perf   1053m   700Mi    
inference-perf-j4rkl          inference-perf   2720m   1113Mi   
router-epp-6fc4687944-4zbsm   envoy-proxy      1743m   31Mi     
router-epp-6fc4687944-4zbsm   epp              1715m   99Mi     
load 16.79 10.92 9.65
inference-perf-hot-zdvz2      inference-perf   743m    721Mi    
inference-perf-j4rkl          inference-perf   3219m   1239Mi   
router-epp-6fc4687944-4zbsm   envoy-proxy      1757m   31Mi     
router-epp-6fc4687944-4zbsm   epp              1715m   99Mi     
load 16.74 11.10 9.73
inference-perf-hot-zdvz2      inference-perf   743m    721Mi    
inference-perf-j4rkl          inference-perf   3219m   1239Mi   
router-epp-6fc4687944-4zbsm   envoy-proxy      1757m   31Mi     
router-epp-6fc4687944-4zbsm   epp              1715m   99Mi     
load 16.91 11.31 9.81
inference-perf-hot-zdvz2      inference-perf   897m    744Mi    
inference-perf-j4rkl          inference-perf   3046m   1428Mi   
router-epp-6fc4687944-4zbsm   envoy-proxy      1749m   31Mi     
router-epp-6fc4687944-4zbsm   epp              1701m   103Mi    
load 17.55 11.63 9.93
inference-perf-hot-zdvz2      inference-perf   848m    774Mi    
inference-perf-j4rkl          inference-perf   3150m   1508Mi   
router-epp-6fc4687944-4zbsm   envoy-proxy      1774m   31Mi     
router-epp-6fc4687944-4zbsm   epp              1713m   111Mi    
load 18.46 12.02 10.08
inference-perf-hot-zdvz2      inference-perf   848m    774Mi    
inference-perf-j4rkl          inference-perf   3150m   1508Mi   
router-epp-6fc4687944-4zbsm   envoy-proxy      1774m   31Mi     
router-epp-6fc4687944-4zbsm   epp              1713m   111Mi    
load 18.15 12.17 10.15
inference-perf-hot-zdvz2      inference-perf   1105m   804Mi    
inference-perf-j4rkl          inference-perf   3043m   1638Mi   
router-epp-6fc4687944-4zbsm   envoy-proxy      1770m   32Mi     
router-epp-6fc4687944-4zbsm   epp              1704m   106Mi    
load 17.26 12.17 10.17
inference-perf-hot-zdvz2      inference-perf   951m    842Mi    
inference-perf-j4rkl          inference-perf   3043m   1638Mi   
router-epp-6fc4687944-4zbsm   envoy-proxy      1770m   32Mi     
router-epp-6fc4687944-4zbsm   epp              1711m   96Mi     
load 18.04 12.52 10.30
inference-perf-hot-zdvz2      inference-perf   951m    842Mi    
inference-perf-j4rkl          inference-perf   3043m   1638Mi   
router-epp-6fc4687944-4zbsm   envoy-proxy      1770m   32Mi     
router-epp-6fc4687944-4zbsm   epp              1711m   96Mi     
load 18.38 12.77 10.41
inference-perf-hot-zdvz2      inference-perf   845m    890Mi    
inference-perf-j4rkl          inference-perf   2926m   1838Mi   
router-epp-6fc4687944-4zbsm   envoy-proxy      1683m   32Mi     
router-epp-6fc4687944-4zbsm   epp              1736m   128Mi    
load 19.59 13.22 10.58
inference-perf-hot-zdvz2      inference-perf   1586m   944Mi    
inference-perf-j4rkl          inference-perf   3116m   1948Mi   
router-epp-6fc4687944-4zbsm   envoy-proxy      1849m   35Mi     
router-epp-6fc4687944-4zbsm   epp              1721m   151Mi    
load 19.02 13.31 10.64
inference-perf-hot-zdvz2      inference-perf   1586m   944Mi    
inference-perf-j4rkl          inference-perf   3116m   1948Mi   
router-epp-6fc4687944-4zbsm   envoy-proxy      1849m   35Mi     
router-epp-6fc4687944-4zbsm   epp              1721m   151Mi    
load 17.86 13.24 10.64
inference-perf-hot-zdvz2      inference-perf   1589m   1012Mi   
inference-perf-j4rkl          inference-perf   1244m   1985Mi   
router-epp-6fc4687944-4zbsm   envoy-proxy      1459m   35Mi     
router-epp-6fc4687944-4zbsm   epp              1721m   151Mi    
load 20.07 13.87 10.88
inference-perf-hot-zdvz2      inference-perf   1812m   1053Mi   
inference-perf-j4rkl          inference-perf   2496m   2086Mi   
router-epp-6fc4687944-4zbsm   envoy-proxy      1496m   36Mi     
router-epp-6fc4687944-4zbsm   epp              1452m   148Mi    
load 22.76 14.66 11.17
inference-perf-hot-zdvz2      inference-perf   1812m   1053Mi   
inference-perf-j4rkl          inference-perf   2496m   2086Mi   
router-epp-6fc4687944-4zbsm   envoy-proxy      1496m   36Mi     
router-epp-6fc4687944-4zbsm   epp              1452m   148Mi    
load 25.03 15.42 11.45
inference-perf-hot-zdvz2      inference-perf   1290m   1134Mi   
inference-perf-j4rkl          inference-perf   2496m   2086Mi   
router-epp-6fc4687944-4zbsm   envoy-proxy      1496m   36Mi     
router-epp-6fc4687944-4zbsm   epp              1452m   148Mi    
load 26.81 16.11 11.72
inference-perf-hot-zdvz2      inference-perf   1290m   1134Mi   
inference-perf-j4rkl          inference-perf   3505m   2275Mi   
router-epp-6fc4687944-4zbsm   envoy-proxy      1714m   41Mi     
router-epp-6fc4687944-4zbsm   epp              1659m   174Mi    
load 28.07 16.73 11.97
inference-perf-hot-zdvz2      inference-perf   1290m   1134Mi   
inference-perf-j4rkl          inference-perf   3505m   2275Mi   
router-epp-6fc4687944-4zbsm   envoy-proxy      1714m   41Mi     
router-epp-6fc4687944-4zbsm   epp              1659m   174Mi    
load 30.99 17.95 12.45
inference-perf-hot-zdvz2      inference-perf   1090m   1191Mi   
inference-perf-j4rkl          inference-perf   3742m   2545Mi   
router-epp-6fc4687944-4zbsm   envoy-proxy      1847m   43Mi     
router-epp-6fc4687944-4zbsm   epp              1670m   223Mi    
load 29.39 18.05 12.54
inference-perf-hot-zdvz2      inference-perf   1116m   1235Mi   
inference-perf-j4rkl          inference-perf   3883m   2772Mi   
router-epp-6fc4687944-4zbsm   envoy-proxy      1819m   45Mi     
router-epp-6fc4687944-4zbsm   epp              1745m   267Mi    
load 29.41 18.41 12.71
inference-perf-hot-zdvz2      inference-perf   1116m   1235Mi   
inference-perf-j4rkl          inference-perf   3883m   2772Mi   
router-epp-6fc4687944-4zbsm   envoy-proxy      1819m   45Mi     
router-epp-6fc4687944-4zbsm   epp              1745m   267Mi    
load 31.27 19.17 13.02
inference-perf-hot-zdvz2      inference-perf   1276m   1299Mi   
inference-perf-j4rkl          inference-perf   3610m   2904Mi   
router-epp-6fc4687944-4zbsm   envoy-proxy      1833m   47Mi     
router-epp-6fc4687944-4zbsm   epp              1736m   309Mi    
load 32.03 19.74 13.28
inference-perf-hot-zdvz2      inference-perf   1159m   1357Mi   
inference-perf-j4rkl          inference-perf   3731m   3104Mi   
router-epp-6fc4687944-4zbsm   envoy-proxy      1873m   51Mi     
router-epp-6fc4687944-4zbsm   epp              1744m   328Mi    
load 33.67 20.49 13.59
inference-perf-hot-zdvz2      inference-perf   1159m   1357Mi   
inference-perf-j4rkl          inference-perf   3731m   3104Mi   
router-epp-6fc4687944-4zbsm   envoy-proxy      1873m   51Mi     
router-epp-6fc4687944-4zbsm   epp              1744m   328Mi    
load 33.06 20.79 13.76
inference-perf-hot-zdvz2      inference-perf   1206m   1407Mi   
inference-perf-j4rkl          inference-perf   3759m   3245Mi   
router-epp-6fc4687944-4zbsm   envoy-proxy      1825m   53Mi     
router-epp-6fc4687944-4zbsm   epp              1739m   359Mi    
load 34.57 21.52 14.07
inference-perf-hot-zdvz2      inference-perf   1206m   1407Mi   
inference-perf-j4rkl          inference-perf   3846m   3466Mi   
router-epp-6fc4687944-4zbsm   envoy-proxy      1870m   56Mi     
router-epp-6fc4687944-4zbsm   epp              1739m   359Mi    
load 34.12 21.85 14.26
inference-perf-hot-zdvz2      inference-perf   1206m   1407Mi   
inference-perf-j4rkl          inference-perf   3846m   3466Mi   
router-epp-6fc4687944-4zbsm   envoy-proxy      1870m   56Mi     
router-epp-6fc4687944-4zbsm   epp              1739m   359Mi    
load 33.25 22.07 14.41
inference-perf-hot-zdvz2      inference-perf   1161m   1469Mi   
inference-perf-j4rkl          inference-perf   3730m   3687Mi   
router-epp-6fc4687944-4zbsm   envoy-proxy      1775m   59Mi     
router-epp-6fc4687944-4zbsm   epp              1703m   389Mi    
load 33.79 22.55 14.65
inference-perf-hot-zdvz2      inference-perf   1031m   1499Mi   
inference-perf-j4rkl          inference-perf   3571m   3862Mi   
router-epp-6fc4687944-4zbsm   envoy-proxy      1797m   59Mi     
router-epp-6fc4687944-4zbsm   epp              1673m   329Mi    
load 33.65 22.89 14.85
inference-perf-hot-zdvz2      inference-perf   1031m   1499Mi   
inference-perf-j4rkl          inference-perf   3571m   3862Mi   
router-epp-6fc4687944-4zbsm   envoy-proxy      1797m   59Mi     
router-epp-6fc4687944-4zbsm   epp              1673m   329Mi    
load 31.69 22.84 14.92
inference-perf-hot-zdvz2      inference-perf   1022m   1534Mi   
inference-perf-j4rkl          inference-perf   3764m   4033Mi   
router-epp-6fc4687944-4zbsm   envoy-proxy      1856m   58Mi     
router-epp-6fc4687944-4zbsm   epp              1673m   329Mi    
load 28.61 22.48 14.89
inference-perf-hot-zdvz2      inference-perf   1223m   1567Mi   
inference-perf-j4rkl          inference-perf   1945m   4090Mi   
router-epp-6fc4687944-4zbsm   envoy-proxy      1761m   58Mi     
router-epp-6fc4687944-4zbsm   epp              1743m   279Mi    
load 24.29 21.76 14.73
inference-perf-j4rkl          inference-perf   1945m   4090Mi   
router-epp-6fc4687944-4zbsm   envoy-proxy      1761m   58Mi     
router-epp-6fc4687944-4zbsm   epp              1743m   279Mi    
