1790936265 0 0
1790936270 0 0
1790936275 0 0
1790936280 0 0
1790936285 0 0
1790936290 0 0
1790936295 0 0
1790936300 0 0
1790936305 0 0
1790936310 0 0
1790936316 0 0
1790936321 0 0
1790936326 0 0
1790936331 0 0
1790936336 0 0
1790936341 0 23091
1790936346 0 38228
1790936351 7072 97652
1790936356 60064 165540
1790936361 154576 417226
1790936366 238448 740102
1790936371 433472 1176202
1790936376 697568 1648954
1790936381 1015712 2079317
1790936387 1319056 2450776
1790936392 1656048 2821170
1790936397 2058688 3259758
1790936402 2375504 3610019
1790936407 2744672 3998862
1790936412 3032048 4301383
1790936417 3349552 4635770
1790936422 3753728 5061161
1790936427 4139328 5468293
1790936432 4477584 5817649
1790936437 4890144 6230646
1790936442 5242448 6583339
1790936448 5624480 6965696
1790936453 6050448 7392013
1790936458 6441728 7783732
1790936463 6760976 8103344
1790936468 7160896 8503669
1790936473 7599088 8942289
1790936478 7926192 9269675
1790936483 8277952 9621766
1790936488 8654864 9999068
1790936493 8929232 10273753
1790936498 9272656 10617482
1790936503 9686736 11031992
1790936508 10065312 11410952
1790936513 10390496 11736489
1790936518 10646912 11993177
1790936524 11063008 12409675
1790936529 11466096 12813087
1790936534 11798768 13146091
1790936539 12163088 13510797
1790936544 12645088 13993328
1790936549 13082672 14431335
1790936554 13425568 14774530
1790936559 13769968 15119274
1790936564 14191552 15541257
1790936569 14591360 15941518
1790936574 14949792 16300272
1790936579 15333392 16684255
1790936584 15690032 17041287
1790936589 16050064 17401699
1790936595 16411040 17763063
1790936600 16777744 18130066
1790936605 17188576 18541249
1790936610 17506032 18859065
1790936615 17988480 19342060
1790936620 18298992 19652866
1790936625 18715408 20069687
1790936630 19101872 20456486
1790936635 19549584 20904632
1790936640 19904128 21259584
1790936645 20172064 21527778
1790936650 20523376 21879416
1790936655 20988272 22344767
1790936660 21010752 22367273
1790936666 21010752 22367273
