load 3.80 5.16 8.83
load 3.37 5.03 8.75
load 3.08 4.91 8.67
inference-perf-jb4wv          inference-perf   826m   158Mi   
router-epp-6fc4687944-7h77l   envoy-proxy      4m     13Mi    
router-epp-6fc4687944-7h77l   epp              80m    21Mi    
load 2.84 4.80 8.59
inference-perf-jb4wv          inference-perf   976m   271Mi   
router-epp-6fc4687944-7h77l   envoy-proxy      3m     13Mi    
router-epp-6fc4687944-7h77l   epp              57m    22Mi    
load 2.56 4.67 8.51
inference-perf-jb4wv          inference-perf   976m   271Mi   
router-epp-6fc4687944-7h77l   envoy-proxy      3m     13Mi    
router-epp-6fc4687944-7h77l   epp              57m    22Mi    
load 3.04 4.70 8.48
inference-perf-jb4wv          inference-perf   998m   319Mi   
router-epp-6fc4687944-7h77l   envoy-proxy      3m     14Mi    
router-epp-6fc4687944-7h77l   epp              47m    22Mi    
load 3.94 4.84 8.48
inference-perf-jb4wv          inference-perf   1015m   576Mi   
router-epp-6fc4687944-7h77l   envoy-proxy      362m    20Mi    
router-epp-6fc4687944-7h77l   epp              435m    40Mi    
load 4.92 5.02 8.48
inference-perf-jb4wv          inference-perf   1015m   576Mi   
router-epp-6fc4687944-7h77l   envoy-proxy      362m    20Mi    
router-epp-6fc4687944-7h77l   epp              435m    40Mi    
load 4.48 4.92 8.41
inference-perf-jb4wv          inference-perf   1069m   631Mi   
router-epp-6fc4687944-7h77l   envoy-proxy      633m    24Mi    
router-epp-6fc4687944-7h77l   epp              972m    59Mi    
load 4.55 4.92 8.37
inference-perf-jb4wv          inference-perf   1411m   696Mi   
router-epp-6fc4687944-7h77l   envoy-proxy      740m    25Mi    
router-epp-6fc4687944-7h77l   epp              1081m   62Mi    
load 10.88 6.26 8.77
inference-perf-jb4wv          inference-perf   1411m   696Mi   
router-epp-6fc4687944-7h77l   envoy-proxy      740m    25Mi    
router-epp-6fc4687944-7h77l   epp              1081m   62Mi    
load 15.62 7.42 9.12
inference-perf-jb4wv          inference-perf   1571m   801Mi   
router-epp-6fc4687944-7h77l   envoy-proxy      484m    24Mi    
router-epp-6fc4687944-7h77l   epp              1080m   124Mi   
load 17.54 8.12 9.33
inference-perf-jb4wv          inference-perf   5034m   1165Mi   
router-epp-6fc4687944-7h77l   envoy-proxy      1500m   36Mi     
router-epp-6fc4687944-7h77l   epp              1721m   177Mi    
load 15.08 7.91 9.25
inference-perf-jb4wv          inference-perf   5034m   1165Mi   
router-epp-6fc4687944-7h77l   envoy-proxy      1500m   36Mi     
router-epp-6fc4687944-7h77l   epp              1721m   177Mi    
load 13.47 7.79 9.20
inference-perf-jb4wv          inference-perf   1471m   1220Mi   
router-epp-6fc4687944-7h77l   envoy-proxy      970m    37Mi     
router-epp-6fc4687944-7h77l   epp              1216m   87Mi     
load 11.55 7.57 9.11
inference-perf-jb4wv          inference-perf   1208m   1252Mi   
router-epp-6fc4687944-7h77l   envoy-proxy      661m    37Mi     
router-epp-6fc4687944-7h77l   epp              933m    83Mi     
load 10.16 7.40 9.04
inference-perf-jb4wv          inference-perf   1208m   1252Mi   
router-epp-6fc4687944-7h77l   envoy-proxy      661m    37Mi     
router-epp-6fc4687944-7h77l   epp              933m    83Mi     
load 10.60 7.57 9.08
inference-perf-jb4wv          inference-perf   1339m   1301Mi   
router-epp-6fc4687944-7h77l   envoy-proxy      740m    38Mi     
router-epp-6fc4687944-7h77l   epp              1067m   89Mi     
load 14.96 8.61 9.40
inference-perf-jb4wv          inference-perf   2248m   1444Mi   
router-epp-6fc4687944-7h77l   envoy-proxy      592m    38Mi     
router-epp-6fc4687944-7h77l   epp              1114m   117Mi    
load 18.47 9.58 9.70
inference-perf-jb4wv          inference-perf   2248m   1444Mi   
router-epp-6fc4687944-7h77l   envoy-proxy      592m    38Mi     
router-epp-6fc4687944-7h77l   epp              1114m   117Mi    
