1790862783 0 0
1790862788 0 0
1790862793 0 0
1790862798 0 0
1790862803 0 0
1790862808 0 0
1790862813 0 0
1790862818 0 0
1790862823 0 0
1790862828 0 0
1790862833 0 0
1790862838 0 111004
1790862843 14512 297740
1790862848 42416 431910
1790862853 127408 602918
1790862858 219424 826464
1790862863 340912 1080185
1790862868 425616 1236553
1790862873 524848 1422278
1790862879 645392 1623004
1790862884 680752 1675097
1790862889 1827792 2823317
1790862894 3092448 4241188
1790862900 4299904 5558777
1790862905 5547920 6873664
1790862910 5554992 6881105
1790862915 5711728 7037981
1790862921 5889472 7215929
1790862926 6098592 7425262
1790862931 6261104 7587937
1790862936 6454240 7781285
1790862941 6634048 7961290
1790862946 6872144 8199658
1790862951 7109712 8437484
1790862956 7228320 8556202
1790862961 7525936 8854104
1790862966 8835296 10164902
1790862971 10262176 11593035
1790862977 11686496 13018789
1790862982 12429248 13762210
1790862987 12429248 13762210
