load 3.79 3.91 5.02
load 3.58 3.86 5.00
inference-perf-d989r          inference-perf   442m   71Mi     
router-epp-6d6f94cf5b-8d6hh   envoy-proxy      4m     13Mi     
router-epp-6d6f94cf5b-8d6hh   epp              89m    49Mi     
router-epp-6d6f94cf5b-fl9bp   envoy-proxy      11m    17Mi     
router-epp-6d6f94cf5b-fl9bp   epp              127m   52Mi     
load 3.33 3.80 4.96
inference-perf-d989r          inference-perf   442m   71Mi     
router-epp-6d6f94cf5b-8d6hh   envoy-proxy      4m     13Mi     
router-epp-6d6f94cf5b-8d6hh   epp              89m    49Mi     
router-epp-6d6f94cf5b-fl9bp   envoy-proxy      11m    17Mi     
router-epp-6d6f94cf5b-fl9bp   epp              127m   52Mi     
load 2.97 3.71 4.92
inference-perf-d989r          inference-perf   543m   234Mi    
router-epp-6d6f94cf5b-8d6hh   envoy-proxy      4m     13Mi     
router-epp-6d6f94cf5b-8d6hh   epp              89m    49Mi     
router-epp-6d6f94cf5b-fl9bp   envoy-proxy      4m     17Mi     
router-epp-6d6f94cf5b-fl9bp   epp              88m    52Mi     
load 2.83 3.65 4.89
inference-perf-d989r          inference-perf   998m   276Mi    
router-epp-6d6f94cf5b-8d6hh   envoy-proxy      3m     14Mi     
router-epp-6d6f94cf5b-8d6hh   epp              73m    50Mi     
router-epp-6d6f94cf5b-fl9bp   envoy-proxy      3m     17Mi     
router-epp-6d6f94cf5b-fl9bp   epp              67m    52Mi     
load 2.55 3.56 4.85
inference-perf-d989r          inference-perf   998m   276Mi    
router-epp-6d6f94cf5b-8d6hh   envoy-proxy      3m     14Mi     
router-epp-6d6f94cf5b-8d6hh   epp              73m    50Mi     
router-epp-6d6f94cf5b-fl9bp   envoy-proxy      3m     17Mi     
router-epp-6d6f94cf5b-fl9bp   epp              67m    52Mi     
load 2.31 3.48 4.80
inference-perf-d989r          inference-perf   998m   356Mi    
router-epp-6d6f94cf5b-8d6hh   envoy-proxy      3m     14Mi     
router-epp-6d6f94cf5b-8d6hh   epp              50m    49Mi     
router-epp-6d6f94cf5b-fl9bp   envoy-proxy      3m     17Mi     
router-epp-6d6f94cf5b-fl9bp   epp              49m    52Mi     
load 2.35 3.45 4.78
inference-perf-d989r          inference-perf   998m   356Mi    
router-epp-6d6f94cf5b-8d6hh   envoy-proxy      3m     14Mi     
router-epp-6d6f94cf5b-8d6hh   epp              147m   58Mi     
router-epp-6d6f94cf5b-fl9bp   envoy-proxy      3m     17Mi     
router-epp-6d6f94cf5b-fl9bp   epp              49m    52Mi     
load 2.30 3.40 4.75
inference-perf-d989r          inference-perf   998m   356Mi    
router-epp-6d6f94cf5b-8d6hh   envoy-proxy      3m     14Mi     
router-epp-6d6f94cf5b-8d6hh   epp              147m   58Mi     
router-epp-6d6f94cf5b-fl9bp   envoy-proxy      3m     17Mi     
router-epp-6d6f94cf5b-fl9bp   epp              49m    52Mi     
load 1.94 3.29 4.70
inference-perf-d989r          inference-perf   1069m   625Mi    
router-epp-6d6f94cf5b-8d6hh   envoy-proxy      260m    19Mi     
router-epp-6d6f94cf5b-8d6hh   epp              709m    70Mi     
router-epp-6d6f94cf5b-fl9bp   envoy-proxy      303m    21Mi     
router-epp-6d6f94cf5b-fl9bp   epp              409m    72Mi     
load 2.95 3.46 4.74
inference-perf-d989r          inference-perf   1131m   684Mi    
router-epp-6d6f94cf5b-8d6hh   envoy-proxy      317m    21Mi     
router-epp-6d6f94cf5b-8d6hh   epp              686m    76Mi     
router-epp-6d6f94cf5b-fl9bp   envoy-proxy      279m    23Mi     
router-epp-6d6f94cf5b-fl9bp   epp              631m    72Mi     
load 3.73 3.61 4.77
inference-perf-d989r          inference-perf   1131m   684Mi    
router-epp-6d6f94cf5b-8d6hh   envoy-proxy      317m    21Mi     
router-epp-6d6f94cf5b-8d6hh   epp              686m    76Mi     
router-epp-6d6f94cf5b-fl9bp   envoy-proxy      279m    23Mi     
router-epp-6d6f94cf5b-fl9bp   epp              631m    72Mi     
load 3.79 3.62 4.77
inference-perf-d989r          inference-perf   1219m   737Mi    
router-epp-6d6f94cf5b-8d6hh   envoy-proxy      354m    21Mi     
router-epp-6d6f94cf5b-8d6hh   epp              734m    81Mi     
router-epp-6d6f94cf5b-fl9bp   envoy-proxy      379m    23Mi     
router-epp-6d6f94cf5b-fl9bp   epp              679m    86Mi     
load 4.65 3.80 4.81
inference-perf-d989r          inference-perf   1428m   788Mi    
router-epp-6d6f94cf5b-8d6hh   envoy-proxy      421m    22Mi     
router-epp-6d6f94cf5b-8d6hh   epp              829m    94Mi     
router-epp-6d6f94cf5b-fl9bp   envoy-proxy      257m    24Mi     
router-epp-6d6f94cf5b-fl9bp   epp              804m    100Mi    
load 8.20 4.58 5.06
inference-perf-d989r          inference-perf   1428m   788Mi    
router-epp-6d6f94cf5b-8d6hh   envoy-proxy      421m    22Mi     
router-epp-6d6f94cf5b-8d6hh   epp              829m    94Mi     
router-epp-6d6f94cf5b-fl9bp   envoy-proxy      257m    24Mi     
router-epp-6d6f94cf5b-fl9bp   epp              804m    100Mi    
load 12.32 5.59 5.38
inference-perf-d989r          inference-perf   2834m   941Mi    
router-epp-6d6f94cf5b-8d6hh   envoy-proxy      700m    26Mi     
router-epp-6d6f94cf5b-8d6hh   epp              1210m   112Mi    
router-epp-6d6f94cf5b-fl9bp   envoy-proxy      755m    26Mi     
router-epp-6d6f94cf5b-fl9bp   epp              985m    104Mi    
load 17.10 6.83 5.79
inference-perf-d989r          inference-perf   3549m   1056Mi   
router-epp-6d6f94cf5b-8d6hh   envoy-proxy      1007m   27Mi     
router-epp-6d6f94cf5b-8d6hh   epp              1150m   107Mi    
router-epp-6d6f94cf5b-fl9bp   envoy-proxy      796m    27Mi     
router-epp-6d6f94cf5b-fl9bp   epp              1011m   108Mi    
load 20.78 7.95 6.16
inference-perf-d989r          inference-perf   3549m   1056Mi   
router-epp-6d6f94cf5b-8d6hh   envoy-proxy      1007m   27Mi     
router-epp-6d6f94cf5b-8d6hh   epp              1150m   107Mi    
router-epp-6d6f94cf5b-fl9bp   envoy-proxy      796m    27Mi     
router-epp-6d6f94cf5b-fl9bp   epp              1011m   108Mi    
load 23.64 9.00 6.52
inference-perf-d989r          inference-perf   3604m   1145Mi   
router-epp-6d6f94cf5b-8d6hh   envoy-proxy      1037m   27Mi     
router-epp-6d6f94cf5b-8d6hh   epp              1152m   114Mi    
router-epp-6d6f94cf5b-fl9bp   envoy-proxy      854m    28Mi     
router-epp-6d6f94cf5b-fl9bp   epp              1071m   126Mi    
load 26.96 10.20 6.94
inference-perf-d989r          inference-perf   3878m   1329Mi   
router-epp-6d6f94cf5b-8d6hh   envoy-proxy      1037m   28Mi     
router-epp-6d6f94cf5b-8d6hh   epp              1197m   127Mi    
router-epp-6d6f94cf5b-fl9bp   envoy-proxy      909m    30Mi     
router-epp-6d6f94cf5b-fl9bp   epp              1084m   122Mi    
load 27.77 10.92 7.21
inference-perf-d989r          inference-perf   3878m   1329Mi   
router-epp-6d6f94cf5b-8d6hh   envoy-proxy      1037m   28Mi     
router-epp-6d6f94cf5b-8d6hh   epp              1197m   127Mi    
router-epp-6d6f94cf5b-fl9bp   envoy-proxy      909m    30Mi     
router-epp-6d6f94cf5b-fl9bp   epp              1084m   122Mi    
load 26.46 11.21 7.35
inference-perf-d989r          inference-perf   3859m   1438Mi   
router-epp-6d6f94cf5b-8d6hh   envoy-proxy      1066m   28Mi     
router-epp-6d6f94cf5b-8d6hh   epp              1179m   121Mi    
router-epp-6d6f94cf5b-fl9bp   envoy-proxy      893m    30Mi     
router-epp-6d6f94cf5b-fl9bp   epp              1090m   125Mi    
load 28.04 12.05 7.66
inference-perf-d989r          inference-perf   3384m   1587Mi   
router-epp-6d6f94cf5b-8d6hh   envoy-proxy      999m    29Mi     
router-epp-6d6f94cf5b-8d6hh   epp              1132m   112Mi    
router-epp-6d6f94cf5b-fl9bp   envoy-proxy      806m    31Mi     
router-epp-6d6f94cf5b-fl9bp   epp              976m    109Mi    
load 27.54 12.46 7.84
inference-perf-d989r          inference-perf   3384m   1587Mi   
router-epp-6d6f94cf5b-8d6hh   envoy-proxy      999m    29Mi     
router-epp-6d6f94cf5b-8d6hh   epp              1132m   112Mi    
router-epp-6d6f94cf5b-fl9bp   envoy-proxy      806m    31Mi     
router-epp-6d6f94cf5b-fl9bp   epp              976m    109Mi    
load 28.84 13.24 8.14
inference-perf-d989r          inference-perf   3661m   1746Mi   
router-epp-6d6f94cf5b-8d6hh   envoy-proxy      960m    28Mi     
router-epp-6d6f94cf5b-8d6hh   epp              1127m   117Mi    
router-epp-6d6f94cf5b-fl9bp   envoy-proxy      925m    31Mi     
router-epp-6d6f94cf5b-fl9bp   epp              1079m   115Mi    
load 28.47 13.67 8.34
inference-perf-d989r          inference-perf   3778m   1916Mi   
router-epp-6d6f94cf5b-8d6hh   envoy-proxy      960m    28Mi     
router-epp-6d6f94cf5b-8d6hh   epp              1189m   120Mi    
router-epp-6d6f94cf5b-fl9bp   envoy-proxy      925m    31Mi     
router-epp-6d6f94cf5b-fl9bp   epp              1106m   117Mi    
load 29.54 14.38 8.63
inference-perf-d989r          inference-perf   3778m   1916Mi   
router-epp-6d6f94cf5b-8d6hh   envoy-proxy      960m    28Mi     
router-epp-6d6f94cf5b-8d6hh   epp              1189m   120Mi    
router-epp-6d6f94cf5b-fl9bp   envoy-proxy      925m    31Mi     
router-epp-6d6f94cf5b-fl9bp   epp              1106m   117Mi    
load 29.36 14.84 8.84
inference-perf-d989r          inference-perf   4032m   2086Mi   
router-epp-6d6f94cf5b-8d6hh   envoy-proxy      1021m   29Mi     
router-epp-6d6f94cf5b-8d6hh   epp              1191m   131Mi    
router-epp-6d6f94cf5b-fl9bp   envoy-proxy      909m    31Mi     
router-epp-6d6f94cf5b-fl9bp   epp              1123m   127Mi    
load 30.34 15.54 9.13
inference-perf-d989r          inference-perf   3924m   2182Mi   
router-epp-6d6f94cf5b-8d6hh   envoy-proxy      1059m   29Mi     
router-epp-6d6f94cf5b-8d6hh   epp              1222m   124Mi    
router-epp-6d6f94cf5b-fl9bp   envoy-proxy      946m    31Mi     
router-epp-6d6f94cf5b-fl9bp   epp              1095m   116Mi    
load 30.32 16.02 9.35
inference-perf-d989r          inference-perf   3924m   2182Mi   
router-epp-6d6f94cf5b-8d6hh   envoy-proxy      1059m   29Mi     
router-epp-6d6f94cf5b-8d6hh   epp              1222m   124Mi    
router-epp-6d6f94cf5b-fl9bp   envoy-proxy      946m    31Mi     
router-epp-6d6f94cf5b-fl9bp   epp              1095m   116Mi    
load 30.05 16.43 9.56
inference-perf-d989r          inference-perf   3776m   2280Mi   
router-epp-6d6f94cf5b-8d6hh   envoy-proxy      1059m   29Mi     
router-epp-6d6f94cf5b-8d6hh   epp              1196m   127Mi    
router-epp-6d6f94cf5b-fl9bp   envoy-proxy      916m    31Mi     
router-epp-6d6f94cf5b-fl9bp   epp              1095m   116Mi    
load 30.78 17.24 9.94
inference-perf-d989r          inference-perf   3955m   2471Mi   
router-epp-6d6f94cf5b-8d6hh   envoy-proxy      965m    29Mi     
router-epp-6d6f94cf5b-8d6hh   epp              1191m   129Mi    
router-epp-6d6f94cf5b-fl9bp   envoy-proxy      955m    31Mi     
router-epp-6d6f94cf5b-fl9bp   epp              1127m   126Mi    
load 34.90 18.57 10.45
inference-perf-d989r          inference-perf   3955m   2471Mi   
router-epp-6d6f94cf5b-8d6hh   envoy-proxy      965m    29Mi     
router-epp-6d6f94cf5b-8d6hh   epp              1191m   129Mi    
router-epp-6d6f94cf5b-fl9bp   envoy-proxy      955m    31Mi     
router-epp-6d6f94cf5b-fl9bp   epp              1127m   126Mi    
load 36.60 19.47 10.83
inference-perf-d989r          inference-perf   2606m   2606Mi   
router-epp-6d6f94cf5b-8d6hh   envoy-proxy      909m    30Mi     
router-epp-6d6f94cf5b-8d6hh   epp              1144m   113Mi    
router-epp-6d6f94cf5b-fl9bp   envoy-proxy      726m    32Mi     
router-epp-6d6f94cf5b-fl9bp   epp              1073m   139Mi    
load 40.74 20.91 11.39
inference-perf-d989r          inference-perf   4124m   2883Mi   
router-epp-6d6f94cf5b-8d6hh   envoy-proxy      997m    31Mi     
router-epp-6d6f94cf5b-8d6hh   epp              1102m   137Mi    
router-epp-6d6f94cf5b-fl9bp   envoy-proxy      868m    33Mi     
router-epp-6d6f94cf5b-fl9bp   epp              1022m   137Mi    
load 45.01 22.47 11.99
inference-perf-d989r          inference-perf   4124m   2883Mi   
router-epp-6d6f94cf5b-8d6hh   envoy-proxy      997m    31Mi     
router-epp-6d6f94cf5b-8d6hh   epp              1102m   137Mi    
router-epp-6d6f94cf5b-fl9bp   envoy-proxy      868m    33Mi     
router-epp-6d6f94cf5b-fl9bp   epp              1022m   137Mi    
load 47.66 23.78 12.54
inference-perf-d989r          inference-perf   4119m   3167Mi   
router-epp-6d6f94cf5b-8d6hh   envoy-proxy      949m    31Mi     
router-epp-6d6f94cf5b-8d6hh   epp              1132m   161Mi    
router-epp-6d6f94cf5b-fl9bp   envoy-proxy      879m    33Mi     
router-epp-6d6f94cf5b-fl9bp   epp              1051m   153Mi    
load 47.76 24.60 12.92
inference-perf-d989r          inference-perf   4415m   3379Mi   
router-epp-6d6f94cf5b-8d6hh   envoy-proxy      965m    32Mi     
router-epp-6d6f94cf5b-8d6hh   epp              1132m   161Mi    
router-epp-6d6f94cf5b-fl9bp   envoy-proxy      934m    34Mi     
router-epp-6d6f94cf5b-fl9bp   epp              1083m   155Mi    
load 48.86 25.60 13.37
inference-perf-d989r          inference-perf   4415m   3379Mi   
router-epp-6d6f94cf5b-8d6hh   envoy-proxy      965m    32Mi     
router-epp-6d6f94cf5b-8d6hh   epp              1132m   161Mi    
router-epp-6d6f94cf5b-fl9bp   envoy-proxy      934m    34Mi     
router-epp-6d6f94cf5b-fl9bp   epp              1083m   155Mi    
load 49.82 26.58 13.82
inference-perf-d989r          inference-perf   4351m   3557Mi   
router-epp-6d6f94cf5b-8d6hh   envoy-proxy      985m    33Mi     
router-epp-6d6f94cf5b-8d6hh   epp              1122m   150Mi    
router-epp-6d6f94cf5b-fl9bp   envoy-proxy      949m    35Mi     
router-epp-6d6f94cf5b-fl9bp   epp              1082m   140Mi    
load 50.44 27.48 14.25
inference-perf-d989r          inference-perf   4370m   3814Mi   
router-epp-6d6f94cf5b-8d6hh   envoy-proxy      989m    32Mi     
router-epp-6d6f94cf5b-8d6hh   epp              1131m   156Mi    
router-epp-6d6f94cf5b-fl9bp   envoy-proxy      962m    36Mi     
router-epp-6d6f94cf5b-fl9bp   epp              1094m   153Mi    
load 50.85 28.32 14.67
inference-perf-d989r          inference-perf   4370m   3814Mi   
router-epp-6d6f94cf5b-8d6hh   envoy-proxy      989m    32Mi     
router-epp-6d6f94cf5b-8d6hh   epp              1131m   156Mi    
router-epp-6d6f94cf5b-fl9bp   envoy-proxy      962m    36Mi     
router-epp-6d6f94cf5b-fl9bp   epp              1094m   153Mi    
load 52.96 29.52 15.20
inference-perf-d989r          inference-perf   4326m   4064Mi   
router-epp-6d6f94cf5b-8d6hh   envoy-proxy      998m    32Mi     
router-epp-6d6f94cf5b-8d6hh   epp              1139m   150Mi    
router-epp-6d6f94cf5b-fl9bp   envoy-proxy      943m    35Mi     
router-epp-6d6f94cf5b-fl9bp   epp              1088m   150Mi    
load 53.48 30.42 15.65
inference-perf-d989r          inference-perf   4326m   4064Mi   
router-epp-6d6f94cf5b-8d6hh   envoy-proxy      994m    33Mi     
router-epp-6d6f94cf5b-8d6hh   epp              1123m   149Mi    
router-epp-6d6f94cf5b-fl9bp   envoy-proxy      931m    35Mi     
router-epp-6d6f94cf5b-fl9bp   epp              1076m   145Mi    
load 56.37 31.79 16.26
inference-perf-d989r          inference-perf   4326m   4064Mi   
router-epp-6d6f94cf5b-8d6hh   envoy-proxy      994m    33Mi     
router-epp-6d6f94cf5b-8d6hh   epp              1123m   149Mi    
router-epp-6d6f94cf5b-fl9bp   envoy-proxy      931m    35Mi     
router-epp-6d6f94cf5b-fl9bp   epp              1076m   145Mi    
load 57.31 32.80 16.75
inference-perf-d989r          inference-perf   4308m   4351Mi   
router-epp-6d6f94cf5b-8d6hh   envoy-proxy      966m    33Mi     
router-epp-6d6f94cf5b-8d6hh   epp              1123m   149Mi    
router-epp-6d6f94cf5b-fl9bp   envoy-proxy      939m    36Mi     
router-epp-6d6f94cf5b-fl9bp   epp              1092m   145Mi    
load 59.85 34.16 17.37
inference-perf-d989r          inference-perf   4014m   4779Mi   
router-epp-6d6f94cf5b-8d6hh   envoy-proxy      940m    35Mi     
router-epp-6d6f94cf5b-8d6hh   epp              1106m   170Mi    
router-epp-6d6f94cf5b-fl9bp   envoy-proxy      901m    36Mi     
router-epp-6d6f94cf5b-fl9bp   epp              1045m   165Mi    
load 58.63 34.73 17.73
inference-perf-d989r          inference-perf   4014m   4779Mi   
router-epp-6d6f94cf5b-8d6hh   envoy-proxy      940m    35Mi     
router-epp-6d6f94cf5b-8d6hh   epp              1106m   170Mi    
router-epp-6d6f94cf5b-fl9bp   envoy-proxy      901m    36Mi     
router-epp-6d6f94cf5b-fl9bp   epp              1045m   165Mi    
load 57.99 35.38 18.13
inference-perf-d989r          inference-perf   4455m   5024Mi   
router-epp-6d6f94cf5b-8d6hh   envoy-proxy      941m    35Mi     
router-epp-6d6f94cf5b-8d6hh   epp              1074m   193Mi    
router-epp-6d6f94cf5b-fl9bp   envoy-proxy      876m    36Mi     
router-epp-6d6f94cf5b-fl9bp   epp              1036m   150Mi    
load 54.81 35.48 18.34
inference-perf-d989r          inference-perf   4297m   5244Mi   
router-epp-6d6f94cf5b-8d6hh   envoy-proxy      985m    35Mi     
router-epp-6d6f94cf5b-8d6hh   epp              1134m   152Mi    
router-epp-6d6f94cf5b-fl9bp   envoy-proxy      921m    36Mi     
router-epp-6d6f94cf5b-fl9bp   epp              1064m   152Mi    
load 46.69 34.37 18.17
inference-perf-d989r          inference-perf   1984m   5085Mi   
router-epp-6d6f94cf5b-8d6hh   envoy-proxy      938m    35Mi     
router-epp-6d6f94cf5b-8d6hh   epp              777m    104Mi    
router-epp-6d6f94cf5b-fl9bp   envoy-proxy      921m    36Mi     
router-epp-6d6f94cf5b-fl9bp   epp              883m    107Mi    
