1790856178 0 0
1790856183 0 0
1790856188 0 0
1790856193 0 0
1790856198 0 0
1790856203 0 0
1790856208 0 0
1790856213 0 0
1790856219 0 0
1790856224 0 0
1790856229 0 0
1790856234 0 127611
1790856239 21696 349132
1790856244 57376 497336
1790856249 114464 759992
1790856254 177632 938342
1790856259 241040 1078911
1790856264 325280 1294481
1790856269 410192 1451398
1790856274 509392 1675146
1790856279 586928 1838151
1790856284 728304 2061007
1790856289 826912 2209196
1790856294 834192 2239912
1790856300 1280112 2805244
1790856305 1729312 3384275
1790856310 2087264 3832519
1790856315 2555600 4359802
1790856320 2973504 4894946
1790856325 3395968 5442779
1790856330 3890384 6022439
1790856336 4392912 6597157
1790856341 4974400 7217207
1790856346 5561728 7854383
1790856351 6157232 8457030
1790856356 6820736 9126728
1790856361 7453472 9766878
1790856367 7986256 10317334
1790856372 8524624 10871469
1790856377 9063072 11421069
1790856382 9704400 12077836
1790856387 10215248 12601479
1790856392 10670752 13075101
1790856398 11315056 13729490
1790856403 11986624 14406124
1790856408 12513728 14935900
1790856413 13103360 15530139
1790856418 13648848 16080277
1790856423 14191184 16627463
1790856429 14786288 17230085
1790856434 15468160 17918974
1790856439 16099952 18555415
1790856444 16709088 19166703
1790856449 17273920 19732904
1790856454 17769040 20230113
1790856460 18318048 20780796
1790856465 18881792 21346393
1790856470 19391024 21858379
1790856475 19837264 22308754
1790856480 20001440 22473109
1790856485 20966224 23438854
1790856490 22020224 24495881
1790856496 23002208 25481259
1790856501 23878064 26360842
1790856506 24877712 27366651
1790856512 26123440 28617134
1790856518 27176832 29672482
1790856523 28325008 30823952
1790856529 29355504 31857459
1790856535 30210544 32715443
1790856540 31020368 33530926
1790856545 32193920 34706779
1790856551 33196544 35710851
1790856556 34181200 36696862
1790856562 35146752 37665594
1790856567 36066800 38587859
1790856572 36986640 39509315
1790856578 37984160 40508282
1790856583 39024672 41550242
1790856589 40149248 42676059
1790856594 41161744 43691086
1790856600 42267904 44798478
1790856605 43240528 45772065
1790856610 44215008 46747553
1790856616 45206464 47740515
1790856621 46121392 48657250
1790856626 47325008 49862171
1790856632 48404304 50942526
1790856637 49362864 51902100
1790856643 50438448 52978815
1790856649 51364688 53906123
1790856654 52275072 54817401
1790856659 53231120 55775158
1790856665 53231120 55775158
1790856670 53231120 55775158
1790856675 53231120 55775158
1790856680 53231120 55775158
