1790863676 0 0
1790863681 0 0
1790863686 0 0
1790863691 0 0
1790863696 7120 14933
1790863701 43408 52396
1790863706 88288 97308
1790863711 133280 142326
1790863716 185712 194789
1790863721 253120 262241
1790863726 290560 299704
1790863731 350368 359549
1790863736 417808 523745
1790863741 454448 679696
1790863746 534928 895550
1790863751 636992 1105230
1790863756 694144 1261527
1790863761 877344 1521692
1790863766 1084384 1798111
1790863772 1311632 2074095
1790863777 1576480 2379929
1790863782 1759984 2632762
1790863787 1979168 2916094
1790863792 2287152 3259015
1790863797 2473216 3446786
1790863802 3129056 4103213
1790863807 3790448 4765177
1790863812 4376912 5352202
1790863817 4908416 5909571
1790863822 5423664 6496835
1790863828 5908208 7058742
1790863833 6391184 7584521
1790863838 6992032 8222394
1790863843 7465200 8713660
1790863848 7973152 9247358
1790863853 8486976 9780978
1790863858 9129776 10448260
1790863863 9630704 10971658
1790863868 10166144 11507974
1790863874 10671984 12014288
1790863879 11184832 12527631
1790863884 11696880 13040143
1790863889 12237728 13581480
1790863894 12844832 14189053
1790863899 13422672 14767427
1790863904 14006384 15351695
1790863909 14623504 15969363
1790863914 15149024 16495381
1790863920 15770336 17117175
1790863925 16310384 17657768
1790863930 16789920 18137765
1790863935 17236288 18584532
1790863940 17683248 19031937
1790863945 18344064 19693334
1790863950 19035936 20385808
1790863955 19688400 21038841
1790863960 20458944 21809976
1790863966 21112256 22463902
1790863971 21749568 23101757
1790863976 22338496 23691165
1790863981 22664736 24017693
1790863986 22903792 24256892
1790863991 23232432 24585751
1790863996 24030656 25384697
1790864001 24816176 26170938
1790864007 25735664 27091273
1790864012 26550192 27906475
1790864017 27394208 28751278
1790864022 28269648 29627527
1790864027 29244352 30603119
1790864033 30092528 31452077
1790864038 30926528 32286831
1790864043 31885408 33246660
1790864048 32825472 34187554
1790864054 33734272 35097243
1790864059 34529072 35892758
1790864064 35429936 36794453
1790864069 36146512 37511653
1790864074 36990880 38356776
1790864080 37891728 39258465
1790864085 38750672 40118204
1790864090 39698624 41066973
1790864095 40565136 41934301
1790864100 41478736 42848781
1790864105 42394976 43765794
1790864111 43251344 44623026
1790864116 44196752 45569274
1790864121 45087600 46461005
1790864126 45977248 47351404
1790864132 46945664 48320726
1790864137 47819568 49195413
1790864142 48676688 50053335
1790864147 49376496 50753776
1790864152 50251648 51629750
1790864157 51056560 52435387
1790864163 52006048 53385758
1790864168 52932384 54312914
1790864173 53517456 54898503
1790864178 53768464 55149718
1790864183 54012800 55394323
1790864188 54284432 55666243
1790864193 54284432 55666243
1790864198 54284432 55666243
1790864203 54284432 55666243
