load 5.22 8.92 11.63
load 4.72 8.69 11.52
router-epp-6fc4687944-llx2g   envoy-proxy    11m    13Mi     
router-epp-6fc4687944-llx2g   epp            118m   21Mi     
load 4.38 8.49 11.43
inference-perf-cqgdx          inference-perf   620m   106Mi    
inference-perf-hot-wmv4w      inference-perf   628m   150Mi    
router-epp-6fc4687944-llx2g   envoy-proxy      9m     15Mi     
router-epp-6fc4687944-llx2g   epp              48m    21Mi     
load 4.08 8.29 11.33
inference-perf-cqgdx          inference-perf   620m   106Mi    
inference-perf-hot-wmv4w      inference-perf   628m   150Mi    
router-epp-6fc4687944-llx2g   envoy-proxy      9m     15Mi     
router-epp-6fc4687944-llx2g   epp              48m    21Mi     
load 3.83 8.10 11.24
inference-perf-cqgdx          inference-perf   768m   235Mi    
inference-perf-hot-wmv4w      inference-perf   367m   319Mi    
router-epp-6fc4687944-llx2g   envoy-proxy      9m     15Mi     
router-epp-6fc4687944-llx2g   epp              134m   30Mi     
load 3.86 7.96 11.16
inference-perf-cqgdx          inference-perf   998m   292Mi    
inference-perf-hot-wmv4w      inference-perf   260m   380Mi    
router-epp-6fc4687944-llx2g   envoy-proxy      166m   19Mi     
router-epp-6fc4687944-llx2g   epp              262m   30Mi     
load 3.49 7.75 11.05
inference-perf-cqgdx          inference-perf   998m   292Mi    
inference-perf-hot-wmv4w      inference-perf   260m   380Mi    
router-epp-6fc4687944-llx2g   envoy-proxy      166m   19Mi     
router-epp-6fc4687944-llx2g   epp              262m   30Mi     
load 3.59 7.63 10.98
inference-perf-cqgdx          inference-perf   998m   345Mi    
inference-perf-hot-wmv4w      inference-perf   300m   400Mi    
router-epp-6fc4687944-llx2g   envoy-proxy      197m   20Mi     
router-epp-6fc4687944-llx2g   epp              417m   31Mi     
load 3.51 7.47 10.89
inference-perf-cqgdx          inference-perf   891m   583Mi    
inference-perf-hot-wmv4w      inference-perf   232m   424Mi    
router-epp-6fc4687944-llx2g   envoy-proxy      424m   23Mi     
router-epp-6fc4687944-llx2g   epp              417m   31Mi     
load 3.78 7.41 10.83
inference-perf-cqgdx          inference-perf   891m   583Mi    
inference-perf-hot-wmv4w      inference-perf   232m   424Mi    
router-epp-6fc4687944-llx2g   envoy-proxy      424m   23Mi     
router-epp-6fc4687944-llx2g   epp              417m   31Mi     
load 5.24 7.56 10.83
inference-perf-cqgdx          inference-perf   1107m   644Mi    
inference-perf-hot-wmv4w      inference-perf   601m    451Mi    
router-epp-6fc4687944-llx2g   envoy-proxy      756m    24Mi     
router-epp-6fc4687944-llx2g   epp              983m    53Mi     
load 5.34 7.51 10.78
inference-perf-cqgdx          inference-perf   773m    667Mi    
inference-perf-hot-wmv4w      inference-perf   928m    479Mi    
router-epp-6fc4687944-llx2g   envoy-proxy      870m    26Mi     
router-epp-6fc4687944-llx2g   epp              1077m   67Mi     
load 6.23 7.63 10.78
inference-perf-cqgdx          inference-perf   773m    667Mi    
inference-perf-hot-wmv4w      inference-perf   928m    479Mi    
router-epp-6fc4687944-llx2g   envoy-proxy      870m    26Mi     
router-epp-6fc4687944-llx2g   epp              1077m   67Mi     
load 8.03 7.96 10.85
inference-perf-cqgdx          inference-perf   983m    704Mi    
inference-perf-hot-wmv4w      inference-perf   860m    514Mi    
router-epp-6fc4687944-llx2g   envoy-proxy      883m    26Mi     
router-epp-6fc4687944-llx2g   epp              1161m   76Mi     
load 9.63 8.30 10.94
inference-perf-cqgdx          inference-perf   1830m   813Mi    
inference-perf-hot-wmv4w      inference-perf   760m    545Mi    
router-epp-6fc4687944-llx2g   envoy-proxy      1276m   27Mi     
router-epp-6fc4687944-llx2g   epp              1176m   81Mi     
load 10.89 8.61 11.01
inference-perf-cqgdx          inference-perf   1830m   813Mi    
inference-perf-hot-wmv4w      inference-perf   760m    545Mi    
router-epp-6fc4687944-llx2g   envoy-proxy      1276m   27Mi     
router-epp-6fc4687944-llx2g   epp              1176m   81Mi     
load 12.17 8.95 11.09
inference-perf-cqgdx          inference-perf   3087m   926Mi    
inference-perf-hot-wmv4w      inference-perf   977m    576Mi    
router-epp-6fc4687944-llx2g   envoy-proxy      1755m   29Mi     
router-epp-6fc4687944-llx2g   epp              1722m   97Mi     
load 13.61 9.37 11.20
inference-perf-cqgdx          inference-perf   3150m   1033Mi   
inference-perf-hot-wmv4w      inference-perf   1138m   629Mi    
router-epp-6fc4687944-llx2g   envoy-proxy      1787m   29Mi     
router-epp-6fc4687944-llx2g   epp              1705m   101Mi    
load 15.55 9.93 11.37
inference-perf-cqgdx          inference-perf   3150m   1033Mi   
inference-perf-hot-wmv4w      inference-perf   1138m   629Mi    
router-epp-6fc4687944-llx2g   envoy-proxy      1787m   29Mi     
router-epp-6fc4687944-llx2g   epp              1705m   101Mi    
load 14.73 9.93 11.35
inference-perf-cqgdx          inference-perf   3129m   1131Mi   
inference-perf-hot-wmv4w      inference-perf   866m    647Mi    
router-epp-6fc4687944-llx2g   envoy-proxy      1790m   30Mi     
router-epp-6fc4687944-llx2g   epp              1714m   102Mi    
load 16.02 10.36 11.48
inference-perf-cqgdx          inference-perf   2980m   1217Mi   
inference-perf-hot-wmv4w      inference-perf   1054m   694Mi    
router-epp-6fc4687944-llx2g   envoy-proxy      1745m   30Mi     
router-epp-6fc4687944-llx2g   epp              1712m   97Mi     
load 17.39 10.85 11.62
inference-perf-cqgdx          inference-perf   2980m   1217Mi   
inference-perf-hot-wmv4w      inference-perf   1054m   694Mi    
router-epp-6fc4687944-llx2g   envoy-proxy      1745m   30Mi     
router-epp-6fc4687944-llx2g   epp              1712m   97Mi     
load 19.47 11.51 11.83
inference-perf-cqgdx          inference-perf   2955m   1307Mi   
inference-perf-hot-wmv4w      inference-perf   1127m   734Mi    
router-epp-6fc4687944-llx2g   envoy-proxy      1733m   31Mi     
router-epp-6fc4687944-llx2g   epp              1687m   119Mi    
load 20.83 12.07 12.01
inference-perf-cqgdx          inference-perf   3143m   1437Mi   
inference-perf-hot-wmv4w      inference-perf   950m    757Mi    
router-epp-6fc4687944-llx2g   envoy-proxy      1730m   32Mi     
router-epp-6fc4687944-llx2g   epp              1702m   107Mi    
load 19.78 12.13 12.03
inference-perf-cqgdx          inference-perf   3143m   1437Mi   
inference-perf-hot-wmv4w      inference-perf   950m    757Mi    
router-epp-6fc4687944-llx2g   envoy-proxy      1730m   32Mi     
router-epp-6fc4687944-llx2g   epp              1702m   107Mi    
load 20.79 12.61 12.19
inference-perf-cqgdx          inference-perf   3054m   1521Mi   
inference-perf-hot-wmv4w      inference-perf   1022m   798Mi    
router-epp-6fc4687944-llx2g   envoy-proxy      1793m   32Mi     
router-epp-6fc4687944-llx2g   epp              1739m   111Mi    
load 20.36 12.80 12.25
inference-perf-cqgdx          inference-perf   3026m   1669Mi   
inference-perf-hot-wmv4w      inference-perf   1022m   798Mi    
router-epp-6fc4687944-llx2g   envoy-proxy      1813m   32Mi     
router-epp-6fc4687944-llx2g   epp              1733m   103Mi    
load 22.20 13.44 12.47
inference-perf-cqgdx          inference-perf   3039m   1793Mi   
inference-perf-hot-wmv4w      inference-perf   1114m   852Mi    
router-epp-6fc4687944-llx2g   envoy-proxy      1813m   32Mi     
router-epp-6fc4687944-llx2g   epp              1748m   116Mi    
load 22.37 13.76 12.58
inference-perf-cqgdx          inference-perf   3039m   1793Mi   
inference-perf-hot-wmv4w      inference-perf   1114m   852Mi    
router-epp-6fc4687944-llx2g   envoy-proxy      1813m   32Mi     
router-epp-6fc4687944-llx2g   epp              1748m   116Mi    
load 22.82 14.15 12.72
inference-perf-cqgdx          inference-perf   2790m   1875Mi   
inference-perf-hot-wmv4w      inference-perf   1166m   907Mi    
router-epp-6fc4687944-llx2g   envoy-proxy      1748m   33Mi     
router-epp-6fc4687944-llx2g   epp              1689m   117Mi    
load 20.95 14.04 12.70
inference-perf-cqgdx          inference-perf   2862m   1958Mi   
inference-perf-hot-wmv4w      inference-perf   1549m   969Mi    
router-epp-6fc4687944-llx2g   envoy-proxy      1814m   34Mi     
router-epp-6fc4687944-llx2g   epp              1713m   130Mi    
load 20.91 14.24 12.78
inference-perf-cqgdx          inference-perf   2862m   1958Mi   
inference-perf-hot-wmv4w      inference-perf   1549m   969Mi    
router-epp-6fc4687944-llx2g   envoy-proxy      1814m   34Mi     
router-epp-6fc4687944-llx2g   epp              1713m   130Mi    
load 24.08 15.13 13.09
inference-perf-cqgdx          inference-perf   2444m   2090Mi   
inference-perf-hot-wmv4w      inference-perf   1679m   1055Mi   
router-epp-6fc4687944-llx2g   envoy-proxy      1436m   34Mi     
router-epp-6fc4687944-llx2g   epp              1588m   137Mi    
load 25.99 15.83 13.34
inference-perf-cqgdx          inference-perf   3621m   2284Mi   
inference-perf-hot-wmv4w      inference-perf   1085m   1099Mi   
router-epp-6fc4687944-llx2g   envoy-proxy      1716m   39Mi     
router-epp-6fc4687944-llx2g   epp              1668m   201Mi    
load 28.32 16.66 13.63
inference-perf-cqgdx          inference-perf   3621m   2284Mi   
inference-perf-hot-wmv4w      inference-perf   1085m   1099Mi   
router-epp-6fc4687944-llx2g   envoy-proxy      1716m   39Mi     
router-epp-6fc4687944-llx2g   epp              1668m   201Mi    
load 29.22 17.25 13.86
inference-perf-cqgdx          inference-perf   3621m   2284Mi   
inference-perf-hot-wmv4w      inference-perf   1012m   1135Mi   
router-epp-6fc4687944-llx2g   envoy-proxy      1723m   41Mi     
router-epp-6fc4687944-llx2g   epp              1692m   214Mi    
load 29.54 17.72 14.05
inference-perf-cqgdx          inference-perf   3697m   2655Mi   
inference-perf-hot-wmv4w      inference-perf   1212m   1186Mi   
router-epp-6fc4687944-llx2g   envoy-proxy      1739m   44Mi     
router-epp-6fc4687944-llx2g   epp              1710m   261Mi    
load 30.76 18.37 14.30
inference-perf-cqgdx          inference-perf   3697m   2655Mi   
inference-perf-hot-wmv4w      inference-perf   1212m   1186Mi   
router-epp-6fc4687944-llx2g   envoy-proxy      1739m   44Mi     
router-epp-6fc4687944-llx2g   epp              1710m   261Mi    
load 31.27 18.90 14.52
inference-perf-cqgdx          inference-perf   3697m   2655Mi   
inference-perf-hot-wmv4w      inference-perf   1349m   1228Mi   
router-epp-6fc4687944-llx2g   envoy-proxy      1872m   47Mi     
router-epp-6fc4687944-llx2g   epp              1737m   273Mi    
load 31.86 19.43 14.74
inference-perf-cqgdx          inference-perf   3705m   2861Mi   
inference-perf-hot-wmv4w      inference-perf   1209m   1276Mi   
router-epp-6fc4687944-llx2g   envoy-proxy      1836m   49Mi     
router-epp-6fc4687944-llx2g   epp              1740m   312Mi    
load 30.90 19.63 14.85
inference-perf-cqgdx          inference-perf   3705m   2861Mi   
inference-perf-hot-wmv4w      inference-perf   1209m   1276Mi   
router-epp-6fc4687944-llx2g   envoy-proxy      1836m   49Mi     
router-epp-6fc4687944-llx2g   epp              1740m   312Mi    
load 31.45 20.12 15.06
inference-perf-cqgdx          inference-perf   3735m   3175Mi   
inference-perf-hot-wmv4w      inference-perf   1268m   1325Mi   
router-epp-6fc4687944-llx2g   envoy-proxy      1837m   52Mi     
router-epp-6fc4687944-llx2g   epp              1737m   340Mi    
load 32.48 20.72 15.31
inference-perf-cqgdx          inference-perf   3700m   3351Mi   
inference-perf-hot-wmv4w      inference-perf   1198m   1382Mi   
router-epp-6fc4687944-llx2g   envoy-proxy      1866m   53Mi     
router-epp-6fc4687944-llx2g   epp              1749m   355Mi    
load 32.70 21.16 15.52
inference-perf-cqgdx          inference-perf   3700m   3351Mi   
inference-perf-hot-wmv4w      inference-perf   1198m   1382Mi   
router-epp-6fc4687944-llx2g   envoy-proxy      1866m   53Mi     
router-epp-6fc4687944-llx2g   epp              1749m   355Mi    
load 33.18 21.65 15.73
inference-perf-cqgdx          inference-perf   3813m   3492Mi   
inference-perf-hot-wmv4w      inference-perf   1198m   1382Mi   
router-epp-6fc4687944-llx2g   envoy-proxy      1840m   55Mi     
router-epp-6fc4687944-llx2g   epp              1730m   375Mi    
load 33.94 22.19 15.97
inference-perf-cqgdx          inference-perf   3598m   3639Mi   
inference-perf-hot-wmv4w      inference-perf   1145m   1436Mi   
router-epp-6fc4687944-llx2g   envoy-proxy      1761m   58Mi     
router-epp-6fc4687944-llx2g   epp              1671m   419Mi    
load 33.39 22.45 16.12
inference-perf-cqgdx          inference-perf   3598m   3639Mi   
inference-perf-hot-wmv4w      inference-perf   1145m   1436Mi   
router-epp-6fc4687944-llx2g   envoy-proxy      1761m   58Mi     
router-epp-6fc4687944-llx2g   epp              1671m   419Mi    
load 33.67 22.86 16.33
inference-perf-cqgdx          inference-perf   3581m   3847Mi   
inference-perf-hot-wmv4w      inference-perf   1115m   1479Mi   
router-epp-6fc4687944-llx2g   envoy-proxy      1809m   58Mi     
router-epp-6fc4687944-llx2g   epp              1667m   374Mi    
load 35.06 23.52 16.61
inference-perf-cqgdx          inference-perf   3876m   4023Mi   
inference-perf-hot-wmv4w      inference-perf   1108m   1511Mi   
router-epp-6fc4687944-llx2g   envoy-proxy      1879m   58Mi     
router-epp-6fc4687944-llx2g   epp              1725m   300Mi    
load 33.10 23.50 16.68
inference-perf-cqgdx          inference-perf   3876m   4023Mi   
inference-perf-hot-wmv4w      inference-perf   1108m   1511Mi   
router-epp-6fc4687944-llx2g   envoy-proxy      1879m   58Mi     
router-epp-6fc4687944-llx2g   epp              1725m   300Mi    
load 28.79 22.89 16.56
inference-perf-cqgdx          inference-perf   3876m   4023Mi   
inference-perf-hot-wmv4w      inference-perf   1188m   1539Mi   
router-epp-6fc4687944-llx2g   envoy-proxy      1426m   58Mi     
router-epp-6fc4687944-llx2g   epp              1370m   217Mi    
load 25.72 22.43 16.47
inference-perf-cqgdx          inference-perf   1601m   4083Mi   
router-epp-6fc4687944-llx2g   envoy-proxy      1426m   58Mi     
router-epp-6fc4687944-llx2g   epp              1105m   135Mi    
load 21.99 21.74 16.31
router-epp-6fc4687944-llx2g   envoy-proxy    1426m   58Mi     
router-epp-6fc4687944-llx2g   epp            1105m   135Mi    
