1790863334 0 0
1790863339 0 0
1790863345 0 0
1790863350 0 0
1790863355 0 0
1790863360 0 0
1790863365 0 0
1790863370 0 0
1790863375 0 0
1790863380 0 0
1790863386 0 0
1790863391 0 0
1790863396 0 0
1790863401 0 0
1790863406 0 0
1790863411 0 0
1790863416 0 0
1790863421 0 0
1790863426 0 0
1790863431 0 0
1790863436 0 0
1790863441 0 0
1790863446 0 0
1790863451 0 0
1790863456 7040 156953
1790863462 35504 326726
1790863467 77456 490278
1790863472 119680 646791
1790863477 190128 808608
1790863482 281296 1008313
1790863487 364912 1163783
1790863492 534000 1409255
1790863497 661424 1625850
1790863502 688960 1669113
1790863507 2001104 2982553
1790863512 3254096 4394328
1790863518 4547344 5815792
1790863523 5532208 6853612
1790863528 5539728 6861146
1790863533 5725488 7047098
1790863539 5940096 7261921
1790863544 6171200 7493249
1790863549 6340016 7662220
1790863554 6569264 7891677
1790863559 6784784 8107423
1790863564 6925456 8248205
1790863569 7111520 8434486
1790863574 7199680 8522725
1790863579 7823568 9147246
1790863584 9139184 10464169
1790863590 10560160 11886606
1790863595 11860544 13188284
1790863600 12379008 13707224
1790863605 12379008 13707224
