load 8.97 8.71 9.38
load 7.81 8.47 9.30
inference-perf-nqqq8         inference-perf   862m   188Mi    
router-epp-5d47b4b8-nrprm    envoy-proxy      10m    13Mi     
router-epp-5d47b4b8-nrprm    epp              22m    3Mi      
load 6.84 8.24 9.21
inference-perf-nqqq8         inference-perf   862m   188Mi    
router-epp-5d47b4b8-nrprm    envoy-proxy      10m    13Mi     
router-epp-5d47b4b8-nrprm    epp              22m    3Mi      
load 5.94 8.00 9.13
inference-perf-nqqq8         inference-perf   998m   233Mi    
router-epp-5d47b4b8-nrprm    envoy-proxy      3m     13Mi     
router-epp-5d47b4b8-nrprm    epp              18m    3Mi      
load 5.18 7.77 9.04
inference-perf-nqqq8         inference-perf   998m   301Mi    
router-epp-5d47b4b8-nrprm    envoy-proxy      2m     14Mi     
router-epp-5d47b4b8-nrprm    epp              12m    3Mi      
load 5.11 7.66 8.99
inference-perf-nqqq8         inference-perf   998m   301Mi    
router-epp-5d47b4b8-nrprm    envoy-proxy      2m     14Mi     
router-epp-5d47b4b8-nrprm    epp              12m    3Mi      
load 5.81 7.72 9.00
inference-perf-nqqq8         inference-perf   998m   350Mi    
router-epp-5d47b4b8-nrprm    envoy-proxy      2m     14Mi     
router-epp-5d47b4b8-nrprm    epp              12m    4Mi      
load 5.22 7.53 8.92
inference-perf-nqqq8         inference-perf   1043m   609Mi    
router-epp-5d47b4b8-nrprm    envoy-proxy      271m    23Mi     
router-epp-5d47b4b8-nrprm    epp              156m    8Mi      
load 4.88 7.38 8.86
inference-perf-nqqq8         inference-perf   1043m   609Mi    
router-epp-5d47b4b8-nrprm    envoy-proxy      271m    23Mi     
router-epp-5d47b4b8-nrprm    epp              156m    8Mi      
load 5.48 7.44 8.86
inference-perf-nqqq8         inference-perf   1243m   661Mi    
router-epp-5d47b4b8-nrprm    envoy-proxy      566m    25Mi     
router-epp-5d47b4b8-nrprm    epp              182m    10Mi     
load 11.45 8.64 9.24
inference-perf-nqqq8         inference-perf   1212m   716Mi    
router-epp-5d47b4b8-nrprm    envoy-proxy      601m    26Mi     
router-epp-5d47b4b8-nrprm    epp              208m    16Mi     
load 15.72 9.66 9.56
inference-perf-nqqq8         inference-perf   5000m   981Mi    
router-epp-5d47b4b8-nrprm    envoy-proxy      1316m   34Mi     
router-epp-5d47b4b8-nrprm    epp              208m    16Mi     
load 14.63 9.62 9.55
inference-perf-nqqq8         inference-perf   5000m   981Mi    
router-epp-5d47b4b8-nrprm    envoy-proxy      1316m   34Mi     
router-epp-5d47b4b8-nrprm    epp              208m    16Mi     
load 13.15 9.47 9.50
inference-perf-nqqq8         inference-perf   5073m   1185Mi   
router-epp-5d47b4b8-nrprm    envoy-proxy      1836m   36Mi     
router-epp-5d47b4b8-nrprm    epp              506m    22Mi     
load 11.20 9.17 9.40
inference-perf-nqqq8         inference-perf   1230m   1233Mi   
router-epp-5d47b4b8-nrprm    envoy-proxy      576m    37Mi     
router-epp-5d47b4b8-nrprm    epp              175m    21Mi     
load 10.55 9.10 9.38
inference-perf-nqqq8         inference-perf   1230m   1233Mi   
router-epp-5d47b4b8-nrprm    envoy-proxy      576m    37Mi     
router-epp-5d47b4b8-nrprm    epp              175m    21Mi     
load 9.53 8.93 9.32
inference-perf-nqqq8         inference-perf   1221m   1269Mi   
router-epp-5d47b4b8-nrprm    envoy-proxy      632m    37Mi     
router-epp-5d47b4b8-nrprm    epp              182m    21Mi     
load 9.89 9.02 9.34
inference-perf-nqqq8         inference-perf   1265m   1308Mi   
router-epp-5d47b4b8-nrprm    envoy-proxy      710m    37Mi     
router-epp-5d47b4b8-nrprm    epp              214m    21Mi     
load 12.82 9.68 9.55
inference-perf-nqqq8         inference-perf   1265m   1308Mi   
router-epp-5d47b4b8-nrprm    envoy-proxy      710m    37Mi     
router-epp-5d47b4b8-nrprm    epp              214m    21Mi     
load 14.10 10.08 9.69
inference-perf-nqqq8         inference-perf   2653m   1421Mi   
router-epp-5d47b4b8-nrprm    envoy-proxy      2337m   39Mi     
router-epp-5d47b4b8-nrprm    epp              214m    21Mi     
