load 8.07 14.56 15.19
router-epp-7fd98bb556-qkcl5   envoy-proxy   11m    13Mi     
router-epp-7fd98bb556-qkcl5   epp           26m    3Mi      
router-epp-7fd98bb556-z57fm   envoy-proxy   10m    13Mi     
router-epp-7fd98bb556-z57fm   epp           24m    3Mi      
load 8.08 14.36 15.11
router-epp-7fd98bb556-qkcl5   envoy-proxy   11m    13Mi     
router-epp-7fd98bb556-qkcl5   epp           26m    3Mi      
router-epp-7fd98bb556-z57fm   envoy-proxy   10m    13Mi     
router-epp-7fd98bb556-z57fm   epp           24m    3Mi      
load 7.00 13.91 14.96
inference-perf-vx2nw          inference-perf   776m   214Mi    
router-epp-7fd98bb556-qkcl5   envoy-proxy      4m     13Mi     
router-epp-7fd98bb556-qkcl5   epp              16m    4Mi      
router-epp-7fd98bb556-z57fm   envoy-proxy      5m     13Mi     
router-epp-7fd98bb556-z57fm   epp              28m    3Mi      
load 6.22 13.52 14.82
inference-perf-vx2nw          inference-perf   998m   293Mi    
router-epp-7fd98bb556-qkcl5   envoy-proxy      2m     14Mi     
router-epp-7fd98bb556-qkcl5   epp              11m    4Mi      
router-epp-7fd98bb556-z57fm   envoy-proxy      3m     14Mi     
router-epp-7fd98bb556-z57fm   epp              13m    4Mi      
load 5.42 13.11 14.67
inference-perf-vx2nw          inference-perf   998m   293Mi    
router-epp-7fd98bb556-qkcl5   envoy-proxy      2m     14Mi     
router-epp-7fd98bb556-qkcl5   epp              11m    4Mi      
router-epp-7fd98bb556-z57fm   envoy-proxy      3m     14Mi     
router-epp-7fd98bb556-z57fm   epp              13m    4Mi      
load 4.81 12.73 14.53
inference-perf-vx2nw          inference-perf   966m   465Mi    
router-epp-7fd98bb556-qkcl5   envoy-proxy      3m     14Mi     
router-epp-7fd98bb556-qkcl5   epp              11m    4Mi      
router-epp-7fd98bb556-z57fm   envoy-proxy      3m     14Mi     
router-epp-7fd98bb556-z57fm   epp              13m    4Mi      
load 4.59 12.42 14.41
inference-perf-vx2nw          inference-perf   966m   465Mi    
router-epp-7fd98bb556-qkcl5   envoy-proxy      221m   19Mi     
router-epp-7fd98bb556-qkcl5   epp              99m    6Mi      
router-epp-7fd98bb556-z57fm   envoy-proxy      280m   20Mi     
router-epp-7fd98bb556-z57fm   epp              35m    6Mi      
load 4.43 12.13 14.30
inference-perf-vx2nw          inference-perf   966m   465Mi    
router-epp-7fd98bb556-qkcl5   envoy-proxy      221m   19Mi     
router-epp-7fd98bb556-qkcl5   epp              99m    6Mi      
router-epp-7fd98bb556-z57fm   envoy-proxy      280m   20Mi     
router-epp-7fd98bb556-z57fm   epp              35m    6Mi      
load 4.06 11.79 14.16
inference-perf-vx2nw          inference-perf   1197m   624Mi    
router-epp-7fd98bb556-qkcl5   envoy-proxy      274m    20Mi     
router-epp-7fd98bb556-qkcl5   epp              127m    7Mi      
router-epp-7fd98bb556-z57fm   envoy-proxy      395m    20Mi     
router-epp-7fd98bb556-z57fm   epp              144m    7Mi      
load 3.98 11.52 14.05
inference-perf-vx2nw          inference-perf   1283m   676Mi    
router-epp-7fd98bb556-qkcl5   envoy-proxy      262m    20Mi     
router-epp-7fd98bb556-qkcl5   epp              106m    7Mi      
router-epp-7fd98bb556-z57fm   envoy-proxy      319m    20Mi     
router-epp-7fd98bb556-z57fm   epp              137m    8Mi      
load 4.21 11.32 13.96
inference-perf-vx2nw          inference-perf   1283m   676Mi    
router-epp-7fd98bb556-qkcl5   envoy-proxy      262m    20Mi     
router-epp-7fd98bb556-qkcl5   epp              106m    7Mi      
router-epp-7fd98bb556-z57fm   envoy-proxy      319m    20Mi     
router-epp-7fd98bb556-z57fm   epp              137m    8Mi      
load 4.82 11.21 13.89
inference-perf-vx2nw          inference-perf   1356m   733Mi    
router-epp-7fd98bb556-qkcl5   envoy-proxy      316m    22Mi     
router-epp-7fd98bb556-qkcl5   epp              118m    8Mi      
router-epp-7fd98bb556-z57fm   envoy-proxy      374m    21Mi     
router-epp-7fd98bb556-z57fm   epp              126m    9Mi      
load 5.86 11.22 13.87
inference-perf-vx2nw          inference-perf   1826m   831Mi    
router-epp-7fd98bb556-qkcl5   envoy-proxy      492m    23Mi     
router-epp-7fd98bb556-qkcl5   epp              106m    8Mi      
router-epp-7fd98bb556-z57fm   envoy-proxy      294m    22Mi     
router-epp-7fd98bb556-z57fm   epp              205m    10Mi     
load 7.11 11.32 13.87
inference-perf-vx2nw          inference-perf   1826m   831Mi    
router-epp-7fd98bb556-qkcl5   envoy-proxy      492m    23Mi     
router-epp-7fd98bb556-qkcl5   epp              106m    8Mi      
router-epp-7fd98bb556-z57fm   envoy-proxy      294m    22Mi     
router-epp-7fd98bb556-z57fm   epp              205m    10Mi     
load 8.73 11.53 13.91
inference-perf-vx2nw          inference-perf   3220m   979Mi    
router-epp-7fd98bb556-qkcl5   envoy-proxy      492m    23Mi     
router-epp-7fd98bb556-qkcl5   epp              239m    10Mi     
router-epp-7fd98bb556-z57fm   envoy-proxy      891m    24Mi     
router-epp-7fd98bb556-z57fm   epp              205m    10Mi     
load 9.66 11.65 13.93
inference-perf-vx2nw          inference-perf   3220m   979Mi    
router-epp-7fd98bb556-qkcl5   envoy-proxy      614m    24Mi     
router-epp-7fd98bb556-qkcl5   epp              244m    11Mi     
router-epp-7fd98bb556-z57fm   envoy-proxy      842m    24Mi     
router-epp-7fd98bb556-z57fm   epp              273m    11Mi     
load 10.42 11.74 13.93
inference-perf-vx2nw          inference-perf   3220m   979Mi    
router-epp-7fd98bb556-qkcl5   envoy-proxy      614m    24Mi     
router-epp-7fd98bb556-qkcl5   epp              244m    11Mi     
router-epp-7fd98bb556-z57fm   envoy-proxy      842m    24Mi     
router-epp-7fd98bb556-z57fm   epp              273m    11Mi     
load 10.81 11.78 13.92
inference-perf-vx2nw          inference-perf   3863m   1266Mi   
router-epp-7fd98bb556-qkcl5   envoy-proxy      856m    25Mi     
router-epp-7fd98bb556-qkcl5   epp              293m    12Mi     
router-epp-7fd98bb556-z57fm   envoy-proxy      842m    24Mi     
router-epp-7fd98bb556-z57fm   epp              288m    12Mi     
load 11.35 11.86 13.91
inference-perf-vx2nw          inference-perf   3863m   1266Mi   
router-epp-7fd98bb556-qkcl5   envoy-proxy      966m    26Mi     
router-epp-7fd98bb556-qkcl5   epp              315m    12Mi     
router-epp-7fd98bb556-z57fm   envoy-proxy      904m    24Mi     
router-epp-7fd98bb556-z57fm   epp              291m    12Mi     
load 10.78 11.71 13.84
inference-perf-vx2nw          inference-perf   3863m   1266Mi   
router-epp-7fd98bb556-qkcl5   envoy-proxy      966m    26Mi     
router-epp-7fd98bb556-qkcl5   epp              315m    12Mi     
router-epp-7fd98bb556-z57fm   envoy-proxy      904m    24Mi     
router-epp-7fd98bb556-z57fm   epp              291m    12Mi     
load 11.87 11.92 13.89
inference-perf-vx2nw          inference-perf   4112m   1552Mi   
router-epp-7fd98bb556-qkcl5   envoy-proxy      884m    26Mi     
router-epp-7fd98bb556-qkcl5   epp              297m    12Mi     
router-epp-7fd98bb556-z57fm   envoy-proxy      904m    24Mi     
router-epp-7fd98bb556-z57fm   epp              292m    12Mi     
load 11.90 11.94 13.87
inference-perf-vx2nw          inference-perf   4055m   1682Mi   
router-epp-7fd98bb556-qkcl5   envoy-proxy      972m    27Mi     
router-epp-7fd98bb556-qkcl5   epp              313m    13Mi     
router-epp-7fd98bb556-z57fm   envoy-proxy      854m    26Mi     
router-epp-7fd98bb556-z57fm   epp              307m    13Mi     
load 12.23 12.01 13.87
inference-perf-vx2nw          inference-perf   4055m   1682Mi   
router-epp-7fd98bb556-qkcl5   envoy-proxy      972m    27Mi     
router-epp-7fd98bb556-qkcl5   epp              313m    13Mi     
router-epp-7fd98bb556-z57fm   envoy-proxy      854m    26Mi     
router-epp-7fd98bb556-z57fm   epp              307m    13Mi     
load 11.24 11.81 13.79
inference-perf-vx2nw          inference-perf   3912m   1807Mi   
router-epp-7fd98bb556-qkcl5   envoy-proxy      893m    27Mi     
router-epp-7fd98bb556-qkcl5   epp              297m    13Mi     
router-epp-7fd98bb556-z57fm   envoy-proxy      903m    25Mi     
router-epp-7fd98bb556-z57fm   epp              285m    13Mi     
load 12.64 12.08 13.85
inference-perf-vx2nw          inference-perf   3894m   1959Mi   
router-epp-7fd98bb556-qkcl5   envoy-proxy      893m    27Mi     
router-epp-7fd98bb556-qkcl5   epp              288m    13Mi     
router-epp-7fd98bb556-z57fm   envoy-proxy      840m    25Mi     
router-epp-7fd98bb556-z57fm   epp              273m    13Mi     
load 12.36 12.04 13.82
inference-perf-vx2nw          inference-perf   3894m   1959Mi   
router-epp-7fd98bb556-qkcl5   envoy-proxy      893m    27Mi     
router-epp-7fd98bb556-qkcl5   epp              288m    13Mi     
router-epp-7fd98bb556-z57fm   envoy-proxy      840m    25Mi     
router-epp-7fd98bb556-z57fm   epp              273m    13Mi     
load 13.38 12.28 13.88
inference-perf-vx2nw          inference-perf   3831m   2115Mi   
router-epp-7fd98bb556-qkcl5   envoy-proxy      961m    27Mi     
router-epp-7fd98bb556-qkcl5   epp              313m    13Mi     
router-epp-7fd98bb556-z57fm   envoy-proxy      840m    26Mi     
router-epp-7fd98bb556-z57fm   epp              287m    13Mi     
load 12.02 12.03 13.78
inference-perf-vx2nw          inference-perf   3831m   2115Mi   
router-epp-7fd98bb556-qkcl5   envoy-proxy      833m    28Mi     
router-epp-7fd98bb556-qkcl5   epp              280m    13Mi     
router-epp-7fd98bb556-z57fm   envoy-proxy      861m    26Mi     
router-epp-7fd98bb556-z57fm   epp              287m    13Mi     
load 11.81 11.98 13.75
inference-perf-vx2nw          inference-perf   3831m   2115Mi   
router-epp-7fd98bb556-qkcl5   envoy-proxy      833m    28Mi     
router-epp-7fd98bb556-qkcl5   epp              280m    13Mi     
router-epp-7fd98bb556-z57fm   envoy-proxy      861m    26Mi     
router-epp-7fd98bb556-z57fm   epp              287m    13Mi     
load 11.56 11.93 13.71
inference-perf-vx2nw          inference-perf   3728m   2286Mi   
router-epp-7fd98bb556-qkcl5   envoy-proxy      920m    27Mi     
router-epp-7fd98bb556-qkcl5   epp              294m    14Mi     
router-epp-7fd98bb556-z57fm   envoy-proxy      823m    26Mi     
router-epp-7fd98bb556-z57fm   epp              280m    13Mi     
load 14.69 12.59 13.91
inference-perf-vx2nw          inference-perf   4014m   2586Mi   
router-epp-7fd98bb556-qkcl5   envoy-proxy      920m    27Mi     
router-epp-7fd98bb556-qkcl5   epp              254m    14Mi     
router-epp-7fd98bb556-z57fm   envoy-proxy      918m    26Mi     
router-epp-7fd98bb556-z57fm   epp              258m    14Mi     
load 15.58 12.85 13.98
inference-perf-vx2nw          inference-perf   4014m   2586Mi   
router-epp-7fd98bb556-qkcl5   envoy-proxy      920m    27Mi     
router-epp-7fd98bb556-qkcl5   epp              254m    14Mi     
router-epp-7fd98bb556-z57fm   envoy-proxy      918m    26Mi     
router-epp-7fd98bb556-z57fm   epp              258m    14Mi     
load 19.67 13.81 14.28
inference-perf-vx2nw          inference-perf   5716m   2762Mi   
router-epp-7fd98bb556-qkcl5   envoy-proxy      949m    28Mi     
router-epp-7fd98bb556-qkcl5   epp              377m    15Mi     
router-epp-7fd98bb556-z57fm   envoy-proxy      999m    27Mi     
router-epp-7fd98bb556-z57fm   epp              352m    14Mi     
load 23.51 14.82 14.60
inference-perf-vx2nw          inference-perf   5682m   3055Mi   
router-epp-7fd98bb556-qkcl5   envoy-proxy      1313m   28Mi     
router-epp-7fd98bb556-qkcl5   epp              356m    16Mi     
router-epp-7fd98bb556-z57fm   envoy-proxy      999m    27Mi     
router-epp-7fd98bb556-z57fm   epp              352m    15Mi     
load 24.72 15.36 14.78
inference-perf-vx2nw          inference-perf   5682m   3055Mi   
router-epp-7fd98bb556-qkcl5   envoy-proxy      1313m   28Mi     
router-epp-7fd98bb556-qkcl5   epp              356m    16Mi     
router-epp-7fd98bb556-z57fm   envoy-proxy      999m    27Mi     
router-epp-7fd98bb556-z57fm   epp              352m    15Mi     
load 25.11 15.76 14.92
inference-perf-vx2nw          inference-perf   5722m   3217Mi   
router-epp-7fd98bb556-qkcl5   envoy-proxy      1262m   29Mi     
router-epp-7fd98bb556-qkcl5   epp              348m    16Mi     
router-epp-7fd98bb556-z57fm   envoy-proxy      1237m   30Mi     
router-epp-7fd98bb556-z57fm   epp              347m    16Mi     
load 27.19 16.51 15.17
inference-perf-vx2nw          inference-perf   5908m   3454Mi   
router-epp-7fd98bb556-qkcl5   envoy-proxy      1229m   30Mi     
router-epp-7fd98bb556-qkcl5   epp              348m    16Mi     
router-epp-7fd98bb556-z57fm   envoy-proxy      1310m   30Mi     
router-epp-7fd98bb556-z57fm   epp              359m    16Mi     
load 29.21 17.31 15.45
inference-perf-vx2nw          inference-perf   5908m   3454Mi   
router-epp-7fd98bb556-qkcl5   envoy-proxy      1229m   30Mi     
router-epp-7fd98bb556-qkcl5   epp              348m    16Mi     
router-epp-7fd98bb556-z57fm   envoy-proxy      1310m   30Mi     
router-epp-7fd98bb556-z57fm   epp              359m    16Mi     
load 30.38 17.96 15.68
inference-perf-vx2nw          inference-perf   6068m   3712Mi   
router-epp-7fd98bb556-qkcl5   envoy-proxy      1305m   30Mi     
router-epp-7fd98bb556-qkcl5   epp              364m    16Mi     
router-epp-7fd98bb556-z57fm   envoy-proxy      1313m   30Mi     
router-epp-7fd98bb556-z57fm   epp              367m    16Mi     
load 30.53 18.40 15.85
inference-perf-vx2nw          inference-perf   5961m   3937Mi   
router-epp-7fd98bb556-qkcl5   envoy-proxy      1286m   30Mi     
router-epp-7fd98bb556-qkcl5   epp              369m    16Mi     
router-epp-7fd98bb556-z57fm   envoy-proxy      1300m   30Mi     
router-epp-7fd98bb556-z57fm   epp              372m    16Mi     
load 30.68 18.83 16.02
inference-perf-vx2nw          inference-perf   5961m   3937Mi   
router-epp-7fd98bb556-qkcl5   envoy-proxy      1286m   30Mi     
router-epp-7fd98bb556-qkcl5   epp              369m    16Mi     
router-epp-7fd98bb556-z57fm   envoy-proxy      1300m   30Mi     
router-epp-7fd98bb556-z57fm   epp              372m    16Mi     
load 31.37 19.37 16.22
inference-perf-vx2nw          inference-perf   6155m   4190Mi   
router-epp-7fd98bb556-qkcl5   envoy-proxy      1306m   30Mi     
router-epp-7fd98bb556-qkcl5   epp              361m    16Mi     
router-epp-7fd98bb556-z57fm   envoy-proxy      1319m   30Mi     
router-epp-7fd98bb556-z57fm   epp              366m    16Mi     
load 31.73 19.84 16.41
inference-perf-vx2nw          inference-perf   6054m   4386Mi   
router-epp-7fd98bb556-qkcl5   envoy-proxy      1282m   30Mi     
router-epp-7fd98bb556-qkcl5   epp              362m    16Mi     
router-epp-7fd98bb556-z57fm   envoy-proxy      1320m   31Mi     
router-epp-7fd98bb556-z57fm   epp              368m    16Mi     
load 33.18 20.55 16.68
inference-perf-vx2nw          inference-perf   6054m   4386Mi   
router-epp-7fd98bb556-qkcl5   envoy-proxy      1282m   30Mi     
router-epp-7fd98bb556-qkcl5   epp              362m    16Mi     
router-epp-7fd98bb556-z57fm   envoy-proxy      1320m   31Mi     
router-epp-7fd98bb556-z57fm   epp              368m    16Mi     
load 34.36 21.22 16.94
inference-perf-vx2nw          inference-perf   5913m   4570Mi   
router-epp-7fd98bb556-qkcl5   envoy-proxy      1282m   30Mi     
router-epp-7fd98bb556-qkcl5   epp              366m    16Mi     
router-epp-7fd98bb556-z57fm   envoy-proxy      1321m   31Mi     
router-epp-7fd98bb556-z57fm   epp              362m    16Mi     
load 34.20 21.62 17.11
inference-perf-vx2nw          inference-perf   5773m   4806Mi   
router-epp-7fd98bb556-qkcl5   envoy-proxy      1286m   31Mi     
router-epp-7fd98bb556-qkcl5   epp              346m    17Mi     
router-epp-7fd98bb556-z57fm   envoy-proxy      1277m   31Mi     
router-epp-7fd98bb556-z57fm   epp              352m    17Mi     
load 34.54 22.11 17.32
inference-perf-vx2nw          inference-perf   5773m   4806Mi   
router-epp-7fd98bb556-qkcl5   envoy-proxy      1286m   31Mi     
router-epp-7fd98bb556-qkcl5   epp              346m    17Mi     
router-epp-7fd98bb556-z57fm   envoy-proxy      1277m   31Mi     
router-epp-7fd98bb556-z57fm   epp              352m    17Mi     
load 36.92 23.03 17.67
inference-perf-vx2nw          inference-perf   5836m   5033Mi   
router-epp-7fd98bb556-qkcl5   envoy-proxy      1232m   31Mi     
router-epp-7fd98bb556-qkcl5   epp              346m    17Mi     
router-epp-7fd98bb556-z57fm   envoy-proxy      1275m   31Mi     
router-epp-7fd98bb556-z57fm   epp              353m    17Mi     
load 31.40 22.31 17.49
inference-perf-vx2nw          inference-perf   5997m   5238Mi   
router-epp-7fd98bb556-qkcl5   envoy-proxy      946m    30Mi     
router-epp-7fd98bb556-qkcl5   epp              343m    17Mi     
router-epp-7fd98bb556-z57fm   envoy-proxy      1260m   32Mi     
router-epp-7fd98bb556-z57fm   epp              353m    17Mi     
load 26.72 21.60 17.32
inference-perf-vx2nw          inference-perf   5997m   5238Mi   
router-epp-7fd98bb556-qkcl5   envoy-proxy      946m    30Mi     
router-epp-7fd98bb556-qkcl5   epp              343m    17Mi     
router-epp-7fd98bb556-z57fm   envoy-proxy      1260m   32Mi     
router-epp-7fd98bb556-z57fm   epp              353m    17Mi     
