1790848457 0 0
1790848464 0 0
1790848469 0 0
1790848474 0 0
1790848479 0 0
1790848484 0 0
1790848489 0 0
1790848494 0 0
1790848499 27776 36383
1790848504 56864 65504
1790848509 71408 80065
1790848514 107744 116448
1790848519 136784 145532
1790848524 173120 181915
1790848529 224000 232852
1790848534 296672 305618
1790848539 332576 468048
1790848544 367968 607476
1790848549 433008 776806
1790848554 526464 982542
1790848560 632864 1197393
1790848565 811712 1498703
1790848570 1063504 1816045
1790848575 1264864 2080947
1790848580 1451920 2308414
1790848585 1665648 2571011
1790848590 1894464 2841884
1790848595 2170320 3139990
1790848600 2301072 3279070
1790848605 2809040 3787624
1790848610 3412768 4392072
1790848615 3960080 4939999
1790848620 4470976 5451447
1790848625 4932032 5993503
1790848631 5463680 6599177
1790848636 5925376 7135387
1790848641 6433056 7672236
1790848646 7066112 8344668
1790848651 7567216 8868800
1790848656 8058976 9378792
1790848661 8575600 9916032
1790848666 9088736 10449798
1790848671 9522416 10891654
1790848676 10096208 11466152
1790848681 10643648 12014220
1790848686 11135264 12506373
1790848691 11581472 12953081
1790848696 12262800 13635199
1790848702 12931968 14305049
1790848707 13556352 14930110
1790848712 14086816 15461140
1790848717 14702016 16076927
1790848722 15222560 16598030
1790848727 15834528 17210694
1790848732 16413984 17790724
1790848737 16994048 18371446
1790848742 17518272 18896290
1790848747 18030640 19409190
1790848752 18599408 19978605
1790848757 19360512 20740595
1790848763 19954832 21335593
1790848768 20683536 22065103
1790848773 21371952 22754280
1790848778 22035120 23418146
1790848783 22534544 23918129
1790848788 23247472 24631897
1790848794 24091664 25477017
1790848799 24923536 26309845
1790848804 25923552 27310954
1790848809 26878864 28274906
1790848814 27662640 29059494
1790848819 28627792 30026002
1790848824 29593616 30992889
1790848829 30595648 31996056
1790848835 31467376 32868751
1790848840 32432096 33835027
1790848845 33255600 34659401
1790848850 34240592 35645470
1790848855 35209344 36615171
1790848860 36011088 37417794
1790848866 36964096 38371818
1790848871 37839344 39248398
1790848876 38718560 40128603
1790848881 39617856 41028901
1790848886 40624608 42036734
1790848891 41713632 43126925
1790848897 42797712 44212113
1790848902 43660864 45083355
1790848907 44834720 46258470
1790848912 45823872 47248782
1790848917 46914736 48340860
1790848923 47899536 49326723
1790848928 48832656 50260851
1790848933 49443696 50872418
1790848938 50256576 51686133
1790848943 50917904 52348096
1790848948 51664384 53095432
1790848953 52404528 53836334
1790848959 53175312 54607961
1790848964 53803936 55237215
1790848969 53834224 55267545
1790848974 53834224 55267545
1790848979 53834224 55267545
