load 4.44 9.68 12.11
router-epp-5d47b4b8-cr6tw   envoy-proxy   13m   13Mi   
router-epp-5d47b4b8-cr6tw   epp           20m   4Mi    
load 4.38 9.49 12.02
router-epp-5d47b4b8-cr6tw   envoy-proxy   13m   13Mi   
router-epp-5d47b4b8-cr6tw   epp           20m   4Mi    
load 4.89 9.43 11.97
inference-perf-6ttfm        inference-perf   788m   157Mi   
router-epp-5d47b4b8-cr6tw   envoy-proxy      4m     13Mi    
router-epp-5d47b4b8-cr6tw   epp              18m    4Mi     
load 4.37 9.16 11.86
inference-perf-6ttfm        inference-perf   974m   234Mi   
router-epp-5d47b4b8-cr6tw   envoy-proxy      3m     14Mi    
router-epp-5d47b4b8-cr6tw   epp              18m    4Mi     
load 3.85 8.90 11.74
inference-perf-6ttfm        inference-perf   974m   234Mi   
router-epp-5d47b4b8-cr6tw   envoy-proxy      3m     14Mi    
router-epp-5d47b4b8-cr6tw   epp              18m    4Mi     
load 3.41 8.64 11.63
inference-perf-6ttfm        inference-perf   998m   291Mi   
router-epp-5d47b4b8-cr6tw   envoy-proxy      3m     14Mi    
router-epp-5d47b4b8-cr6tw   epp              13m    5Mi     
load 3.35 8.45 11.54
inference-perf-6ttfm        inference-perf   1014m   598Mi   
router-epp-5d47b4b8-cr6tw   envoy-proxy      263m    21Mi    
router-epp-5d47b4b8-cr6tw   epp              27m     6Mi     
load 4.72 8.58 11.55
inference-perf-6ttfm        inference-perf   1014m   598Mi   
router-epp-5d47b4b8-cr6tw   envoy-proxy      263m    21Mi    
router-epp-5d47b4b8-cr6tw   epp              27m     6Mi     
load 4.52 8.41 11.46
inference-perf-6ttfm        inference-perf   1014m   598Mi   
router-epp-5d47b4b8-cr6tw   envoy-proxy      555m    25Mi    
router-epp-5d47b4b8-cr6tw   epp              188m    8Mi     
load 4.42 8.27 11.38
inference-perf-6ttfm        inference-perf   1365m   659Mi   
router-epp-5d47b4b8-cr6tw   envoy-proxy      673m    26Mi    
router-epp-5d47b4b8-cr6tw   epp              204m    10Mi    
load 4.33 8.12 11.30
inference-perf-6ttfm        inference-perf   1365m   659Mi   
router-epp-5d47b4b8-cr6tw   envoy-proxy      673m    26Mi    
router-epp-5d47b4b8-cr6tw   epp              204m    10Mi    
load 9.40 9.06 11.56
inference-perf-6ttfm        inference-perf   1254m   715Mi   
router-epp-5d47b4b8-cr6tw   envoy-proxy      496m    28Mi    
router-epp-5d47b4b8-cr6tw   epp              186m    14Mi    
load 9.80 9.17 11.57
inference-perf-6ttfm        inference-perf   5168m   1069Mi   
router-epp-5d47b4b8-cr6tw   envoy-proxy      2314m   34Mi     
router-epp-5d47b4b8-cr6tw   epp              523m    22Mi     
load 8.52 8.92 11.46
inference-perf-6ttfm        inference-perf   5168m   1069Mi   
router-epp-5d47b4b8-cr6tw   envoy-proxy      2314m   34Mi     
router-epp-5d47b4b8-cr6tw   epp              523m    22Mi     
load 7.35 8.66 11.35
inference-perf-6ttfm        inference-perf   3223m   1207Mi   
router-epp-5d47b4b8-cr6tw   envoy-proxy      1539m   36Mi     
router-epp-5d47b4b8-cr6tw   epp              317m    23Mi     
load 6.54 8.44 11.24
inference-perf-6ttfm        inference-perf   1167m   1258Mi   
router-epp-5d47b4b8-cr6tw   envoy-proxy      545m    36Mi     
router-epp-5d47b4b8-cr6tw   epp              180m    23Mi     
load 5.70 8.19 11.13
inference-perf-6ttfm        inference-perf   1167m   1258Mi   
router-epp-5d47b4b8-cr6tw   envoy-proxy      545m    36Mi     
router-epp-5d47b4b8-cr6tw   epp              180m    23Mi     
load 6.81 8.34 11.15
inference-perf-6ttfm        inference-perf   1457m   1312Mi   
router-epp-5d47b4b8-cr6tw   envoy-proxy      666m    36Mi     
router-epp-5d47b4b8-cr6tw   epp              213m    23Mi     
load 9.78 8.93 11.31
inference-perf-6ttfm        inference-perf   2160m   1377Mi   
router-epp-5d47b4b8-cr6tw   envoy-proxy      1105m   37Mi     
router-epp-5d47b4b8-cr6tw   epp              311m    23Mi     
load 12.32 9.51 11.48
inference-perf-6ttfm        inference-perf   2160m   1377Mi   
router-epp-5d47b4b8-cr6tw   envoy-proxy      1105m   37Mi     
router-epp-5d47b4b8-cr6tw   epp              311m    23Mi     
load 11.54 9.43 11.43
router-epp-5d47b4b8-cr6tw   envoy-proxy    2321m   39Mi    
router-epp-5d47b4b8-cr6tw   epp            311m    23Mi    
