1790864274 0 0
1790864279 0 0
1790864284 0 0
1790864289 0 0
1790864294 27904 36608
1790864299 86384 95160
1790864304 122944 131768
1790864309 159504 168376
1790864314 210720 226976
1790864319 276512 292864
1790864324 313072 329472
1790864329 334992 381149
1790864334 407648 550920
1790864340 457936 676729
1790864345 545408 907042
1790864350 603408 1063659
1790864355 681136 1232842
1790864360 831952 1535913
1790864365 1061088 1845400
1790864370 1276160 2123293
1790864375 1463072 2366267
1790864380 1686944 2641277
1790864385 1916752 2912748
1790864390 2053872 3073983
1790864395 2451648 3494214
1790864400 3177264 4221329
1790864405 3750176 4794871
1790864411 4268384 5313586
1790864416 4735712 5836883
1790864421 5391744 6556609
1790864426 5889520 7113571
1790864431 6328704 7585978
1790864436 6802832 8100264
1790864441 7501200 8827864
1790864446 8057808 9409834
1790864451 8625984 9999717
1790864456 9161184 10553968
1790864461 9679472 11072779
1790864466 10167248 11561147
1790864471 10638240 12032645
1790864477 11244048 12639033
1790864482 11821392 13216986
1790864487 12393280 13789481
1790864492 13005760 14402921
1790864497 13515232 14913004
1790864502 14058176 15456503
1790864507 14634288 16033553
1790864512 15158192 16558002
1790864517 15726768 17127211
1790864522 16250128 17651130
1790864527 16958512 18360272
1790864532 17446608 18848921
1790864537 17926304 19329162
1790864543 18494960 19898399
1790864548 19201616 20606142
1790864553 19857600 21262907
1790864558 20585264 21991694
1790864563 21158832 22565953
1790864568 21827248 23235093
1790864573 22431328 23840537
1790864578 22969120 24379321
1790864583 23952896 25364183
1790864588 24822512 26234688
1790864594 25865664 27278966
1790864599 26759328 28180991
1790864604 27885120 29308044
1790864609 28986080 30417781
1790864615 29900176 31332882
1790864620 30802880 32243397
1790864625 31745808 33187396
1790864630 32757600 34200228
1790864635 33671296 35114871
1790864640 34623712 36068389
1790864646 35478800 36924327
1790864651 36327760 37774194
1790864656 37271456 38718925
1790864661 38337360 39785990
1790864666 39361888 40811566
1790864671 40249696 41700308
1790864676 41102384 42553912
1790864681 41949392 43401859
1790864687 42767968 44221314
1790864692 43800736 45255177
1790864697 44587792 46043915
1790864702 45482560 46940027
1790864707 46464288 47922842
1790864712 47447024 48907033
1790864717 48506064 49967216
1790864723 49332736 50794751
1790864728 50023104 51485773
1790864733 50761520 52224940
1790864738 51503632 52967781
1790864743 52383120 53848181
1790864748 52931824 54397411
1790864753 53691744 55158587
1790864758 53980432 55447572
1790864764 53980432 55447572
1790864769 53980432 55447572
