1790929099 0 0
1790929105 0 0
1790929111 0 0
1790929116 0 0
1790929121 0 0
1790929126 0 0
1790929131 0 0
1790929136 0 0
1790929141 0 0
1790929146 0 0
1790929151 0 0
1790929156 0 0
1790929161 0 0
1790929166 0 0
1790929171 0 0
1790929176 0 0
1790929181 0 0
1790929186 0 0
1790929192 0 0
1790929197 0 22341
1790929202 0 66262
1790929207 0 102851
1790929212 51872 162261
1790929217 174208 547717
1790929222 312704 924036
1790929227 460544 1237338
1790929232 621104 1547047
1790929237 896000 1925797
1790929242 1107104 2216226
1790929247 1401808 2578520
1790929252 1704368 2896603
1790929257 2071808 3291457
1790929262 2440144 3679225
1790929267 2819936 4079664
1790929273 3129776 4406405
1790929278 3533168 4838531
1790929283 3937712 5264322
1790929288 4253296 5596917
1790929293 4730288 6078304
1790929298 5092944 6441320
1790929303 5486848 6835608
1790929308 5863824 7212945
1790929313 6159616 7509018
1790929318 6493968 7843708
1790929323 6893232 8251112
1790929328 7300736 8659043
1790929333 7693920 9052651
1790929338 8112064 9471202
1790929343 8600752 9960412
1790929349 8988224 10348248
1790929354 9374352 10734779
1790929359 9797632 11158466
1790929364 10109088 11470228
1790929369 10455200 11816680
1790929374 10820160 12182038
1790929379 11181632 12543880
1790929384 11626704 12989372
1790929389 12057104 13420173
1790929394 12411552 13775000
1790929399 12796448 14160301
1790929404 13160448 14524698
1790929410 13616064 14980765
1790929415 14044464 15409639
1790929420 14482976 15848551
1790929425 14787840 16153714
1790929430 15057392 16423580
1790929435 15338272 16704702
1790929440 15738192 17105039
1790929445 16128976 17496226
1790929450 16442784 17810316
1790929455 16789072 18156977
1790929460 17197392 18565675
1790929465 17531392 18900013
1790929470 17908816 19277780
1790929475 18277712 19647090
1790929481 18694048 20063881
1790929486 19044688 20414869
1790929491 19386592 20757164
1790929496 19837744 21208713
1790929501 20195552 21566884
1790929506 20552864 21924568
1790929511 20991408 22363529
1790929516 21013392 22385531
1790929521 21013392 22385531
1790929526 21013392 22385531
