1790863059 0 0
1790863064 0 0
1790863069 0 0
1790863075 0 0
1790863080 0 0
1790863085 0 0
1790863090 0 0
1790863095 0 0
1790863100 0 0
1790863105 0 0
1790863110 0 0
1790863115 6960 192372
1790863120 55664 391757
1790863125 97872 554814
1790863130 153600 747241
1790863135 250544 945373
1790863140 321072 1064546
1790863145 419120 1249210
1790863150 532320 1479571
1790863155 659680 1651159
1790863160 917664 1910031
1790863166 2322992 3317167
1790863171 3475872 4656667
1790863176 4715392 5993127
1790863181 5532384 6854341
1790863186 5577392 6899401
1790863192 5798384 7120589
1790863197 5990640 7313057
1790863202 6190272 7512892
1790863207 6323008 7645731
1790863212 6484352 7807267
1790863217 6714080 8037189
1790863222 6846576 8169864
1790863227 7054976 8378479
1790863232 7196336 8519979
1790863237 7883744 9208088
1790863242 9364592 10690480
1790863248 10689280 12016514
1790863253 11995120 13323672
1790863258 12379648 13708682
1790863263 12379648 13708682
