load 3.77 181.56 342.20
router-epp-5d47b4b8-chvbn   envoy-proxy   22m    61Mi   
router-epp-5d47b4b8-chvbn   epp           29m    14Mi   
load 3.72 175.70 338.57
router-epp-5d47b4b8-chvbn   envoy-proxy   22m    61Mi   
router-epp-5d47b4b8-chvbn   epp           29m    14Mi   
load 4.90 170.28 335.06
inference-perf-hot-grhpt    inference-perf   331m   86Mi   
inference-perf-st98n        inference-perf   421m   78Mi   
router-epp-5d47b4b8-chvbn   envoy-proxy      5m     62Mi   
router-epp-5d47b4b8-chvbn   epp              22m    15Mi   
load 4.29 164.70 331.48
inference-perf-hot-grhpt    inference-perf   331m   86Mi    
inference-perf-st98n        inference-perf   312m   206Mi   
router-epp-5d47b4b8-chvbn   envoy-proxy      5m     62Mi    
router-epp-5d47b4b8-chvbn   epp              19m    15Mi    
load 4.31 159.43 327.98
inference-perf-hot-grhpt    inference-perf   331m   86Mi    
inference-perf-st98n        inference-perf   312m   206Mi   
router-epp-5d47b4b8-chvbn   envoy-proxy      5m     62Mi    
router-epp-5d47b4b8-chvbn   epp              19m    15Mi    
load 3.80 154.21 324.48
inference-perf-hot-grhpt    inference-perf   328m   319Mi   
inference-perf-st98n        inference-perf   623m   309Mi   
router-epp-5d47b4b8-chvbn   envoy-proxy      49m    65Mi    
router-epp-5d47b4b8-chvbn   epp              28m    16Mi    
load 3.61 149.22 321.03
inference-perf-hot-grhpt    inference-perf   232m   468Mi   
inference-perf-st98n        inference-perf   997m   366Mi   
router-epp-5d47b4b8-chvbn   envoy-proxy      81m    67Mi    
router-epp-5d47b4b8-chvbn   epp              42m    16Mi    
load 3.44 144.38 317.61
inference-perf-hot-grhpt    inference-perf   232m   468Mi   
inference-perf-st98n        inference-perf   997m   366Mi   
router-epp-5d47b4b8-chvbn   envoy-proxy      81m    67Mi    
router-epp-5d47b4b8-chvbn   epp              42m    16Mi    
load 3.14 139.68 314.23
inference-perf-hot-grhpt    inference-perf   307m   490Mi   
inference-perf-st98n        inference-perf   998m   421Mi   
router-epp-5d47b4b8-chvbn   envoy-proxy      131m   68Mi    
router-epp-5d47b4b8-chvbn   epp              42m    16Mi    
load 2.65 135.08 310.86
inference-perf-hot-grhpt    inference-perf   262m    505Mi   
inference-perf-st98n        inference-perf   1002m   634Mi   
router-epp-5d47b4b8-chvbn   envoy-proxy      482m    70Mi    
router-epp-5d47b4b8-chvbn   epp              143m    18Mi    
load 3.04 130.80 307.58
inference-perf-hot-grhpt    inference-perf   262m    505Mi   
inference-perf-st98n        inference-perf   1002m   634Mi   
router-epp-5d47b4b8-chvbn   envoy-proxy      482m    70Mi    
router-epp-5d47b4b8-chvbn   epp              143m    18Mi    
load 3.03 126.59 304.32
inference-perf-hot-grhpt    inference-perf   262m   505Mi   
inference-perf-st98n        inference-perf   868m   698Mi   
router-epp-5d47b4b8-chvbn   envoy-proxy      647m   72Mi    
router-epp-5d47b4b8-chvbn   epp              219m   20Mi    
load 3.11 122.53 301.10
inference-perf-hot-grhpt    inference-perf   735m    554Mi   
inference-perf-st98n        inference-perf   1098m   742Mi   
router-epp-5d47b4b8-chvbn   envoy-proxy      860m    73Mi    
router-epp-5d47b4b8-chvbn   epp              226m    21Mi    
load 3.27 118.63 297.91
inference-perf-hot-grhpt    inference-perf   735m    554Mi   
inference-perf-st98n        inference-perf   1098m   742Mi   
router-epp-5d47b4b8-chvbn   envoy-proxy      860m    73Mi    
router-epp-5d47b4b8-chvbn   epp              226m    21Mi    
load 3.62 114.91 294.78
inference-perf-hot-grhpt    inference-perf   780m   590Mi   
inference-perf-st98n        inference-perf   852m   777Mi   
router-epp-5d47b4b8-chvbn   envoy-proxy      727m   74Mi    
router-epp-5d47b4b8-chvbn   epp              226m   21Mi    
load 4.42 111.42 291.72
inference-perf-hot-grhpt    inference-perf   903m   618Mi   
inference-perf-st98n        inference-perf   776m   823Mi   
router-epp-5d47b4b8-chvbn   envoy-proxy      853m   75Mi    
router-epp-5d47b4b8-chvbn   epp              227m   22Mi    
load 5.14 108.04 288.69
inference-perf-hot-grhpt    inference-perf   903m   618Mi   
inference-perf-st98n        inference-perf   776m   823Mi   
router-epp-5d47b4b8-chvbn   envoy-proxy      853m   75Mi    
router-epp-5d47b4b8-chvbn   epp              227m   22Mi    
load 6.85 105.03 285.77
inference-perf-hot-grhpt    inference-perf   978m    683Mi   
inference-perf-st98n        inference-perf   2904m   951Mi   
router-epp-5d47b4b8-chvbn   envoy-proxy      1582m   76Mi    
router-epp-5d47b4b8-chvbn   epp              435m    23Mi    
load 7.36 101.90 282.82
inference-perf-hot-grhpt    inference-perf   965m    715Mi    
inference-perf-st98n        inference-perf   2928m   1055Mi   
router-epp-5d47b4b8-chvbn   envoy-proxy      1527m   77Mi     
router-epp-5d47b4b8-chvbn   epp              430m    24Mi     
load 6.98 98.71 279.84
inference-perf-hot-grhpt    inference-perf   965m    715Mi    
inference-perf-st98n        inference-perf   2928m   1055Mi   
router-epp-5d47b4b8-chvbn   envoy-proxy      1527m   77Mi     
router-epp-5d47b4b8-chvbn   epp              430m    24Mi     
load 7.95 95.89 276.98
inference-perf-hot-grhpt    inference-perf   1034m   744Mi    
inference-perf-st98n        inference-perf   3131m   1171Mi   
router-epp-5d47b4b8-chvbn   envoy-proxy      1638m   78Mi     
router-epp-5d47b4b8-chvbn   epp              455m    24Mi     
load 8.03 93.01 274.10
inference-perf-hot-grhpt    inference-perf   864m    779Mi    
inference-perf-st98n        inference-perf   2713m   1246Mi   
router-epp-5d47b4b8-chvbn   envoy-proxy      1445m   77Mi     
router-epp-5d47b4b8-chvbn   epp              404m    25Mi     
load 8.31 90.27 271.27
inference-perf-hot-grhpt    inference-perf   864m    779Mi    
inference-perf-st98n        inference-perf   2713m   1246Mi   
router-epp-5d47b4b8-chvbn   envoy-proxy      1445m   77Mi     
router-epp-5d47b4b8-chvbn   epp              404m    25Mi     
load 8.22 87.55 268.45
inference-perf-hot-grhpt    inference-perf   979m    816Mi    
inference-perf-st98n        inference-perf   2791m   1345Mi   
router-epp-5d47b4b8-chvbn   envoy-proxy      1532m   78Mi     
router-epp-5d47b4b8-chvbn   epp              440m    25Mi     
load 9.18 85.14 265.73
inference-perf-hot-grhpt    inference-perf   1154m   858Mi    
inference-perf-st98n        inference-perf   2630m   1457Mi   
router-epp-5d47b4b8-chvbn   envoy-proxy      1530m   79Mi     
router-epp-5d47b4b8-chvbn   epp              400m    25Mi     
load 9.74 82.75 263.01
inference-perf-hot-grhpt    inference-perf   1154m   858Mi    
inference-perf-st98n        inference-perf   2630m   1457Mi   
router-epp-5d47b4b8-chvbn   envoy-proxy      1530m   79Mi     
router-epp-5d47b4b8-chvbn   epp              400m    25Mi     
load 10.11 80.42 260.32
inference-perf-hot-grhpt    inference-perf   993m    895Mi    
inference-perf-st98n        inference-perf   3466m   1611Mi   
router-epp-5d47b4b8-chvbn   envoy-proxy      1751m   78Mi     
router-epp-5d47b4b8-chvbn   epp              483m    24Mi     
load 10.79 78.25 257.69
inference-perf-hot-grhpt    inference-perf   933m    925Mi    
inference-perf-st98n        inference-perf   3109m   1730Mi   
router-epp-5d47b4b8-chvbn   envoy-proxy      1645m   78Mi     
router-epp-5d47b4b8-chvbn   epp              464m    25Mi     
load 11.00 76.09 255.06
inference-perf-hot-grhpt    inference-perf   933m    925Mi    
inference-perf-st98n        inference-perf   3109m   1730Mi   
router-epp-5d47b4b8-chvbn   envoy-proxy      1645m   78Mi     
router-epp-5d47b4b8-chvbn   epp              464m    25Mi     
load 12.33 74.22 252.54
inference-perf-hot-grhpt    inference-perf   933m    925Mi    
inference-perf-st98n        inference-perf   3109m   1730Mi   
router-epp-5d47b4b8-chvbn   envoy-proxy      1645m   78Mi     
router-epp-5d47b4b8-chvbn   epp              450m    25Mi     
load 12.44 72.22 249.98
inference-perf-hot-grhpt    inference-perf   810m    973Mi    
inference-perf-st98n        inference-perf   3026m   1863Mi   
router-epp-5d47b4b8-chvbn   envoy-proxy      1666m   79Mi     
router-epp-5d47b4b8-chvbn   epp              454m    26Mi     
load 13.56 70.49 247.51
inference-perf-hot-grhpt    inference-perf   810m    973Mi    
inference-perf-st98n        inference-perf   3026m   1863Mi   
router-epp-5d47b4b8-chvbn   envoy-proxy      1666m   79Mi     
router-epp-5d47b4b8-chvbn   epp              454m    26Mi     
load 12.46 68.38 244.92
inference-perf-hot-grhpt    inference-perf   1768m   1080Mi   
inference-perf-st98n        inference-perf   3251m   2002Mi   
router-epp-5d47b4b8-chvbn   envoy-proxy      2010m   79Mi     
router-epp-5d47b4b8-chvbn   epp              512m    26Mi     
load 14.63 67.00 242.58
inference-perf-hot-grhpt    inference-perf   1495m   1139Mi   
inference-perf-st98n        inference-perf   2582m   2068Mi   
router-epp-5d47b4b8-chvbn   envoy-proxy      1641m   79Mi     
router-epp-5d47b4b8-chvbn   epp              454m    27Mi     
load 16.63 65.70 240.28
inference-perf-hot-grhpt    inference-perf   1495m   1139Mi   
inference-perf-st98n        inference-perf   2582m   2068Mi   
router-epp-5d47b4b8-chvbn   envoy-proxy      1641m   79Mi     
router-epp-5d47b4b8-chvbn   epp              454m    27Mi     
load 17.80 64.34 237.97
inference-perf-hot-grhpt    inference-perf   1495m   1139Mi   
inference-perf-st98n        inference-perf   3730m   2183Mi   
router-epp-5d47b4b8-chvbn   envoy-proxy      1641m   79Mi     
router-epp-5d47b4b8-chvbn   epp              522m    29Mi     
load 18.56 62.96 235.66
inference-perf-hot-grhpt    inference-perf   1596m   1204Mi   
inference-perf-st98n        inference-perf   4455m   2435Mi   
router-epp-5d47b4b8-chvbn   envoy-proxy      2143m   81Mi     
router-epp-5d47b4b8-chvbn   epp              536m    29Mi     
load 20.24 61.87 233.45
inference-perf-hot-grhpt    inference-perf   1656m   1272Mi   
inference-perf-st98n        inference-perf   4658m   2558Mi   
router-epp-5d47b4b8-chvbn   envoy-proxy      2226m   81Mi     
router-epp-5d47b4b8-chvbn   epp              536m    29Mi     
load 20.08 60.48 231.16
inference-perf-hot-grhpt    inference-perf   1656m   1272Mi   
inference-perf-st98n        inference-perf   4658m   2558Mi   
router-epp-5d47b4b8-chvbn   envoy-proxy      2226m   81Mi     
router-epp-5d47b4b8-chvbn   epp              536m    29Mi     
load 21.29 59.41 228.98
inference-perf-hot-grhpt    inference-perf   1570m   1352Mi   
inference-perf-st98n        inference-perf   4672m   2785Mi   
router-epp-5d47b4b8-chvbn   envoy-proxy      2253m   83Mi     
router-epp-5d47b4b8-chvbn   epp              542m    29Mi     
load 21.75 58.24 226.79
inference-perf-hot-grhpt    inference-perf   1811m   1410Mi   
inference-perf-st98n        inference-perf   4757m   2905Mi   
router-epp-5d47b4b8-chvbn   envoy-proxy      2244m   83Mi     
router-epp-5d47b4b8-chvbn   epp              542m    29Mi     
load 22.75 57.25 224.66
inference-perf-hot-grhpt    inference-perf   1811m   1410Mi   
inference-perf-st98n        inference-perf   4757m   2905Mi   
router-epp-5d47b4b8-chvbn   envoy-proxy      2244m   83Mi     
router-epp-5d47b4b8-chvbn   epp              542m    29Mi     
load 23.95 55.82 221.51
inference-perf-hot-grhpt    inference-perf   1562m   1453Mi   
inference-perf-st98n        inference-perf   4627m   3214Mi   
router-epp-5d47b4b8-chvbn   envoy-proxy      2222m   83Mi     
router-epp-5d47b4b8-chvbn   epp              546m    29Mi     
load 25.69 55.13 219.51
inference-perf-hot-grhpt    inference-perf   1597m   1513Mi   
inference-perf-st98n        inference-perf   4735m   3349Mi   
router-epp-5d47b4b8-chvbn   envoy-proxy      2264m   84Mi     
router-epp-5d47b4b8-chvbn   epp              529m    30Mi     
load 27.20 54.48 217.54
inference-perf-hot-grhpt    inference-perf   1597m   1513Mi   
inference-perf-st98n        inference-perf   4735m   3349Mi   
router-epp-5d47b4b8-chvbn   envoy-proxy      2264m   84Mi     
router-epp-5d47b4b8-chvbn   epp              529m    30Mi     
load 27.43 53.64 215.52
inference-perf-hot-grhpt    inference-perf   1521m   1587Mi   
inference-perf-st98n        inference-perf   4730m   3540Mi   
router-epp-5d47b4b8-chvbn   envoy-proxy      2264m   84Mi     
router-epp-5d47b4b8-chvbn   epp              516m    30Mi     
load 26.89 52.67 213.46
inference-perf-hot-grhpt    inference-perf   1521m   1587Mi   
inference-perf-st98n        inference-perf   4705m   3675Mi   
router-epp-5d47b4b8-chvbn   envoy-proxy      2159m   85Mi     
router-epp-5d47b4b8-chvbn   epp              510m    30Mi     
load 24.54 51.31 211.30
inference-perf-hot-grhpt    inference-perf   1521m   1587Mi   
inference-perf-st98n        inference-perf   4705m   3675Mi   
router-epp-5d47b4b8-chvbn   envoy-proxy      2159m   85Mi     
router-epp-5d47b4b8-chvbn   epp              510m    30Mi     
load 23.01 50.10 209.19
inference-perf-st98n        inference-perf   4730m   3884Mi   
router-epp-5d47b4b8-chvbn   envoy-proxy      1997m   86Mi     
router-epp-5d47b4b8-chvbn   epp              507m    30Mi     
load 21.90 48.97 207.12
inference-perf-st98n        inference-perf   4788m   4076Mi   
router-epp-5d47b4b8-chvbn   envoy-proxy      2029m   85Mi     
router-epp-5d47b4b8-chvbn   epp              547m    30Mi     
load 19.06 47.48 204.94
inference-perf-st98n        inference-perf   4788m   4076Mi   
router-epp-5d47b4b8-chvbn   envoy-proxy      2029m   85Mi     
router-epp-5d47b4b8-chvbn   epp              547m    30Mi     
