1790862227 0 0
1790862232 0 0
1790862237 0 0
1790862243 0 0
1790862248 0 0
1790862253 0 0
1790862258 0 0
1790862263 0 0
1790862268 0 0
1790862273 0 0
1790862278 0 0
1790862283 0 14447
1790862288 49472 243142
1790862293 76912 376381
1790862298 111984 503602
1790862303 175200 703167
1790862308 288064 947274
1790862313 393600 1156702
1790862318 521216 1342567
1790862323 634896 1566814
1790862328 704352 1670144
1790862333 1192368 2158628
1790862339 2422128 3392251
1790862344 3659456 4851387
1790862349 4948960 6231488
1790862354 5545952 6868129
1790862359 5663424 6985725
1790862364 5921968 7244510
1790862369 6049072 7371731
1790862375 6211232 7534031
1790862380 6395056 7718025
1790862385 6619696 7942887
1790862390 6828048 8151436
1790862395 6991616 8315141
1790862400 7170496 8494186
1790862405 7214544 8538273
1790862410 8326048 9650829
1790862415 9694160 11020230
1790862420 11104320 12431782
1790862426 12407488 13736258
1790862431 12407488 13736258
1790862436 12407488 13736258
