1790857261 0 0
1790857266 0 0
1790857271 0 0
1790857276 0 0
1790857281 0 0
1790857286 0 0
1790857291 0 0
1790857296 0 0
1790857301 0 0
1790857306 0 0
1790857311 0 0
1790857316 0 148369
1790857321 21088 327295
1790857326 35104 453049
1790857332 97408 659361
1790857337 139648 792876
1790857342 253776 979500
1790857347 409136 1231861
1790857352 464512 1343256
1790857357 647872 1596341
1790857362 790048 1812919
1790857367 994704 2058262
1790857372 1134400 2226835
1790857377 1252752 2353114
1790857382 1777872 2878757
1790857387 2342432 3443888
1790857392 2811200 3913152
1790857397 3240816 4343171
1790857402 3678880 4835360
1790857407 4122432 5324941
1790857413 4705040 5967829
1790857418 5193152 6497056
1790857423 5744224 7100044
1790857428 6307824 7694094
1790857433 6843696 8235888
1790857438 7511296 8904126
1790857443 8082992 9476729
1790857448 8674448 10069443
1790857453 9232160 10628416
1790857458 9792784 11190413
1790857463 10349184 11748149
1790857468 11031328 12431788
1790857473 11572752 12974560
1790857479 12217536 13620463
1790857484 12676160 14079986
1790857489 13270272 14674687
1790857494 13865168 15270219
1790857499 14489424 15895047
1790857504 14963568 16369646
1790857509 15501632 16908614
1790857514 16133744 17549350
1790857519 16703840 18120782
1790857524 17185504 18603803
1790857529 17720304 19139602
1790857534 18275520 19695364
1790857539 18832096 20260255
1790857545 19345648 20774346
1790857550 20021584 21450912
1790857555 20636128 22067058
1790857560 20848768 22279905
1790857565 21708224 23140243
1790857570 22555664 23996726
1790857575 23498256 24940224
1790857580 24295904 25739073
1790857585 25276528 26721018
1790857591 26293328 27738888
1790857596 27324080 28778012
1790857601 28364384 29849307
1790857606 29255712 30741781
1790857612 30112048 31599444
1790857617 31011440 32500071
1790857622 31924464 33414045
1790857627 32962480 34453410
1790857632 33890784 35383011
1790857638 34906912 36400076
1790857643 35773280 37267334
1790857648 36783680 38278787
1790857653 37644496 39140497
1790857658 38711760 40208826
1790857664 39803600 41302084
1790857669 40761056 42260469
1790857674 41732608 43232960
1790857679 42726640 44228098
1790857684 43630544 45133280
1790857690 44581376 46085467
1790857695 45606784 47111861
1790857700 46589968 48096015
1790857705 47548896 49055903
1790857710 48469520 49977511
1790857716 49470016 50979062
1790857721 50428224 51946248
1790857726 51497664 53016666
1790857732 52421104 53941833
1790857737 53611680 55133660
1790857742 54166800 55704351
1790857747 54166800 55704351
1790857752 54166800 55704351
1790857757 54166800 55704351
1790857762 54166800 55704351
