load 5.69 3.25 3.79
router-epp-7fd98bb556-2dmlz   envoy-proxy   9m     13Mi     
router-epp-7fd98bb556-2dmlz   epp           22m    4Mi      
router-epp-7fd98bb556-4j74z   envoy-proxy   9m     13Mi     
router-epp-7fd98bb556-4j74z   epp           19m    4Mi      
load 4.97 3.17 3.76
router-epp-7fd98bb556-2dmlz   envoy-proxy   9m     13Mi     
router-epp-7fd98bb556-2dmlz   epp           22m    4Mi      
router-epp-7fd98bb556-4j74z   envoy-proxy   9m     13Mi     
router-epp-7fd98bb556-4j74z   epp           19m    4Mi      
load 4.36 3.10 3.73
inference-perf-pnx5h          inference-perf   834m   227Mi    
router-epp-7fd98bb556-2dmlz   envoy-proxy      3m     13Mi     
router-epp-7fd98bb556-2dmlz   epp              16m    3Mi      
router-epp-7fd98bb556-4j74z   envoy-proxy      4m     13Mi     
router-epp-7fd98bb556-4j74z   epp              20m    4Mi      
load 3.84 3.03 3.70
inference-perf-pnx5h          inference-perf   998m   300Mi    
router-epp-7fd98bb556-2dmlz   envoy-proxy      3m     13Mi     
router-epp-7fd98bb556-2dmlz   epp              12m    3Mi      
router-epp-7fd98bb556-4j74z   envoy-proxy      3m     14Mi     
router-epp-7fd98bb556-4j74z   epp              13m    4Mi      
load 3.49 2.98 3.68
inference-perf-pnx5h          inference-perf   998m   300Mi    
router-epp-7fd98bb556-2dmlz   envoy-proxy      3m     13Mi     
router-epp-7fd98bb556-2dmlz   epp              12m    3Mi      
router-epp-7fd98bb556-4j74z   envoy-proxy      3m     14Mi     
router-epp-7fd98bb556-4j74z   epp              13m    4Mi      
load 3.34 2.96 3.67
inference-perf-pnx5h          inference-perf   998m   300Mi    
router-epp-7fd98bb556-2dmlz   envoy-proxy      3m     14Mi     
router-epp-7fd98bb556-2dmlz   epp              12m    4Mi      
router-epp-7fd98bb556-4j74z   envoy-proxy      2m     14Mi     
router-epp-7fd98bb556-4j74z   epp              11m    4Mi      
load 2.98 2.90 3.64
inference-perf-pnx5h          inference-perf   924m   556Mi    
router-epp-7fd98bb556-2dmlz   envoy-proxy      72m    17Mi     
router-epp-7fd98bb556-2dmlz   epp              12m    4Mi      
router-epp-7fd98bb556-4j74z   envoy-proxy      129m   18Mi     
router-epp-7fd98bb556-4j74z   epp              11m    4Mi      
load 2.84 2.87 3.62
inference-perf-pnx5h          inference-perf   924m   556Mi    
router-epp-7fd98bb556-2dmlz   envoy-proxy      72m    17Mi     
router-epp-7fd98bb556-2dmlz   epp              12m    4Mi      
router-epp-7fd98bb556-4j74z   envoy-proxy      129m   18Mi     
router-epp-7fd98bb556-4j74z   epp              11m    4Mi      
load 3.08 2.92 3.63
inference-perf-pnx5h          inference-perf   1303m   632Mi    
router-epp-7fd98bb556-2dmlz   envoy-proxy      417m    23Mi     
router-epp-7fd98bb556-2dmlz   epp              133m    8Mi      
router-epp-7fd98bb556-4j74z   envoy-proxy      174m    19Mi     
router-epp-7fd98bb556-4j74z   epp              76m     6Mi      
load 3.60 3.04 3.66
inference-perf-pnx5h          inference-perf   1324m   677Mi    
router-epp-7fd98bb556-2dmlz   envoy-proxy      417m    23Mi     
router-epp-7fd98bb556-2dmlz   epp              148m    9Mi      
router-epp-7fd98bb556-4j74z   envoy-proxy      180m    21Mi     
router-epp-7fd98bb556-4j74z   epp              84m     7Mi      
load 3.64 3.07 3.66
inference-perf-pnx5h          inference-perf   1324m   677Mi    
router-epp-7fd98bb556-2dmlz   envoy-proxy      417m    23Mi     
router-epp-7fd98bb556-2dmlz   epp              148m    9Mi      
router-epp-7fd98bb556-4j74z   envoy-proxy      180m    21Mi     
router-epp-7fd98bb556-4j74z   epp              84m     7Mi      
load 5.57 3.54 3.81
inference-perf-pnx5h          inference-perf   1229m   724Mi    
router-epp-7fd98bb556-2dmlz   envoy-proxy      435m    25Mi     
router-epp-7fd98bb556-2dmlz   epp              152m    10Mi     
router-epp-7fd98bb556-4j74z   envoy-proxy      194m    20Mi     
router-epp-7fd98bb556-4j74z   epp              78m     8Mi      
load 8.30 4.18 4.02
inference-perf-pnx5h          inference-perf   1084m   784Mi    
router-epp-7fd98bb556-2dmlz   envoy-proxy      299m    25Mi     
router-epp-7fd98bb556-2dmlz   epp              215m    11Mi     
router-epp-7fd98bb556-4j74z   envoy-proxy      197m    21Mi     
router-epp-7fd98bb556-4j74z   epp              139m    9Mi      
load 8.53 4.37 4.08
inference-perf-pnx5h          inference-perf   1084m   784Mi    
router-epp-7fd98bb556-2dmlz   envoy-proxy      299m    25Mi     
router-epp-7fd98bb556-2dmlz   epp              215m    11Mi     
router-epp-7fd98bb556-4j74z   envoy-proxy      197m    21Mi     
router-epp-7fd98bb556-4j74z   epp              139m    9Mi      
load 11.53 5.15 4.34
inference-perf-pnx5h          inference-perf   3476m   942Mi    
router-epp-7fd98bb556-2dmlz   envoy-proxy      1086m   26Mi     
router-epp-7fd98bb556-2dmlz   epp              333m    11Mi     
router-epp-7fd98bb556-4j74z   envoy-proxy      704m    24Mi     
router-epp-7fd98bb556-4j74z   epp              266m    10Mi     
load 10.84 5.21 4.37
inference-perf-pnx5h          inference-perf   3911m   1099Mi   
router-epp-7fd98bb556-2dmlz   envoy-proxy      941m    26Mi     
router-epp-7fd98bb556-2dmlz   epp              311m    12Mi     
router-epp-7fd98bb556-4j74z   envoy-proxy      724m    25Mi     
router-epp-7fd98bb556-4j74z   epp              262m    11Mi     
load 10.26 5.27 4.39
inference-perf-pnx5h          inference-perf   3911m   1099Mi   
router-epp-7fd98bb556-2dmlz   envoy-proxy      941m    26Mi     
router-epp-7fd98bb556-2dmlz   epp              311m    12Mi     
router-epp-7fd98bb556-4j74z   envoy-proxy      724m    25Mi     
router-epp-7fd98bb556-4j74z   epp              262m    11Mi     
load 10.61 5.51 4.48
inference-perf-pnx5h          inference-perf   4272m   1242Mi   
router-epp-7fd98bb556-2dmlz   envoy-proxy      1072m   27Mi     
router-epp-7fd98bb556-2dmlz   epp              348m    13Mi     
router-epp-7fd98bb556-4j74z   envoy-proxy      847m    26Mi     
router-epp-7fd98bb556-4j74z   epp              276m    11Mi     
load 11.22 5.81 4.59
inference-perf-pnx5h          inference-perf   3976m   1379Mi   
router-epp-7fd98bb556-2dmlz   envoy-proxy      901m    27Mi     
router-epp-7fd98bb556-2dmlz   epp              320m    13Mi     
router-epp-7fd98bb556-4j74z   envoy-proxy      805m    27Mi     
router-epp-7fd98bb556-4j74z   epp              276m    11Mi     
load 11.41 6.03 4.67
inference-perf-pnx5h          inference-perf   3976m   1379Mi   
router-epp-7fd98bb556-2dmlz   envoy-proxy      901m    27Mi     
router-epp-7fd98bb556-2dmlz   epp              320m    13Mi     
router-epp-7fd98bb556-4j74z   envoy-proxy      805m    27Mi     
router-epp-7fd98bb556-4j74z   epp              276m    11Mi     
load 11.42 6.21 4.75
inference-perf-pnx5h          inference-perf   3514m   1498Mi   
router-epp-7fd98bb556-2dmlz   envoy-proxy      962m    27Mi     
router-epp-7fd98bb556-2dmlz   epp              286m    13Mi     
router-epp-7fd98bb556-4j74z   envoy-proxy      703m    26Mi     
router-epp-7fd98bb556-4j74z   epp              254m    12Mi     
load 11.94 6.48 4.85
inference-perf-pnx5h          inference-perf   3880m   1633Mi   
router-epp-7fd98bb556-2dmlz   envoy-proxy      988m    27Mi     
router-epp-7fd98bb556-2dmlz   epp              314m    13Mi     
router-epp-7fd98bb556-4j74z   envoy-proxy      738m    26Mi     
router-epp-7fd98bb556-4j74z   epp              252m    12Mi     
load 12.00 6.68 4.94
inference-perf-pnx5h          inference-perf   3880m   1633Mi   
router-epp-7fd98bb556-2dmlz   envoy-proxy      988m    27Mi     
router-epp-7fd98bb556-2dmlz   epp              314m    13Mi     
router-epp-7fd98bb556-4j74z   envoy-proxy      738m    26Mi     
router-epp-7fd98bb556-4j74z   epp              252m    12Mi     
load 11.16 6.67 4.95
inference-perf-pnx5h          inference-perf   3828m   1740Mi   
router-epp-7fd98bb556-2dmlz   envoy-proxy      981m    27Mi     
router-epp-7fd98bb556-2dmlz   epp              322m    14Mi     
router-epp-7fd98bb556-4j74z   envoy-proxy      777m    27Mi     
router-epp-7fd98bb556-4j74z   epp              249m    13Mi     
load 10.19 6.62 4.95
inference-perf-pnx5h          inference-perf   4155m   1893Mi   
router-epp-7fd98bb556-2dmlz   envoy-proxy      1081m   27Mi     
router-epp-7fd98bb556-2dmlz   epp              333m    14Mi     
router-epp-7fd98bb556-4j74z   envoy-proxy      811m    27Mi     
router-epp-7fd98bb556-4j74z   epp              280m    13Mi     
load 9.41 6.57 4.95
inference-perf-pnx5h          inference-perf   4155m   1893Mi   
router-epp-7fd98bb556-2dmlz   envoy-proxy      1081m   27Mi     
router-epp-7fd98bb556-2dmlz   epp              333m    14Mi     
router-epp-7fd98bb556-4j74z   envoy-proxy      811m    27Mi     
router-epp-7fd98bb556-4j74z   epp              280m    13Mi     
load 9.85 6.75 5.03
inference-perf-pnx5h          inference-perf   3941m   2011Mi   
router-epp-7fd98bb556-2dmlz   envoy-proxy      967m    28Mi     
router-epp-7fd98bb556-2dmlz   epp              333m    14Mi     
router-epp-7fd98bb556-4j74z   envoy-proxy      762m    27Mi     
router-epp-7fd98bb556-4j74z   epp              262m    13Mi     
load 9.26 6.72 5.04
inference-perf-pnx5h          inference-perf   3674m   2170Mi   
router-epp-7fd98bb556-2dmlz   envoy-proxy      938m    27Mi     
router-epp-7fd98bb556-2dmlz   epp              291m    14Mi     
router-epp-7fd98bb556-4j74z   envoy-proxy      748m    27Mi     
router-epp-7fd98bb556-4j74z   epp              262m    13Mi     
load 9.93 6.95 5.13
inference-perf-pnx5h          inference-perf   3674m   2170Mi   
router-epp-7fd98bb556-2dmlz   envoy-proxy      938m    27Mi     
router-epp-7fd98bb556-2dmlz   epp              291m    14Mi     
router-epp-7fd98bb556-4j74z   envoy-proxy      748m    27Mi     
router-epp-7fd98bb556-4j74z   epp              262m    13Mi     
load 9.29 6.91 5.14
inference-perf-pnx5h          inference-perf   4025m   2325Mi   
router-epp-7fd98bb556-2dmlz   envoy-proxy      986m    28Mi     
router-epp-7fd98bb556-2dmlz   epp              312m    14Mi     
router-epp-7fd98bb556-4j74z   envoy-proxy      748m    27Mi     
router-epp-7fd98bb556-4j74z   epp              259m    13Mi     
load 13.39 7.86 5.47
inference-perf-pnx5h          inference-perf   3214m   2518Mi   
router-epp-7fd98bb556-2dmlz   envoy-proxy      703m    29Mi     
router-epp-7fd98bb556-2dmlz   epp              317m    14Mi     
router-epp-7fd98bb556-4j74z   envoy-proxy      792m    27Mi     
router-epp-7fd98bb556-4j74z   epp              215m    13Mi     
load 16.54 8.72 5.77
inference-perf-pnx5h          inference-perf   3214m   2518Mi   
router-epp-7fd98bb556-2dmlz   envoy-proxy      703m    29Mi     
router-epp-7fd98bb556-2dmlz   epp              317m    14Mi     
router-epp-7fd98bb556-4j74z   envoy-proxy      792m    27Mi     
router-epp-7fd98bb556-4j74z   epp              215m    13Mi     
load 19.62 9.63 6.10
inference-perf-pnx5h          inference-perf   5934m   2694Mi   
router-epp-7fd98bb556-2dmlz   envoy-proxy      1299m   29Mi     
router-epp-7fd98bb556-2dmlz   epp              289m    15Mi     
router-epp-7fd98bb556-4j74z   envoy-proxy      932m    28Mi     
router-epp-7fd98bb556-4j74z   epp              361m    15Mi     
load 21.56 10.39 6.39
inference-perf-pnx5h          inference-perf   5827m   2972Mi   
router-epp-7fd98bb556-2dmlz   envoy-proxy      1246m   29Mi     
router-epp-7fd98bb556-2dmlz   epp              364m    15Mi     
router-epp-7fd98bb556-4j74z   envoy-proxy      1263m   29Mi     
router-epp-7fd98bb556-4j74z   epp              347m    16Mi     
load 25.35 11.57 6.81
inference-perf-pnx5h          inference-perf   5827m   2972Mi   
router-epp-7fd98bb556-2dmlz   envoy-proxy      1246m   29Mi     
router-epp-7fd98bb556-2dmlz   epp              364m    15Mi     
router-epp-7fd98bb556-4j74z   envoy-proxy      1263m   29Mi     
router-epp-7fd98bb556-4j74z   epp              347m    16Mi     
load 26.56 12.29 7.10
inference-perf-pnx5h          inference-perf   5869m   3137Mi   
router-epp-7fd98bb556-2dmlz   envoy-proxy      1246m   29Mi     
router-epp-7fd98bb556-2dmlz   epp              348m    15Mi     
router-epp-7fd98bb556-4j74z   envoy-proxy      1258m   30Mi     
router-epp-7fd98bb556-4j74z   epp              347m    16Mi     
load 27.34 12.93 7.36
inference-perf-pnx5h          inference-perf   5992m   3405Mi   
router-epp-7fd98bb556-2dmlz   envoy-proxy      1269m   30Mi     
router-epp-7fd98bb556-2dmlz   epp              346m    16Mi     
router-epp-7fd98bb556-4j74z   envoy-proxy      1276m   30Mi     
router-epp-7fd98bb556-4j74z   epp              350m    16Mi     
load 28.61 13.67 7.67
inference-perf-pnx5h          inference-perf   5992m   3405Mi   
router-epp-7fd98bb556-2dmlz   envoy-proxy      1269m   30Mi     
router-epp-7fd98bb556-2dmlz   epp              346m    16Mi     
router-epp-7fd98bb556-4j74z   envoy-proxy      1276m   30Mi     
router-epp-7fd98bb556-4j74z   epp              350m    16Mi     
load 28.85 14.21 7.91
inference-perf-pnx5h          inference-perf   5924m   3665Mi   
router-epp-7fd98bb556-2dmlz   envoy-proxy      1269m   30Mi     
router-epp-7fd98bb556-2dmlz   epp              363m    16Mi     
router-epp-7fd98bb556-4j74z   envoy-proxy      1307m   30Mi     
router-epp-7fd98bb556-4j74z   epp              370m    16Mi     
load 29.86 14.93 8.21
inference-perf-pnx5h          inference-perf   5945m   3858Mi   
router-epp-7fd98bb556-2dmlz   envoy-proxy      1298m   30Mi     
router-epp-7fd98bb556-2dmlz   epp              377m    16Mi     
router-epp-7fd98bb556-4j74z   envoy-proxy      1305m   30Mi     
router-epp-7fd98bb556-4j74z   epp              371m    16Mi     
load 30.66 15.59 8.49
inference-perf-pnx5h          inference-perf   5945m   3858Mi   
router-epp-7fd98bb556-2dmlz   envoy-proxy      1298m   30Mi     
router-epp-7fd98bb556-2dmlz   epp              377m    16Mi     
router-epp-7fd98bb556-4j74z   envoy-proxy      1305m   30Mi     
router-epp-7fd98bb556-4j74z   epp              371m    16Mi     
load 31.17 16.19 8.77
inference-perf-pnx5h          inference-perf   6026m   4142Mi   
router-epp-7fd98bb556-2dmlz   envoy-proxy      1284m   30Mi     
router-epp-7fd98bb556-2dmlz   epp              369m    16Mi     
router-epp-7fd98bb556-4j74z   envoy-proxy      1312m   30Mi     
router-epp-7fd98bb556-4j74z   epp              371m    16Mi     
load 30.22 16.49 8.94
inference-perf-pnx5h          inference-perf   5837m   4296Mi   
router-epp-7fd98bb556-2dmlz   envoy-proxy      1297m   30Mi     
router-epp-7fd98bb556-2dmlz   epp              370m    16Mi     
router-epp-7fd98bb556-4j74z   envoy-proxy      1312m   30Mi     
router-epp-7fd98bb556-4j74z   epp              373m    16Mi     
load 30.88 17.08 9.22
inference-perf-pnx5h          inference-perf   5837m   4296Mi   
router-epp-7fd98bb556-2dmlz   envoy-proxy      1297m   30Mi     
router-epp-7fd98bb556-2dmlz   epp              370m    16Mi     
router-epp-7fd98bb556-4j74z   envoy-proxy      1312m   30Mi     
router-epp-7fd98bb556-4j74z   epp              373m    16Mi     
load 32.11 17.80 9.54
inference-perf-pnx5h          inference-perf   5980m   4530Mi   
router-epp-7fd98bb556-2dmlz   envoy-proxy      1274m   30Mi     
router-epp-7fd98bb556-2dmlz   epp              370m    16Mi     
router-epp-7fd98bb556-4j74z   envoy-proxy      1296m   30Mi     
router-epp-7fd98bb556-4j74z   epp              370m    16Mi     
load 32.35 18.33 9.80
inference-perf-pnx5h          inference-perf   5866m   4699Mi   
router-epp-7fd98bb556-2dmlz   envoy-proxy      1251m   31Mi     
router-epp-7fd98bb556-2dmlz   epp              371m    16Mi     
router-epp-7fd98bb556-4j74z   envoy-proxy      1308m   31Mi     
router-epp-7fd98bb556-4j74z   epp              358m    17Mi     
load 33.70 19.08 10.13
inference-perf-pnx5h          inference-perf   5866m   4699Mi   
router-epp-7fd98bb556-2dmlz   envoy-proxy      1251m   31Mi     
router-epp-7fd98bb556-2dmlz   epp              371m    16Mi     
router-epp-7fd98bb556-4j74z   envoy-proxy      1308m   31Mi     
router-epp-7fd98bb556-4j74z   epp              358m    17Mi     
load 32.76 19.36 10.32
inference-perf-pnx5h          inference-perf   5817m   5123Mi   
router-epp-7fd98bb556-2dmlz   envoy-proxy      1230m   31Mi     
router-epp-7fd98bb556-2dmlz   epp              342m    16Mi     
router-epp-7fd98bb556-4j74z   envoy-proxy      1237m   31Mi     
router-epp-7fd98bb556-4j74z   epp              350m    17Mi     
load 27.88 18.75 10.22
inference-perf-pnx5h          inference-perf   5129m   5255Mi   
router-epp-7fd98bb556-2dmlz   envoy-proxy      993m    31Mi     
router-epp-7fd98bb556-2dmlz   epp              344m    16Mi     
router-epp-7fd98bb556-4j74z   envoy-proxy      1287m   31Mi     
router-epp-7fd98bb556-4j74z   epp              350m    17Mi     
