1790935663 0 0
1790935668 0 0
1790935673 0 0
1790935678 0 0
1790935683 0 0
1790935688 0 0
1790935693 0 0
1790935698 0 0
1790935703 0 0
1790935708 0 0
1790935713 0 0
1790935718 0 36778
1790935723 0 51868
1790935728 0 110920
1790935734 110816 318953
1790935739 187440 739861
1790935744 328480 1111817
1790935749 562288 1484173
1790935754 909824 1924296
1790935759 1186368 2282615
1790935764 1518880 2662889
1790935769 1861984 3062347
1790935774 2171024 3387459
1790935779 2458688 3705838
1790935784 2742256 4004227
1790935789 3101120 4382320
1790935794 3475008 4776091
1790935799 3748816 5065106
1790935804 4114864 5458206
1790935809 4534000 5889109
1790935815 4888496 6243980
1790935820 5273328 6629253
1790935825 5675920 7032215
1790935830 5988560 7345187
1790935835 6316240 7673195
1790935840 6764960 8122338
1790935845 7200128 8557999
1790935850 7613760 8972058
1790935855 8029168 9387890
1790935860 8355296 9714348
1790935865 8771600 10131096
1790935870 9127024 10486885
1790935875 9467776 10850035
1790935880 9719952 11102488
1790935885 10090656 11473562
1790935890 10423424 11806685
1790935895 10778528 12162203
1790935901 11024160 12408077
1790935906 11494288 12878666
1790935911 11792640 13177308
1790935916 12120416 13505410
1790935921 12462784 13848135
1790935926 12891648 14277441
1790935931 13327104 14713388
1790935936 13675376 15061993
1790935941 14001840 15388777
1790935946 14374016 15761358
1790935951 14773120 16160865
1790935956 15129424 16517539
1790935961 15543760 16932308
1790935966 15965968 17354940
1790935971 16372672 17762116
1790935976 16670016 18059750
1790935981 17036688 18426777
1790935987 17505776 18896336
1790935992 17848960 19239850
1790935997 18233424 19624735
1790936002 18706112 20097927
1790936007 19098896 20498419
1790936012 19425200 20825044
1790936017 20048096 21448947
1790936025 20455840 21857095
1790936030 20878048 22279727
1790936035 20989728 22391544
1790936040 20989728 22391544
1790936045 20989728 22391544
1790936050 20989728 22391544
1790936055 20989728 22391544
1790936060 20989728 22391544
