load 12.14 18.63 14.25
load 10.80 18.13 14.13
inference-perf-fzcfg        inference-perf   862m   157Mi    
inference-perf-hot-2s5z2    inference-perf   878m   188Mi    
router-epp-5d47b4b8-pkkj2   envoy-proxy      3m     13Mi     
router-epp-5d47b4b8-pkkj2   epp              17m    3Mi      
load 9.59 17.63 14.01
inference-perf-fzcfg        inference-perf   862m   157Mi    
inference-perf-hot-2s5z2    inference-perf   878m   188Mi    
router-epp-5d47b4b8-pkkj2   envoy-proxy      3m     13Mi     
router-epp-5d47b4b8-pkkj2   epp              17m    3Mi      
load 8.49 17.13 13.89
inference-perf-fzcfg        inference-perf   990m   247Mi    
inference-perf-hot-2s5z2    inference-perf   265m   316Mi    
router-epp-5d47b4b8-pkkj2   envoy-proxy      3m     13Mi     
router-epp-5d47b4b8-pkkj2   epp              17m    3Mi      
load 7.34 16.60 13.75
inference-perf-fzcfg        inference-perf   998m   311Mi    
inference-perf-hot-2s5z2    inference-perf   242m   381Mi    
router-epp-5d47b4b8-pkkj2   envoy-proxy      126m   20Mi     
router-epp-5d47b4b8-pkkj2   epp              41m    6Mi      
load 6.53 16.12 13.62
inference-perf-fzcfg        inference-perf   998m   311Mi    
inference-perf-hot-2s5z2    inference-perf   242m   381Mi    
router-epp-5d47b4b8-pkkj2   envoy-proxy      126m   20Mi     
router-epp-5d47b4b8-pkkj2   epp              41m    6Mi      
load 6.39 15.77 13.54
inference-perf-fzcfg        inference-perf   853m   534Mi    
inference-perf-hot-2s5z2    inference-perf   272m   405Mi    
router-epp-5d47b4b8-pkkj2   envoy-proxy      157m   21Mi     
router-epp-5d47b4b8-pkkj2   epp              58m    5Mi      
load 6.10 15.40 13.44
inference-perf-fzcfg        inference-perf   890m   602Mi    
inference-perf-hot-2s5z2    inference-perf   295m   418Mi    
router-epp-5d47b4b8-pkkj2   envoy-proxy      321m   23Mi     
router-epp-5d47b4b8-pkkj2   epp              141m   7Mi      
load 5.70 15.01 13.33
inference-perf-fzcfg        inference-perf   890m   602Mi    
inference-perf-hot-2s5z2    inference-perf   295m   418Mi    
router-epp-5d47b4b8-pkkj2   envoy-proxy      321m   23Mi     
router-epp-5d47b4b8-pkkj2   epp              141m   7Mi      
load 4.90 14.53 13.20
inference-perf-fzcfg        inference-perf   890m   602Mi    
inference-perf-hot-2s5z2    inference-perf   368m   431Mi    
router-epp-5d47b4b8-pkkj2   envoy-proxy      577m   25Mi     
router-epp-5d47b4b8-pkkj2   epp              188m   9Mi      
load 4.70 14.16 13.09
inference-perf-fzcfg        inference-perf   1134m   657Mi    
inference-perf-hot-2s5z2    inference-perf   742m    459Mi    
router-epp-5d47b4b8-pkkj2   envoy-proxy      784m    26Mi     
router-epp-5d47b4b8-pkkj2   epp              244m    10Mi     
load 4.51 13.81 12.99
inference-perf-fzcfg        inference-perf   1134m   657Mi    
inference-perf-hot-2s5z2    inference-perf   742m    459Mi    
router-epp-5d47b4b8-pkkj2   envoy-proxy      784m    26Mi     
router-epp-5d47b4b8-pkkj2   epp              244m    10Mi     
load 5.17 13.65 12.95
inference-perf-fzcfg        inference-perf   983m   706Mi    
inference-perf-hot-2s5z2    inference-perf   699m   498Mi    
router-epp-5d47b4b8-pkkj2   envoy-proxy      756m   27Mi     
router-epp-5d47b4b8-pkkj2   epp              215m   11Mi     
load 5.07 13.35 12.85
inference-perf-fzcfg        inference-perf   1845m   796Mi    
inference-perf-hot-2s5z2    inference-perf   1117m   550Mi    
router-epp-5d47b4b8-pkkj2   envoy-proxy      1236m   29Mi     
router-epp-5d47b4b8-pkkj2   epp              305m    13Mi     
load 5.71 13.21 12.81
inference-perf-fzcfg        inference-perf   1845m   796Mi    
inference-perf-hot-2s5z2    inference-perf   1117m   550Mi    
router-epp-5d47b4b8-pkkj2   envoy-proxy      1236m   29Mi     
router-epp-5d47b4b8-pkkj2   epp              305m    13Mi     
load 7.56 13.37 12.87
inference-perf-fzcfg        inference-perf   3026m   947Mi    
inference-perf-hot-2s5z2    inference-perf   1117m   550Mi    
router-epp-5d47b4b8-pkkj2   envoy-proxy      1613m   29Mi     
router-epp-5d47b4b8-pkkj2   epp              435m    13Mi     
load 7.76 13.22 12.83
inference-perf-fzcfg        inference-perf   2902m   1042Mi   
inference-perf-hot-2s5z2    inference-perf   1022m   596Mi    
router-epp-5d47b4b8-pkkj2   envoy-proxy      1613m   29Mi     
router-epp-5d47b4b8-pkkj2   epp              440m    13Mi     
load 8.33 13.16 12.81
inference-perf-fzcfg        inference-perf   2902m   1042Mi   
inference-perf-hot-2s5z2    inference-perf   1022m   596Mi    
router-epp-5d47b4b8-pkkj2   envoy-proxy      1613m   29Mi     
router-epp-5d47b4b8-pkkj2   epp              440m    13Mi     
load 8.82 13.11 12.80
inference-perf-fzcfg        inference-perf   3404m   1173Mi   
inference-perf-hot-2s5z2    inference-perf   931m    657Mi    
router-epp-5d47b4b8-pkkj2   envoy-proxy      1535m   29Mi     
router-epp-5d47b4b8-pkkj2   epp              475m    14Mi     
load 8.16 12.82 12.71
inference-perf-fzcfg        inference-perf   3404m   1173Mi   
inference-perf-hot-2s5z2    inference-perf   955m    679Mi    
router-epp-5d47b4b8-pkkj2   envoy-proxy      1587m   30Mi     
router-epp-5d47b4b8-pkkj2   epp              428m    14Mi     
load 8.69 12.78 12.70
inference-perf-fzcfg        inference-perf   2754m   1282Mi   
inference-perf-hot-2s5z2    inference-perf   758m    707Mi    
router-epp-5d47b4b8-pkkj2   envoy-proxy      1508m   31Mi     
router-epp-5d47b4b8-pkkj2   epp              428m    14Mi     
load 8.68 12.64 12.65
inference-perf-fzcfg        inference-perf   2754m   1282Mi   
inference-perf-hot-2s5z2    inference-perf   758m    707Mi    
router-epp-5d47b4b8-pkkj2   envoy-proxy      1508m   31Mi     
router-epp-5d47b4b8-pkkj2   epp              428m    14Mi     
load 8.28 12.42 12.58
inference-perf-fzcfg        inference-perf   3110m   1416Mi   
inference-perf-hot-2s5z2    inference-perf   881m    731Mi    
router-epp-5d47b4b8-pkkj2   envoy-proxy      1634m   31Mi     
router-epp-5d47b4b8-pkkj2   epp              435m    15Mi     
load 10.76 12.82 12.71
inference-perf-fzcfg        inference-perf   2811m   1527Mi   
inference-perf-hot-2s5z2    inference-perf   1099m   762Mi    
router-epp-5d47b4b8-pkkj2   envoy-proxy      1634m   31Mi     
router-epp-5d47b4b8-pkkj2   epp              441m    15Mi     
load 9.50 12.48 12.60
inference-perf-fzcfg        inference-perf   2811m   1527Mi   
inference-perf-hot-2s5z2    inference-perf   1099m   762Mi    
router-epp-5d47b4b8-pkkj2   envoy-proxy      1634m   31Mi     
router-epp-5d47b4b8-pkkj2   epp              441m    15Mi     
load 11.15 12.74 12.68
inference-perf-fzcfg        inference-perf   3040m   1656Mi   
inference-perf-hot-2s5z2    inference-perf   1075m   806Mi    
router-epp-5d47b4b8-pkkj2   envoy-proxy      1572m   30Mi     
router-epp-5d47b4b8-pkkj2   epp              448m    15Mi     
load 10.38 12.52 12.61
inference-perf-fzcfg        inference-perf   2889m   1753Mi   
inference-perf-hot-2s5z2    inference-perf   1089m   849Mi    
router-epp-5d47b4b8-pkkj2   envoy-proxy      1569m   31Mi     
router-epp-5d47b4b8-pkkj2   epp              446m    15Mi     
load 11.36 12.65 12.65
inference-perf-fzcfg        inference-perf   2889m   1753Mi   
inference-perf-hot-2s5z2    inference-perf   1089m   849Mi    
router-epp-5d47b4b8-pkkj2   envoy-proxy      1569m   31Mi     
router-epp-5d47b4b8-pkkj2   epp              446m    15Mi     
load 11.98 12.76 12.69
inference-perf-fzcfg        inference-perf   2889m   1753Mi   
inference-perf-hot-2s5z2    inference-perf   1236m   898Mi    
router-epp-5d47b4b8-pkkj2   envoy-proxy      1705m   30Mi     
router-epp-5d47b4b8-pkkj2   epp              444m    15Mi     
load 12.70 12.88 12.73
inference-perf-fzcfg        inference-perf   3181m   1894Mi   
inference-perf-hot-2s5z2    inference-perf   1732m   999Mi    
router-epp-5d47b4b8-pkkj2   envoy-proxy      1881m   32Mi     
router-epp-5d47b4b8-pkkj2   epp              486m    15Mi     
load 14.65 13.29 12.86
inference-perf-fzcfg        inference-perf   3181m   1894Mi   
inference-perf-hot-2s5z2    inference-perf   1732m   999Mi    
router-epp-5d47b4b8-pkkj2   envoy-proxy      1881m   32Mi     
router-epp-5d47b4b8-pkkj2   epp              486m    15Mi     
load 16.10 13.64 12.98
inference-perf-fzcfg        inference-perf   2582m   2009Mi   
inference-perf-hot-2s5z2    inference-perf   1732m   999Mi    
router-epp-5d47b4b8-pkkj2   envoy-proxy      1783m   32Mi     
router-epp-5d47b4b8-pkkj2   epp              448m    18Mi     
load 17.66 14.05 13.12
inference-perf-fzcfg        inference-perf   4646m   2201Mi   
inference-perf-hot-2s5z2    inference-perf   1570m   1066Mi   
router-epp-5d47b4b8-pkkj2   envoy-proxy      1783m   32Mi     
router-epp-5d47b4b8-pkkj2   epp              522m    19Mi     
load 20.18 14.71 13.34
inference-perf-fzcfg        inference-perf   4646m   2201Mi   
inference-perf-hot-2s5z2    inference-perf   1570m   1066Mi   
router-epp-5d47b4b8-pkkj2   envoy-proxy      1783m   32Mi     
router-epp-5d47b4b8-pkkj2   epp              522m    19Mi     
load 22.76 15.43 13.59
inference-perf-fzcfg        inference-perf   4415m   2434Mi   
inference-perf-hot-2s5z2    inference-perf   1951m   1190Mi   
router-epp-5d47b4b8-pkkj2   envoy-proxy      2161m   36Mi     
router-epp-5d47b4b8-pkkj2   epp              486m    22Mi     
load 23.79 15.89 13.76
inference-perf-fzcfg        inference-perf   4554m   2599Mi   
inference-perf-hot-2s5z2    inference-perf   1551m   1232Mi   
router-epp-5d47b4b8-pkkj2   envoy-proxy      2080m   36Mi     
router-epp-5d47b4b8-pkkj2   epp              500m    22Mi     
load 23.54 16.09 13.85
inference-perf-fzcfg        inference-perf   4554m   2599Mi   
inference-perf-hot-2s5z2    inference-perf   1551m   1232Mi   
router-epp-5d47b4b8-pkkj2   envoy-proxy      2080m   36Mi     
router-epp-5d47b4b8-pkkj2   epp              500m    22Mi     
load 23.21 16.27 13.94
inference-perf-fzcfg        inference-perf   4725m   2728Mi   
inference-perf-hot-2s5z2    inference-perf   1582m   1286Mi   
router-epp-5d47b4b8-pkkj2   envoy-proxy      2230m   36Mi     
router-epp-5d47b4b8-pkkj2   epp              535m    22Mi     
load 24.24 16.72 14.11
inference-perf-fzcfg        inference-perf   4921m   2893Mi   
inference-perf-hot-2s5z2    inference-perf   1437m   1340Mi   
router-epp-5d47b4b8-pkkj2   envoy-proxy      2234m   37Mi     
router-epp-5d47b4b8-pkkj2   epp              537m    22Mi     
load 24.16 16.96 14.21
inference-perf-fzcfg        inference-perf   4921m   2893Mi   
inference-perf-hot-2s5z2    inference-perf   1437m   1340Mi   
router-epp-5d47b4b8-pkkj2   envoy-proxy      2234m   37Mi     
router-epp-5d47b4b8-pkkj2   epp              537m    22Mi     
load 23.65 17.08 14.28
inference-perf-fzcfg        inference-perf   4967m   3038Mi   
inference-perf-hot-2s5z2    inference-perf   1510m   1391Mi   
router-epp-5d47b4b8-pkkj2   envoy-proxy      2207m   37Mi     
router-epp-5d47b4b8-pkkj2   epp              522m    22Mi     
load 23.19 17.19 14.35
inference-perf-fzcfg        inference-perf   4674m   3220Mi   
inference-perf-hot-2s5z2    inference-perf   1604m   1427Mi   
router-epp-5d47b4b8-pkkj2   envoy-proxy      2199m   37Mi     
router-epp-5d47b4b8-pkkj2   epp              538m    22Mi     
load 22.53 17.25 14.40
inference-perf-fzcfg        inference-perf   4674m   3220Mi   
inference-perf-hot-2s5z2    inference-perf   1604m   1427Mi   
router-epp-5d47b4b8-pkkj2   envoy-proxy      2199m   37Mi     
router-epp-5d47b4b8-pkkj2   epp              538m    22Mi     
load 23.36 17.59 14.54
inference-perf-fzcfg        inference-perf   4510m   3429Mi   
inference-perf-hot-2s5z2    inference-perf   1638m   1505Mi   
router-epp-5d47b4b8-pkkj2   envoy-proxy      2207m   37Mi     
router-epp-5d47b4b8-pkkj2   epp              541m    22Mi     
load 23.29 17.77 14.63
inference-perf-fzcfg        inference-perf   4720m   3568Mi   
inference-perf-hot-2s5z2    inference-perf   1340m   1547Mi   
router-epp-5d47b4b8-pkkj2   envoy-proxy      2211m   38Mi     
router-epp-5d47b4b8-pkkj2   epp              526m    22Mi     
load 23.11 17.92 14.72
inference-perf-fzcfg        inference-perf   4720m   3568Mi   
router-epp-5d47b4b8-pkkj2   envoy-proxy      2211m   38Mi     
router-epp-5d47b4b8-pkkj2   epp              526m    22Mi     
load 23.39 18.14 14.82
inference-perf-fzcfg        inference-perf   5019m   3798Mi   
router-epp-5d47b4b8-pkkj2   envoy-proxy      2211m   38Mi     
router-epp-5d47b4b8-pkkj2   epp              526m    22Mi     
load 21.49 17.91 14.78
inference-perf-fzcfg        inference-perf   4818m   4025Mi   
router-epp-5d47b4b8-pkkj2   envoy-proxy      1971m   37Mi     
router-epp-5d47b4b8-pkkj2   epp              526m    22Mi     
load 18.49 17.38 14.64
inference-perf-fzcfg        inference-perf   4818m   4025Mi   
router-epp-5d47b4b8-pkkj2   envoy-proxy      1971m   37Mi     
router-epp-5d47b4b8-pkkj2   epp              526m    22Mi     
