1790853646 0 0
1790853651 0 0
1790853656 0 0
1790853661 0 0
1790853666 0 0
1790853671 0 0
1790853676 0 0
1790853681 0 0
1790853686 0 0
1790853691 0 0
1790853696 0 0
1790853701 6816 117352
1790853706 49152 345339
1790853711 77440 522821
1790853716 155824 738665
1790853721 246880 959719
1790853726 338240 1116013
1790853731 457824 1323260
1790853737 569264 1485071
1790853742 696128 1672128
1790853747 863632 1892747
1790853752 967312 2016528
1790853757 1115424 2201269
1790853762 1144112 2230812
1790853767 1688720 2775987
1790853772 2139952 3250675
1790853777 2791216 3903765
1790853782 3318144 4432752
1790853787 3726848 4929904
1790853792 4278592 5540511
1790853797 4866400 6174985
1790853802 5433360 6772605
1790853808 6038096 7409070
1790853813 6583840 7973635
1790853818 7116464 8507114
1790853823 7685648 9076890
1790853828 8210448 9602213
1790853833 8680848 10073790
1790853838 9264256 10658088
1790853843 9786208 11188635
1790853848 10301680 11705131
1790853853 10919312 12324531
1790853858 11471664 12878639
1790853863 11985248 13400904
1790853868 12509024 13925537
1790853874 13167120 14584631
1790853879 13779888 15198002
1790853884 14355136 15774115
1790853889 14907088 16327028
1790853894 15474512 16895430
1790853899 15998480 17419917
1790853904 16638400 18068470
1790853909 17119136 18549671
1790853914 17639568 19070644
1790853919 18238816 19670466
1790853924 18726464 20159481
1790853929 19358896 20792853
1790853934 19958192 21392705
1790853940 20495744 21930804
1790853945 20717280 22152558
1790853950 21469984 22906042
1790853955 22535360 23972500
1790853960 23494800 24932871
1790853965 24408336 25847269
1790853970 25444352 26899608
1790853976 26481632 27946855
1790853981 27428928 28895102
1790853986 28320208 29787234
1790853991 29324352 30792383
1790853997 30393120 31863233
1790854002 31343760 32837209
1790854007 32204192 33698505
1790854012 33121264 34616493
1790854017 34110064 35606266
1790854023 35032864 36529971
1790854028 35981952 37479994
1790854033 36860624 38359583
1790854038 37898704 39399163
1790854043 38777968 40279302
1790854048 39716160 41218439
1790854054 40681712 42184943
1790854059 41535184 43039247
1790854064 42488048 43993088
1790854069 43541760 45062720
1790854074 44384752 45906534
1790854079 45262416 46785090
1790854085 46132416 47655956
1790854090 47185456 48710474
1790854095 48202928 49736860
1790854100 49079280 50614821
1790854105 50048448 51584952
1790854111 51155424 52693026
1790854116 52068576 53607502
1790854121 52965600 54505455
1790854126 53835952 55376652
1790854131 53835952 55376652
1790854136 53835952 55376652
1790854141 53835952 55376652
