1791050614 1148323.69 104.41
1791050619 1148327.20 106.99
1791050624 1148331.16 109.53
1791050629 1148334.89 112.09
1791050634 1148338.92 114.15
1791050639 1148341.97 116.70
1791050644 1148343.99 119.05
1791050649 1148346.39 121.83
1791050654 1148348.48 124.27
1791050659 1148351.39 127.05
1791050664 1148353.75 129.49
1791050669 1148356.20 132.25
1791050674 1148358.41 134.74
1791050679 1148360.70 137.35
1791050684 1148362.99 139.84
1791050689 1148365.31 142.57
1791050694 1148367.66 145.02
1791050699 1148370.30 147.95
1791050704 1148372.64 150.31
1791050709 1148374.96 152.97
1791050714 1148377.33 155.64
1791050719 1148380.13 158.33
1791050724 1148384.30 160.66
1791050729 1148388.99 163.39
1791050734 1148393.37 165.31
1791050739 1148425.96 166.07
1791050744 1148432.09 167.30
1791050750 1148439.79 169.12
1791050755 1148444.45 171.36
1791050760 1148448.55 173.96
1791050765 1148451.83 176.05
1791050770 1148455.66 178.81
1791050775 1148459.24 181.32
1791050780 1148463.63 183.90
1791050785 1148467.50 186.21
1791050790 1148471.71 189.14
1791050795 1148475.31 191.39
1791050800 1148479.00 194.09
1791050805 1148483.13 196.54
1791050810 1148486.34 198.97
1791050815 1148488.69 201.12
1791050820 1148491.24 204.05
1791050825 1148493.44 206.40
1791050830 1148495.81 209.11
1791050835 1148498.20 211.78
1791050840 1148501.24 214.06
1791050845 1148505.13 216.05
1791050850 1148509.92 218.79
1791050855 1148525.02 220.14
1791050860 1148549.18 220.83
1791050865 1148553.43 222.75
1791050870 1148560.43 224.48
1791050875 1148564.82 226.66
1791050880 1148569.27 229.32
1791050885 1148573.61 231.57
1791050890 1148578.34 234.16
1791050895 1148582.79 236.63
1791050900 1148587.82 239.43
1791050905 1148592.63 241.87
1791050910 1148597.42 244.57
1791050915 1148601.90 246.96
1791050920 1148606.71 249.72
1791050925 1148611.59 252.06
1791050930 1148616.28 254.44
1791050935 1148618.71 256.57
1791050940 1148621.33 259.44
1791050945 1148623.64 261.78
1791050950 1148626.11 264.59
1791050956 1148628.36 267.15
1791050961 1148631.11 269.68
1791050966 1148633.56 272.19
1791050971 1148636.06 275.09
1791050976 1148638.09 277.43
1791050981 1148640.50 280.17
1791050986 1148642.66 282.63
1791050991 1148644.90 285.24
1791050996 1148647.06 287.62
1791051001 1148649.55 290.43
1791051006 1148651.52 292.68
1791051011 1148653.83 295.27
1791051016 1148656.03 297.81
1791051021 1148658.64 300.22
1791051026 1148661.04 302.67
1791051031 1148663.53 305.54
1791051036 1148665.56 307.92
1791051041 1148667.96 310.68
1791051046 1148670.12 313.02
1791051051 1148672.32 315.53
1791051056 1148674.61 317.99
1791051061 1148677.18 320.94
1791051066 1148679.43 323.24
1791051071 1148681.71 325.80
1791051076 1148684.17 328.58
1791051081 1148686.75 331.11
1791051086 1148691.35 332.87
1791051091 1148694.96 335.23
1791051096 1148696.90 337.41
1791051101 1148699.18 340.02
1791051106 1148701.77 342.49
1791051111 1148704.15 345.11
1791051116 1148706.52 347.58
1791051121 1148749.90 348.58
1791051126 1148796.57 349.22
1791051131 1148838.34 349.90
1791051136 1148888.17 350.64
1791051141 1148892.99 352.58
1791051146 1148895.71 354.83
1791051151 1148898.05 357.50
1791051156 1148900.32 359.80
1791051161 1148902.95 362.43
1791051166 1148905.58 364.94
1791051171 1148907.79 367.47
1791051176 1148910.14 369.97
1791051181 1148912.47 372.64
1791051186 1148914.97 375.17
1791051191 1148917.31 377.83
1791051196 1148919.81 380.69
1791051201 1148921.99 383.21
1791051206 1148924.31 385.64
1791051211 1148926.73 388.47
1791051216 1148928.77 390.87
1791051221 1148930.97 393.40
1791051226 1148933.75 395.87
1791051231 1148936.06 398.45
1791051237 1148938.30 400.78
1791051242 1148940.54 403.33
1791051247 1148942.65 405.75
1791051252 1148944.83 408.27
1791051257 1148947.23 410.99
1791051262 1148949.56 413.62
1791051267 1148951.72 416.00
1791051272 1148954.03 418.64
1791051277 1148955.92 420.86
1791051282 1148958.11 423.39
1791051287 1148960.86 426.01
1791051292 1148963.12 428.58
1791051297 1148965.55 431.16
1791051302 1148967.72 433.66
1791051307 1148970.37 436.01
1791051312 1148972.80 438.72
1791051317 1148975.14 441.42
1791051322 1148977.30 443.87
1791051327 1148979.54 446.30
1791051332 1148981.96 449.03
1791051337 1148984.11 451.49
1791051342 1148986.32 454.07
1791051347 1148988.50 456.56
1791051352 1148990.57 458.96
1791051357 1148992.90 461.45
1791051362 1148994.94 463.82
1791051367 1148997.23 466.42
1791051372 1148999.42 468.95
1791051377 1149001.78 471.65
1791051382 1149004.00 474.19
1791051387 1149006.57 476.90
1791051392 1149008.70 479.33
1791051397 1149011.19 482.13
1791051402 1149013.37 484.63
1791051407 1149016.04 487.03
1791051412 1149018.12 489.41
1791051417 1149020.41 491.91
1791051422 1149022.57 494.33
1791051427 1149024.92 496.86
1791051432 1149027.62 499.61
1791051437 1149029.97 502.29
1791051442 1149031.98 504.64
1791051447 1149034.75 507.53
1791051452 1149036.94 510.02
1791051457 1149039.28 512.75
1791051462 1149041.49 515.34
1791051467 1149043.70 517.85
1791051472 1149045.56 519.99
1791051477 1149047.86 522.45
1791051483 1149049.83 524.71
1791051488 1149051.89 527.14
1791051493 1149054.23 529.77
1791051498 1149056.60 532.50
1791051503 1149058.71 534.93
1791051508 1149061.39 537.79
1791051513 1149063.55 540.28
1791051518 1149065.84 542.90
1791051523 1149068.15 545.32
1791051528 1149071.34 547.87
1791051533 1149073.47 550.34
1791051538 1149075.98 553.02
1791051543 1149077.94 555.25
1791051548 1149080.06 557.65
1791051553 1149082.95 560.42
1791051558 1149085.45 563.24
1791051563 1149087.25 565.32
1791051568 1149090.02 568.18
1791051573 1149092.05 570.53
1791051578 1149094.32 573.14
1791051583 1149096.45 575.57
1791051588 1149098.73 578.19
1791051593 1149101.87 580.57
1791051598 1149105.37 582.84
1791051603 1149121.43 583.88
1791051608 1149164.56 584.68
1791051613 1149204.97 585.43
1791051618 1149236.91 586.18
1791051623 1149266.89 587.09
1791051628 1149307.10 587.93
1791051633 1149361.52 588.76
1791051638 1149418.09 589.65
1791051643 1149473.07 590.46
1791051648 1149521.65 591.31
1791051653 1149550.82 592.04
1791051658 1149568.76 593.35
1791051663 1149573.47 594.52
1791051668 1149577.28 595.93
1791051673 1149583.56 597.51
1791051678 1149588.65 599.59
1791051683 1149593.97 600.34
1791051688 1149615.87 601.15
1791051693 1149654.65 601.87
1791051698 1149704.50 602.81
1791051703 1149740.02 604.12
1791051708 1149744.61 606.63
1791051713 1149751.44 608.63
1791051718 1149754.53 610.92
1791051723 1149757.89 613.06
1791051728 1149761.02 615.63
1791051733 1149764.18 617.94
1791051738 1149767.57 620.31
1791051744 1149771.30 622.84
1791051749 1149775.17 625.17
1791051754 1149779.04 627.29
1791051759 1149783.48 629.64
1791051764 1149786.56 631.83
1791051769 1149790.64 633.55
1791051774 1149796.68 634.05
1791051779 1149799.67 636.73
1791051784 1149801.70 639.02
1791051789 1149804.71 641.52
1791051794 1149806.95 643.72
1791051799 1149809.06 646.10
1791051804 1149811.00 648.25
1791051809 1149815.43 650.78
1791051814 1149819.70 652.89
1791051819 1149822.99 655.26
1791051824 1149870.67 656.33
1791051829 1149925.05 657.17
1791051834 1149978.67 658.00
1791051839 1150034.47 658.91
1791051844 1150092.03 659.70
1791051849 1150149.46 660.61
1791051854 1150207.78 661.52
1791051859 1150254.29 662.29
1791051864 1150271.09 662.90
1791051869 1150276.79 663.50
1791051874 1150286.52 664.10
1791051879 1150319.14 664.87
1791051884 1150329.08 665.40
1791051889 1150367.57 666.20
1791051894 1150397.14 666.83
1791051899 1150405.84 667.45
1791051904 1150426.27 668.02
1791051909 1150460.01 668.78
1791051914 1150464.85 670.37
1791051919 1150469.97 672.33
1791051924 1150475.40 674.32
1791051929 1150479.94 676.97
1791051934 1150483.48 679.15
1791051939 1150487.30 681.75
1791051944 1150491.10 684.26
1791051949 1150494.61 686.66
1791051954 1150498.11 689.01
1791051959 1150501.86 691.61
1791051964 1150505.46 693.90
1791051969 1150509.20 696.50
1791051975 1150513.17 699.12
1791051980 1150517.09 701.71
1791051985 1150520.63 704.05
1791051990 1150524.48 706.59
1791051995 1150528.04 708.97
1791052000 1150531.88 711.53
1791052005 1150535.99 714.00
1791052010 1150540.15 716.60
1791052015 1150543.93 718.99
1791052020 1150548.45 721.82
1791052025 1150552.21 724.15
1791052030 1150555.71 726.50
1791052035 1150559.96 729.04
1791052040 1150563.96 731.72
1791052045 1150568.01 734.07
1791052050 1150572.32 736.72
1791052055 1150576.17 739.20
1791052060 1150580.05 741.84
1791052065 1150583.45 744.13
1791052070 1150587.38 746.82
1791052075 1150591.25 749.14
1791052080 1150595.56 751.96
1791052085 1150599.45 754.35
1791052090 1150603.55 757.05
1791052095 1150607.47 759.46
1791052100 1150611.72 762.13
1791052105 1150615.77 764.69
1791052110 1150620.26 766.97
1791052115 1150624.12 769.09
1791052120 1150627.48 771.48
1791052125 1150630.10 773.80
1791052130 1150633.11 776.49
1791052135 1150635.22 778.94
1791052140 1150637.76 781.70
1791052145 1150639.64 783.86
1791052150 1150642.02 786.54
1791052155 1150644.60 789.13
1791052160 1150648.13 791.88
1791052165 1150651.48 794.38
1791052170 1150654.83 797.14
1791052176 1150657.42 799.35
1791052181 1150660.21 802.04
1791052186 1150663.47 804.52
1791052191 1150666.89 807.19
1791052196 1150669.49 809.37
1791052201 1150676.70 811.13
1791052206 1150680.55 813.41
1791052211 1150684.33 815.93
1791052216 1150688.25 818.24
1791052221 1150692.07 820.57
1791052226 1150694.29 823.08
1791052231 1150696.84 825.77
1791052236 1150698.81 828.06
1791052241 1150701.14 830.74
1791052246 1150703.38 833.34
1791052251 1150705.99 835.73
1791052256 1150708.17 838.25
1791052261 1150710.77 840.96
1791052266 1150712.86 843.32
1791052271 1150715.16 845.99
1791052276 1150717.85 848.69
1791052281 1150720.18 851.34
1791052286 1150722.37 853.89
1791052291 1150724.94 856.61
1791052296 1150727.05 859.07
1791052301 1150729.35 861.74
1791052306 1150731.47 864.11
1791052311 1150733.78 866.69
1791052316 1150736.17 868.91
1791052321 1150738.81 871.74
1791055921 1152308.43 87.97
1791055926 1152311.88 90.66
1791055931 1152314.43 93.19
1791055936 1152317.68 96.23
1791055941 1152321.76 100.06
1791055946 1152325.28 103.73
1791055951 1152329.11 106.58
1791055956 1152332.55 109.90
1791055961 1152336.20 113.09
1791055966 1152339.91 116.23
1791055971 1152344.75 120.22
1791055976 1152359.27 134.57
1791055981 1152373.55 148.75
1791055986 1152380.98 156.02
1791055991 1152394.42 169.38
1791055996 1152405.46 180.35
1791056001 1152416.62 191.34
1791056006 1152424.96 199.70
1791056011 1152430.99 205.69
1791056016 1152437.07 211.68
1791056021 1152443.15 217.70
1791056026 1152449.48 223.73
1791056031 1152455.70 229.73
1791056036 1152461.75 235.70
1791056041 1152467.93 241.72
1791056046 1152479.60 253.74
1791056051 1152495.33 270.25
1791056056 1152508.24 283.64
1791056061 1152525.24 301.13
1791056066 1152545.17 322.01
1791056071 1152558.59 335.94
1791056076 1152573.90 351.90
1791056081 1152593.26 372.07
1791056086 1152608.17 387.74
1791056091 1152622.72 402.32
1791056096 1152643.41 423.72
1791056101 1152657.17 437.94
1791056106 1152676.88 458.25
1791056111 1152692.92 474.85
1791056116 1152707.46 489.81
1791056121 1152721.19 504.03
1791056126 1152738.93 522.30
1791056131 1152753.23 536.92
1791056136 1152771.30 555.59
1791056141 1152786.02 570.78
1791056146 1152804.20 589.63
1791056152 1152814.70 600.27
1791056157 1152831.85 618.03
1791056162 1152848.09 634.78
1791056167 1152859.35 646.50
1791056172 1152870.74 658.09
1791056177 1152882.33 670.09
1791056182 1152895.28 683.39
1791056187 1152907.85 696.60
1791056192 1152920.28 709.40
1791056197 1152932.93 722.41
1791056202 1152945.76 735.51
1791056207 1152958.70 748.86
1791056212 1152971.69 762.09
1791056217 1152983.90 774.61
1791056222 1152994.91 785.81
1791056227 1153004.55 795.73
1791056232 1153013.97 805.41
1791056237 1153025.44 817.37
1791056242 1153039.46 831.68
1791056247 1153051.16 843.88
1791056252 1153063.44 856.68
1791056257 1153075.41 869.15
1791056262 1153086.91 881.05
1791056267 1153098.02 892.61
1791056272 1153111.77 906.66
1791056277 1153124.27 919.61
1791056282 1153135.13 930.34
1791056287 1153146.34 941.91
1791056292 1153156.49 952.37
1791056297 1153169.93 966.36
1791056302 1153185.36 982.30
1791056307 1153202.65 1000.17
1791056312 1153220.76 1018.91
1791056317 1153236.63 1035.39
1791056322 1153251.27 1050.54
1791056327 1153267.29 1067.29
1791056332 1153285.08 1085.67
1791056337 1153299.90 1101.14
1791056342 1153319.00 1120.77
1791056347 1153339.47 1141.44
1791056352 1153357.52 1160.13
1791056357 1153373.06 1176.24
1791056362 1153389.60 1193.18
1791056367 1153407.02 1211.20
1791056372 1153420.56 1225.12
1791056377 1153436.88 1242.20
1791056382 1153455.88 1261.86
1791056387 1153471.63 1278.34
1791056392 1153483.88 1290.84
1791056397 1153504.30 1312.08
1791056402 1153518.05 1326.28
1791056407 1153532.17 1340.94
1791056412 1153543.54 1352.81
1791056417 1153557.04 1366.66
1791056422 1153576.81 1387.18
1791056427 1153598.72 1409.93
1791056432 1153621.53 1433.54
1791056437 1153635.65 1448.05
1791056442 1153656.62 1469.76
1791056447 1153682.40 1496.46
1791056452 1153712.45 1527.28
1791056457 1153731.73 1547.26
1791056462 1153753.48 1569.88
1791056467 1153769.93 1586.94
1791056472 1153788.84 1606.47
1791056477 1153812.03 1630.00
1791056482 1153831.42 1650.10
1791056487 1153857.58 1677.30
1791056492 1153880.31 1700.73
1791056497 1153901.34 1722.52
1791056502 1153921.47 1743.49
1791056507 1153941.11 1763.94
1791056512 1153971.49 1795.12
1791056517 1153989.10 1813.49
1791056522 1154022.24 1847.32
1791056527 1154048.39 1874.41
1791056532 1154069.78 1896.49
1791056537 1154089.75 1916.80
1791056542 1154099.05 1926.14
1791056547 1154119.88 1947.55
1791056552 1154139.82 1968.21
1791056557 1154168.11 1997.53
1791056562 1154197.81 2028.18
1791056567 1154224.11 2055.60
1791056572 1154249.56 2081.61
1791056577 1154276.22 2109.25
1791056582 1154304.76 2138.81
1791056587 1154337.65 2172.84
1791056592 1154370.39 2206.21
1791056597 1154398.06 2234.85
1791056602 1154430.07 2267.49
1791056607 1154455.51 2293.74
1791056612 1154482.11 2321.14
1791056617 1154515.63 2355.37
1791056622 1154540.24 2380.84
1791056627 1154564.35 2405.80
1791056632 1154591.27 2433.36
1791056637 1154628.81 2471.59
1791056642 1154664.83 2508.30
1791056647 1154702.22 2546.11
1791056652 1154728.72 2573.49
1791056657 1154758.51 2604.10
1791056662 1154785.83 2632.15
1791056667 1154796.65 2642.82
1791056672 1154827.46 2674.79
1791056677 1154865.49 2713.80
1791056682 1154907.59 2756.45
1791056687 1154947.30 2796.96
1791056692 1154979.37 2829.79
1791056697 1155015.46 2866.44
1791056702 1155048.10 2899.97
1791056707 1155085.99 2938.57
1791056712 1155123.30 2976.44
1791056717 1155157.27 3011.28
1791056722 1155183.52 3038.19
1791056727 1155217.77 3073.26
1791056732 1155252.05 3108.10
1791056737 1155287.86 3144.67
1791056742 1155316.92 3174.57
1791056747 1155353.47 3211.90
1791056752 1155394.09 3252.84
1791056757 1155433.33 3292.78
1791056762 1155473.06 3333.01
1791056767 1155510.54 3371.20
1791056772 1155545.11 3406.49
1791056777 1155584.77 3446.49
1791056782 1155615.95 3478.41
1791056787 1155648.91 3511.93
1791056793 1155663.61 3527.09
1791056798 1155707.47 3571.25
1791056803 1155742.63 3607.26
1791056808 1155781.69 3647.09
1791056813 1155825.75 3691.52
1791056818 1155869.52 3735.56
1791056823 1155910.59 3777.21
1791056828 1155952.49 3819.41
1791056833 1155997.57 3864.63
1791056838 1156038.52 3906.08
1791056843 1156076.17 3944.16
1791056848 1156118.16 3986.63
1791056853 1156163.08 4031.66
1791056858 1156208.39 4077.03
1791056863 1156254.44 4123.05
1791056868 1156301.55 4169.94
1791056873 1156342.71 4211.38
1791056878 1156385.76 4254.63
1791056883 1156422.82 4292.38
1791056888 1156456.96 4326.97
1791056893 1156496.79 4367.14
1791056898 1156541.83 4412.23
1791056903 1156584.17 4454.77
1791056908 1156628.53 4499.04
1791056913 1156674.15 4544.63
1791056918 1156690.04 4560.78
1791056923 1156732.73 4604.20
1791056928 1156778.77 4650.54
1791056933 1156825.97 4697.63
1791056938 1156872.65 4744.29
1791056943 1156918.84 4790.66
1791056948 1156965.13 4837.06
1791056953 1157011.51 4883.61
1791056958 1157058.59 4930.51
1791056963 1157106.02 4977.81
1791056968 1157152.67 5024.29
1791056973 1157199.36 5070.97
1791056978 1157245.51 5117.07
1791056983 1157290.69 5162.49
1791056988 1157337.27 5209.03
1791056993 1157383.35 5255.04
1791056998 1157429.35 5300.94
1791057003 1157475.27 5346.92
1791057008 1157522.67 5394.00
1791057013 1157570.12 5441.23
1791057018 1157617.17 5488.16
1791057023 1157664.06 5534.99
1791057028 1157711.26 5582.00
1791057033 1157758.24 5628.75
1791057038 1157804.99 5675.25
1791057043 1157844.39 5714.82
1791057048 1157856.87 5727.24
1791057053 1157868.76 5739.03
1791057058 1157875.15 5744.76
1791057063 1157880.47 5749.89
1791057068 1157885.80 5754.37
1791057073 1157892.63 5760.70
1791057078 1157895.31 5762.69
1791057083 1157898.27 5765.56
1791057088 1157900.95 5768.32
1791057093 1157905.09 5772.48
1791057098 1157908.35 5775.98
1791057103 1157912.36 5779.88
1791057108 1157915.57 5783.23
1791057113 1157919.36 5786.94
1791057118 1157922.86 5790.46
1791057123 1157926.45 5794.10
1791057128 1157929.90 5797.66
1791057133 1157933.29 5800.64
1791057138 1157937.73 5804.82
1791057143 1157942.86 5809.29
1791057148 1157947.43 5813.94
1791057153 1157951.90 5818.45
1791057158 1157956.59 5823.04
1791057163 1157961.70 5827.54
1791057168 1157975.57 5841.35
1791057173 1157986.55 5852.12
1791057178 1157996.26 5861.38
1791057183 1158011.64 5876.71
1791057188 1158022.91 5887.96
1791057193 1158034.28 5899.22
1791057198 1158045.55 5910.42
1791057203 1158051.87 5916.71
1791057208 1158058.20 5922.99
1791057213 1158064.46 5929.29
1791057218 1158070.75 5935.56
1791057223 1158076.91 5941.82
1791057228 1158083.44 5948.31
1791057233 1158089.72 5954.58
1791057238 1158097.26 5962.32
1791057243 1158116.89 5983.47
1791057248 1158145.42 6013.65
1791057253 1158165.75 6035.55
1791057258 1158187.78 6058.63
1791057263 1158212.53 6084.87
1791057268 1158233.09 6106.76
1791057273 1158257.01 6132.19
1791057278 1158279.63 6156.11
1791057283 1158307.77 6185.95
1791057288 1158330.43 6210.10
1791057293 1158356.75 6237.94
1791057298 1158385.14 6268.00
1791057304 1158407.24 6291.33
1791057309 1158434.24 6319.96
1791057314 1158457.37 6344.42
1791057319 1158477.67 6365.61
1791057324 1158500.41 6389.54
1791057329 1158525.35 6415.90
1791057334 1158550.71 6442.35
1791057339 1158575.17 6468.16
1791057344 1158601.07 6495.48
1791057349 1158622.39 6518.11
1791057354 1158645.06 6541.90
1791057359 1158670.02 6567.95
1791057364 1158683.52 6581.87
1791057369 1158698.82 6598.12
1791057374 1158714.61 6614.81
1791057379 1158732.44 6633.70
1791057384 1158753.21 6655.19
1791057389 1158767.39 6670.20
1791057394 1158786.17 6690.16
1791057399 1158805.74 6710.94
1791057404 1158820.20 6726.05
1791057409 1158844.10 6751.26
1791057414 1158859.54 6767.56
1791057419 1158873.07 6781.67
1791057424 1158888.51 6798.03
1791057429 1158905.98 6816.63
1791057434 1158923.95 6835.70
1791057439 1158939.91 6852.51
1791057444 1158957.60 6870.58
1791057449 1158978.12 6892.28
1791057454 1159000.05 6915.47
1791057459 1159016.66 6933.20
1791057464 1159035.06 6952.73
1791057469 1159052.31 6971.00
1791057474 1159066.10 6985.42
1791057479 1159082.10 7002.20
1791057484 1159097.71 7018.53
1791057489 1159115.09 7036.36
1791057494 1159152.81 7075.21
1791057499 1159179.03 7103.13
1791057504 1159208.93 7134.61
1791057509 1159238.00 7165.29
1791057514 1159262.72 7191.24
1791057519 1159283.18 7212.57
1791057524 1159302.58 7233.00
1791057529 1159323.61 7255.25
1791057534 1159343.83 7276.43
1791057539 1159371.91 7306.01
1791057544 1159404.04 7339.94
1791057549 1159425.96 7363.17
1791057554 1159451.77 7390.45
1791057559 1159475.59 7415.86
1791057564 1159499.12 7440.49
1791057569 1159516.62 7458.56
1791057574 1159540.36 7483.59
1791057579 1159568.19 7512.79
1791057584 1159591.40 7537.24
1791057589 1159613.16 7560.35
1791057594 1159632.99 7581.15
1791057599 1159652.17 7601.32
1791057604 1159670.31 7620.41
1791057609 1159694.78 7646.33
1791057614 1159710.25 7662.34
1791057619 1159740.05 7693.90
1791057624 1159771.77 7727.12
1791057629 1159804.70 7761.93
1791057634 1159842.47 7800.81
1791057639 1159874.01 7834.14
1791057644 1159899.57 7861.16
1791057649 1159927.24 7890.38
1791057654 1159963.23 7927.71
1791057659 1159994.47 7960.31
1791057664 1160031.39 7998.51
1791057669 1160066.90 8035.72
1791057674 1160096.64 8066.77
1791057679 1160120.63 8092.33
1791057684 1160155.89 8128.64
1791057689 1160190.76 8164.44
1791057694 1160220.35 8194.96
1791057699 1160259.01 8234.70
1791057704 1160297.33 8274.19
1791057709 1160327.82 8306.35
1791057714 1160359.73 8339.54
1791057719 1160389.00 8370.39
1791057724 1160421.53 8404.28
1791057729 1160460.72 8444.36
1791057734 1160484.05 8468.97
1791057739 1160501.09 8486.48
1791057744 1160540.49 8526.98
1791057749 1160582.71 8570.41
1791057754 1160624.49 8612.99
1791057759 1160660.46 8650.44
1791057764 1160698.52 8689.71
1791057769 1160738.20 8730.59
1791057774 1160782.94 8775.75
1791057779 1160825.60 8819.21
1791057784 1160869.17 8863.55
1791057789 1160910.26 8905.64
1791057794 1160953.20 8949.20
1791057799 1160988.30 8985.87
1791057804 1161030.37 9028.37
1791057809 1161071.54 9070.45
1791057814 1161115.48 9114.95
1791057819 1161153.26 9153.90
1791057824 1161192.86 9194.08
1791057829 1161232.92 9235.22
1791057834 1161274.21 9277.15
1791057839 1161314.21 9318.18
1791057844 1161357.99 9362.53
1791057849 1161394.59 9400.36
1791057854 1161432.00 9438.80
1791057859 1161461.01 9468.61
1791057864 1161487.71 9495.73
1791057869 1161528.73 9537.88
1791057874 1161574.02 9583.66
1791057879 1161620.06 9630.09
1791057884 1161666.03 9676.45
1791057889 1161712.86 9723.55
1791057894 1161759.81 9770.65
1791057899 1161806.48 9817.50
1791057904 1161852.30 9863.74
1791057909 1161895.27 9907.45
1791057914 1161939.80 9952.39
1791057919 1161987.31 10000.04
1791057924 1162035.25 10047.89
1791057929 1162082.81 10095.59
1791057934 1162131.05 10143.75
1791057939 1162177.60 10190.56
1791057944 1162223.48 10236.65
1791057949 1162268.86 10282.46
1791057954 1162313.62 10327.50
1791057959 1162356.33 10370.74
1791057964 1162396.87 10412.35
1791057970 1162443.19 10458.82
1791057975 1162486.92 10502.92
1791057980 1162532.34 10548.80
1791057985 1162564.05 10580.66
1791057990 1162594.99 10612.55
1791057995 1162641.92 10659.79
1791058000 1162688.62 10706.97
1791058005 1162735.68 10754.31
1791058010 1162783.37 10802.22
1791058015 1162831.98 10850.62
1791058020 1162880.10 10898.76
1791058025 1162928.45 10947.07
1791058030 1162976.93 10995.56
1791058035 1163025.43 11043.96
1791058040 1163074.36 11092.74
1791058045 1163123.54 11141.65
1791058050 1163172.65 11190.68
1791058055 1163221.89 11239.71
1791058060 1163271.19 11288.76
1791058065 1163320.40 11337.83
1791058070 1163369.64 11386.82
1791058075 1163418.97 11435.85
1791058080 1163467.91 11484.52
1791058085 1163516.62 11533.12
1791058090 1163564.61 11580.99
1791058095 1163613.18 11629.49
1791058100 1163661.90 11677.78
1791058105 1163710.70 11726.46
1791058110 1163746.08 11762.13
1791058115 1163776.51 11793.14
1791058120 1163823.53 11840.24
1791058125 1163870.99 11887.94
1791058130 1163918.85 11935.96
1791058135 1163967.21 11984.31
1791058140 1164016.01 12032.88
1791058145 1164064.55 12081.43
1791058150 1164113.31 12130.09
1791058155 1164162.35 12179.02
1791058160 1164211.28 12227.82
1791058165 1164260.42 12276.73
1791058170 1164309.58 12325.59
1791058175 1164358.70 12374.52
1791058180 1164407.96 12423.44
1791058185 1164457.31 12472.59
1791058190 1164506.59 12521.54
1791058195 1164555.84 12570.53
1791058200 1164605.12 12619.55
1791058205 1164654.58 12668.72
1791058210 1164703.88 12717.73
1791058215 1164753.03 12766.71
1791058220 1164802.25 12815.69
1791058225 1164851.61 12864.76
1791058230 1164900.92 12913.72
1791058235 1164949.94 12962.65
1791058240 1164999.15 13011.58
1791058245 1165048.44 13060.69
1791058250 1165085.49 13097.62
1791058255 1165103.33 13115.42
1791058260 1165115.20 13126.01
1791058265 1165126.15 13136.15
1791058270 1165136.84 13146.87
1791058275 1165147.26 13156.03
1791058280 1165150.16 13159.03
1791058285 1165153.47 13162.21
1791058290 1165157.34 13166.19
1791058295 1165160.52 13169.37
1791058300 1165164.36 13173.09
1791058305 1165167.21 13176.00
1791058310 1165170.39 13179.13
1791058315 1165173.96 13182.44
1791058320 1165177.74 13186.44
1791058325 1165181.06 13189.83
1791058330 1165184.26 13193.10
1791058335 1165187.80 13196.68
1791058340 1165192.01 13200.25
1791058345 1165195.19 13203.43
1791058350 1165198.59 13206.86
1791058355 1165202.48 13210.61
1791058360 1165205.68 13214.17
1791058365 1165209.40 13217.99
1791058370 1165212.75 13221.42
1791058375 1165216.45 13225.02
1791058380 1165219.75 13228.37
1791058386 1165223.65 13232.27
1791058391 1165227.13 13235.52
1791058396 1165234.18 13241.88
1791058401 1165251.87 13259.54
1791058406 1165261.80 13269.33
1791058411 1165275.67 13283.08
1791058416 1165286.73 13294.14
1791058421 1165298.12 13305.10
1791058426 1165308.29 13315.24
1791058431 1165314.42 13321.26
1791058436 1165320.62 13327.27
1791058441 1165326.66 13333.24
1791058446 1165332.69 13339.26
1791058451 1165338.71 13345.20
1791058456 1165344.78 13351.23
1791058461 1165350.89 13357.22
1791058466 1165359.74 13366.33
1791058471 1165373.92 13381.03
1791058476 1165388.12 13395.87
1791058481 1165399.68 13407.79
1791058486 1165417.89 13426.77
1791058491 1165431.99 13441.41
1791058496 1165447.77 13457.77
1791058501 1165465.58 13476.28
1791058506 1165478.02 13489.03
1791058511 1165497.45 13509.17
1791058516 1165514.50 13526.86
1791058521 1165532.13 13545.15
1791058526 1165549.97 13563.72
1791058531 1165565.03 13579.35
1791058536 1165579.70 13594.54
1791058541 1165595.74 13611.30
1791058546 1165614.04 13629.97
1791058551 1165632.19 13648.74
1791058556 1165645.72 13662.83
1791058561 1165661.72 13679.41
1791058566 1165674.95 13693.21
1791058571 1165686.64 13705.39
1791058576 1165703.65 13723.17
1791058581 1165725.76 13746.06
1791058586 1165742.79 13763.61
1791058591 1165753.41 13774.47
1791058596 1165765.44 13786.98
1791058601 1165775.40 13797.26
1791058606 1165787.52 13809.48
1791058611 1165799.29 13821.70
1791058616 1165809.18 13831.98
1791058621 1165820.85 13844.01
1791058626 1165836.92 13860.59
1791058631 1165853.27 13877.62
1791058636 1165862.80 13887.42
1791058641 1165874.03 13898.99
1791058646 1165885.67 13910.98
1791058651 1165899.48 13925.36
1791058656 1165910.23 13936.65
1791058661 1165922.63 13949.50
1791058666 1165935.84 13963.32
1791058671 1165949.78 13977.43
1791058676 1165961.00 13988.76
1791058681 1165975.74 14004.17
1791058686 1165989.07 14017.95
1791058691 1165999.75 14028.31
1791058696 1166011.97 14040.95
1791058701 1166021.96 14051.30
1791058706 1166033.21 14062.84
1791058711 1166041.68 14071.45
1791058716 1166057.12 14087.58
1791058721 1166073.07 14104.06
1791058726 1166092.45 14124.10
1791058731 1166108.30 14140.28
1791058736 1166127.26 14159.89
1791058741 1166141.88 14175.25
1791058746 1166159.33 14193.34
1791058751 1166179.67 14214.59
1791058756 1166192.35 14227.65
1791058761 1166206.24 14242.03
1791058766 1166223.06 14259.46
1791058771 1166239.53 14276.61
1791058776 1166256.02 14293.66
1791058781 1166271.85 14310.13
1791058786 1166288.34 14327.32
1791058791 1166307.01 14346.72
1791058796 1166321.08 14360.94
1791058801 1166336.53 14376.98
1791058806 1166354.86 14396.03
1791058811 1166366.73 14408.21
1791058816 1166379.90 14421.84
1791058821 1166395.62 14438.06
1791058826 1166412.31 14455.21
1791058831 1166429.51 14473.14
1791058836 1166442.07 14486.27
1791058841 1166457.21 14501.87
1791058846 1166482.44 14528.10
1791058851 1166502.52 14548.96
1791058856 1166521.33 14568.11
1791058861 1166538.48 14585.94
1791058866 1166567.50 14616.03
1791058871 1166584.08 14633.42
1791058876 1166610.80 14660.97
1791058881 1166639.22 14690.56
1791058886 1166661.97 14714.05
1791058891 1166681.40 14734.19
1791058896 1166700.76 14754.41
1791058901 1166718.75 14773.10
1791058906 1166741.00 14796.02
1791058911 1166769.54 14825.52
1791058916 1166789.67 14846.35
1791058921 1166812.05 14869.18
1791058926 1166836.49 14894.20
1791058931 1166861.49 14920.07
1791058936 1166887.79 14947.14
1791058941 1166910.29 14970.55
1791058946 1166928.02 14988.71
1791058951 1166946.02 15007.59
1791058956 1166965.53 15027.81
1791058961 1166980.10 15042.90
1791058966 1167004.28 15068.04
1791058971 1167042.55 15107.37
1791058976 1167072.67 15138.30
1791058981 1167097.11 15163.32
1791058986 1167123.66 15190.77
1791058991 1167151.36 15219.67
1791058996 1167182.04 15251.18
1791059001 1167212.51 15282.40
1791059006 1167240.98 15311.68
1791059011 1167265.41 15336.94
1791059016 1167290.78 15363.09
1791059021 1167314.76 15387.92
1791059026 1167340.84 15414.94
1791059031 1167375.11 15450.01
1791059036 1167409.66 15484.92
1791059041 1167440.97 15517.28
1791059046 1167467.70 15544.50
1791059051 1167491.69 15569.36
1791059056 1167518.98 15597.42
1791059061 1167550.17 15629.27
1791059066 1167574.33 15654.13
1791059072 1167605.08 15685.94
1791059077 1167632.85 15714.42
1791059082 1167661.99 15744.49
1791059087 1167674.78 15757.61
1791059092 1167707.36 15791.29
1791059097 1167744.43 15828.98
1791059102 1167787.22 15872.20
1791059107 1167827.10 15912.33
1791059112 1167861.39 15947.54
1791059117 1167895.33 15982.44
1791059122 1167927.98 16016.18
1791059127 1167967.01 16055.59
1791059132 1168002.85 16092.39
1791059137 1168034.79 16124.98
1791059142 1168068.34 16159.21
1791059147 1168100.33 16192.04
1791059152 1168133.20 16225.67
1791059157 1168164.17 16257.26
1791059162 1168201.71 16295.46
1791059167 1168227.55 16322.19
1791059172 1168255.60 16350.92
1791059177 1168287.88 16383.84
1791059182 1168318.67 16415.34
1791059187 1168360.97 16457.73
1791059192 1168406.32 16503.15
1791059197 1168447.38 16544.50
1791059202 1168482.19 16580.00
1791059207 1168521.62 16619.83
1791059212 1168533.65 16632.12
1791059217 1168565.86 16664.89
1791059222 1168608.51 16708.23
1791059227 1168651.23 16751.31
1791059232 1168694.22 16794.69
1791059237 1168735.33 16836.28
1791059242 1168771.62 16873.60
1791059247 1168809.76 16912.34
1791059252 1168848.98 16952.28
1791059257 1168885.90 16989.88
1791059262 1168929.03 17033.32
1791059267 1168970.06 17074.75
1791059272 1169013.28 17118.23
1791059277 1169053.53 17158.76
1791059282 1169094.07 17199.80
1791059287 1169139.45 17245.19
1791059292 1169184.07 17289.82
1791059297 1169224.59 17330.77
1791059302 1169270.31 17376.46
1791059307 1169316.65 17422.59
1791059312 1169362.64 17468.45
1791059317 1169409.21 17514.95
1791059322 1169454.84 17560.72
1791059327 1169495.99 17602.21
1791059332 1169538.54 17645.22
1791059337 1169557.16 17663.86
1791059342 1169598.14 17705.32
1791059347 1169644.19 17751.44
1791059352 1169689.16 17796.85
1791059357 1169735.22 17842.97
1791059362 1169781.42 17889.45
1791059367 1169827.95 17935.91
1791059372 1169871.86 17980.25
1791059377 1169916.84 18025.38
1791059382 1169963.51 18072.02
1791059387 1170010.32 18118.77
1791059392 1170057.35 18165.69
1791059397 1170104.14 18212.28
1791059402 1170150.95 18259.05
1791059407 1170197.47 18305.45
1791059412 1170244.00 18351.99
1791059417 1170291.30 18399.06
1791059422 1170337.68 18445.27
1791059427 1170385.38 18492.72
1791059432 1170432.07 18539.32
1791059437 1170478.93 18585.95
1791059442 1170525.78 18632.74
1791059447 1170572.58 18679.49
1791059452 1170619.64 18726.53
1791059457 1170667.15 18773.63
1791059462 1170705.58 18812.22
1791059467 1170718.29 18824.89
1791059472 1170730.52 18837.16
1791059477 1170737.39 18843.31
1791059482 1170742.93 18848.49
1791059487 1170750.99 18855.90
1791059492 1170753.73 18858.57
1791059497 1170756.61 18861.50
1791059502 1170759.65 18864.59
1791059507 1170764.12 18869.09
1791059512 1170767.34 18872.23
1791059517 1170770.94 18875.45
1791059522 1170774.10 18878.61
1791059527 1170777.21 18881.71
1791059532 1170780.69 18885.27
1791059537 1170784.03 18888.69
1791059542 1170787.58 18892.30
1791059547 1170792.16 18896.70
1791059552 1170797.01 18900.77
1791059557 1170802.26 18906.05
1791059562 1170807.18 18911.40
1791059567 1170812.25 18916.64
1791059572 1170818.05 18921.46
1791059577 1170831.02 18934.34
1791059582 1170847.84 18951.03
1791059587 1170858.95 18961.73
1791059592 1170871.64 18974.39
1791059597 1170883.04 18985.83
1791059603 1170894.36 18997.16
1791059608 1170903.57 19006.34
1791059613 1170910.00 19012.75
1791059618 1170916.25 19019.11
1791059623 1170922.38 19025.43
1791059628 1170928.64 19031.88
1791059633 1170934.96 19038.21
1791059638 1170941.33 19044.64
1791059643 1170947.68 19051.04
1791059648 1170964.94 19069.46
1791059653 1170983.23 19088.56
1791059658 1171004.38 19111.13
1791059663 1171028.96 19137.09
1791059668 1171048.65 19158.09
1791059673 1171071.41 19182.39
1791059678 1171101.05 19213.81
1791059683 1171123.44 19237.57
1791059688 1171151.17 19267.01
1791059693 1171177.39 19294.74
1791059698 1171203.68 19322.33
1791059703 1171232.92 19352.91
1791059708 1171250.58 19371.36
1791059713 1171276.03 19398.24
1791059718 1171303.59 19427.25
1791059723 1171324.58 19449.37
1791059728 1171359.12 19485.06
1791059733 1171377.76 19504.57
1791059738 1171395.48 19523.33
1791059743 1171420.55 19549.69
1791059748 1171446.72 19577.25
1791059753 1171471.31 19603.27
1791059758 1171494.93 19628.30
1791059763 1171517.84 19652.37
1791059768 1171539.05 19674.29
1791059773 1171556.08 19692.28
1791059778 1171570.68 19707.46
1791059783 1171589.38 19727.19
1791059788 1171608.53 19747.44
1791059793 1171621.26 19760.46
1791059798 1171639.05 19779.41
1791059803 1171658.29 19799.62
1791059808 1171677.77 19820.38
1791059813 1171692.21 19835.34
1791059818 1171708.64 19852.65
1791059823 1171728.46 19873.69
1791059828 1171745.78 19891.79
1791059833 1171763.89 19910.90
1791059838 1171789.73 19938.18
1791059843 1171807.21 19956.13
1791059848 1171826.10 19976.00
1791059853 1171848.37 19999.41
1791059858 1171860.30 20011.76
1791059863 1171875.82 20028.05
1791059868 1171893.40 20046.45
1791059873 1171909.10 20062.95
1791059878 1171923.87 20078.31
1791059883 1171940.21 20095.40
1791059888 1171956.03 20112.19
1791059893 1171971.16 20127.63
1791059898 1171995.86 20153.91
1791059903 1172024.81 20184.36
1791059908 1172046.37 20207.01
1791059913 1172077.93 20240.10
1791059918 1172102.87 20266.95
1791059923 1172132.01 20297.60
1791059928 1172157.52 20324.80
1791059933 1172183.51 20352.63
1791059938 1172203.13 20373.32
1791059943 1172223.48 20394.90
1791059948 1172251.69 20424.70
1791059953 1172267.29 20441.15
1791059958 1172284.78 20459.54
1791059963 1172306.58 20482.50
1791059968 1172333.78 20510.90
1791059973 1172353.64 20531.93
1791059978 1172372.20 20551.59
1791059983 1172397.85 20578.59
1791059988 1172429.26 20611.41
1791059993 1172456.12 20639.60
1791059998 1172481.94 20666.79
1791060003 1172506.48 20692.56
1791060008 1172534.25 20721.60
1791060013 1172557.49 20746.00
1791060018 1172574.14 20763.07
1791060023 1172600.88 20791.46
1791060028 1172627.10 20819.17
1791060033 1172650.60 20843.90
1791060038 1172678.22 20873.51
1791060043 1172712.46 20909.25
1791060048 1172747.47 20945.96
1791060053 1172776.35 20976.24
1791060058 1172809.49 21011.06
1791060063 1172844.54 21047.44
1791060068 1172880.11 21084.27
1791060073 1172912.73 21118.17
1791060078 1172950.50 21157.17
1791060083 1172980.23 21188.35
1791060088 1173009.35 21218.92
1791060093 1173048.49 21258.72
1791060098 1173089.14 21300.26
1791060103 1173128.38 21340.22
1791060108 1173163.11 21375.93
1791060113 1173193.04 21407.22
1791060118 1173222.63 21438.22
1791060123 1173258.07 21474.86
1791060128 1173291.48 21509.86
1791060133 1173323.49 21543.14
1791060138 1173354.94 21576.13
1791060143 1173370.86 21592.02
1791060148 1173407.81 21630.35
1791060153 1173451.44 21674.92
1791060158 1173493.96 21718.24
1791060163 1173536.70 21761.72
1791060168 1173576.02 21802.23
1791060173 1173615.45 21842.48
1791060178 1173651.34 21879.32
1791060183 1173691.24 21919.81
1791060188 1173733.56 21962.35
1791060193 1173776.38 22006.05
1791060198 1173814.55 22044.45
1791060203 1173853.74 22084.54
1791060208 1173892.23 22124.07
1791060213 1173937.30 22169.52
1791060218 1173978.36 22211.29
1791060223 1174019.31 22252.89
1791060228 1174064.34 22298.23
1791060233 1174102.94 22337.80
1791060238 1174139.08 22375.12
1791060243 1174181.71 22418.48
1791060248 1174222.62 22460.26
1791060253 1174267.07 22505.02
1791060258 1174300.55 22539.95
1791060263 1174336.33 22576.72
1791060268 1174353.29 22593.76
1791060273 1174397.69 22638.82
1791060278 1174443.46 22685.08
1791060283 1174489.33 22731.54
1791060288 1174533.60 22776.40
1791060293 1174574.67 22818.21
1791060298 1174619.53 22863.53
1791060303 1174661.52 22906.35
1791060309 1174703.70 22949.18
1791060314 1174746.90 22993.06
1791060319 1174792.23 23038.77
1791060324 1174839.38 23085.95
1791060329 1174887.14 23133.73
1791060334 1174935.30 23181.81
1791060339 1174980.47 23227.34
1791060344 1175026.32 23273.49
1791060349 1175068.15 23316.01
1791060354 1175115.57 23363.43
1791060359 1175163.62 23411.38
1791060364 1175211.40 23459.21
1791060369 1175257.24 23505.29
1791060374 1175301.96 23550.37
1791060379 1175349.65 23598.01
1791060384 1175396.09 23644.56
1791060389 1175443.88 23692.01
1791060394 1175459.65 23708.05
1791060399 1175503.17 23752.23
1791060404 1175550.03 23799.51
1791060409 1175597.25 23846.97
1791060414 1175645.06 23894.90
1791060419 1175693.24 23942.81
1791060424 1175741.59 23991.25
1791060429 1175790.39 24039.78
1791060434 1175839.15 24088.47
1791060439 1175887.73 24136.96
1791060444 1175936.04 24185.39
1791060449 1175984.41 24233.39
1791060454 1176032.80 24281.75
1791060459 1176081.20 24330.06
1791060464 1176130.15 24378.83
1791060469 1176179.19 24427.62
1791060474 1176228.29 24476.58
1791060479 1176277.52 24525.35
1791060484 1176326.59 24574.38
1791060489 1176375.50 24623.07
1791060494 1176424.67 24672.08
1791060499 1176473.68 24720.85
1791060504 1176522.54 24769.55
1791060509 1176571.48 24818.04
1791060514 1176620.50 24866.79
1791060519 1176640.32 24887.00
1791060524 1176676.01 24923.30
1791060529 1176723.39 24970.84
1791060534 1176771.74 25019.30
1791060539 1176820.13 25067.46
1791060544 1176868.70 25116.13
1791060549 1176917.48 25164.69
1791060554 1176966.22 25213.44
1791060559 1177014.99 25262.12
1791060564 1177063.84 25310.98
1791060569 1177113.03 25359.74
1791060574 1177162.18 25408.77
1791060579 1177211.09 25457.54
1791060584 1177260.15 25506.43
1791060589 1177309.34 25555.35
1791060594 1177356.99 25602.92
1791060599 1177406.08 25651.70
1791060604 1177455.26 25700.67
1791060609 1177504.36 25749.65
1791060614 1177553.61 25798.75
1791060619 1177602.87 25847.78
1791060624 1177652.08 25896.83
1791060629 1177701.41 25945.80
1791060634 1177751.00 25995.13
1791060639 1177800.23 26044.15
1791060644 1177849.26 26093.05
1791060649 1177898.38 26141.94
1791060654 1177947.56 26191.00
1791060659 1177981.50 26224.94
1791060664 1178000.73 26244.11
1791060669 1178013.30 26256.51
1791060674 1178023.37 26265.81
1791060679 1178032.81 26274.75
1791060684 1178038.90 26280.87
1791060689 1178042.38 26284.12
1791060694 1178044.65 26285.90
1791060699 1178046.84 26287.09
1791060704 1178048.68 26288.84
1791060709 1178052.07 26290.04
1791060714 1178057.85 26291.20
1791060719 1178068.54 26292.12
1791060724 1178074.27 26293.23
1791060729 1178084.59 26293.66
1791060734 1178097.48 26294.15
1791060739 1178106.53 26295.03
1791060744 1178108.22 26296.37
1791060749 1178110.33 26297.84
1791060754 1178115.87 26299.58
1791060759 1178118.80 26302.34
1791060764 1178123.61 26307.26
1791060770 1178126.61 26310.17
1791060775 1178130.48 26313.69
1791060780 1178133.49 26316.49
1791060785 1178137.17 26320.07
1791060790 1178140.33 26322.99
1791060795 1178144.06 26326.71
1791060800 1178148.01 26330.73
1791060805 1178151.89 26334.71
1791060810 1178155.45 26338.07
1791060815 1178159.61 26341.47
1791060820 1178165.22 26346.66
1791060825 1178174.12 26355.09
1791060830 1178192.18 26373.08
1791060835 1178203.08 26384.06
1791060840 1178217.67 26398.42
1791060845 1178229.23 26409.98
1791060850 1178240.87 26421.49
1791060855 1178251.67 26432.29
1791060860 1178258.06 26438.60
1791060865 1178264.66 26445.01
1791060870 1178271.06 26451.32
1791060875 1178277.58 26457.79
1791060880 1178283.98 26464.11
1791060885 1178290.69 26470.54
1791060890 1178297.10 26476.86
1791060895 1178305.72 26485.65
1791060900 1178320.68 26501.17
1791060905 1178335.56 26516.68
1791060910 1178354.35 26536.08
1791060915 1178372.25 26554.96
1791060920 1178387.30 26570.44
1791060925 1178403.49 26587.23
1791060930 1178418.52 26602.55
1791060935 1178431.80 26616.37
1791060940 1178450.19 26635.41
1791060945 1178472.80 26658.50
1791060950 1178489.99 26676.34
1791060955 1178506.27 26693.09
1791060960 1178522.85 26710.11
1791060965 1178536.87 26724.72
1791060970 1178558.64 26747.35
1791060975 1178575.54 26764.95
1791060980 1178593.62 26783.50
1791060985 1178613.58 26804.44
1791060990 1178630.46 26821.80
1791060995 1178647.40 26839.41
1791061000 1178667.95 26860.70
1791061005 1178683.57 26876.97
1791061010 1178703.89 26897.44
1791061015 1178720.23 26914.49
1791061020 1178733.61 26928.12
1791061025 1178747.95 26942.77
1791061030 1178759.78 26954.83
1791061035 1178772.78 26968.16
1791061040 1178788.63 26984.48
1791061045 1178801.59 26997.89
1791061050 1178813.85 27010.65
1791061055 1178827.38 27024.71
1791061060 1178840.45 27038.32
1791061065 1178852.57 27050.93
1791061070 1178866.36 27064.82
1791061075 1178879.35 27078.27
1791061080 1178890.30 27089.36
1791061085 1178903.39 27102.96
1791061090 1178915.87 27115.77
1791061095 1178928.47 27128.68
1791061100 1178940.44 27140.94
1791061105 1178956.20 27157.27
1791061110 1178969.26 27170.55
1791061115 1178984.18 27186.11
1791061120 1178994.56 27196.75
1791061125 1179005.95 27208.70
1791061130 1179018.24 27221.30
1791061135 1179031.48 27234.68
1791061140 1179041.46 27244.80
1791061145 1179055.29 27259.09
1791061150 1179069.70 27273.86
1791061155 1179090.33 27295.42
1791061160 1179107.12 27312.85
1791061165 1179124.30 27330.69
1791061170 1179140.17 27347.07
1791061175 1179155.08 27362.48
1791061181 1179168.87 27376.71
1791061186 1179187.28 27395.97
1791061191 1179207.38 27416.68
1791061196 1179224.94 27434.65
1791061201 1179244.74 27455.09
1791061206 1179261.86 27472.94
1791061211 1179277.95 27489.64
1791061216 1179296.79 27509.25
1791061221 1179316.05 27529.24
1791061226 1179331.44 27545.19
1791061231 1179348.58 27562.89
1791061236 1179367.78 27582.82
1791061241 1179390.42 27606.53
1791061246 1179407.85 27624.67
1791061251 1179431.26 27649.01
1791061256 1179447.46 27665.66
1791061261 1179464.36 27682.82
1791061266 1179477.83 27696.64
1791061271 1179493.03 27712.30
1791061276 1179516.53 27736.80
1791061281 1179545.14 27766.75
1791061286 1179569.93 27792.63
1791061291 1179594.71 27818.47
1791061296 1179618.57 27843.22
1791061301 1179642.88 27868.45
1791061306 1179665.80 27892.40
1791061311 1179693.10 27920.69
1791061316 1179718.72 27947.30
1791061321 1179741.13 27970.31
1791061326 1179764.38 27994.41
1791061331 1179788.26 28019.21
1791061336 1179807.27 28038.91
1791061341 1179827.54 28060.13
1791061346 1179851.56 28085.04
1791061351 1179875.29 28109.56
1791061356 1179900.75 28135.72
1791061361 1179931.64 28167.63
1791061366 1179953.86 28190.56
1791061371 1179973.58 28211.18
1791061376 1179991.70 28229.91
1791061381 1180020.55 28259.71
1791061386 1180041.92 28281.36
1791061391 1180056.71 28296.31
1791061396 1180073.22 28313.46
1791061401 1180103.89 28345.19
1791061406 1180133.74 28376.21
1791061411 1180166.51 28410.18
1791061416 1180199.67 28444.37
1791061421 1180232.94 28478.88
1791061426 1180266.72 28513.94
1791061431 1180297.94 28546.29
1791061436 1180330.20 28579.69
1791061441 1180359.68 28610.04
1791061446 1180398.46 28649.46
1791061451 1180424.97 28676.74
1791061456 1180455.97 28708.73
1791061461 1180489.64 28743.51
1791061466 1180520.28 28775.04
1791061471 1180545.85 28801.58
1791061476 1180582.95 28839.42
1791061481 1180620.12 28877.39
1791061486 1180645.02 28903.34
1791061491 1180668.46 28927.10
1791061496 1180697.16 28956.91
1791061501 1180734.53 28994.76
1791061506 1180762.04 29023.26
1791061511 1180789.00 29050.99
1791061516 1180805.10 29067.15
1791061521 1180834.34 29097.16
1791061526 1180875.03 29138.47
1791061531 1180911.79 29176.23
1791061536 1180946.04 29211.83
1791061541 1180988.74 29255.24
1791061546 1181033.35 29300.20
1791061551 1181079.53 29346.71
1791061556 1181118.73 29386.60
1791061561 1181156.14 29424.92
1791061566 1181195.93 29465.46
1791061571 1181229.58 29499.74
1791061576 1181266.51 29537.47
1791061581 1181301.43 29573.61
1791061586 1181342.92 29615.47
1791061591 1181384.92 29657.88
1791061596 1181426.36 29699.70
1791061601 1181470.01 29743.75
1791061606 1181506.08 29780.50
1791061611 1181538.66 29814.14
1791061616 1181576.52 29852.41
1791061621 1181608.79 29885.38
1791061626 1181639.22 29916.86
1791061631 1181676.33 29954.72
1791061636 1181709.53 29988.54
1791061641 1181729.77 30009.11
1791061646 1181761.90 30042.09
1791061651 1181806.71 30087.19
1791061656 1181850.21 30131.16
1791061661 1181886.23 30168.25
1791061666 1181926.04 30208.75
1791061671 1181970.24 30253.42
1791061676 1182014.04 30297.84
1791061681 1182056.49 30340.92
1791061686 1182099.85 30384.77
1791061691 1182143.75 30429.10
1791061696 1182188.30 30473.88
1791061701 1182234.46 30520.35
1791061706 1182280.95 30566.85
1791061711 1182326.20 30612.15
1791061716 1182373.24 30659.00
1791061721 1182421.50 30707.11
1791061726 1182469.69 30755.14
1791061731 1182517.84 30803.26
1791061736 1182565.90 30851.24
1791061741 1182614.56 30899.68
1791061746 1182663.14 30948.15
1791061751 1182711.42 30996.25
1791061756 1182758.97 31043.60
1791061761 1182806.53 31091.06
1791061766 1182831.16 31115.95
1791061771 1182860.35 31145.33
1791061776 1182903.74 31189.25
1791061781 1182949.11 31235.11
1791061786 1182995.43 31281.67
1791061791 1183042.98 31329.41
1791061796 1183090.25 31376.78
1791061801 1183138.01 31424.42
1791061806 1183185.67 31471.98
1791061811 1183233.79 31520.12
1791061816 1183281.76 31568.06
1791061821 1183329.31 31615.62
1791061826 1183377.07 31663.20
1791061831 1183425.25 31711.25
1791061836 1183473.67 31759.44
1791061841 1183521.37 31807.19
1791061847 1183569.58 31855.14
1791061852 1183617.93 31903.32
1791061857 1183666.18 31951.28
1791061862 1183714.56 31999.36
1791061867 1183762.64 32047.30
1791061872 1183810.80 32095.29
1791061877 1183859.72 32143.74
1791061882 1183907.92 32191.85
1791061887 1183956.79 32240.36
1791061892 1184004.95 32288.31
1791061897 1184053.69 32336.58
1791061902 1184082.37 32365.32
1791061907 1184099.67 32382.55
1791061912 1184109.33 32392.17
1791061917 1184117.64 32399.67
1791061922 1184128.42 32409.29
1791061927 1184132.79 32413.59
1791061932 1184135.32 32416.26
1791061937 1184138.57 32419.40
1791061942 1184142.96 32423.75
1791061947 1184146.84 32427.49
1791061952 1184151.04 32431.27
1791061957 1184154.57 32434.84
1791061962 1184157.97 32438.29
1791061967 1184161.81 32442.11
1791061972 1184165.71 32446.22
1791061977 1184169.83 32450.45
1791061982 1184174.03 32454.47
1791061987 1184178.40 32457.95
1791061992 1184186.03 32465.67
1791061997 1184192.90 32472.53
1791062002 1184200.22 32479.99
1791062007 1184207.12 32487.00
1791062012 1184213.46 32493.42
1791062017 1184219.63 32499.65
1791062022 1184226.61 32506.73
1791062027 1184233.45 32513.56
1791062032 1184240.64 32520.82
1791062037 1184247.54 32527.71
1791062042 1184254.52 32534.70
1791062047 1184261.09 32541.59
1791062052 1184267.98 32548.66
1791062057 1184274.89 32555.63
1791062062 1184281.85 32562.72
1791062067 1184288.68 32569.69
1791062072 1184295.69 32576.60
1791062077 1184302.72 32583.42
1791062082 1184309.48 32589.73
1791062087 1184319.85 32600.05
1791062092 1184338.45 32618.57
1791062097 1184350.01 32630.24
1791062102 1184364.86 32644.90
1791062107 1184376.71 32656.79
1791062112 1184388.71 32668.76
1791062117 1184400.78 32680.73
1791062122 1184407.42 32687.60
1791062127 1184414.15 32694.46
1791062132 1184421.15 32701.38
1791062137 1184427.96 32708.25
1791062143 1184435.02 32715.15
1791062148 1184441.96 32722.07
1791062153 1184448.76 32728.94
1791062158 1184457.25 32737.68
1791062163 1184473.03 32754.37
1791062168 1184502.53 32785.68
1791062173 1184535.48 32820.09
1791062178 1184566.38 32852.49
1791062183 1184598.90 32886.58
1791062188 1184632.40 32921.52
1791062193 1184660.00 32950.61
1791062198 1184687.16 32979.69
1791062203 1184715.07 33008.93
1791062208 1184734.30 33028.95
1791062213 1184768.74 33064.65
1791062218 1184798.98 33096.07
1791062223 1184831.58 33129.99
1791062228 1184853.56 33152.92
1791062233 1184879.98 33180.71
1791062238 1184910.44 33212.48
1791062243 1184943.80 33247.24
1791062248 1184985.03 33289.38
1791062253 1185019.80 33325.31
1791062258 1185043.42 33350.25
1791062263 1185057.76 33365.18
1791062268 1185091.49 33399.90
1791062273 1185118.41 33428.13
1791062278 1185145.62 33456.64
1791062283 1185169.92 33480.88
1791062288 1185187.06 33499.05
1791062293 1185211.64 33524.94
1791062298 1185231.05 33545.22
1791062303 1185254.00 33569.27
1791062308 1185274.14 33590.49
1791062313 1185291.91 33609.13
1791062318 1185315.69 33634.40
1791062323 1185336.98 33656.72
1791062328 1185352.12 33672.48
1791062333 1185376.11 33697.27
1791062338 1185396.77 33719.21
1791062343 1185413.89 33737.11
1791062348 1185431.51 33755.66
1791062353 1185455.19 33780.64
1791062358 1185474.88 33801.10
1791062363 1185498.78 33825.90
1791062368 1185516.30 33844.23
1791062373 1185537.90 33866.89
1791062378 1185560.00 33890.05
1791062383 1185580.91 33911.68
1791062388 1185598.13 33929.62
1791062393 1185620.33 33952.97
1791062398 1185642.54 33976.11
1791062403 1185666.55 34001.13
1791062408 1185689.01 34024.14
1791062413 1185711.10 34047.76
1791062418 1185742.65 34081.28
1791062423 1185769.93 34109.97
1791062428 1185796.72 34138.39
1791062433 1185828.16 34171.19
1791062438 1185858.93 34203.50
1791062443 1185889.68 34235.69
1791062448 1185918.83 34266.69
1791062453 1185941.82 34291.00
1791062458 1185971.37 34321.94
1791062463 1185997.25 34348.96
1791062468 1186029.36 34382.85
1791062473 1186065.37 34420.06
1791062478 1186101.84 34457.93
1791062483 1186129.84 34487.06
1791062488 1186157.81 34516.32
1791062493 1186189.66 34549.09
1791062498 1186212.91 34573.59
1791062503 1186247.16 34609.05
1791062508 1186270.07 34633.26
1791062513 1186299.21 34663.87
1791062518 1186326.71 34692.69
1791062523 1186358.17 34725.16
1791062528 1186385.12 34753.34
1791062533 1186412.97 34781.92
1791062538 1186451.23 34821.38
1791062543 1186483.95 34855.67
1791062548 1186518.83 34892.01
1791062553 1186554.11 34928.87
1791062558 1186581.06 34957.62
1791062563 1186618.14 34995.85
1791062568 1186650.96 35030.16
1791062573 1186684.55 35065.19
1791062578 1186716.27 35098.53
1791062583 1186753.76 35137.31
1791062588 1186787.87 35172.92
1791062593 1186832.35 35218.15
1791062598 1186876.58 35262.90
1791062603 1186921.15 35308.07
1791062608 1186964.51 35351.94
1791062613 1186994.98 35383.43
1791062618 1187036.84 35425.78
1791062623 1187082.96 35472.10
1791062628 1187122.80 35512.45
1791062633 1187158.96 35549.93
1791062638 1187193.31 35585.17
1791062643 1187235.64 35628.15
1791062648 1187274.85 35668.19
1791062653 1187312.73 35706.49
1791062658 1187336.62 35730.82
1791062663 1187377.63 35772.92
1791062668 1187418.33 35814.62
1791062673 1187458.52 35855.95
1791062678 1187503.87 35901.75
1791062683 1187550.26 35948.54
1791062688 1187596.66 35995.31
1791062693 1187642.97 36042.10
1791062698 1187685.66 36085.66
1791062703 1187725.45 36126.51
1791062708 1187770.47 36172.07
1791062713 1187817.71 36219.59
1791062718 1187864.47 36266.41
1791062723 1187912.11 36314.20
1791062728 1187960.06 36362.14
1791062733 1188005.79 36408.12
1791062738 1188052.86 36455.30
1791062743 1188098.97 36501.74
1791062748 1188147.01 36549.68
1791062753 1188194.51 36597.32
1791062758 1188240.84 36643.72
1791062763 1188288.30 36691.21
1791062768 1188336.60 36739.39
1791062773 1188384.08 36786.92
1791062778 1188425.85 36828.92
1791062783 1188449.85 36853.51
1791062788 1188494.71 36898.95
1791062793 1188540.75 36945.36
1791062798 1188585.41 36990.63
1791062803 1188633.16 37038.64
1791062808 1188681.72 37087.18
1791062813 1188730.32 37135.86
1791062818 1188779.04 37184.53
1791062823 1188828.10 37233.51
1791062828 1188876.43 37281.82
1791062833 1188925.46 37330.79
1791062839 1188974.82 37379.83
1791062844 1189024.06 37428.98
1791062849 1189073.37 37478.05
1791062854 1189122.86 37527.34
1791062859 1189172.37 37576.61
1791062864 1189222.19 37626.26
1791062869 1189271.78 37675.68
1791062874 1189321.58 37725.32
1791062879 1189371.35 37774.82
1791062884 1189421.22 37824.38
1791062889 1189470.98 37873.81
1791062894 1189520.57 37923.21
1791062899 1189570.28 37972.63
1791062904 1189619.82 38021.98
1791062909 1189655.68 38057.45
1791062914 1189689.42 38091.61
1791062919 1189735.87 38138.22
1791062924 1189783.90 38186.45
1791062929 1189832.63 38235.07
1791062934 1189881.82 38284.16
1791062939 1189931.11 38333.30
1791062944 1189980.53 38382.42
1791062949 1190029.60 38431.44
1791062954 1190079.00 38480.76
1791062959 1190128.63 38530.06
1791062964 1190178.19 38579.48
1791062969 1190227.90 38628.84
1791062974 1190277.75 38678.41
1791062979 1190327.51 38727.92
1791062984 1190377.25 38777.52
1791062989 1190427.18 38827.02
1791062994 1190476.51 38876.25
1791062999 1190526.17 38925.67
1791063004 1190576.14 38975.30
1791063009 1190626.01 39024.80
1791063014 1190675.86 39074.50
1791063019 1190725.75 39124.05
1791063024 1190775.63 39173.76
1791063029 1190825.45 39223.32
1791063034 1190875.46 39272.93
1791063039 1190925.22 39322.42
1791063044 1190975.12 39372.13
1791063049 1191024.84 39421.56
1791063054 1191055.39 39452.38
1791063059 1191097.61 39495.05
1791063064 1191146.63 39543.92
1791063069 1191195.47 39592.70
1791063074 1191244.55 39641.69
1791063079 1191293.57 39690.65
1791063084 1191342.84 39739.71
1791063089 1191392.14 39788.86
1791063094 1191441.74 39838.27
1791063099 1191491.34 39887.57
1791063104 1191540.84 39936.93
1791063109 1191590.51 39986.43
1791063114 1191640.38 40036.02
1791063119 1191689.96 40085.52
1791063124 1191739.63 40134.90
1791063129 1191789.62 40184.55
1791063134 1191839.43 40234.12
1791063139 1191889.26 40283.74
1791063144 1191939.30 40333.33
1791063149 1191989.25 40383.05
1791063154 1192039.21 40432.60
1791063159 1192089.12 40482.29
1791063164 1192138.91 40531.79
1791063169 1192189.07 40581.55
1791063174 1192239.01 40631.15
1791063179 1192288.84 40680.77
1791063184 1192338.74 40730.28
1791063189 1192388.52 40779.97
1791063194 1192438.31 40829.57
1791063199 1192488.04 40879.21
1791063204 1192537.86 40928.69
1791063209 1192587.58 40978.32
1791063214 1192629.15 41019.67
1791063219 1192649.00 41039.64
1791063224 1192664.25 41055.03
1791063229 1192682.59 41072.73
