1791059570 0 0
1791059575 0 0
1791059580 0 0
1791059585 0 0
1791059590 0 0
1791059595 0 0
1791059600 0 0
1791059605 0 0
1791059610 0 0
1791059615 0 0
1791059620 0 0
1791059625 0 0
1791059630 0 0
1791059635 0 0
1791059640 0 0
1791059645 0 88217
1791059650 20704 243758
1791059655 69904 467061
1791059660 126480 697601
1791059666 204064 882166
1791059671 302352 1081933
1791059676 504000 1406797
1791059681 626640 1592854
1791059686 756528 1823227
1791059691 925632 2083321
1791059696 1073568 2321356
1791059701 1195760 2580885
1791059706 1295680 2744552
1791059711 1470048 2989820
1791059716 1654496 3242735
1791059721 1792368 3441420
1791059726 1992560 3731099
1791059731 2107552 3903715
1791059736 2245920 4083027
1791059742 2411040 4313085
1791059747 2561696 4542606
1791059752 2728096 4765713
1791059757 2868272 4987416
1791059762 3000688 5194942
1791059767 3096128 5344713
1791059772 3173392 5463235
1791059777 3243056 5581025
1791059782 3345856 5751780
1791059787 3450992 5915928
1791059792 3500112 6020356
1791059797 3615184 6174479
1791059802 3696016 6346195
1791059807 3846528 6531427
1791059812 3911120 6634767
1791059818 4018016 6775289
1791059823 4095072 6959521
1791059828 4175104 7100238
1791059833 4255152 7249807
1791059838 4360192 7472961
1791059843 4460608 7612844
1791059848 4576048 7806663
1791059853 4656128 7986165
1791059858 4721152 8075508
1791059863 4830192 8217059
1791059868 4958656 8393689
1791059873 5013744 8495954
1791059878 5109104 8631138
1791059883 5181232 8727468
1791059888 5289040 8882178
1791059893 5318064 8927139
1791059898 5498096 9215760
1791059904 5656544 9439452
1791059909 5784464 9668788
1791059914 5928560 9927678
1791059919 6049968 10178698
1791059924 6236688 10423035
1791059929 6351872 10646262
1791059934 6491904 10884424
1791059939 6575264 11040612
1791059944 6733600 11277662
1791059949 6798688 11441797
1791059954 6892944 11583562
1791059959 7058304 11776141
1791059964 7215184 12021641
1791059969 7388176 12243510
1791059975 7495616 12398571
1791059980 7657088 12606195
1791059985 7867440 12898322
1791059990 8062288 13136357
1791059995 8214192 13380672
1791060000 8358144 13604049
1791060005 8560944 13900557
1791060010 8662176 14070770
1791060015 8785920 14249912
1791060020 8863904 14376094
1791060025 9041536 14649982
1791060030 9171104 14851028
1791060035 9303552 15096468
1791060040 9435264 15353563
1791060046 9649392 15716837
1791060051 9829904 15983838
1791060056 10034816 16288841
1791060061 10183792 16607154
1791060066 10386608 16943343
1791060071 10601984 17248025
1791060076 10819040 17595869
1791060081 11027968 17862212
1791060086 11206576 18138091
1791060091 11478240 18503225
1791060096 11767488 18919683
1791060102 11981568 19267507
1791060107 12166352 19563913
1791060112 12313776 19823963
1791060117 12507056 20116942
1791060122 12717536 20427811
1791060127 12925680 20731028
1791060132 13129008 21029456
1791060137 13342544 21319857
1791060142 13385504 21379735
1791060148 13684496 21772251
1791060153 13938592 22195418
1791060158 14188512 22602375
1791060163 14449072 23016380
1791060168 14702816 23389173
1791060173 14918624 23714832
1791060178 15136048 24051062
1791060183 15409840 24489026
1791060189 15671072 24881157
1791060194 15892080 25247163
1791060199 16122736 25617930
1791060204 16409616 25996348
1791060209 16665776 26389713
1791060214 16891600 26776421
1791060219 17175616 27164047
1791060224 17396384 27550232
1791060229 17628016 27921182
1791060235 17856528 28249388
1791060240 18139040 28650378
1791060245 18378592 29042368
1791060250 18648128 29428860
1791060255 18863792 29792044
1791060260 19058032 30088963
1791060265 19220048 30290026
1791060270 19357424 30578261
1791060276 19685136 31075767
1791060281 19957680 31535115
1791060286 20253584 32031369
1791060291 20503824 32439840
1791060296 20741328 32878909
1791060301 21027728 33303013
1791060307 21307776 33679759
1791060312 21607616 34111022
1791060317 21988432 34609575
1791060322 22304976 35152157
1791060327 22649296 35643334
1791060332 22883792 36058651
1791060338 23112672 36453295
1791060343 23472160 36934804
1791060348 23710720 37329463
1791060353 24036496 37873798
1791060358 24417728 38428988
1791060364 24628896 38806982
1791060369 24887856 39244948
1791060374 25210000 39719975
1791060379 25507392 40238175
1791060384 25763968 40697088
1791060390 25918848 40978646
1791060395 26004736 41126410
1791060400 26240480 41668687
1791060405 26566880 42275314
1791060410 26918592 42816703
1791060415 27188512 43373850
1791060421 27561648 43945844
1791060426 27913840 44502508
1791060431 28209136 45081687
1791060437 28569904 45609478
1791060442 28874528 46115662
1791060447 29166912 46656586
1791060452 29524528 47171961
1791060458 29866688 47707047
1791060463 30225568 48264723
1791060468 30539360 48797351
1791060473 30853120 49361453
1791060478 31228976 49934252
1791060484 31561968 50502929
1791060489 31972016 51096793
1791060495 32281248 51660021
1791060500 32578960 52144130
1791060505 32923616 52715826
1791060510 33200272 53177328
1791060516 33371648 53452917
1791060521 33416720 53526046
1791060526 33868944 54195917
1791060531 34225616 54817190
1791060536 34490512 55372656
1791060542 34741536 55930472
1791060547 34924032 56480426
1791060552 35070480 57027597
1791060558 35222704 57595304
1791060563 35456880 58135606
1791060568 35754256 58684991
1791060573 36035520 59273579
1791060579 36361168 59837841
1791060584 36679920 60349747
1791060589 36989856 60932338
1791060595 37287424 61473660
1791060600 37557936 62050236
1791060605 37897936 62608423
1791060611 38226768 63187469
1791060616 38536928 63734681
1791060622 38855792 64291516
1791060627 39107936 64847743
1791060632 39310800 65391752
1791060638 39593040 65956867
1791060643 39872544 66529530
1791060648 40195664 67124076
1791060654 40477728 67652000
1791060659 40499888 67711039
1791060664 40499888 67711039
1791060669 40499888 67711039
