1791057159 0 0
1791057164 0 0
1791057169 0 0
1791057175 0 0
1791057180 0 0
1791057185 0 0
1791057190 0 0
1791057195 0 0
1791057200 0 0
1791057205 0 0
1791057210 0 0
1791057215 0 0
1791057220 0 0
1791057225 0 0
1791057230 0 0
1791057235 0 0
1791057240 0 95768
1791057245 48720 317944
1791057250 154832 571484
1791057255 218464 779681
1791057260 317056 1038099
1791057265 438960 1252537
1791057271 562192 1466651
1791057276 690656 1688751
1791057281 844720 1919965
1791057286 984128 2149787
1791057291 1133632 2395347
1791057296 1313872 2647149
1791057301 1429456 2862520
1791057306 1601424 3109926
1791057311 1760864 3331554
1791057316 1904848 3545467
1791057321 2029472 3738459
1791057326 2203952 3978511
1791057331 2341344 4208969
1791057336 2493088 4431480
1791057342 2650528 4639243
1791057347 2768208 4861166
1791057352 2876960 5031959
1791057357 3012816 5269737
1791057362 3079072 5344713
1791057367 3186816 5492986
1791057372 3251616 5611178
1791057377 3344688 5751475
1791057382 3437952 5922688
1791057387 3495472 6027092
1791057392 3587424 6205250
1791057397 3665872 6323114
1791057402 3744784 6471152
1791057407 3896144 6677769
1791057412 3986784 6818869
1791057418 4058624 6914301
1791057423 4113488 7048600
1791057428 4200176 7206245
1791057433 4308128 7361312
1791057438 4409152 7509258
1791057443 4485712 7657505
1791057448 4592240 7851955
1791057453 4700464 8037302
1791057458 4822384 8193893
1791057463 4906160 8355709
1791057468 5045456 8526733
1791057473 5131136 8638316
1791057478 5235472 8779221
1791057483 5314448 8905199
1791057488 5393728 9000888
1791057493 5618720 9349236
1791057499 5755184 9572517
1791057504 5947856 9884456
1791057509 6151072 10150657
1791057514 6370896 10440823
1791057519 6427744 10550744
1791057524 6535344 10728411
1791057529 6690560 10943551
1791057534 6805024 11129021
1791057539 6974096 11404530
1791057544 7173456 11702672
1791057549 7246752 11864768
1791057554 7427872 12118556
1791057559 7576816 12347989
1791057565 7724240 12548120
1791057570 7809984 12696133
1791057575 7995296 12964816
1791057580 8124560 13195723
1791057585 8247520 13374459
1791057590 8412784 13603682
1791057595 8513040 13759247
1791057600 8599808 13892501
1791057605 8714448 14099987
1791057610 8816400 14249912
1791057615 8896800 14383658
1791057620 9081696 14686554
1791057625 9233792 14984124
1791057630 9405280 15295147
1791057636 9657616 15642171
1791057641 9787600 15901593
1791057646 9933440 16147840
1791057651 10126976 16466501
1791057656 10335616 16787051
1791057661 10544384 17113850
1791057666 10773120 17441198
1791057671 11000288 17758256
1791057676 11171792 17988252
1791057681 11360080 18242350
1791057686 11662512 18658807
1791057691 11814784 18889177
1791057696 12024368 19228932
1791057702 12256576 19564001
1791057707 12404864 19864002
1791057712 12581984 20145438
1791057717 12808592 20463978
1791057722 12983040 20709580
1791057727 13241504 21118271
1791057732 13424848 21379735
1791057737 13439504 21394414
1791057742 13736608 21771412
1791057747 13980096 22167139
1791057752 14171760 22528861
1791057758 14408384 22890324
1791057763 14673696 23284487
1791057768 14900704 23633375
1791057773 15159840 24065247
1791057778 15395056 24451186
1791057783 15710800 24895986
1791057788 16021184 25311511
1791057793 16296672 25722723
1791057799 16510928 26034531
1791057804 16779904 26455838
1791057809 17037792 26827823
1791057814 17246048 27222861
1791057819 17491920 27587138
1791057824 17694352 27890960
1791057829 17996272 28338332
1791057834 18213520 28658916
1791057839 18442064 29066130
1791057845 18694368 29458481
1791057850 18894544 29769596
1791057855 19147872 30201326
1791057860 19204256 30290026
1791057865 19413344 30615321
1791057870 19690544 31033361
1791057875 20055360 31587939
1791057880 20366992 32060987
1791057885 20668784 32506848
1791057890 20972208 33013677
1791057896 21249056 33494663
1791057901 21587904 33977089
1791057906 21914480 34431468
1791057911 22209856 34848401
1791057916 22554032 35360665
1791057921 22857488 35864799
1791057927 23120144 36335254
1791057932 23422320 36860450
1791057937 23724768 37262396
1791057942 23973328 37739796
1791057947 24275840 38198449
1791057953 24551536 38620606
1791057958 24797840 39014834
1791057963 25043424 39392972
1791057968 25343824 39896961
1791057973 25527648 40237320
1791057978 25820864 40695838
1791057984 25983280 40978646
1791057989 26170672 41274521
1791057994 26510096 41825308
1791057999 26829504 42371095
1791058004 27164464 42920750
1791058010 27521920 43522473
1791058015 27839120 44058338
1791058020 28201264 44606559
1791058026 28546816 45128432
1791058031 28952432 45691337
1791058036 29375200 46301235
1791058042 29686128 46859248
1791058047 30054672 47445980
1791058052 30415008 48019828
1791058058 30721824 48590723
1791058063 31066432 49167485
1791058068 31409520 49703745
1791058073 31768304 50222331
1791058079 32057472 50704234
1791058084 32382816 51223227
1791058089 32705312 51763636
1791058094 32972752 52300350
1791058100 33293296 52791044
1791058105 33589152 53326337
1791058110 33666032 53452917
1791058115 33940832 53882263
1791058121 34278880 54483711
1791058126 34682144 55039299
1791058131 35002512 55610859
1791058136 35351136 56242487
1791058142 35661536 56804913
1791058147 35968976 57379045
1791058152 36206016 57893062
1791058158 36434704 58463517
1791058163 36707216 59049964
1791058169 37028208 59600952
1791058174 37315008 60180080
1791058179 37625568 60738980
1791058184 37920464 61302409
1791058190 38188512 61850862
1791058195 38477680 62422818
1791058201 38775344 62984392
1791058206 39061152 63556332
1791058211 39325616 64098739
1791058217 39650528 64678277
1791058222 39925680 65251604
1791058227 40237152 65836536
1791058232 40564928 66388480
1791058238 40831088 66938174
1791058243 41219584 67512130
1791058248 41323056 67711039
1791058254 41323056 67711039
1791058259 41323056 67711039
