1791062081 0 0
1791062087 0 0
1791062092 0 0
1791062097 0 0
1791062102 0 0
1791062107 0 0
1791062112 0 0
1791062117 0 0
1791062122 0 0
1791062127 0 0
1791062132 0 0
1791062137 0 0
1791062142 0 0
1791062147 0 0
1791062152 0 0
1791062157 0 14488
1791062162 6912 141213
1791062167 42080 391785
1791062172 98128 660685
1791062177 155200 905550
1791062182 276960 1200601
1791062188 444160 1489455
1791062193 542336 1718283
1791062198 599632 1913159
1791062203 706384 2105595
1791062208 792256 2269114
1791062213 921008 2520552
1791062218 1022032 2767407
1791062223 1141440 3012787
1791062228 1249488 3212315
1791062233 1376592 3427940
1791062238 1480560 3649532
1791062243 1619360 3946758
1791062249 1771408 4253835
1791062254 1900400 4461372
1791062259 1975072 4625110
1791062264 2074976 4780321
1791062269 2156928 5009523
1791062274 2255792 5224754
1791062279 2298144 5344713
1791062284 2330864 5425421
1791062289 2424176 5566621
1791062294 2531600 5766710
1791062299 2567312 5871865
1791062304 2616288 6034893
1791062309 2680368 6191211
1791062314 2744176 6301904
1791062319 2848592 6506775
1791062325 2892384 6603088
1791062330 2985120 6773717
1791062335 3080304 6922316
1791062340 3144448 7048469
1791062345 3200992 7190092
1791062350 3258400 7331685
1791062355 3331040 7465509
1791062360 3387344 7650584
1791062365 3434352 7776478
1791062370 3482528 7918019
1791062375 3555456 8090364
1791062380 3663072 8246064
1791062385 3746656 8387395
1791062390 3789680 8504688
1791062395 3847424 8675940
1791062400 3935008 8867666
1791062406 3956304 8905199
1791062411 4040144 9053625
1791062416 4123776 9297571
1791062421 4238848 9506027
1791062426 4328528 9742984
1791062431 4455584 9987705
1791062436 4598720 10233085
1791062441 4690144 10475396
1791062446 4761520 10691434
1791062451 4846448 10870246
1791062456 4923984 11099633
1791062461 4989168 11271008
1791062467 5127264 11523383
1791062472 5226736 11804961
1791062477 5344192 12067064
1791062482 5432272 12280204
1791062487 5515904 12509845
1791062492 5648208 12756375
1791062497 5725232 12949936
1791062502 5862144 13188130
1791062507 5991696 13381944
1791062512 6144448 13610922
1791062517 6265936 13818537
1791062522 6402256 14063776
1791062527 6487840 14249912
1791062532 6581632 14413395
1791062538 6717376 14686658
1791062543 6826848 14947456
1791062548 6970672 15250671
1791062553 7114656 15510684
1791062558 7186656 15716851
1791062563 7344064 16028907
1791062568 7494528 16303416
1791062573 7608880 16541025
1791062578 7701216 16786891
1791062583 7856400 17091291
1791062588 7968752 17389499
1791062594 8167632 17766540
1791062599 8311632 18145320
1791062604 8459680 18451292
1791062609 8583056 18762429
1791062614 8730384 19000968
1791062619 8940112 19414991
1791062624 9090256 19758979
1791062629 9181328 20004551
1791062634 9352736 20352500
1791062640 9416800 20567888
1791062645 9565136 20901856
1791062650 9787584 21327282
1791062655 9801712 21379735
1791062660 9924000 21594465
1791062665 10114272 21943573
1791062670 10249296 22278166
1791062675 10409600 22659767
1791062680 10578192 23061033
1791062686 10742336 23455198
1791062691 10899344 23849593
1791062696 11079152 24192174
1791062701 11278912 24517547
1791062706 11407328 24865567
1791062712 11632832 25298627
1791062717 11830592 25707045
1791062722 12016624 26123115
1791062727 12199968 26561406
1791062732 12374896 26932075
1791062738 12510656 27267481
1791062743 12745072 27691071
1791062748 12937136 28099654
1791062753 13143280 28502383
1791062758 13272448 28851627
1791062764 13511712 29338972
1791062769 13698880 29724788
1791062774 13899440 30104807
1791062779 13963312 30290026
1791062784 14040864 30474537
1791062789 14190160 30868655
1791062795 14356512 31246319
1791062800 14599984 31749473
1791062805 14799712 32210447
1791062811 14976656 32693639
1791062816 15205616 33183417
1791062822 15384432 33629411
1791062827 15569472 34051438
1791062832 15757056 34492604
1791062837 16012560 35017628
1791062843 16191408 35432722
1791062848 16375008 35933459
1791062854 16564000 36415202
1791062859 16777600 36913402
1791062865 17024736 37479229
1791062870 17284800 38021013
1791062875 17508624 38525628
1791062881 17694608 38983866
1791062886 17921248 39447023
1791062892 18170000 39896803
1791062897 18391088 40364547
1791062902 18589792 40890242
1791062908 18637776 40978646
1791062913 18696016 41155935
1791062918 18874512 41661482
1791062924 19072288 42150992
1791062929 19275744 42682748
1791062934 19462896 43225822
1791062940 19652992 43723780
1791062945 19853200 44255863
1791062951 20005360 44733204
1791062957 20218752 45262659
1791062962 20397296 45766083
1791062968 20560448 46263489
1791062974 20652752 46754882
1791062979 20758896 47252026
1791062985 20911376 47779248
1791062990 21089584 48271509
1791062995 21288592 48791526
1791063001 21423824 49245528
1791063007 21628560 49806417
1791063012 21777264 50275505
1791063018 21980256 50808836
1791063023 22084624 51266681
1791063029 22253088 51727698
1791063034 22437824 52263815
1791063040 22658656 52829050
1791063045 22761152 53295736
1791063051 22817696 53452917
1791063056 22874368 53593404
1791063061 23071472 54224616
1791063067 23221104 54756142
1791063072 23353664 55224200
1791063078 23557536 55744143
1791063083 23692352 56249824
1791063089 23853808 56760498
1791063094 24003632 57282612
1791063100 24193552 57765215
1791063105 24348240 58277993
1791063111 24480032 58767549
1791063117 24641344 59281684
1791063122 24868240 59793563
1791063128 25034736 60283860
1791063133 25182304 60798462
1791063139 25396912 61294804
1791063144 25551712 61754432
1791063150 25762304 62265327
1791063155 25951568 62793346
1791063161 26156096 63305180
1791063167 26333936 63816744
1791063172 26511904 64291367
1791063178 26661504 64779302
1791063183 26782448 65294419
1791063189 26957648 65822628
1791063194 27124144 66349295
1791063200 27293264 66842180
1791063205 27421136 67324881
1791063211 27522496 67703843
1791063216 27522496 67711039
1791063221 27522496 67711039
1791063226 27522496 67711039
