1791055968 0 0
1791055973 0 0
1791055978 0 0
1791055983 0 0
1791055988 0 0
1791055993 0 0
1791055998 0 0
1791056003 0 0
1791056009 0 0
1791056014 0 0
1791056019 0 0
1791056024 0 0
1791056029 0 0
1791056034 0 0
1791056039 0 0
1791056044 0 21940
1791056049 55888 281151
1791056054 105344 496364
1791056059 175312 727146
1791056064 281024 993784
1791056069 389808 1237775
1791056074 498976 1436344
1791056079 679600 1718566
1791056084 789584 1935780
1791056089 891008 2112947
1791056094 1036736 2372775
1791056099 1174048 2596486
1791056105 1326624 2826865
1791056110 1504800 3070444
1791056115 1633504 3265418
1791056120 1756064 3457172
1791056125 1918976 3701331
1791056130 2049952 3896055
1791056135 2247328 4171594
1791056140 2363200 4371695
1791056145 2562800 4646959
1791056150 2640320 4758022
1791056155 2762832 4957838
1791056160 2906848 5195064
1791056165 2990704 5344713
1791056170 3062016 5440002
1791056175 3133888 5552024
1791056180 3213840 5722391
1791056185 3342608 5900398
1791056191 3435888 6065284
1791056196 3531200 6220386
1791056201 3631888 6390314
1791056206 3726144 6531746
1791056211 3848928 6709129
1791056216 3970864 6856980
1791056221 4006656 6982217
1791056226 4054048 7079011
1791056231 4126624 7174980
1791056236 4233104 7332160
1791056241 4327280 7524136
1791056246 4428512 7687593
1791056251 4507504 7836649
1791056256 4591552 7985480
1791056261 4641888 8090012
1791056266 4771776 8245799
1791056271 4879344 8430359
1791056277 4965696 8570709
1791056282 5052816 8697519
1791056287 5160800 8852812
1791056292 5195584 8905199
1791056297 5309824 9090102
1791056302 5474608 9320108
1791056307 5634128 9550800
1791056312 5789712 9825251
1791056317 5884496 10009331
1791056322 6058160 10232071
1791056327 6204032 10467981
1791056332 6304176 10668681
1791056337 6477600 10906670
1791056342 6650000 11188766
1791056347 6810416 11427125
1791056352 6926272 11650489
1791056358 7062288 11866164
1791056363 7248752 12116907
1791056368 7366240 12332477
1791056373 7516528 12532728
1791056378 7637536 12742566
1791056383 7853232 13040042
1791056388 7978944 13248110
1791056393 8116736 13411538
1791056398 8296944 13699367
1791056403 8406016 13878114
1791056408 8531088 14056400
1791056413 8653392 14249912
1791056418 8703008 14315958
1791056423 8905248 14604722
1791056428 9106544 14917607
1791056433 9294064 15214037
1791056438 9409824 15421794
1791056444 9634256 15747664
1791056449 9806816 16087613
1791056454 10031728 16399442
1791056459 10209552 16713012
1791056464 10367584 16964442
1791056469 10497872 17186495
1791056474 10752960 17538145
1791056479 10919184 17788007
1791056484 11154320 18137923
1791056489 11371680 18436153
1791056494 11593984 18762954
1791056499 11790256 19045758
1791056504 11932096 19260782
1791056509 12150624 19645664
1791056514 12270816 19892161
1791056519 12511008 20294391
1791056524 12735728 20642528
1791056530 12971648 20984475
1791056535 13158816 21282261
1791056540 13219328 21379735
1791056545 13403536 21586408
1791056550 13615952 21883064
1791056555 13829872 22210302
1791056560 14013952 22588683
1791056565 14236880 22973011
1791056570 14473520 23306861
1791056575 14668928 23618707
1791056580 14900288 24027874
1791056585 15132912 24466753
1791056590 15431552 24873117
1791056596 15681344 25253614
1791056601 15913936 25640094
1791056606 16176944 25996364
1791056611 16384624 26351622
1791056616 16640064 26776291
1791056621 16830720 27119133
1791056626 16956400 27400537
1791056631 17190384 27756552
1791056636 17565200 28301298
1791056641 17806928 28688212
1791056646 18143488 29213070
1791056652 18365152 29531896
1791056657 18581104 29919006
1791056662 18857984 30290026
1791056667 18894080 30348245
1791056672 19066768 30742151
1791056677 19325392 31246304
1791056682 19632384 31800392
1791056687 19914992 32261908
1791056692 20216112 32715931
1791056698 20476752 33109957
1791056703 20810112 33590344
1791056708 21237888 34139655
1791056713 21505600 34543069
1791056718 21815456 34952687
1791056723 22082064 35344251
1791056728 22331872 35753142
1791056733 22615104 36236810
1791056738 22872528 36616960
1791056743 23191568 37084336
1791056749 23541936 37575793
1791056754 23843888 38089053
1791056759 24113376 38568909
1791056764 24361856 39014106
1791056769 24634848 39474584
1791056774 24883616 39896859
1791056779 25197856 40356183
1791056784 25491104 40792766
1791056789 25606160 40978646
1791056794 25883488 41415454
1791056800 26089664 41875282
1791056805 26390224 42318422
1791056810 26741776 42921485
1791056815 27047712 43478194
1791056820 27366032 43954057
1791056825 27727872 44516424
1791056830 28128208 45083958
1791056836 28494384 45580991
1791056841 28778768 46062779
1791056846 29102240 46597721
1791056851 29534752 47215651
1791056856 29914720 47801756
1791056861 30320960 48384056
1791056866 30633664 48909089
1791056871 30908448 49368688
1791056877 31260368 49918642
1791056882 31535744 50341590
1791056887 31822656 50756668
1791056892 32145040 51288975
1791056897 32455104 51824649
1791056902 32788880 52366295
1791056907 33185152 53006478
1791056912 33468160 53452917
1791056918 33547296 53563441
1791056923 33946704 54231120
1791056928 34337392 54897763
1791056933 34676976 55528556
1791056938 35014432 56100148
1791056943 35430800 56695638
1791056949 35811232 57273369
1791056954 36210992 57869069
1791056959 36615264 58514566
1791056964 36985312 59102995
1791056969 37364512 59697172
1791056975 37762848 60252641
1791056980 38086512 60775966
1791056985 38461616 61323126
1791056990 38850768 61962111
1791056995 39187488 62513180
1791057000 39535408 63051729
1791057006 39930400 63725691
1791057011 40337296 64358863
1791057016 40764704 65004346
1791057021 41133392 65569996
1791057026 41551696 66202081
1791057031 41971360 66835204
1791057037 42336144 67443462
1791057042 42497040 67711039
1791057047 42497040 67711039
1791057052 42497040 67711039
1791057057 42497040 67711039
