1791058391 0 0
1791058396 0 0
1791058401 0 0
1791058406 0 0
1791058411 0 0
1791058416 0 0
1791058421 0 0
1791058426 0 0
1791058431 0 0
1791058436 0 0
1791058441 0 0
1791058446 0 0
1791058451 0 0
1791058457 0 0
1791058462 0 0
1791058467 6912 88059
1791058472 77552 325782
1791058477 147936 541470
1791058482 211472 750248
1791058487 319408 1008174
1791058492 429024 1208625
1791058497 567040 1467203
1791058502 653248 1675430
1791058507 789024 1875307
1791058512 933712 2156892
1791058517 1066096 2374033
1791058522 1209488 2625895
1791058527 1340608 2840675
1791058532 1467216 3042294
1791058537 1602368 3273067
1791058542 1792144 3531037
1791058548 1943040 3732467
1791058553 2106384 3976281
1791058558 2225424 4185920
1791058563 2348816 4364493
1791058568 2457728 4557228
1791058573 2590352 4758923
1791058578 2709840 4979755
1791058583 2893952 5307169
1791058588 2923168 5344713
1791058593 3027584 5492466
1791058598 3107024 5626118
1791058603 3179344 5722043
1791058608 3248992 5878627
1791058613 3310592 5996904
1791058618 3399488 6146579
1791058623 3501328 6295126
1791058628 3608336 6523009
1791058634 3706976 6677778
1791058639 3800320 6788874
1791058644 3907856 6944844
1791058649 4015360 7116000
1791058654 4121616 7264520
1791058659 4206304 7390304
1791058664 4322208 7583631
1791058669 4387600 7732895
1791058674 4486384 7896230
1791058679 4586208 8081334
1791058684 4702304 8252961
1791058689 4780848 8386856
1791058694 4874832 8521193
1791058699 4988368 8668622
1791058704 5081440 8809070
1791058709 5131808 8905199
1791058715 5230928 9052319
1791058720 5398096 9275435
1791058725 5561184 9535612
1791058730 5740880 9766354
1791058735 5897104 10018303
1791058740 6028336 10225602
1791058745 6180192 10468723
1791058750 6324256 10736801
1791058755 6425488 10906930
1791058760 6539088 11107258
1791058765 6635120 11314495
1791058770 6757296 11545808
1791058775 6944976 11798975
1791058780 7051568 12005433
1791058785 7236096 12236115
1791058790 7372720 12487024
1791058795 7489584 12674879
1791058801 7619760 12884232
1791058806 7779952 13165861
1791058811 7888016 13299678
1791058816 8047744 13485562
1791058821 8170432 13691498
1791058826 8293968 13900482
1791058831 8448496 14145076
1791058836 8521712 14249912
1791058841 8667424 14464377
1791058846 8867360 14806585
1791058851 9017104 15080319
1791058856 9194832 15339341
1791058861 9395760 15599183
1791058866 9612224 15969092
1791058871 9704352 16169548
1791058877 9902784 16540644
1791058882 10124496 16936352
1791058887 10340688 17218613
1791058892 10489776 17476243
1791058897 10681056 17758197
1791058902 10821408 17988482
1791058907 11060624 18332488
1791058912 11313120 18695860
1791058917 11585488 19022693
1791058922 11739600 19289009
1791058927 11934512 19630901
1791058932 12136176 19966680
1791058937 12329104 20286661
1791058942 12504592 20553004
1791058947 12681744 20835605
1791058953 12877600 21088993
1791058958 13059440 21379735
1791058963 13118048 21452830
1791058968 13482976 21935398
1791058973 13720144 22366263
1791058978 13926240 22684735
1791058983 14154352 23060997
1791058988 14411616 23410749
1791058993 14652064 23812847
1791058998 14861120 24138975
1791059003 15187616 24608278
1791059008 15402640 24962465
1791059013 15610944 25275790
1791059018 15797680 25588421
1791059023 16049120 25951569
1791059029 16359504 26375518
1791059034 16661344 26849954
1791059039 16868448 27209451
1791059044 17088784 27572945
1791059049 17302768 27884605
1791059054 17588464 28292165
1791059059 17806656 28627642
1791059064 18001200 28970219
1791059069 18232208 29363497
1791059074 18445600 29755865
1791059079 18624896 30089917
1791059084 18750640 30290026
1791059089 18909360 30607953
1791059095 19178368 31084037
1791059100 19528752 31630630
1791059105 19774208 32061424
1791059110 20025040 32529843
1791059115 20283856 32968795
1791059120 20549776 33361213
1791059125 20922064 33904277
1791059130 21229248 34350351
1791059135 21522896 34781720
1791059141 21853952 35218413
1791059146 22087408 35604694
1791059151 22367008 36035066
1791059156 22619424 36423482
1791059161 22956624 36927924
1791059166 23164528 37264056
1791059171 23430464 37643569
1791059176 23669472 38057381
1791059181 23923680 38450393
1791059186 24302000 39028557
1791059191 24662256 39623949
1791059197 24928032 40066255
1791059202 25216880 40496480
1791059207 25523168 40971209
1791059212 25530160 40978646
1791059217 25847664 41534997
1791059222 26110816 42031298
1791059227 26465408 42601348
1791059232 26755552 43121264
1791059237 27004832 43545047
1791059243 27329072 44035811
1791059248 27638448 44531458
1791059253 28012240 45038333
1791059258 28312992 45527579
1791059263 28710000 46098727
1791059268 29039936 46613984
1791059273 29379312 47111032
1791059278 29795248 47659925
1791059283 30145200 48203932
1791059289 30509040 48806368
1791059294 30827568 49310428
1791059299 31158448 49859417
1791059304 31587568 50542349
1791059309 31964688 51104917
1791059314 32317856 51658809
1791059320 32689552 52240497
1791059325 32969248 52707954
1791059330 33264000 53176613
1791059335 33412352 53452917
1791059340 33680976 53904588
1791059345 34002880 54483118
1791059350 34406848 55118983
1791059356 34797264 55752164
1791059361 35157952 56346363
1791059366 35547408 56931875
1791059372 35893648 57447085
1791059377 36332560 58107124
1791059382 36736832 58767471
1791059387 37121184 59355197
1791059392 37498720 59979225
1791059397 37916320 60590302
1791059403 38261328 61183349
1791059408 38612128 61782700
1791059413 38962336 62378308
1791059418 39339232 62984709
1791059423 39712032 63584654
1791059428 40103152 64186409
1791059433 40487232 64781863
1791059439 40902256 65399622
1791059444 41296960 66015405
1791059449 41666432 66610554
1791059454 42062848 67212819
1791059459 42394960 67674227
1791059465 42416096 67711039
1791059470 42416096 67711039
1791059475 42416096 67711039
