1791060820 0 0
1791060825 0 0
1791060830 0 0
1791060835 0 0
1791060840 0 0
1791060845 0 0
1791060850 0 0
1791060855 0 0
1791060860 0 0
1791060865 0 0
1791060870 0 0
1791060875 0 0
1791060881 0 0
1791060886 0 0
1791060891 0 0
1791060896 6912 110457
1791060901 63056 332748
1791060906 98464 474129
1791060911 168560 727308
1791060916 273936 971242
1791060921 359520 1178698
1791060926 489216 1399659
1791060931 610928 1569408
1791060936 698176 1741021
1791060941 849088 2038983
1791060946 956304 2261228
1791060951 1115616 2522567
1791060956 1234544 2722405
1791060961 1373680 2914919
1791060966 1504352 3124151
1791060972 1681232 3397064
1791060977 1818736 3604440
1791060982 1973376 3867067
1791060987 2099248 4097599
1791060992 2241616 4275350
1791060997 2459504 4572726
1791061002 2611136 4808974
1791061007 2728304 5017384
1791061012 2871776 5261820
1791061017 2922672 5344713
1791061022 3007008 5493681
1791061027 3113024 5670297
1791061032 3184976 5804295
1791061037 3300432 5989704
1791061043 3380960 6139197
1791061048 3481072 6279742
1791061053 3581664 6426927
1791061058 3666448 6597270
1791061063 3732288 6729390
1791061068 3860080 6907135
1791061073 3965312 7071279
1791061078 4012656 7160270
1791061083 4069872 7288288
1791061088 4148448 7457757
1791061093 4199568 7531522
1791061098 4296992 7687385
1791061103 4380032 7844482
1791061108 4460560 8008269
1791061113 4603808 8216965
1791061118 4689632 8343046
1791061123 4757936 8466957
1791061128 4855680 8608873
1791061134 4985808 8778818
1791061139 5077792 8905199
1791061144 5092224 8934478
1791061149 5245712 9142541
1791061154 5386144 9394564
1791061159 5529664 9595601
1791061164 5651072 9817856
1791061169 5754720 10009575
1791061174 5882192 10202571
1791061179 5992096 10357889
1791061184 6154896 10609267
1791061189 6231872 10825402
1791061194 6354080 11070684
1791061199 6499520 11322118
1791061204 6613808 11530574
1791061209 6714912 11733184
1791061214 6877248 11984068
1791061220 7051584 12228785
1791061225 7158000 12405851
1791061230 7294624 12637101
1791061235 7466144 12891355
1791061240 7645344 13180619
1791061245 7822416 13418633
1791061250 8036288 13708307
1791061255 8133056 13922348
1791061260 8247824 14122679
1791061265 8350272 14249912
1791061270 8453376 14390226
1791061275 8593872 14693839
1791061280 8793296 15064793
1791061285 8982080 15384006
1791061290 9162752 15694004
1791061295 9323952 15984474
1791061301 9478640 16280990
1791061306 9656880 16592864
1791061311 9849552 16920306
1791061316 10044400 17253604
1791061321 10243376 17557668
1791061326 10442208 17839143
1791061331 10630928 18139272
1791061336 10810624 18392196
1791061341 11043472 18703731
1791061346 11237712 18986597
1791061351 11432192 19304971
1791061356 11589968 19630588
1791061361 11784000 19982412
1791061366 11919136 20227393
1791061371 12064288 20464170
1791061377 12253920 20754146
1791061382 12501296 21118793
1791061387 12623328 21334504
1791061392 12662032 21394414
1791061397 12904272 21697932
1791061402 13131760 22100217
1791061407 13325296 22476455
1791061412 13576560 22861584
1791061417 13810528 23299529
1791061422 13994656 23700667
1791061427 14203424 24103317
1791061432 14392848 24437070
1791061438 14651856 24873289
1791061443 14909696 25305388
1791061448 15139248 25677228
1791061453 15371200 26042638
1791061458 15614944 26449166
1791061463 15790928 26805744
1791061468 15989280 27140603
1791061473 16211248 27535163
1791061478 16484736 28002496
1791061483 16718016 28332609
1791061488 16910080 28643728
1791061493 17119104 28954695
1791061498 17349440 29415080
1791061504 17506496 29717601
1791061509 17732288 30066886
1791061514 17840400 30290026
1791061519 17928224 30497352
1791061524 18174048 30987301
1791061529 18399664 31415859
1791061534 18654528 31830207
1791061539 18939024 32358494
1791061544 19196176 32886898
1791061549 19517904 33480428
1791061555 19824624 33908622
1791061560 20075712 34373000
1791061565 20327984 34809828
1791061570 20559232 35203361
1791061575 20780976 35649513
1791061580 20998016 36053205
1791061585 21338032 36593360
1791061590 21652144 37054280
1791061595 22009152 37598917
1791061601 22239824 38036383
1791061606 22506336 38473075
1791061611 22714736 38858690
1791061616 22959328 39304053
1791061621 23172448 39683445
1791061626 23401360 40045071
1791061631 23656816 40504804
1791061636 23895744 40956144
1791061641 23909696 40978646
1791061647 24165968 41519669
1791061652 24401872 42045403
1791061657 24648800 42468074
1791061662 24889952 42868732
1791061667 25174784 43426464
1791061672 25405984 43901027
1791061677 25742352 44443397
1791061682 25993664 44896054
1791061688 26355120 45484579
1791061693 26634016 46012072
1791061698 26933344 46531508
1791061703 27239552 47088663
1791061708 27543408 47601660
1791061713 27884000 48182345
1791061719 28163456 48783725
1791061724 28565584 49443410
1791061730 28887680 50045297
1791061735 29200608 50675465
1791061740 29505120 51244437
1791061746 29756864 51770632
1791061751 30066096 52270758
1791061756 30330880 52814642
1791061761 30625696 53378694
1791061766 30661344 53452917
1791061771 30850704 53883120
1791061777 31091136 54319584
1791061782 31420864 54940868
1791061787 31728048 55551261
1791061792 32047536 56182560
1791061797 32396560 56760067
1791061803 32724752 57348882
1791061808 33056336 57934681
1791061813 33315776 58499557
1791061818 33592752 59072430
1791061823 33923104 59652486
1791061829 34252080 60241944
1791061834 34552608 60843059
1791061840 34815600 61442712
1791061845 35079600 62020964
1791061850 35436960 62636629
1791061856 35716688 63213345
1791061861 36060400 63827821
1791061866 36394048 64403050
1791061872 36747808 65012794
1791061877 37082112 65600064
1791061883 37418848 66187647
1791061888 37689376 66773391
1791061893 37996576 67348952
1791061898 38153984 67711039
1791061903 38153984 67711039
1791061908 38153984 67711039
