1791063435 1192849.21 128.67
1791063440 1192852.87 132.01
1791063445 1192868.50 147.58
1791063450 1192880.91 159.31
1791063455 1192885.16 163.53
1791063460 1192897.32 175.81
1791063465 1192912.82 191.41
1791063470 1192916.77 195.27
1791063475 1192928.36 206.98
1791063480 1192938.14 216.87
1791063485 1192941.26 219.93
1791063490 1192953.05 231.84
1791063495 1192969.51 248.34
1791063500 1192973.33 252.09
1791063505 1192977.54 255.66
1791063510 1192982.40 260.40
1791063515 1192989.12 267.04
1791063520 1192994.21 272.28
1791063525 1193000.10 278.13
1791063530 1193005.93 284.02
1791063535 1193011.77 289.87
1791063540 1193017.57 295.73
1791063545 1193023.55 301.63
1791063550 1193029.38 307.49
1791063555 1193035.29 313.34
1791063560 1193042.40 320.95
1791063565 1193056.88 336.07
1791063570 1193069.40 349.20
1791063575 1193082.61 362.82
1791063580 1193094.37 375.17
1791063585 1193104.12 385.28
1791063590 1193116.59 398.35
1791063595 1193132.80 415.00
1791063600 1193154.55 437.42
1791063605 1193169.76 453.15
1791063610 1193185.91 469.96
1791063615 1193201.98 486.61
1791063620 1193212.35 497.52
1791063625 1193236.54 522.54
1791063630 1193274.70 561.73
1791063635 1193315.83 603.59
1791063640 1193355.93 644.47
1791063645 1193389.29 678.93
1791063650 1193424.92 715.27
1791063655 1193461.63 753.01
1791063660 1193498.17 790.49
1791063665 1193536.12 829.28
1791063670 1193571.18 865.30
1791063675 1193607.69 902.73
1791063680 1193638.48 934.44
1791063685 1193676.87 973.76
1791063690 1193713.17 1010.77
1791063695 1193752.62 1050.70
1791063700 1193792.34 1091.04
1791063705 1193838.19 1137.04
1791063710 1193877.58 1176.77
1791063715 1193906.23 1206.39
1791063720 1193949.58 1249.87
1791063725 1193986.68 1287.61
1791063730 1194026.84 1328.38
1791063735 1194073.90 1375.41
1791063740 1194113.77 1415.70
1791063745 1194150.44 1453.16
1791063750 1194193.81 1496.69
1791063755 1194231.65 1535.29
1791063761 1194270.09 1574.17
1791063766 1194305.95 1610.75
1791063771 1194332.99 1638.66
1791063776 1194370.40 1676.73
1791063781 1194403.65 1710.76
1791063786 1194440.01 1747.71
1791063791 1194485.58 1793.28
1791063796 1194522.72 1831.09
1791063801 1194562.96 1871.58
1791063806 1194583.63 1892.69
1791063811 1194624.63 1934.22
1791063816 1194673.50 1983.14
1791063821 1194723.06 2032.61
1791063826 1194772.30 2081.88
1791063831 1194821.31 2130.86
1791063836 1194870.77 2180.27
1791063841 1194920.78 2230.11
1791063846 1194970.68 2279.82
1791063851 1195020.30 2329.26
1791063856 1195070.29 2379.17
1791063861 1195120.17 2428.85
1791063866 1195169.97 2478.54
1791063871 1195219.35 2527.72
1791063876 1195269.15 2577.32
1791063881 1195319.14 2627.10
1791063886 1195369.08 2676.95
1791063891 1195418.96 2726.61
1791063896 1195468.77 2776.31
1791063901 1195518.37 2825.67
1791063906 1195567.95 2874.93
1791063911 1195617.60 2924.33
1791063916 1195667.18 2973.78
1791063921 1195716.85 3023.29
1791063926 1195766.73 3072.93
1791063931 1195816.63 3122.51
1791063936 1195866.28 3171.70
1791063941 1195916.34 3221.46
1791063946 1195966.28 3271.20
1791063951 1196016.05 3320.61
1791063956 1196065.86 3370.18
1791063961 1196116.74 3420.63
1791063966 1196167.79 3471.33
1791063971 1196217.86 3521.04
1791063976 1196267.92 3570.94
1791063981 1196317.96 3620.76
1791063986 1196367.79 3670.41
1791063991 1196381.93 3684.50
1791063996 1196388.26 3690.79
1791064001 1196394.43 3697.00
1791064006 1196399.67 3702.54
1791064011 1196405.17 3707.83
1791064016 1196414.33 3716.25
1791064021 1196418.20 3720.24
1791064026 1196420.30 3722.36
1791064031 1196442.82 3744.92
1791064036 1196467.13 3769.34
1791064041 1196470.68 3772.86
1791064046 1196473.73 3775.96
1791064051 1196491.06 3793.40
1791064056 1196494.87 3797.28
1791064061 1196498.13 3800.71
1791064066 1196515.98 3818.68
1791064071 1196523.71 3826.59
1791064076 1196527.01 3829.75
1791064081 1196530.62 3833.08
1791064086 1196534.52 3837.08
1791064091 1196538.65 3841.63
1791064096 1196543.11 3846.43
1791064101 1196547.71 3851.35
1791064106 1196552.22 3856.15
1791064111 1196556.42 3860.70
1791064116 1196560.75 3865.20
1791064121 1196565.06 3869.82
1791064126 1196569.59 3874.74
1791064131 1196574.59 3879.27
1791064136 1196579.67 3884.57
1791064141 1196584.96 3889.93
1791064146 1196587.67 3892.73
1791064152 1196591.42 3896.67
1791064157 1196595.89 3901.37
1791064162 1196600.86 3906.44
1791064167 1196606.98 3912.56
1791064172 1196621.37 3926.91
1791064177 1196627.56 3933.11
1791064182 1196633.64 3939.20
1791064187 1196642.94 3948.61
1791064192 1196651.44 3957.21
1791064197 1196657.43 3963.33
1791064202 1196663.94 3970.11
1791064207 1196682.70 3990.35
1791064212 1196699.59 4008.36
1791064217 1196717.65 4027.91
1791064222 1196738.69 4050.47
1791064227 1196759.83 4073.08
1791064232 1196785.73 4100.31
1791064237 1196801.10 4116.61
1791064242 1196817.36 4133.78
1791064247 1196834.19 4151.79
1791064252 1196851.49 4170.13
1791064257 1196870.60 4190.26
1791064262 1196889.70 4210.44
1791064267 1196904.91 4226.08
1791064272 1196949.19 4271.20
1791064277 1196994.56 4317.35
1791064282 1197037.81 4361.40
1791064287 1197083.62 4407.71
1791064292 1197129.62 4454.15
1791064297 1197175.22 4500.29
1791064302 1197220.97 4546.49
1791064307 1197266.53 4592.55
1791064312 1197312.53 4638.90
1791064317 1197359.37 4686.06
1791064322 1197405.62 4732.60
1791064327 1197451.47 4778.83
1791064332 1197494.28 4822.52
1791064337 1197540.56 4869.20
1791064342 1197586.33 4915.16
1791064347 1197632.82 4961.96
1791064352 1197678.25 5007.70
1791064357 1197724.65 5054.23
1791064362 1197768.44 5098.41
1791064367 1197816.85 5146.78
1791064372 1197865.25 5195.05
1791064377 1197912.60 5242.57
1791064382 1197959.84 5289.90
1791064387 1198007.77 5337.84
1791064392 1198053.99 5384.34
1791064397 1198097.92 5428.92
1791064402 1198144.92 5475.96
1791064407 1198192.47 5523.51
1791064412 1198241.03 5571.99
1791064417 1198289.55 5620.40
1791064422 1198337.65 5668.45
1791064427 1198381.99 5712.93
1791064432 1198429.06 5760.08
1791064437 1198476.06 5807.38
1791064442 1198521.26 5852.94
1791064447 1198568.45 5900.10
1791064452 1198587.57 5919.84
1791064457 1198635.23 5967.84
1791064462 1198684.11 6016.74
1791064467 1198732.84 6065.62
1791064472 1198781.69 6114.55
1791064477 1198830.92 6163.76
1791064482 1198880.26 6213.03
1791064487 1198929.22 6262.04
1791064492 1198978.52 6311.25
1791064497 1199027.90 6360.63
1791064502 1199077.30 6409.92
1791064507 1199126.86 6459.35
1791064512 1199176.37 6508.71
1791064517 1199225.88 6558.14
1791064522 1199275.39 6607.47
1791064527 1199324.89 6656.92
1791064532 1199374.80 6706.50
1791064537 1199424.66 6756.21
1791064542 1199474.43 6805.82
1791064547 1199524.20 6855.53
1791064552 1199574.17 6905.31
1791064557 1199623.91 6954.96
1791064562 1199673.60 7004.50
1791064567 1199723.51 7054.18
1791064572 1199773.23 7103.81
1791064577 1199823.02 7153.41
1791064582 1199872.83 7203.11
1791064587 1199922.60 7252.66
1791064592 1199972.35 7302.30
1791064597 1200022.21 7351.91
1791064602 1200071.86 7401.48
1791064607 1200121.54 7450.97
1791064612 1200171.30 7500.60
1791064617 1200220.86 7549.96
1791064622 1200270.48 7599.50
1791064627 1200320.15 7648.91
1791064632 1200369.57 7698.23
1791064637 1200381.78 7710.52
1791064642 1200389.62 7718.40
1791064647 1200397.41 7726.23
1791064652 1200408.45 7735.87
1791064657 1200422.76 7749.91
