1791064130 0 0
1791064135 0 0
1791064140 0 0
1791064145 0 0
1791064150 0 0
1791064155 0 0
1791064160 0 0
1791064165 0 0
1791064170 0 0
1791064175 0 0
1791064180 0 0
1791064186 0 0
1791064191 0 0
1791064196 0 0
1791064201 0 0
1791064206 7200 164432
1791064211 49296 341747
1791064216 91376 512360
1791064221 195776 732067
1791064226 293952 940145
1791064231 448944 1205952
1791064236 540048 1362134
1791064241 639520 1518467
1791064246 774768 1675639
1791064251 903040 1846841
1791064256 1057248 2046096
1791064261 1177360 2224720
1791064266 1236752 2284172
1791064272 1843136 2891194
1791064277 2433760 3482356
1791064282 2955264 4004312
1791064287 3490624 4568215
1791064292 3863568 4998893
1791064297 4373744 5595304
1791064302 4873712 6121794
1791064308 5393312 6676564
1791064313 5922128 7233874
1791064318 6563024 7903674
1791064323 7072784 8413977
1791064328 7610992 8952678
1791064333 8146432 9488596
1791064339 8681008 10023686
1791064344 9267184 10610456
1791064349 9736976 11080705
1791064354 10328880 11673192
1791064359 10824032 12168846
1791064364 11499024 12844541
1791064369 12190720 13536948
1791064375 12795296 14142131
1791064380 13343408 14690752
1791064385 13975232 15323122
1791064390 14515408 15863844
1791064395 14989632 16338569
1791064401 15551328 16900817
1791064406 16214304 17564432
1791064411 16824176 18174906
1791064416 17483248 18834706
1791064421 18165120 19517288
1791064427 18875424 20228231
1791064432 19313184 20666382
1791064437 19958832 21312667
1791064442 20454656 21808999
1791064448 20881024 22235767
1791064453 21222416 22577514
1791064458 22390400 23746627
1791064463 23356128 24713232
1791064469 24337904 25696019
1791064474 25434016 26793214
1791064480 26457360 27817633
1791064486 27425616 28786875
1791064491 28524992 29887233
1791064497 29456592 30819779
1791064502 30564048 31928314
1791064508 31446400 32811574
1791064513 32381968 33748091
1791064518 33378544 34745633
1791064524 34388976 35757029
1791064529 35446096 36815188
1791064535 36630480 38008082
1791064540 37557008 38935589
1791064546 38695632 40075336
1791064551 39661392 41041983
1791064557 40600560 41989496
1791064563 41612384 43002348
1791064568 42553120 43944033
1791064574 43782464 45174645
1791064579 44755216 46148275
1791064585 45890480 47284634
1791064590 46900032 48295201
1791064596 47900704 49296851
1791064601 48865632 50262829
1791064607 49936288 51334491
1791064612 50901728 52300830
1791064617 51816848 53216853
1791064623 52910672 54311788
1791064628 53697296 55099223
1791064633 54188080 55590511
1791064638 54188080 55590511
1791064643 54188080 55590511
1791064649 54188080 55590511
