1791063506 0 0
1791063511 0 0
1791063516 0 0
1791063521 0 0
1791063526 0 0
1791063531 0 0
1791063537 0 0
1791063542 0 0
1791063547 0 0
1791063552 0 0
1791063557 0 0
1791063562 13824 169879
1791063567 34896 356406
1791063572 92176 527744
1791063577 168992 711896
1791063582 225040 837452
1791063587 301328 1006887
1791063592 399088 1177660
1791063597 512064 1348520
1791063602 639760 1586754
1791063607 821552 1829842
1791063612 969808 2023239
1791063617 1124912 2215130
1791063622 1204992 2295618
1791063628 1792272 2883438
1791063633 2413392 3505182
1791063638 3019568 4111901
1791063643 3521840 4637458
1791063648 4022256 5201337
1791063653 4535232 5763748
1791063658 5061600 6326089
1791063663 5566320 6857784
1791063668 6050800 7369088
1791063673 6638592 7977912
1791063678 7069600 8409318
1791063684 7645872 8986128
1791063689 8180000 9520740
1791063694 8763072 10104341
1791063699 9371360 10713272
1791063704 10058576 11401214
1791063709 10656032 11999224
1791063714 11077296 12420940
1791063719 11603024 12947177
1791063724 12174448 13519208
1791063729 12745536 14090798
1791063734 13374096 14719967
1791063740 13952176 15298560
1791063745 14514352 15861233
1791063750 15144752 16492365
1791063755 15727760 17075954
1791063760 16309744 17658503
1791063765 16842832 18192154
1791063770 17235616 18585305
1791063775 17829936 19180252
1791063780 18303184 19653908
1791063785 18873248 20224537
1791063790 19554480 20906379
1791063795 20117104 21469500
1791063801 20672832 22025876
1791063806 20870976 22224233
1791063811 21847936 23202109
1791063816 23032032 24387290
1791063822 24099712 25456097
1791063828 25036656 26393946
1791063833 26005056 27363334
1791063839 27035696 28395015
1791063845 28337872 29698376
1791063851 29360848 30722388
1791063857 30365872 31728411
1791063863 31392608 32756207
1791063868 32342656 33707213
1791063874 33452496 34818058
1791063879 34681600 36048304
1791063885 35865936 37233874
1791063890 36787456 38156344
1791063896 37758896 39128767
1791063901 38616160 39986804
1791063906 39587296 40958849
1791063912 40505232 41877722
1791063917 41467392 42840828
1791063922 42449120 43823574
1791063928 43502128 44877657
1791063933 44345808 45722106
1791063939 45597200 46974592
1791063945 46676672 48055262
1791063950 47637728 49017260
1791063956 48673648 50054218
1791063961 49806272 51187929
1791063967 50910160 52292801
1791063973 52035504 53419373
1791063979 53150256 54535185
1791063985 54121552 55507464
1791063990 54173760 55559735
1791063995 54173760 55559735
1791064001 54173760 55559735
1791064006 54173760 55559735
