1791019208 0 0
1791019213 0 0
1791019218 0 0
1791019223 0 0
1791019228 0 0
1791019233 0 0
1791019238 0 0
1791019243 0 0
1791019248 0 0
1791019253 0 0
1791019258 0 0
1791019263 0 0
1791019268 0 0
1791019273 0 0
1791019279 0 0
1791019284 13808 125196
1791019289 70096 414164
1791019294 126160 623092
1791019299 188784 852081
1791019304 245200 1052379
1791019309 302112 1214539
1791019314 408688 1458523
1791019319 501152 1674243
1791019324 596048 1950202
1791019329 706320 2158292
1791019334 791296 2372237
1791019339 872128 2559835
1791019344 930320 2670635
1791019349 1010016 2804131
1791019354 1148368 3181780
1791019360 1319088 3604794
1791019365 1430944 3909154
1791019370 1552944 4203870
1791019375 1646992 4531440
1791019380 1753152 4827912
1791019385 1858608 5126008
1791019390 1937216 5370774
1791019395 2027952 5630689
1791019400 2150480 5927919
1791019405 2255776 6185799
1791019410 2262960 6231121
1791019415 2409504 6697910
1791019421 2501920 7165096
1791019426 2650032 7549158
1791019431 2827088 7949864
1791019436 3028224 8470106
1791019441 3174416 8856762
1791019446 3335520 9222478
1791019451 3522832 9702161
1791019456 3734192 10231643
1791019461 3968800 10788086
1791019467 4156496 11225784
1791019472 4321504 11575834
1791019477 4321504 11575834
