1791017978 0 0
1791017983 0 0
1791017988 0 0
1791017993 0 0
1791017998 0 0
1791018003 0 0
1791018008 0 14770
1791018013 91328 155797
1791018018 204832 275485
1791018023 322032 393843
1791018028 425680 526938
1791018033 500960 720470
1791018039 580672 890969
1791018044 669168 1047533
1791018049 798896 1239166
1791018054 982000 1448891
1791018059 1089104 1589330
1791018064 1255376 1812776
1791018069 1544720 2131716
1791018074 1712176 2318586
1791018079 1921072 2540586
1791018084 2078544 2712253
1791018089 2294672 2979636
1791018094 2431328 3186968
1791018099 2609984 3425089
1791018105 2840608 3758926
1791018110 3126768 4122631
1791018115 3450976 4572323
1791018120 3625840 4832787
1791018125 3958416 5307609
1791018130 4318144 5834280
1791018135 4695328 6363564
1791018141 5074096 6875148
1791018146 5438720 7350864
1791018151 5798720 7802856
1791018156 6326112 8451219
1791018161 6722512 9000987
1791018167 7096496 9483816
1791018172 7469696 10003951
1791018177 7844352 10539370
1791018182 8304160 11043760
1791018187 8768880 11571042
1791018193 9161696 12128283
1791018198 9555408 12741699
1791018203 9873328 13349783
1791018209 10166848 13907490
1791018214 10453680 14488325
1791018219 10658016 15045334
1791018224 10854928 15579439
1791018230 11020576 16152673
1791018235 11242256 16723598
1791018240 11489184 17280106
1791018246 11781872 17852595
1791018251 12138032 18441880
1791018257 12502256 18966916
1791018262 12751936 19537955
1791018267 12996144 20108825
1791018272 13264768 20674702
1791018278 13571968 21221392
1791018283 13909200 21778536
1791018288 14212096 22335841
1791018293 14587776 22893572
1791018299 14903168 23442529
1791018304 15240336 24030069
1791018309 15549120 24588616
1791018315 15891520 25160788
1791018320 16256544 25702365
1791018325 16596976 26274040
1791018331 16903040 26862440
1791018336 17268768 27411526
1791018341 17721280 27977399
1791018347 18222608 28556785
1791018352 18736800 29136670
1791018357 19224992 29701900
1791018362 19759424 30294143
1791018368 20138816 30879967
1791018373 20308016 31458012
1791018378 20547760 32037554
1791018383 20800640 32624230
1791018389 21001744 33182131
1791018394 21205136 33691747
1791018400 21275040 33926359
1791018405 21423168 34224633
1791018410 21557120 34462282
1791018415 21669600 34693106
1791018420 21748848 34931020
1791018425 21818272 35148566
1791018430 21943440 35421359
1791018435 22058624 35644424
1791018440 22058624 35644424
