1791018627 0 0
1791018632 0 0
1791018638 0 0
1791018643 0 0
1791018648 0 0
1791018653 13808 51749
1791018658 63056 111218
1791018663 204832 275485
1791018668 359008 430829
1791018673 440992 542278
1791018678 544944 735130
1791018683 647520 950643
1791018688 727776 1113652
1791018693 915440 1373778
1791018698 1081648 1589354
1791018703 1224000 1782779
1791018708 1432992 2019433
1791018713 1595152 2200020
1791018719 1816224 2436386
1791018724 2032208 2667297
1791018729 2204368 2845168
1791018734 2407440 3082678
1791018739 2587760 3350521
1791018744 2708512 3610261
1791018749 3043104 4024725
1791018754 3318736 4408585
1791018759 3595136 4750163
1791018764 3829616 5040732
1791018769 4170480 5411983
1791018775 4592640 5894136
1791018780 5021408 6362509
1791018785 5474560 6891667
1791018790 5954784 7426013
1791018795 6383808 7885620
1791018800 6884192 8457651
1791018806 7364512 9001794
1791018811 7852784 9588678
1791018816 8410064 10198561
1791018821 8880672 10739361
1791018826 9401328 11267121
1791018832 9860832 11727046
1791018837 10359280 12225960
1791018842 10891408 12758639
1791018847 11438032 13305795
1791018853 12031888 13923352
1791018858 12563584 14501699
1791018863 13080512 15050877
1791018868 13613312 15616335
1791018874 14080304 16091306
1791018879 14620624 16671896
1791018884 15177344 17273781
1791018889 15682032 17837485
1791018894 16135440 18383255
1791018900 16738912 19033379
1791018905 17232160 19582226
1791018910 17680192 20154430
1791018915 18058992 20733394
1791018921 18559536 21296277
1791018926 19107216 21889147
1791018931 19640720 22452334
1791018937 20168464 23010061
1791018942 20705040 23567499
1791018947 21242336 24134689
1791018952 21812384 24729663
1791018957 22351520 25292580
1791018963 22894416 25850562
1791018968 23459120 26438544
1791018973 23993520 26996130
1791018979 24559936 27576156
1791018984 25148976 28170521
1791018989 25755072 28778995
1791018995 26362624 29389817
1791019000 26939584 29968112
1791019006 27531424 30562436
1791019011 28116368 31148779
1791019016 28714288 31747369
1791019022 29217984 32335192
1791019027 29631472 32816299
1791019032 29865056 33050083
1791019037 30099504 33284774
1791019042 30351888 33537434
1791019047 30652688 33838546
1791019053 30994000 34180220
1791019058 31216800 34403255
1791019063 31475920 34662639
1791019068 31736640 34923635
1791019073 31987280 35178088
1791019078 32260848 35488330
1791019083 32409264 35644424
1791019088 32409264 35644424
