1791024565 1025001.02 36832.14
1791024570 1025008.03 36838.51
1791024575 1025016.59 36844.80
1791024580 1025023.43 36851.21
1791024585 1025030.19 36857.44
1791024590 1025036.85 36863.88
1791024595 1025043.12 36870.14
1791024600 1025050.56 36877.55
1791024605 1025078.74 36906.12
1791024610 1025099.52 36927.85
1791024615 1025131.15 36956.89
1791024620 1025160.49 36986.83
1791024625 1025176.43 37002.99
1791024630 1025196.44 37024.20
1791024635 1025221.62 37050.86
1791024640 1025247.41 37077.95
1791024645 1025271.06 37102.07
1791024650 1025300.56 37132.73
1791024655 1025326.21 37156.16
1791024660 1025345.09 37175.28
1791024665 1025365.42 37196.59
1791024670 1025390.42 37222.77
1791024675 1025421.74 37254.84
1791024680 1025444.73 37278.82
1791024685 1025470.75 37305.66
1791024690 1025501.28 37337.02
1791024695 1025526.74 37360.13
1791024700 1025552.42 37386.45
1791024705 1025579.84 37414.77
1791024710 1025603.55 37439.33
1791024715 1025623.80 37460.25
1791024720 1025653.15 37490.85
1791024725 1025666.82 37503.59
1791024730 1025686.79 37524.30
1791024735 1025706.17 37541.91
1791024740 1025724.99 37560.23
1791024745 1025745.31 37581.02
1791024750 1025767.34 37604.24
1791024755 1025787.16 37624.92
1791024761 1025804.46 37643.10
1791024766 1025822.16 37661.22
1791024771 1025840.83 37680.46
1791024776 1025856.05 37694.75
1791024781 1025878.34 37715.52
1791024786 1025896.19 37733.51
1791024791 1025916.89 37754.54
1791024796 1025932.92 37769.53
1791024801 1025946.17 37782.15
1791024806 1025961.84 37797.64
1791024811 1025980.00 37815.80
1791024816 1026000.22 37834.54
1791024821 1026018.46 37853.20
1791024826 1026038.97 37874.24
1791024831 1026055.63 37891.45
1791024836 1026071.32 37907.93
1791024841 1026086.70 37923.94
1791024846 1026101.94 37939.22
1791024851 1026115.41 37951.88
1791024856 1026142.61 37976.60
1791024861 1026166.43 38001.50
1791024866 1026193.49 38029.44
1791024871 1026224.21 38061.52
1791024876 1026250.93 38089.82
1791024881 1026276.15 38116.44
1791024886 1026298.46 38139.65
1791024891 1026316.50 38158.05
1791024896 1026343.29 38182.74
1791024901 1026374.52 38214.94
1791024906 1026399.78 38241.40
1791024911 1026422.72 38265.41
1791024916 1026445.44 38289.32
1791024921 1026471.19 38316.32
1791024926 1026497.65 38343.06
1791024931 1026524.12 38370.73
1791024936 1026545.02 38389.55
1791024941 1026571.87 38416.86
1791024946 1026596.86 38442.70
1791024951 1026619.91 38466.66
1791024956 1026648.37 38496.62
1791024961 1026673.27 38522.63
1791024966 1026697.20 38547.13
1791024971 1026725.07 38575.80
1791024976 1026742.34 38590.28
1791024981 1026780.84 38629.44
1791024986 1026812.48 38662.52
1791024991 1026853.50 38704.27
1791024996 1026888.36 38740.19
1791025001 1026920.18 38773.47
1791025006 1026957.86 38811.63
1791025011 1026985.31 38840.05
1791025016 1027019.40 38871.88
1791025021 1027056.82 38909.40
1791025026 1027082.47 38936.08
1791025031 1027118.30 38972.81
1791025036 1027156.33 39011.87
1791025041 1027183.61 39040.73
1791025046 1027218.55 39076.38
1791025051 1027246.75 39105.91
1791025056 1027273.97 39134.74
1791025061 1027303.22 39165.52
1791025066 1027326.37 39190.08
1791025071 1027359.08 39223.77
1791025076 1027396.96 39262.85
1791025081 1027427.27 39294.29
1791025086 1027459.91 39328.40
1791025091 1027498.35 39367.90
1791025096 1027532.54 39402.93
1791025101 1027556.04 39426.95
1791025106 1027596.68 39468.53
1791025111 1027642.78 39514.61
1791025116 1027683.39 39556.07
1791025121 1027728.73 39598.28
1791025126 1027773.76 39643.55
1791025131 1027818.24 39688.43
1791025136 1027859.32 39730.47
1791025141 1027899.96 39772.17
1791025146 1027940.02 39813.33
1791025151 1027969.65 39844.40
1791025156 1028005.40 39880.57
1791025161 1028047.41 39922.92
1791025166 1028093.47 39969.17
1791025171 1028132.52 40009.24
1791025176 1028172.07 40049.80
1791025181 1028206.54 40084.56
1791025186 1028245.39 40124.09
1791025191 1028281.80 40157.59
1791025196 1028323.22 40199.01
1791025201 1028366.46 40242.36
1791025206 1028406.50 40283.17
1791025211 1028445.94 40323.17
1791025216 1028487.31 40364.86
1791025221 1028522.36 40399.38
1791025226 1028542.08 40418.48
1791025231 1028591.02 40464.13
1791025236 1028637.18 40510.22
1791025241 1028683.37 40556.22
1791025246 1028729.47 40602.29
1791025251 1028775.11 40648.11
1791025256 1028818.78 40692.22
1791025261 1028862.99 40737.00
1791025266 1028906.45 40780.86
1791025271 1028950.63 40824.92
1791025276 1028991.47 40866.05
1791025281 1029039.14 40910.10
1791025286 1029081.83 40953.00
1791025291 1029127.86 40998.83
1791025296 1029175.22 41046.03
1791025301 1029220.93 41091.88
1791025306 1029267.55 41138.61
1791025311 1029316.39 41186.70
1791025316 1029364.43 41234.33
1791025321 1029414.42 41282.39
1791025326 1029463.32 41329.01
1791025331 1029511.64 41377.22
1791025336 1029559.98 41425.28
1791025341 1029607.49 41472.65
1791025346 1029655.04 41520.18
1791025351 1029673.23 41538.26
1791025357 1029711.57 41576.40
1791025362 1029751.26 41616.94
1791025367 1029797.19 41662.92
1791025372 1029845.58 41710.96
1791025377 1029893.32 41758.48
1791025382 1029940.43 41805.67
1791025387 1029987.84 41853.47
1791025392 1030036.38 41901.77
1791025397 1030085.38 41950.19
1791025402 1030135.40 41997.08
1791025407 1030185.08 42045.94
1791025412 1030234.43 42094.80
1791025417 1030283.45 42143.49
1791025422 1030332.05 42191.79
1791025427 1030381.10 42240.58
1791025432 1030430.99 42289.58
1791025437 1030480.72 42338.68
1791025442 1030530.47 42387.81
1791025447 1030583.51 42436.47
1791025452 1030633.84 42485.71
1791025457 1030684.59 42534.86
1791025462 1030734.09 42583.98
1791025467 1030783.34 42632.98
1791025472 1030832.96 42682.20
1791025477 1030883.10 42731.26
1791025482 1030900.78 42748.27
1791025487 1030947.88 42792.00
1791025492 1030996.30 42839.80
1791025497 1031044.82 42887.91
1791025502 1031093.74 42936.53
1791025507 1031142.24 42984.94
1791025512 1031191.23 43033.80
1791025517 1031241.24 43082.69
1791025522 1031290.50 43131.63
1791025527 1031340.32 43179.72
1791025532 1031390.39 43227.89
1791025537 1031440.38 43276.94
1791025542 1031489.88 43325.86
1791025547 1031539.47 43374.71
1791025552 1031588.91 43423.74
1791025557 1031638.49 43472.79
1791025562 1031688.69 43522.00
1791025567 1031738.31 43570.94
1791025572 1031790.06 43618.79
1791025577 1031839.13 43667.28
1791025582 1031888.44 43716.31
1791025587 1031938.55 43765.33
1791025592 1031988.64 43814.50
1791025597 1032038.96 43863.60
1791025602 1032089.17 43912.75
1791025607 1032139.35 43961.64
1791025612 1032189.58 44010.78
1791025617 1032238.72 44059.82
1791025622 1032265.75 44087.06
1791025627 1032284.08 44105.44
1791025632 1032295.18 44116.79
1791025637 1032305.33 44125.99
1791025642 1032316.52 44136.16
1791025647 1032320.22 44140.03
1791025652 1032323.08 44143.10
1791025657 1032326.50 44146.69
1791025662 1032329.73 44150.23
1791025667 1032334.43 44154.68
1791025672 1032337.49 44157.89
1791025677 1032340.36 44161.03
1791025682 1032344.33 44165.20
1791025687 1032348.13 44169.16
1791025692 1032352.26 44173.24
1791025697 1032356.47 44176.51
1791025702 1032361.54 44179.04
1791025707 1032365.83 44181.81
1791025712 1032388.11 44186.07
1791025717 1032408.83 44187.69
1791025722 1032414.00 44192.19
1791025727 1032419.33 44196.80
1791025732 1032424.60 44201.30
1791025737 1032429.80 44206.06
1791025742 1032435.11 44210.77
1791025747 1032440.72 44215.09
1791025752 1032446.11 44219.18
1791025757 1032452.28 44222.48
1791025762 1032457.10 44227.08
1791025767 1032462.01 44230.71
1791025772 1032467.41 44234.82
1791025777 1032475.82 44242.93
1791025782 1032493.86 44260.83
1791025787 1032504.70 44271.38
1791025792 1032519.39 44285.08
1791025798 1032530.86 44296.40
1791025803 1032542.61 44307.68
1791025808 1032553.77 44317.82
1791025813 1032561.71 44324.21
1791025818 1032568.28 44330.49
1791025823 1032575.41 44336.86
1791025828 1032581.94 44343.14
1791025833 1032588.47 44349.46
1791025838 1032594.87 44355.77
1791025843 1032601.23 44362.11
1791025848 1032612.49 44373.14
1791025853 1032630.75 44391.76
1791025858 1032656.78 44416.20
1791025863 1032673.85 44433.82
1791025868 1032698.56 44459.53
1791025873 1032724.49 44486.64
1791025878 1032747.81 44511.24
1791025883 1032775.02 44539.96
1791025888 1032802.07 44567.92
1791025893 1032833.29 44599.66
1791025898 1032862.17 44629.80
1791025903 1032897.25 44662.47
1791025908 1032927.20 44693.75
1791025913 1032963.90 44731.06
1791025918 1032990.98 44759.28
1791025923 1033014.52 44783.95
1791025928 1033037.53 44807.70
1791025933 1033065.63 44837.11
1791025938 1033092.58 44864.40
1791025943 1033117.13 44889.57
1791025948 1033150.08 44920.74
1791025953 1033178.67 44950.65
1791025958 1033210.55 44983.25
1791025963 1033252.72 45025.68
1791025968 1033278.01 45051.98
1791025973 1033292.37 45066.35
1791025978 1033314.65 45089.58
1791025983 1033336.17 45111.47
1791025988 1033355.33 45129.00
1791025993 1033377.89 45151.52
1791025998 1033398.52 45172.85
1791026003 1033418.83 45194.16
1791026008 1033441.40 45218.28
1791026013 1033459.60 45237.76
1791026018 1033476.64 45255.88
1791026023 1033495.13 45274.81
1791026028 1033508.05 45287.70
1791026033 1033531.23 45308.20
1791026038 1033543.90 45321.24
1791026043 1033564.37 45342.23
1791026048 1033580.60 45358.86
1791026053 1033606.88 45385.82
1791026058 1033624.05 45403.89
1791026063 1033644.14 45425.19
1791026068 1033661.31 45442.93
1791026073 1033683.48 45466.10
1791026078 1033702.31 45482.48
1791026083 1033730.66 45511.49
1791026088 1033752.18 45534.18
1791026093 1033769.71 45552.42
1791026098 1033786.47 45569.59
1791026103 1033813.61 45598.59
1791026108 1033844.57 45631.03
1791026113 1033866.00 45653.65
1791026118 1033894.22 45683.03
1791026123 1033924.07 45714.01
1791026128 1033961.58 45750.38
1791026133 1033990.08 45780.38
1791026138 1034012.47 45803.96
1791026143 1034038.64 45830.99
1791026148 1034073.62 45867.13
1791026153 1034099.64 45894.77
1791026158 1034133.71 45930.41
1791026163 1034157.56 45954.92
1791026168 1034181.51 45979.67
1791026173 1034209.91 46006.46
1791026178 1034241.00 46037.90
1791026183 1034267.32 46065.28
1791026188 1034290.11 46089.05
1791026193 1034316.49 46116.66
1791026198 1034348.00 46149.19
1791026203 1034383.63 46185.35
1791026208 1034413.28 46215.97
1791026213 1034449.46 46249.59
1791026218 1034467.47 46268.28
1791026223 1034493.01 46293.53
1791026228 1034530.03 46331.92
1791026233 1034563.17 46366.64
1791026238 1034602.69 46407.04
1791026243 1034633.89 46439.30
1791026248 1034666.18 46472.64
1791026253 1034700.52 46508.18
1791026258 1034744.49 46549.58
1791026263 1034782.11 46588.13
1791026268 1034821.12 46627.70
1791026273 1034863.05 46669.95
1791026278 1034902.45 46710.47
1791026283 1034933.15 46742.46
1791026288 1034970.37 46780.82
1791026293 1035012.99 46823.28
1791026298 1035057.23 46866.23
1791026303 1035092.11 46900.15
1791026308 1035125.81 46934.91
1791026313 1035165.68 46975.37
1791026318 1035206.29 47016.58
1791026323 1035245.31 47056.34
1791026328 1035278.84 47090.62
1791026333 1035318.74 47130.92
1791026338 1035359.55 47170.31
1791026343 1035385.38 47195.02
1791026348 1035414.94 47224.90
1791026353 1035453.77 47264.82
1791026358 1035496.31 47307.99
1791026363 1035537.12 47349.75
1791026368 1035579.17 47392.21
1791026373 1035624.79 47438.29
1791026378 1035667.39 47481.93
1791026383 1035706.71 47522.08
1791026388 1035746.44 47563.11
1791026393 1035787.97 47605.71
1791026398 1035834.57 47652.79
1791026403 1035881.44 47699.93
1791026408 1035924.85 47744.22
1791026413 1035966.40 47786.70
1791026418 1036012.71 47833.25
1791026423 1036048.82 47870.63
1791026428 1036093.46 47915.84
1791026433 1036140.92 47963.34
1791026438 1036181.84 48005.32
1791026443 1036226.48 48049.67
1791026448 1036272.81 48093.94
1791026454 1036321.54 48141.31
1791026459 1036370.12 48189.18
1791026464 1036409.44 48229.20
1791026469 1036435.71 48254.98
1791026474 1036473.20 48292.75
1791026479 1036520.68 48339.74
1791026484 1036566.39 48385.52
1791026489 1036612.44 48431.25
1791026494 1036661.72 48477.43
1791026499 1036708.18 48523.77
1791026504 1036756.79 48571.86
1791026509 1036804.53 48619.44
1791026514 1036851.89 48667.01
1791026519 1036899.40 48714.41
1791026524 1036947.11 48761.47
1791026529 1036995.23 48809.01
1791026534 1037045.57 48855.75
1791026539 1037091.30 48900.87
1791026544 1037140.06 48949.29
1791026549 1037188.26 48997.22
1791026554 1037234.68 49043.83
1791026559 1037279.27 49088.64
1791026564 1037328.61 49137.06
1791026569 1037380.01 49185.43
1791026574 1037430.26 49233.58
1791026579 1037479.88 49282.24
1791026584 1037527.19 49329.35
1791026589 1037575.01 49377.05
1791026594 1037606.62 49408.60
1791026599 1037645.45 49447.20
1791026604 1037692.69 49494.28
1791026609 1037742.40 49540.08
1791026614 1037791.61 49588.56
1791026619 1037840.71 49637.03
1791026624 1037889.33 49685.58
1791026629 1037938.11 49733.93
1791026634 1037986.96 49782.68
1791026639 1038036.56 49831.41
1791026644 1038086.31 49880.40
1791026649 1038138.08 49928.27
1791026654 1038188.08 49977.27
1791026659 1038237.58 50025.90
1791026664 1038287.08 50075.06
1791026669 1038336.70 50124.25
1791026674 1038386.16 50173.51
1791026679 1038436.22 50222.63
1791026684 1038485.75 50271.67
1791026689 1038536.85 50320.95
1791026694 1038589.85 50370.23
1791026699 1038639.32 50419.43
1791026704 1038688.78 50468.71
1791026709 1038738.36 50518.06
1791026714 1038788.05 50567.40
1791026719 1038821.54 50599.83
1791026724 1038861.30 50639.47
1791026729 1038909.49 50687.50
1791026734 1038958.10 50736.03
1791026739 1039007.15 50784.57
1791026744 1039056.66 50833.19
1791026749 1039106.06 50881.84
1791026754 1039157.88 50929.90
1791026759 1039207.74 50978.98
1791026764 1039257.17 51027.96
1791026769 1039306.34 51076.77
1791026774 1039355.78 51125.94
1791026779 1039405.23 51174.93
1791026784 1039454.66 51224.00
1791026789 1039504.67 51273.07
1791026794 1039554.87 51322.35
1791026799 1039608.38 51371.23
1791026804 1039659.37 51420.63
1791026809 1039709.95 51469.75
1791026814 1039759.64 51519.06
1791026819 1039809.13 51568.26
1791026824 1039858.96 51617.64
1791026829 1039909.08 51666.90
1791026834 1039959.24 51716.29
1791026839 1040011.25 51764.56
1791026844 1040061.16 51813.89
1791026849 1040111.06 51862.93
1791026854 1040160.53 51911.91
1791026859 1040209.75 51960.56
1791026864 1040236.99 51987.61
1791026869 1040255.43 52005.59
1791026874 1040268.35 52018.55
1791026879 1040279.29 52027.89
1791026884 1040288.66 52036.00
1791026889 1040297.12 52042.50
1791026894 1040301.96 52045.66
1791026899 1040306.47 52049.15
1791026904 1040310.26 52052.62
1791026909 1040314.66 52056.75
1791026914 1040318.77 52060.38
1791026919 1040321.83 52063.18
1791026924 1040326.04 52066.60
1791026929 1040330.17 52069.79
1791026934 1040334.35 52073.19
1791026939 1040339.45 52075.42
1791026944 1040344.18 52078.76
1791026949 1040348.34 52082.29
1791026954 1040353.05 52086.35
1791026959 1040357.93 52089.70
1791026965 1040363.07 52094.52
1791026970 1040368.41 52098.80
1791026975 1040373.31 52102.97
1791026980 1040379.51 52106.73
1791026985 1040385.45 52111.20
1791026990 1040391.50 52115.39
1791026995 1040397.02 52120.46
1791027000 1040402.36 52125.30
1791027005 1040407.67 52130.32
1791027010 1040414.02 52135.13
1791027015 1040423.77 52144.01
1791027020 1040441.90 52161.50
1791027025 1040454.96 52172.01
1791027030 1040468.56 52185.65
1791027035 1040480.34 52196.92
1791027040 1040492.30 52208.27
1791027045 1040502.93 52218.67
1791027050 1040509.57 52224.99
1791027055 1040516.07 52231.31
1791027060 1040522.43 52237.60
1791027065 1040528.83 52243.90
1791027070 1040535.79 52250.25
1791027075 1040542.52 52256.47
1791027080 1040551.44 52262.80
1791027085 1040564.48 52275.20
1791027090 1040576.65 52287.31
1791027095 1040594.93 52306.12
1791027100 1040610.62 52321.78
1791027105 1040629.25 52341.06
1791027110 1040646.33 52357.98
1791027115 1040661.37 52373.22
1791027120 1040679.61 52390.42
1791027125 1040699.66 52408.97
1791027130 1040714.46 52423.54
1791027135 1040731.12 52440.45
1791027140 1040748.90 52458.38
1791027145 1040765.47 52475.61
1791027150 1040781.83 52492.46
1791027155 1040802.37 52513.16
1791027160 1040818.31 52528.95
1791027165 1040836.98 52545.18
1791027170 1040854.23 52562.27
1791027175 1040872.24 52580.59
1791027180 1040891.98 52600.64
1791027185 1040907.88 52616.87
1791027190 1040929.86 52639.07
1791027195 1040950.07 52659.43
1791027200 1040976.21 52683.21
1791027205 1040998.09 52704.50
1791027210 1041008.77 52714.57
1791027215 1041021.42 52727.38
1791027220 1041039.75 52746.20
1791027225 1041055.80 52762.76
1791027230 1041074.61 52781.00
1791027235 1041084.52 52790.83
1791027240 1041098.42 52803.41
1791027245 1041110.71 52814.17
1791027250 1041122.35 52825.48
1791027255 1041137.72 52840.97
1791027260 1041154.99 52858.43
1791027265 1041170.99 52874.92
1791027270 1041181.27 52885.23
1791027275 1041193.15 52896.55
1791027280 1041206.87 52909.38
1791027285 1041222.33 52923.07
1791027290 1041236.85 52937.90
1791027295 1041251.02 52951.51
1791027300 1041261.69 52962.03
1791027305 1041273.18 52973.72
1791027310 1041287.48 52988.46
1791027315 1041298.65 52999.74
1791027320 1041308.65 53009.52
1791027325 1041322.30 53023.81
1791027330 1041331.73 53033.62
1791027335 1041343.49 53045.95
1791027340 1041357.72 53060.86
1791027345 1041373.57 53077.48
1791027350 1041389.35 53093.81
1791027355 1041407.81 53113.04
1791027360 1041428.93 53135.03
1791027365 1041446.05 53152.94
1791027370 1041465.97 53173.68
1791027375 1041486.68 53195.43
1791027380 1041499.23 53208.30
1791027385 1041518.28 53228.25
1791027390 1041534.20 53244.81
1791027395 1041549.70 53260.93
1791027400 1041564.02 53275.78
1791027405 1041577.18 53289.28
1791027410 1041593.27 53305.48
1791027415 1041616.40 53329.58
1791027420 1041633.86 53347.79
1791027425 1041653.22 53368.01
1791027430 1041673.11 53388.77
1791027435 1041691.93 53408.42
1791027440 1041710.35 53427.36
1791027445 1041728.61 53446.37
1791027450 1041751.49 53469.93
1791027455 1041766.31 53485.27
1791027460 1041786.77 53506.63
1791027465 1041810.83 53531.72
1791027470 1041830.95 53552.45
1791027475 1041856.72 53579.54
1791027480 1041882.91 53606.78
1791027485 1041901.14 53625.79
1791027490 1041924.20 53649.92
1791027495 1041943.88 53670.35
1791027500 1041964.89 53692.12
1791027505 1041984.36 53712.49
1791027510 1042004.05 53732.99
1791027515 1042033.80 53763.80
1791027520 1042051.88 53782.62
1791027525 1042078.08 53809.98
1791027530 1042108.85 53841.54
1791027535 1042133.81 53867.48
1791027540 1042156.31 53890.71
1791027546 1042180.94 53916.34
1791027551 1042204.96 53941.26
1791027556 1042239.37 53976.59
1791027561 1042266.92 54004.92
1791027566 1042288.63 54027.64
1791027571 1042309.69 54049.66
1791027576 1042333.67 54074.72
1791027581 1042347.71 54089.24
1791027586 1042368.65 54111.15
1791027591 1042406.86 54150.25
1791027596 1042440.39 54184.87
1791027601 1042471.83 54217.57
1791027606 1042495.25 54242.20
1791027611 1042527.98 54276.03
1791027616 1042555.65 54304.65
1791027621 1042581.24 54331.16
1791027626 1042608.44 54359.44
1791027631 1042640.49 54392.60
1791027636 1042672.17 54425.42
1791027641 1042706.57 54460.88
1791027646 1042740.41 54495.71
1791027651 1042772.14 54528.35
1791027656 1042806.16 54563.23
1791027661 1042835.06 54593.12
1791027666 1042864.36 54623.52
1791027671 1042893.54 54653.67
1791027676 1042927.26 54688.18
1791027681 1042945.50 54707.06
1791027686 1042978.16 54740.53
1791027691 1043013.04 54776.29
1791027696 1043048.04 54812.34
1791027701 1043077.28 54842.48
1791027706 1043092.70 54858.27
1791027711 1043123.41 54890.20
1791027716 1043162.19 54929.50
1791027721 1043198.81 54967.15
1791027726 1043238.20 55007.50
1791027731 1043278.60 55048.79
1791027736 1043316.86 55087.98
1791027741 1043357.96 55129.76
1791027746 1043397.72 55170.12
1791027751 1043434.85 55208.25
1791027756 1043469.43 55243.70
1791027761 1043502.68 55278.25
1791027766 1043538.93 55315.41
1791027771 1043579.83 55356.90
1791027776 1043625.60 55402.91
1791027781 1043663.57 55441.79
1791027786 1043706.21 55484.96
1791027791 1043742.31 55522.11
1791027796 1043780.61 55561.35
1791027801 1043818.19 55599.52
1791027806 1043863.56 55645.07
1791027811 1043902.96 55684.96
1791027816 1043938.57 55721.23
1791027821 1043975.78 55759.27
1791027826 1044009.74 55793.98
1791027831 1044026.44 55811.05
1791027836 1044062.27 55848.03
1791027841 1044104.38 55891.00
1791027846 1044142.17 55929.85
1791027851 1044182.19 55970.94
1791027856 1044224.98 56014.42
1791027861 1044271.30 56060.97
1791027866 1044315.81 56105.81
1791027871 1044363.49 56153.63
1791027876 1044412.12 56202.18
1791027881 1044460.50 56250.58
1791027886 1044509.14 56299.13
1791027891 1044557.65 56347.53
1791027896 1044606.35 56396.09
1791027901 1044654.96 56444.64
1791027906 1044703.70 56493.21
1791027911 1044751.46 56540.86
1791027916 1044799.55 56588.90
1791027921 1044847.63 56636.80
1791027926 1044895.29 56684.36
1791027931 1044941.86 56731.08
1791027936 1044989.56 56778.66
1791027941 1045036.00 56825.23
1791027946 1045082.56 56871.81
1791027951 1045124.53 56914.11
1791027956 1045142.00 56932.10
1791027961 1045183.15 56974.29
1791027966 1045230.23 57021.66
1791027971 1045277.74 57069.37
1791027976 1045325.06 57116.85
1791027981 1045372.88 57164.61
1791027986 1045420.49 57212.26
1791027991 1045468.03 57259.91
1791027996 1045515.51 57307.50
1791028001 1045563.86 57355.88
1791028006 1045612.16 57404.16
1791028011 1045660.54 57452.37
1791028016 1045708.92 57500.51
1791028021 1045757.42 57548.99
1791028026 1045805.83 57597.34
1791028031 1045854.44 57645.87
1791028036 1045902.79 57694.05
1791028041 1045951.22 57742.37
1791028046 1046000.06 57791.10
1791028051 1046048.57 57839.57
1791028056 1046097.31 57888.21
1791028061 1046145.93 57936.77
1791028066 1046194.32 57985.03
1791028071 1046242.54 58033.15
1791028076 1046291.02 58081.50
1791028081 1046339.02 58129.45
1791028086 1046387.16 58177.46
1791028091 1046403.42 58194.08
1791028096 1046419.23 58209.91
1791028101 1046427.82 58218.17
1791028106 1046435.80 58224.03
1791028111 1046446.10 58233.66
1791028116 1046449.19 58236.33
1791028121 1046470.76 58238.45
1791028126 1046525.41 58241.12
1791028131 1046573.71 58242.77
1791028136 1046621.52 58244.00
1791028141 1046665.67 58244.91
1791028146 1046701.35 58246.25
1791028151 1046734.28 58247.99
1791028157 1046746.98 58250.15
1791028162 1046752.76 58251.84
1791028167 1046763.14 58252.68
1791028172 1046777.64 58253.39
1791028177 1046818.01 58254.78
1791028182 1046858.20 58255.84
1791028187 1046903.81 58256.96
1791028192 1046941.68 58258.48
1791028197 1046958.36 58259.69
1791028202 1046962.06 58261.55
1791028207 1046965.20 58263.94
1791028212 1046968.45 58265.92
1791028217 1046970.45 58267.45
1791028222 1046973.19 58269.96
1791028227 1046976.04 58272.39
1791028232 1046978.62 58273.76
1791028237 1046982.81 58275.21
1791028242 1046988.78 58276.77
1791028247 1046995.50 58278.29
1791028252 1047001.15 58279.43
1791028257 1047006.26 58281.30
1791028262 1047009.55 58283.21
1791028267 1047012.87 58285.41
1791028272 1047015.39 58287.79
1791028277 1047018.25 58290.25
1791028282 1047032.07 58291.41
1791028287 1047049.28 58292.78
1791028292 1047057.92 58294.94
1791028297 1047061.42 58297.29
1791028302 1047064.58 58299.62
1791028307 1047067.73 58302.02
1791028312 1047071.32 58304.31
1791028317 1047075.09 58306.60
1791028322 1047078.28 58308.48
1791028327 1047081.50 58311.28
1791028332 1047085.14 58313.47
1791028337 1047089.75 58316.36
1791028342 1047095.57 58318.30
1791028347 1047098.85 58320.79
1791028352 1047101.39 58323.66
1791028357 1047103.96 58326.53
1791028362 1047108.76 58331.66
1791028367 1047111.92 58335.06
1791028372 1047115.55 58338.77
1791028377 1047118.74 58342.20
1791028382 1047123.01 58345.76
1791028387 1047127.86 58350.83
1791028392 1047134.45 58357.80
1791028397 1047141.23 58365.01
1791028403 1047148.38 58371.99
1791028408 1047155.09 58378.29
1791028413 1047171.81 58395.06
1791028418 1047186.49 58409.87
1791028423 1047200.27 58423.70
1791028428 1047212.19 58435.79
1791028433 1047224.39 58447.90
1791028438 1047236.21 58459.81
1791028443 1047245.35 58469.06
1791028448 1047251.96 58475.99
1791028453 1047258.83 58482.97
1791028458 1047266.04 58489.87
1791028463 1047272.91 58496.87
1791028468 1047279.42 58503.76
1791028473 1047286.36 58510.91
1791028478 1047293.15 58517.88
1791028483 1047309.61 58535.40
1791028488 1047335.43 58562.90
1791028493 1047360.64 58588.86
1791028498 1047387.14 58615.99
1791028503 1047411.57 58641.81
1791028508 1047435.44 58667.54
1791028513 1047459.84 58692.77
1791028518 1047487.35 58721.99
1791028523 1047514.24 58750.32
1791028528 1047548.66 58786.23
1791028533 1047579.98 58818.96
1791028538 1047615.00 58855.40
1791028543 1047643.69 58885.55
1791028548 1047668.51 58911.39
1791028553 1047698.80 58942.85
1791028558 1047722.93 58967.82
1791028563 1047760.03 59006.04
1791028568 1047796.83 59043.44
1791028573 1047828.89 59076.92
1791028578 1047854.97 59104.16
1791028583 1047885.06 59135.75
1791028588 1047908.86 59160.46
1791028593 1047938.50 59191.34
1791028598 1047972.63 59226.53
1791028603 1047996.43 59250.93
1791028608 1048013.41 59268.22
1791028613 1048037.02 59293.34
1791028618 1048055.58 59312.71
1791028623 1048076.27 59334.66
1791028628 1048089.25 59348.03
1791028633 1048107.95 59367.63
1791028638 1048127.84 59388.57
1791028643 1048147.82 59409.48
1791028648 1048168.72 59431.55
1791028653 1048195.95 59460.31
1791028658 1048214.40 59479.64
1791028663 1048232.34 59498.64
1791028668 1048257.77 59525.50
1791028673 1048278.72 59547.29
1791028678 1048305.92 59575.93
1791028683 1048326.06 59597.00
1791028688 1048350.38 59622.31
1791028693 1048367.85 59640.35
1791028698 1048388.51 59662.08
1791028703 1048404.41 59678.29
1791028708 1048422.42 59697.20
1791028713 1048440.30 59715.74
1791028718 1048464.17 59740.89
1791028723 1048494.37 59772.93
1791028728 1048516.65 59795.93
1791028733 1048541.92 59822.58
1791028738 1048570.57 59852.88
1791028743 1048596.82 59880.51
1791028748 1048631.29 59916.46
1791028753 1048657.89 59944.56
1791028758 1048685.47 59973.78
1791028763 1048711.06 60000.80
1791028768 1048743.08 60034.45
1791028773 1048775.07 60067.78
1791028778 1048804.42 60099.09
1791028783 1048828.67 60124.83
1791028788 1048859.21 60157.01
1791028793 1048886.30 60185.35
1791028798 1048918.53 60218.90
1791028803 1048943.34 60244.79
1791028808 1048969.13 60272.08
1791028813 1049000.22 60304.76
1791028818 1049030.79 60336.37
1791028823 1049063.09 60369.79
1791028828 1049095.47 60403.52
1791028833 1049127.84 60437.38
1791028838 1049158.46 60469.01
1791028843 1049184.36 60496.22
1791028848 1049211.39 60524.53
1791028853 1049234.14 60547.65
1791028858 1049259.93 60574.96
1791028863 1049295.31 60612.14
1791028868 1049335.44 60653.55
1791028873 1049374.85 60694.16
1791028878 1049415.36 60736.12
1791028883 1049455.28 60777.26
1791028888 1049498.11 60820.89
1791028893 1049535.73 60859.61
1791028898 1049567.62 60892.85
1791028903 1049603.05 60929.82
1791028908 1049637.38 60965.43
1791028913 1049677.32 61006.39
1791028918 1049714.47 61044.84
1791028923 1049757.93 61089.10
1791028928 1049790.36 61122.19
1791028933 1049832.45 61165.23
1791028938 1049875.53 61208.94
1791028943 1049911.54 61245.78
1791028948 1049948.64 61283.90
1791028953 1049981.98 61318.54
1791028958 1050016.91 61354.64
1791028963 1050056.33 61394.92
1791028968 1050100.49 61439.42
1791028974 1050144.58 61483.92
1791028979 1050166.77 61506.60
1791028984 1050202.98 61544.07
1791028989 1050249.47 61591.07
1791028994 1050293.55 61635.93
1791028999 1050339.33 61682.24
1791029004 1050384.58 61728.07
1791029009 1050430.78 61774.76
1791029014 1050475.43 61820.17
1791029019 1050516.01 61861.82
1791029024 1050560.22 61906.65
1791029029 1050604.28 61951.42
1791029034 1050649.30 61996.93
1791029039 1050697.51 62045.15
1791029044 1050746.03 62093.73
1791029049 1050791.78 62139.76
1791029054 1050836.18 62184.79
1791029059 1050883.82 62232.46
1791029064 1050932.06 62280.55
1791029069 1050979.69 62328.28
1791029074 1051027.00 62375.66
1791029079 1051071.19 62420.37
1791029084 1051114.88 62464.67
1791029089 1051161.67 62511.55
1791029094 1051208.53 62558.51
1791029099 1051254.28 62604.69
1791029104 1051278.76 62629.70
1791029109 1051325.69 62677.06
1791029114 1051373.78 62725.31
1791029119 1051422.13 62773.80
1791029124 1051470.69 62822.46
1791029129 1051519.72 62871.52
1791029134 1051568.97 62920.69
1791029139 1051617.98 62969.70
1791029144 1051667.35 63019.03
1791029149 1051716.92 63068.42
1791029154 1051766.57 63117.77
1791029159 1051815.96 63167.08
1791029164 1051865.69 63216.63
1791029169 1051915.40 63266.21
1791029174 1051965.12 63315.71
1791029179 1052014.79 63365.06
1791029184 1052064.54 63414.55
1791029189 1052113.75 63463.65
1791029194 1052163.14 63512.82
1791029199 1052209.23 63559.21
1791029204 1052257.99 63607.90
1791029209 1052307.70 63657.32
1791029214 1052357.47 63706.81
1791029219 1052406.64 63755.85
1791029224 1052455.64 63804.78
1791029229 1052482.56 63831.85
1791029234 1052524.75 63874.55
1791029239 1052573.44 63923.34
1791029244 1052622.13 63972.11
1791029249 1052670.88 64020.84
1791029254 1052719.97 64070.00
1791029259 1052769.13 64119.18
1791029264 1052818.09 64168.22
1791029269 1052867.35 64217.46
1791029274 1052916.78 64266.79
1791029279 1052966.20 64316.10
1791029284 1053015.66 64365.53
1791029289 1053065.39 64415.07
1791029294 1053115.05 64464.69
1791029299 1053164.95 64514.28
1791029304 1053214.59 64563.70
1791029309 1053264.27 64613.27
1791029314 1053314.00 64662.87
1791029319 1053363.83 64712.50
1791029324 1053413.60 64762.17
1791029329 1053463.38 64811.69
1791029334 1053513.26 64861.31
1791029339 1053563.11 64910.94
1791029344 1053612.77 64960.52
1791029349 1053662.58 65010.03
1791029354 1053712.25 65059.66
1791029359 1053762.14 65109.35
1791029364 1053812.00 65159.00
1791029369 1053852.14 65199.01
1791029374 1053885.84 65233.41
1791029379 1053933.82 65281.65
1791029384 1053982.44 65330.41
1791029389 1054031.11 65379.28
1791029394 1054080.11 65427.99
1791029399 1054129.23 65477.13
1791029404 1054178.34 65526.30
1791029409 1054227.36 65575.44
1791029414 1054276.89 65624.76
1791029419 1054326.48 65674.26
1791029424 1054376.09 65723.62
1791029429 1054425.67 65773.15
1791029434 1054475.51 65822.81
1791029439 1054525.08 65872.33
1791029444 1054574.78 65921.89
1791029449 1054624.44 65971.49
1791029454 1054674.39 66021.06
1791029459 1054724.08 66070.65
1791029464 1054773.97 66120.26
1791029469 1054823.77 66169.98
1791029474 1054873.61 66219.59
1791029479 1054923.31 66269.20
1791029484 1054973.16 66318.78
1791029489 1055022.92 66368.42
1791029494 1055072.83 66418.08
1791029499 1055122.45 66467.62
1791029504 1055172.36 66517.35
1791029509 1055222.14 66567.04
1791029514 1055272.09 66616.72
1791029519 1055321.80 66666.33
1791029524 1055371.69 66715.96
1791029529 1055420.68 66764.69
1791029534 1055441.03 66785.30
1791029539 1055459.38 66803.69
1791029544 1055474.43 66818.45
1791029549 1055486.25 66829.84
1791029554 1055495.40 66838.38
1791029559 1055498.77 66841.63
1791029564 1055501.27 66844.22
1791029569 1055505.47 66845.52
1791029574 1055534.75 66846.13
1791029579 1055577.59 66847.29
1791029584 1055620.05 66848.64
1791029589 1055668.15 66849.63
1791029594 1055717.91 66850.21
1791029600 1055768.96 66850.77
1791029605 1055818.93 66851.40
1791029610 1055869.00 66851.94
1791029615 1055919.10 66852.46
1791029620 1055968.95 66853.07
1791029625 1056018.90 66853.60
1791029630 1056069.01 66854.16
1791029635 1056119.14 66854.70
1791029640 1056169.10 66855.30
1791029645 1056218.98 66855.83
1791029650 1056269.06 66856.60
1791029655 1056319.05 66857.11
1791029660 1056369.18 66857.68
1791029665 1056419.15 66858.20
1791029670 1056469.01 66858.78
1791029675 1056519.03 66859.30
1791029680 1056569.12 66860.09
1791029685 1056619.21 66860.59
1791029690 1056669.23 66861.10
1791029695 1056719.26 66861.67
1791029700 1056769.22 66862.25
1791029705 1056819.34 66862.79
1791029710 1056869.42 66863.36
1791029715 1056919.42 66863.89
1791029720 1056969.46 66864.42
1791029725 1057019.27 66864.95
1791029730 1057069.31 66865.54
1791029735 1057119.28 66866.07
1791029740 1057169.30 66866.66
1791029745 1057218.68 66867.21
1791029750 1057256.66 66867.69
1791029755 1057262.94 66868.27
1791029760 1057268.05 66868.70
1791029765 1057271.32 66871.72
1791029770 1057274.32 66874.92
1791029775 1057278.14 66879.05
1791029780 1057282.29 66883.00
1791029785 1057285.25 66886.06
1791029790 1057287.92 66889.02
1791029795 1057291.45 66892.67
1791029800 1057295.34 66896.70
1791029805 1057298.84 66900.43
1791029810 1057303.08 66904.27
1791029815 1057308.25 66909.05
1791029820 1057313.37 66913.60
1791029825 1057322.29 66922.72
1791029830 1057331.85 66932.38
1791029835 1057336.57 66937.25
1791029840 1057345.79 66946.65
1791029845 1057356.26 66956.61
1791029850 1057366.31 66966.80
1791029855 1057380.04 66980.49
1791029860 1057391.33 66991.85
1791029865 1057402.59 67003.11
1791029870 1057412.26 67012.89
1791029875 1057418.59 67019.25
1791029880 1057424.64 67025.55
1791029885 1057430.83 67031.86
1791029890 1057436.94 67038.21
1791029895 1057443.16 67044.53
1791029900 1057449.42 67050.86
1791029905 1057455.82 67057.21
1791029910 1057469.11 67071.45
1791029915 1057488.37 67092.44
1791029920 1057512.20 67117.92
1791029925 1057540.67 67148.39
1791029930 1057562.43 67171.90
1791029935 1057584.12 67195.00
1791029940 1057607.43 67219.95
1791029945 1057636.00 67250.04
1791029950 1057653.08 67268.53
1791029955 1057680.37 67297.56
1791029960 1057710.14 67328.77
1791029965 1057734.22 67354.19
1791029970 1057760.36 67381.96
1791029975 1057782.39 67405.47
1791029980 1057808.64 67432.44
1791029985 1057827.28 67451.53
1791029990 1057851.33 67475.97
1791029995 1057884.98 67507.45
1791030000 1057916.08 67539.41
1791030005 1057941.28 67565.89
1791030010 1057973.56 67599.25
1791030015 1058001.53 67628.63
1791030020 1058026.88 67654.59
1791030025 1058051.05 67679.57
1791030030 1058069.34 67698.41
1791030035 1058088.65 67717.62
1791030040 1058104.46 67734.43
1791030045 1058122.90 67753.63
1791030050 1058139.07 67770.70
1791030055 1058155.81 67787.57
1791030060 1058172.90 67805.23
1791030065 1058190.00 67821.94
1791030071 1058215.31 67845.49
1791030076 1058230.97 67860.75
1791030081 1058243.86 67873.40
1791030086 1058263.76 67893.81
1791030091 1058282.53 67913.44
1791030096 1058302.49 67934.22
1791030101 1058319.60 67951.64
1791030106 1058339.20 67969.75
1791030111 1058358.42 67987.98
1791030116 1058382.07 68012.07
1791030121 1058400.28 68031.18
1791030126 1058413.82 68045.32
1791030131 1058436.64 68069.61
1791030136 1058455.43 68089.36
1791030141 1058472.66 68106.82
1791030146 1058489.10 68124.10
1791030151 1058508.41 68144.38
1791030156 1058524.43 68160.46
1791030161 1058550.12 68184.48
1791030166 1058574.95 68210.11
1791030171 1058606.30 68242.76
1791030176 1058635.45 68273.19
1791030181 1058665.04 68303.93
1791030186 1058697.92 68337.99
1791030191 1058726.97 68367.93
1791030196 1058750.25 68392.15
1791030201 1058772.57 68412.23
1791030206 1058801.71 68442.48
1791030211 1058833.87 68475.55
1791030216 1058859.16 68502.01
1791030221 1058880.53 68524.52
1791030226 1058905.24 68550.38
1791030231 1058934.03 68579.54
1791030236 1058961.31 68607.70
1791030241 1058985.55 68629.78
1791030246 1059010.64 68655.50
1791030251 1059036.76 68682.73
1791030256 1059061.35 68708.66
1791030261 1059081.82 68729.96
1791030266 1059112.37 68761.49
1791030271 1059126.95 68776.08
1791030276 1059153.78 68804.04
1791030281 1059171.15 68818.65
1791030286 1059204.69 68852.80
1791030291 1059241.81 68890.82
1791030296 1059282.73 68932.05
1791030301 1059322.82 68972.95
1791030306 1059358.24 69009.33
1791030311 1059386.34 69037.76
1791030316 1059427.19 69075.41
1791030321 1059460.20 69109.13
1791030326 1059500.42 69150.00
1791030331 1059529.16 69179.90
1791030336 1059564.65 69216.94
1791030341 1059591.37 69245.19
1791030346 1059624.77 69279.20
1791030351 1059658.24 69313.56
1791030356 1059697.80 69350.55
1791030361 1059731.78 69385.22
1791030366 1059766.49 69420.80
1791030371 1059803.69 69458.92
1791030376 1059839.41 69495.71
1791030381 1059870.07 69527.63
1791030386 1059896.69 69554.68
1791030391 1059932.89 69591.66
1791030396 1059973.50 69629.91
1791030401 1060004.45 69661.57
1791030406 1060024.64 69680.95
1791030411 1060063.22 69720.48
1791030416 1060105.95 69763.93
1791030421 1060145.79 69804.73
1791030426 1060186.97 69846.69
1791030431 1060231.00 69891.43
1791030436 1060271.73 69932.83
1791030441 1060306.29 69968.47
1791030446 1060349.94 70011.29
1791030451 1060396.09 70054.58
1791030456 1060436.87 70095.70
1791030461 1060470.93 70130.82
1791030466 1060514.38 70174.89
1791030471 1060550.01 70211.75
1791030476 1060590.78 70253.22
1791030481 1060632.71 70295.44
1791030486 1060674.92 70338.04
1791030491 1060720.69 70381.49
1791030496 1060766.59 70426.18
1791030501 1060813.01 70472.01
1791030506 1060859.09 70518.02
1791030511 1060899.49 70559.21
1791030516 1060941.04 70601.37
1791030521 1060986.10 70646.84
1791030526 1061030.96 70691.42
1791030531 1061053.96 70713.95
1791030536 1061104.39 70760.36
1791030541 1061150.78 70806.34
1791030546 1061198.36 70853.62
1791030551 1061245.47 70900.70
1791030556 1061290.84 70946.24
1791030561 1061334.56 70990.49
1791030566 1061381.15 71036.61
1791030571 1061428.25 71083.24
1791030576 1061479.25 71130.20
1791030581 1061526.90 71176.98
1791030586 1061574.13 71223.85
1791030591 1061621.07 71269.99
1791030596 1061667.45 71315.68
1791030601 1061715.57 71362.89
1791030606 1061763.57 71409.98
1791030611 1061811.60 71457.89
1791030616 1061858.17 71504.43
1791030621 1061906.65 71550.46
1791030626 1061955.07 71596.95
1791030631 1062002.34 71643.52
1791030636 1062049.94 71690.96
1791030641 1062098.20 71738.99
1791030646 1062145.55 71786.29
1791030651 1062193.59 71833.65
1791030656 1062209.21 71848.29
1791030661 1062245.64 71881.50
1791030666 1062291.68 71927.54
1791030671 1062338.72 71974.39
1791030676 1062386.73 72022.28
1791030681 1062434.68 72070.08
1791030686 1062483.15 72118.30
1791030691 1062531.36 72166.40
1791030696 1062580.27 72214.65
1791030701 1062629.65 72263.39
1791030706 1062682.20 72312.18
1791030711 1062732.15 72361.05
1791030716 1062781.56 72409.90
1791030722 1062830.95 72458.71
1791030727 1062880.37 72507.65
1791030732 1062930.00 72556.71
1791030737 1062979.97 72605.88
1791030742 1063029.52 72655.02
1791030747 1063079.14 72704.20
1791030752 1063129.23 72753.22
1791030757 1063181.06 72801.40
1791030762 1063231.25 72850.56
1791030767 1063280.97 72899.71
1791030772 1063330.47 72948.74
1791030777 1063380.10 72997.89
1791030782 1063429.63 73046.84
1791030787 1063456.08 73073.11
1791030792 1063503.93 73120.61
1791030797 1063556.65 73168.99
1791030802 1063606.15 73217.66
1791030807 1063654.89 73266.02
1791030812 1063703.89 73314.57
1791030817 1063752.74 73363.19
1791030822 1063801.84 73411.86
1791030827 1063851.31 73460.92
1791030832 1063900.63 73509.89
1791030837 1063949.97 73558.86
1791030842 1063999.75 73608.01
1791030847 1064052.05 73656.62
1791030852 1064102.13 73705.76
1791030857 1064152.24 73754.99
1791030862 1064201.92 73804.32
1791030867 1064251.60 73853.58
1791030872 1064301.11 73902.84
1791030877 1064351.17 73952.19
1791030882 1064400.85 74001.40
1791030887 1064450.12 74050.50
1791030892 1064499.47 74099.74
1791030897 1064548.81 74148.89
1791030902 1064598.05 74198.08
1791030907 1064647.46 74247.35
1791030912 1064696.59 74296.44
1791030917 1064745.82 74345.54
1791030922 1064793.30 74393.01
1791030927 1064826.30 74426.07
1791030932 1064844.15 74443.54
1791030937 1064859.83 74456.68
1791030942 1064871.99 74468.14
1791030947 1064883.61 74478.39
1791030952 1064894.60 74488.50
1791030957 1064923.46 74493.02
1791030962 1064942.61 74494.46
1791030967 1064957.04 74494.97
1791030972 1064968.95 74495.95
1791030977 1064985.05 74496.56
1791030982 1065001.44 74497.37
1791030987 1065012.35 74497.95
1791030992 1065023.36 74498.33
1791030997 1065029.10 74498.73
1791031002 1065033.58 74502.19
1791031007 1065037.00 74504.99
1791031012 1065041.59 74509.05
1791031017 1065046.95 74512.97
1791031022 1065049.85 74515.87
1791031027 1065053.85 74520.09
1791031032 1065057.31 74523.48
1791031037 1065060.67 74527.04
1791031042 1065064.42 74529.92
1791031047 1065070.93 74533.62
1791031052 1065075.30 74537.08
1791031057 1065080.48 74540.23
1791031062 1065086.09 74545.47
1791031067 1065091.37 74550.23
1791031072 1065096.62 74555.03
1791031077 1065102.36 74559.50
1791031082 1065108.43 74564.66
1791031087 1065127.10 74582.51
1791031092 1065140.78 74593.47
1791031098 1065155.64 74607.76
1791031103 1065167.42 74619.08
1791031108 1065179.61 74630.66
1791031113 1065191.06 74641.93
1791031118 1065197.77 74648.47
1791031123 1065204.63 74654.76
1791031128 1065211.57 74661.09
1791031133 1065220.49 74667.44
1791031138 1065227.70 74673.91
1791031143 1065234.33 74680.19
1791031148 1065240.80 74686.59
1791031153 1065250.48 74696.64
1791031158 1065272.52 74720.08
1791031163 1065299.52 74747.99
1791031168 1065323.11 74771.74
1791031173 1065344.59 74792.03
1791031178 1065365.98 74813.85
1791031183 1065388.51 74837.14
1791031188 1065415.60 74865.58
1791031193 1065436.48 74887.70
1791031198 1065475.05 74927.20
1791031203 1065494.79 74947.46
1791031208 1065517.24 74970.66
1791031213 1065553.61 75004.56
1791031218 1065583.14 75035.17
1791031223 1065608.11 75060.72
1791031228 1065633.90 75087.33
1791031233 1065657.65 75111.79
1791031238 1065688.09 75143.26
1791031243 1065722.04 75178.27
1791031248 1065748.34 75205.20
1791031253 1065776.00 75233.65
1791031258 1065798.36 75254.02
1791031263 1065822.01 75278.55
1791031268 1065845.08 75302.09
1791031273 1065872.70 75330.59
1791031278 1065886.13 75343.43
1791031283 1065904.15 75362.23
1791031288 1065920.29 75378.77
1791031293 1065936.84 75395.98
1791031298 1065949.45 75408.30
1791031303 1065966.08 75422.67
1791031308 1065984.64 75441.40
1791031313 1066003.09 75460.59
1791031318 1066021.68 75479.77
1791031323 1066041.27 75500.25
1791031328 1066063.01 75523.06
1791031333 1066087.70 75548.47
1791031338 1066104.21 75565.41
1791031343 1066125.35 75584.12
1791031348 1066144.05 75603.22
1791031353 1066167.13 75627.36
1791031358 1066187.97 75649.17
1791031363 1066210.14 75672.14
1791031368 1066226.08 75688.72
1791031373 1066239.88 75702.93
1791031378 1066258.77 75722.20
1791031383 1066278.60 75742.94
1791031388 1066299.50 75761.61
1791031393 1066316.77 75779.44
1791031398 1066330.70 75793.45
1791031403 1066349.82 75812.94
1791031408 1066370.02 75833.54
1791031413 1066396.99 75861.73
1791031418 1066420.32 75886.13
1791031423 1066442.74 75909.37
1791031428 1066474.95 75942.65
1791031433 1066497.60 75966.05
1791031438 1066524.01 75990.53
1791031443 1066554.65 76021.82
1791031448 1066580.93 76049.11
1791031453 1066611.16 76080.62
1791031458 1066641.51 76112.28
1791031463 1066672.81 76144.97
1791031468 1066703.11 76175.95
1791031473 1066723.62 76197.32
1791031478 1066747.80 76219.93
1791031483 1066773.88 76246.86
1791031488 1066801.05 76275.12
1791031493 1066820.20 76294.86
1791031498 1066848.29 76323.79
1791031503 1066877.77 76354.51
1791031508 1066900.89 76378.51
1791031513 1066924.11 76402.74
1791031518 1066950.91 76430.37
1791031523 1066971.51 76451.57
1791031528 1066992.63 76472.73
1791031533 1067024.78 76506.12
1791031538 1067058.29 76537.63
1791031543 1067085.17 76565.48
1791031548 1067115.76 76596.99
1791031553 1067151.74 76634.31
1791031558 1067186.71 76670.11
1791031563 1067220.09 76704.57
1791031568 1067250.45 76736.07
1791031573 1067283.50 76769.96
1791031578 1067325.15 76812.13
1791031583 1067371.22 76855.61
1791031588 1067408.64 76893.33
1791031593 1067449.21 76934.45
1791031598 1067482.79 76969.25
1791031603 1067512.34 76999.95
1791031608 1067544.98 77033.89
1791031613 1067582.01 77071.46
1791031618 1067611.10 77101.26
1791031623 1067652.04 77139.01
1791031628 1067681.64 77169.50
1791031633 1067719.64 77208.24
1791031638 1067755.17 77244.01
1791031643 1067794.11 77282.78
1791031648 1067822.30 77310.86
1791031653 1067847.34 77335.68
1791031658 1067881.65 77371.05
1791031663 1067927.33 77417.05
1791031668 1067972.75 77462.18
1791031673 1068018.37 77505.18
1791031678 1068056.99 77544.69
1791031683 1068100.78 77588.36
1791031688 1068146.78 77634.52
1791031693 1068186.00 77674.48
1791031698 1068226.35 77715.70
1791031703 1068262.13 77752.58
1791031708 1068300.35 77791.23
1791031713 1068339.72 77831.47
1791031718 1068379.06 77871.46
1791031723 1068420.40 77910.56
1791031728 1068465.43 77955.15
1791031733 1068508.31 77998.03
1791031738 1068548.67 78038.86
1791031743 1068594.06 78084.03
1791031749 1068635.29 78125.82
1791031754 1068681.72 78171.78
1791031759 1068726.98 78217.06
1791031764 1068773.48 78263.51
1791031769 1068819.24 78306.85
1791031774 1068848.10 78335.37
1791031779 1068870.11 78357.05
1791031784 1068911.66 78399.30
1791031789 1068958.52 78446.39
1791031794 1069004.91 78493.14
1791031799 1069050.03 78537.97
1791031804 1069089.06 78577.40
1791031809 1069137.69 78622.67
1791031814 1069184.75 78669.05
1791031819 1069230.45 78714.70
1791031824 1069278.60 78762.50
1791031829 1069327.14 78810.72
1791031834 1069375.51 78858.95
1791031839 1069425.18 78907.67
1791031844 1069473.96 78956.37
1791031849 1069520.71 79003.43
1791031854 1069568.30 79051.13
1791031859 1069616.12 79098.96
1791031864 1069662.96 79145.97
1791031869 1069711.61 79194.33
1791031874 1069759.94 79242.08
1791031879 1069808.06 79286.54
1791031884 1069854.75 79332.92
1791031889 1069903.57 79380.78
1791031894 1069949.29 79426.40
1791031899 1069992.26 79469.33
1791031904 1070012.09 79489.06
1791031909 1070058.17 79535.00
1791031914 1070104.49 79581.51
1791031919 1070151.67 79628.36
1791031924 1070202.92 79675.94
1791031929 1070250.62 79723.10
1791031934 1070297.39 79769.54
1791031939 1070343.98 79816.24
1791031944 1070391.12 79863.42
1791031949 1070439.65 79911.70
1791031954 1070489.21 79960.29
1791031959 1070538.45 80008.89
1791031964 1070589.16 80056.48
1791031969 1070638.67 80105.16
1791031974 1070687.95 80153.87
1791031979 1070737.26 80202.45
1791031984 1070787.08 80251.63
1791031989 1070836.74 80300.79
1791031994 1070886.26 80349.91
1791031999 1070936.70 80399.25
1791032004 1070987.85 80448.20
1791032009 1071038.95 80496.49
1791032014 1071089.26 80545.82
1791032019 1071139.24 80595.07
1791032024 1071189.45 80644.51
1791032029 1071239.37 80693.66
1791032034 1071262.51 80716.16
1791032039 1071298.89 80751.97
1791032044 1071347.13 80799.96
1791032049 1071396.08 80848.15
1791032054 1071447.83 80896.12
1791032059 1071496.97 80944.60
1791032064 1071546.20 80993.33
1791032069 1071595.96 81041.99
1791032074 1071645.86 81090.72
1791032079 1071695.84 81139.70
1791032084 1071746.15 81188.89
1791032089 1071796.13 81238.08
1791032094 1071848.35 81287.24
1791032099 1071899.12 81335.95
1791032104 1071949.20 81385.04
1791032109 1071998.82 81434.19
1791032114 1072048.63 81483.39
1791032119 1072098.40 81532.75
1791032124 1072148.12 81582.04
1791032129 1072198.65 81631.25
1791032134 1072248.74 81680.57
1791032139 1072301.56 81729.53
1791032144 1072351.86 81778.76
1791032149 1072401.96 81828.09
1791032154 1072451.85 81877.33
1791032159 1072501.57 81926.55
1791032164 1072551.33 81975.83
1791032169 1072601.41 82025.00
1791032174 1072651.37 82074.04
1791032179 1072675.52 82095.72
1791032184 1072693.40 82112.80
1791032189 1072703.25 82120.50
1791032194 1072713.91 82129.58
1791032199 1072724.86 82139.16
1791032204 1072750.81 82141.81
1791032209 1072766.99 82142.43
1791032214 1072777.01 82142.93
1791032219 1072792.13 82143.42
1791032224 1072808.30 82143.98
1791032229 1072822.76 82144.80
1791032234 1072833.55 82145.22
1791032239 1072841.53 82145.64
1791032244 1072846.40 82147.98
1791032249 1072849.50 82150.24
1791032254 1072852.72 82152.95
1791032259 1072857.51 82156.37
1791032264 1072863.85 82160.45
1791032269 1072867.94 82163.05
1791032274 1072871.11 82165.80
1791032279 1072875.56 82169.55
1791032284 1072880.21 82173.95
1791032289 1072884.61 82178.27
1791032294 1072889.28 82181.82
1791032299 1072893.73 82184.86
1791032304 1072899.62 82187.41
1791032310 1072904.71 82190.54
1791032315 1072909.42 82194.31
1791032320 1072913.83 82197.78
1791032325 1072917.68 82201.35
1791032330 1072922.15 82204.57
1791032335 1072934.54 82216.37
1791032340 1072950.90 82232.02
1791032345 1072964.81 82243.12
1791032350 1072976.89 82254.36
1791032355 1072988.41 82265.36
1791032360 1072999.97 82276.40
1791032365 1073008.93 82285.24
1791032370 1073015.15 82291.27
1791032375 1073021.97 82297.33
1791032380 1073028.67 82303.44
1791032385 1073037.19 82309.46
1791032390 1073043.92 82315.53
1791032395 1073050.41 82321.63
1791032400 1073057.34 82327.70
1791032405 1073069.68 82339.99
1791032410 1073089.47 82351.55
1791032415 1073145.35 82370.64
1791032420 1073204.90 82395.08
1791032425 1073264.09 82420.34
1791032430 1073322.05 82443.05
1791032435 1073381.78 82467.52
1791032440 1073441.52 82492.52
1791032445 1073501.20 82518.73
1791032450 1073559.45 82541.28
1791032455 1073617.67 82561.40
1791032460 1073666.09 82579.77
1791032465 1073699.51 82605.42
1791032470 1073730.00 82626.22
1791032475 1073750.97 82644.61
1791032480 1073780.81 82669.76
1791032485 1073830.89 82696.47
1791032490 1073888.82 82718.38
1791032495 1073945.70 82740.74
1791032500 1074003.47 82767.94
1791032505 1074044.60 82796.84
1791032510 1074074.33 82816.53
1791032515 1074089.51 82830.25
1791032520 1074104.26 82844.09
1791032525 1074114.83 82852.13
1791032530 1074132.21 82862.74
1791032535 1074186.16 82882.84
1791032541 1074217.10 82896.51
1791032546 1074236.38 82914.70
1791032551 1074257.22 82929.96
1791032556 1074268.12 82939.51
1791032561 1074281.31 82952.08
1791032566 1074293.77 82963.71
1791032571 1074311.79 82980.01
1791032576 1074327.40 82993.56
1791032581 1074343.56 83007.10
1791032586 1074360.34 83019.88
1791032591 1074381.74 83028.01
1791032596 1074422.33 83047.14
1791032601 1074431.98 83055.99
1791032606 1074446.26 83070.39
1791032611 1074460.48 83084.43
1791032616 1074473.99 83097.56
1791032621 1074488.82 83107.65
1791032626 1074502.42 83120.89
1791032631 1074513.34 83131.34
1791032636 1074526.33 83144.53
1791032641 1074536.32 83154.54
1791032646 1074549.52 83167.42
1791032651 1074561.00 83177.27
1791032656 1074585.01 83200.66
1791032661 1074604.79 83219.56
1791032666 1074625.41 83239.67
1791032671 1074640.84 83253.45
1791032676 1074659.95 83269.67
1791032681 1074677.04 83286.56
1791032686 1074694.67 83303.49
1791032691 1074718.24 83324.72
1791032696 1074736.42 83343.78
1791032701 1074752.05 83359.93
1791032706 1074769.10 83377.00
1791032711 1074788.20 83396.25
1791032716 1074805.39 83413.61
1791032721 1074824.01 83432.52
1791032726 1074837.69 83446.48
1791032731 1074858.23 83467.02
1791032736 1074876.79 83485.61
1791032741 1074896.97 83503.18
1791032746 1074918.84 83526.03
1791032751 1074933.17 83540.58
1791032756 1074953.67 83561.16
1791032761 1074971.62 83579.38
1791032766 1074986.05 83594.41
1791032771 1075003.08 83612.00
1791032776 1075012.90 83621.23
1791032781 1075034.57 83642.74
1791032786 1075058.85 83664.49
1791032791 1075087.29 83693.04
1791032796 1075110.47 83716.92
1791032801 1075136.15 83743.35
1791032806 1075159.93 83768.00
1791032811 1075183.27 83792.04
1791032816 1075203.21 83812.86
1791032821 1075222.98 83832.62
1791032826 1075245.25 83855.00
1791032831 1075272.50 83879.39
1791032836 1075295.00 83902.01
1791032841 1075316.84 83924.18
1791032846 1075342.03 83949.93
1791032851 1075369.34 83977.99
1791032856 1075394.58 84003.94
1791032861 1075414.82 84024.02
1791032866 1075445.16 84054.93
1791032871 1075471.14 84078.05
1791032876 1075496.50 84103.50
1791032881 1075521.67 84129.08
1791032886 1075551.92 84160.13
1791032891 1075587.89 84196.62
1791032896 1075604.32 84213.39
1791032901 1075615.31 84223.71
1791032906 1075638.95 84247.45
1791032911 1075667.13 84273.56
1791032916 1075703.89 84310.41
1791032921 1075734.98 84341.98
1791032926 1075765.85 84373.97
1791032931 1075797.12 84405.20
1791032936 1075826.56 84435.48
1791032941 1075859.25 84468.82
1791032946 1075886.34 84496.71
1791032951 1075914.02 84524.98
1791032956 1075953.36 84563.98
1791032961 1075994.13 84602.55
1791032966 1076029.23 84636.95
1791032971 1076057.27 84664.98
1791032976 1076085.79 84694.37
1791032981 1076125.16 84734.06
1791032986 1076152.40 84762.22
1791032991 1076177.94 84788.42
1791032996 1076218.31 84828.52
1791033001 1076252.47 84862.94
1791033006 1076288.14 84895.71
1791033011 1076322.43 84930.48
1791033016 1076353.16 84962.11
1791033021 1076376.12 84985.41
1791033026 1076391.55 85000.95
1791033031 1076423.31 85033.37
1791033036 1076459.11 85069.52
1791033041 1076496.26 85107.43
1791033046 1076530.34 85142.63
1791033051 1076567.92 85180.98
1791033056 1076604.27 85218.25
1791033061 1076645.44 85259.91
1791033066 1076682.69 85298.08
1791033072 1076723.15 85339.06
1791033077 1076751.86 85368.93
1791033082 1076787.98 85405.98
1791033087 1076826.61 85445.28
1791033092 1076868.03 85487.15
1791033097 1076903.46 85523.19
1791033102 1076938.02 85558.53
1791033107 1076976.37 85597.42
1791033112 1077020.66 85641.86
1791033117 1077060.46 85682.11
1791033122 1077095.65 85717.80
1791033127 1077135.94 85758.57
1791033132 1077172.96 85796.20
1791033137 1077217.23 85840.63
1791033142 1077257.23 85880.84
1791033147 1077298.49 85922.17
1791033152 1077318.23 85942.22
1791033157 1077363.35 85987.65
1791033162 1077408.85 86033.51
1791033167 1077453.34 86078.33
1791033172 1077498.01 86123.36
1791033177 1077545.15 86170.46
1791033182 1077590.75 86216.13
1791033187 1077636.35 86261.78
1791033192 1077676.10 86302.21
1791033197 1077718.18 86344.66
1791033202 1077758.58 86385.54
1791033207 1077804.27 86431.31
1791033212 1077851.16 86478.05
1791033217 1077891.35 86518.72
1791033222 1077938.67 86565.96
1791033227 1077986.42 86613.43
1791033232 1078033.63 86660.53
1791033237 1078081.40 86707.97
1791033242 1078128.66 86754.91
1791033247 1078176.15 86802.18
1791033252 1078221.86 86847.77
1791033257 1078263.30 86889.60
1791033262 1078301.36 86928.16
1791033267 1078348.13 86974.75
1791033272 1078385.39 87012.04
1791033277 1078414.95 87041.88
1791033282 1078462.10 87089.19
1791033287 1078509.18 87136.31
1791033292 1078556.81 87184.06
1791033297 1078603.96 87231.24
1791033302 1078651.63 87278.73
1791033307 1078699.13 87326.22
1791033312 1078747.28 87374.35
1791033317 1078795.53 87422.38
1791033322 1078843.09 87469.92
1791033327 1078891.23 87517.97
1791033332 1078939.08 87565.40
1791033337 1078987.20 87613.29
1791033342 1079035.54 87661.06
1791033347 1079083.71 87708.61
1791033352 1079131.63 87756.20
1791033357 1079179.65 87803.84
1791033362 1079227.83 87851.41
1791033367 1079275.65 87899.00
1791033372 1079323.34 87946.42
1791033377 1079371.45 87994.36
1791033382 1079419.38 88042.05
1791033387 1079467.36 88089.76
1791033392 1079515.09 88137.18
1791033397 1079562.50 88184.37
1791033402 1079589.90 88211.96
1791033407 1079604.78 88226.83
1791033412 1079615.62 88237.72
1791033417 1079622.20 88243.33
1791033422 1079628.16 88248.40
1791033427 1079634.25 88254.44
1791033432 1079640.70 88256.19
1791033437 1079669.48 88257.03
1791033442 1079690.29 88257.51
1791033447 1079718.53 88258.14
1791033452 1079735.59 88258.95
1791033457 1079761.63 88259.93
1791033462 1079782.13 88260.41
1791033467 1079815.16 88260.98
1791033472 1079843.97 88262.20
1791033477 1079860.00 88262.83
1791033482 1079900.94 88263.29
1791033487 1079916.27 88265.19
1791033492 1079918.28 88267.16
1791033497 1079922.01 88270.94
1791033502 1079925.67 88274.65
1791033507 1079929.42 88278.11
1791033512 1079932.53 88281.23
1791033517 1079936.11 88285.00
1791033522 1079940.31 88289.26
1791033527 1079943.93 88292.91
1791033532 1079948.34 88297.46
1791033537 1079952.15 88301.15
1791033542 1079956.80 88305.81
1791033547 1079993.93 88308.78
1791033552 1080029.49 88309.78
1791033557 1080059.96 88310.20
1791033562 1080098.08 88310.66
1791033567 1080142.13 88311.09
