load 6.51 29.20 28.53 1791024515
router-epp-5d95c984b5-nkl98   envoy-proxy   17m    38Mi   
router-epp-5d95c984b5-nkl98   epp           134m   79Mi   
load 6.12 28.37 28.27 1791024525
router-epp-5d95c984b5-nkl98   envoy-proxy    18m    38Mi   
router-epp-5d95c984b5-nkl98   epp            127m   79Mi   
load 5.87 27.58 28.01 1791024535
inference-perf-cold-jz5xn     inference-perf   367m   65Mi   
inference-perf-hot-7n4v7      inference-perf   262m   68Mi   
inference-perf-l49jp          inference-perf   331m   70Mi   
router-epp-5d95c984b5-nkl98   envoy-proxy      11m    38Mi   
router-epp-5d95c984b5-nkl98   epp              84m    79Mi   
load 5.60 26.81 27.75 1791024545
inference-perf-cold-jz5xn     inference-perf   367m   65Mi   
inference-perf-hot-7n4v7      inference-perf   262m   68Mi   
inference-perf-l49jp          inference-perf   331m   70Mi   
router-epp-5d95c984b5-nkl98   envoy-proxy      11m    38Mi   
router-epp-5d95c984b5-nkl98   epp              84m    79Mi   
load 5.27 26.04 27.49 1791024555
inference-perf-cold-jz5xn     inference-perf   359m   142Mi   
inference-perf-hot-7n4v7      inference-perf   398m   184Mi   
inference-perf-l49jp          inference-perf   376m   242Mi   
router-epp-5d95c984b5-nkl98   envoy-proxy      9m     38Mi    
router-epp-5d95c984b5-nkl98   epp              77m    80Mi    
load 4.84 25.26 27.23 1791024565
inference-perf-cold-jz5xn     inference-perf   771m   261Mi   
inference-perf-hot-7n4v7      inference-perf   238m   309Mi   
inference-perf-l49jp          inference-perf   985m   291Mi   
router-epp-5d95c984b5-nkl98   envoy-proxy      9m     38Mi    
router-epp-5d95c984b5-nkl98   epp              47m    80Mi    
load 4.55 24.53 26.97 1791024575
inference-perf-cold-jz5xn     inference-perf   771m   261Mi   
inference-perf-hot-7n4v7      inference-perf   238m   309Mi   
inference-perf-l49jp          inference-perf   985m   291Mi   
router-epp-5d95c984b5-nkl98   envoy-proxy      9m     38Mi    
router-epp-5d95c984b5-nkl98   epp              47m    80Mi    
load 4.17 23.79 26.70 1791024585
inference-perf-cold-jz5xn     inference-perf   997m   339Mi   
inference-perf-hot-7n4v7      inference-perf   13m    310Mi   
inference-perf-l49jp          inference-perf   467m   388Mi   
router-epp-5d95c984b5-nkl98   envoy-proxy      6m     38Mi    
router-epp-5d95c984b5-nkl98   epp              47m    80Mi    
load 3.91 23.09 26.44 1791024595
inference-perf-cold-jz5xn     inference-perf   997m   422Mi   
inference-perf-hot-7n4v7      inference-perf   13m    312Mi   
inference-perf-l49jp          inference-perf   13m    389Mi   
router-epp-5d95c984b5-nkl98   envoy-proxy      6m     38Mi    
router-epp-5d95c984b5-nkl98   epp              45m    80Mi    
load 4.25 22.52 26.22 1791024605
inference-perf-cold-jz5xn     inference-perf   997m   422Mi   
inference-perf-hot-7n4v7      inference-perf   13m    312Mi   
inference-perf-l49jp          inference-perf   13m    389Mi   
router-epp-5d95c984b5-nkl98   envoy-proxy      6m     38Mi    
router-epp-5d95c984b5-nkl98   epp              45m    80Mi    
load 5.26 22.13 26.05 1791024615
inference-perf-cold-jz5xn     inference-perf   854m   637Mi   
inference-perf-hot-7n4v7      inference-perf   13m    312Mi   
inference-perf-l49jp          inference-perf   13m    391Mi   
router-epp-5d95c984b5-nkl98   envoy-proxy      94m    44Mi    
router-epp-5d95c984b5-nkl98   epp              491m   107Mi   
load 5.36 21.60 25.83 1791024625
inference-perf-cold-jz5xn     inference-perf   627m   698Mi   
inference-perf-hot-7n4v7      inference-perf   230m   418Mi   
inference-perf-l49jp          inference-perf   439m   512Mi   
router-epp-5d95c984b5-nkl98   envoy-proxy      954m   57Mi    
router-epp-5d95c984b5-nkl98   epp              491m   107Mi   
load 5.83 21.17 25.65 1791024635
inference-perf-cold-jz5xn     inference-perf   627m   698Mi   
inference-perf-hot-7n4v7      inference-perf   230m   418Mi   
inference-perf-l49jp          inference-perf   439m   512Mi   
router-epp-5d95c984b5-nkl98   envoy-proxy      954m   57Mi    
router-epp-5d95c984b5-nkl98   epp              491m   107Mi   
load 5.84 20.66 25.44 1791024646
inference-perf-cold-jz5xn     inference-perf   392m    718Mi   
inference-perf-hot-7n4v7      inference-perf   439m    447Mi   
inference-perf-l49jp          inference-perf   701m    555Mi   
router-epp-5d95c984b5-nkl98   envoy-proxy      781m    61Mi    
router-epp-5d95c984b5-nkl98   epp              1130m   133Mi   
load 7.57 20.53 25.34 1791024656
inference-perf-cold-jz5xn     inference-perf   520m    738Mi   
inference-perf-hot-7n4v7      inference-perf   475m    473Mi   
inference-perf-l49jp          inference-perf   642m    582Mi   
router-epp-5d95c984b5-nkl98   envoy-proxy      856m    64Mi    
router-epp-5d95c984b5-nkl98   epp              1130m   133Mi   
load 8.10 20.22 25.19 1791024666
inference-perf-cold-jz5xn     inference-perf   520m    738Mi   
inference-perf-hot-7n4v7      inference-perf   475m    473Mi   
inference-perf-l49jp          inference-perf   642m    582Mi   
router-epp-5d95c984b5-nkl98   envoy-proxy      856m    64Mi    
router-epp-5d95c984b5-nkl98   epp              1130m   133Mi   
load 9.98 20.21 25.13 1791024676
inference-perf-cold-jz5xn     inference-perf   583m    749Mi   
inference-perf-hot-7n4v7      inference-perf   524m    501Mi   
inference-perf-l49jp          inference-perf   479m    594Mi   
router-epp-5d95c984b5-nkl98   envoy-proxy      783m    66Mi    
router-epp-5d95c984b5-nkl98   epp              1164m   141Mi   
load 10.16 19.91 24.98 1791024686
inference-perf-cold-jz5xn     inference-perf   361m    761Mi   
inference-perf-hot-7n4v7      inference-perf   343m    509Mi   
inference-perf-l49jp          inference-perf   586m    615Mi   
router-epp-5d95c984b5-nkl98   envoy-proxy      824m    66Mi    
router-epp-5d95c984b5-nkl98   epp              1022m   150Mi   
load 9.66 19.48 24.79 1791024696
inference-perf-cold-jz5xn     inference-perf   361m    761Mi   
inference-perf-hot-7n4v7      inference-perf   343m    509Mi   
inference-perf-l49jp          inference-perf   586m    615Mi   
router-epp-5d95c984b5-nkl98   envoy-proxy      824m    66Mi    
router-epp-5d95c984b5-nkl98   epp              1022m   150Mi   
load 10.10 19.25 24.66 1791024706
inference-perf-cold-jz5xn     inference-perf   494m    776Mi   
inference-perf-hot-7n4v7      inference-perf   550m    539Mi   
inference-perf-l49jp          inference-perf   717m    638Mi   
router-epp-5d95c984b5-nkl98   envoy-proxy      932m    68Mi    
router-epp-5d95c984b5-nkl98   epp              1205m   156Mi   
load 9.61 18.85 24.47 1791024716
inference-perf-cold-jz5xn     inference-perf   413m    787Mi   
inference-perf-hot-7n4v7      inference-perf   550m    539Mi   
inference-perf-l49jp          inference-perf   699m    672Mi   
router-epp-5d95c984b5-nkl98   envoy-proxy      913m    69Mi    
router-epp-5d95c984b5-nkl98   epp              1195m   159Mi   
load 9.11 18.44 24.27 1791024726
inference-perf-cold-jz5xn     inference-perf   413m    787Mi   
inference-perf-hot-7n4v7      inference-perf   550m    539Mi   
inference-perf-l49jp          inference-perf   699m    672Mi   
router-epp-5d95c984b5-nkl98   envoy-proxy      913m    69Mi    
router-epp-5d95c984b5-nkl98   epp              1195m   159Mi   
load 7.94 17.88 24.03 1791024736
inference-perf-cold-jz5xn     inference-perf   512m    803Mi   
inference-perf-hot-7n4v7      inference-perf   476m    558Mi   
inference-perf-l49jp          inference-perf   544m    693Mi   
router-epp-5d95c984b5-nkl98   envoy-proxy      655m    69Mi    
router-epp-5d95c984b5-nkl98   epp              1058m   149Mi   
load 7.34 17.43 23.81 1791024746
inference-perf-cold-jz5xn     inference-perf   314m   819Mi   
inference-perf-hot-7n4v7      inference-perf   356m   573Mi   
inference-perf-l49jp          inference-perf   544m   693Mi   
router-epp-5d95c984b5-nkl98   envoy-proxy      554m   72Mi    
router-epp-5d95c984b5-nkl98   epp              918m   164Mi   
load 7.28 17.08 23.63 1791024756
inference-perf-cold-jz5xn     inference-perf   314m   819Mi   
inference-perf-hot-7n4v7      inference-perf   356m   573Mi   
inference-perf-l49jp          inference-perf   544m   693Mi   
router-epp-5d95c984b5-nkl98   envoy-proxy      554m   72Mi    
router-epp-5d95c984b5-nkl98   epp              918m   164Mi   
load 6.71 16.63 23.42 1791024766
inference-perf-cold-jz5xn     inference-perf   333m   828Mi   
inference-perf-hot-7n4v7      inference-perf   227m   582Mi   
inference-perf-l49jp          inference-perf   497m   730Mi   
router-epp-5d95c984b5-nkl98   envoy-proxy      665m   73Mi    
router-epp-5d95c984b5-nkl98   epp              971m   163Mi   
load 6.27 16.22 23.21 1791024776
inference-perf-cold-jz5xn     inference-perf   426m   846Mi   
inference-perf-hot-7n4v7      inference-perf   359m   593Mi   
inference-perf-l49jp          inference-perf   362m   744Mi   
router-epp-5d95c984b5-nkl98   envoy-proxy      591m   74Mi    
router-epp-5d95c984b5-nkl98   epp              926m   162Mi   
load 5.86 15.80 23.00 1791024786
inference-perf-cold-jz5xn     inference-perf   426m   846Mi   
inference-perf-hot-7n4v7      inference-perf   359m   593Mi   
inference-perf-l49jp          inference-perf   362m   744Mi   
router-epp-5d95c984b5-nkl98   envoy-proxy      591m   74Mi    
router-epp-5d95c984b5-nkl98   epp              926m   162Mi   
load 5.12 15.31 22.76 1791024796
inference-perf-cold-jz5xn     inference-perf   270m   856Mi   
inference-perf-hot-7n4v7      inference-perf   335m   609Mi   
inference-perf-l49jp          inference-perf   362m   744Mi   
router-epp-5d95c984b5-nkl98   envoy-proxy      542m   74Mi    
router-epp-5d95c984b5-nkl98   epp              926m   162Mi   
load 5.28 15.00 22.58 1791024807
inference-perf-cold-jz5xn     inference-perf   444m   871Mi   
inference-perf-hot-7n4v7      inference-perf   302m   621Mi   
inference-perf-l49jp          inference-perf   368m   759Mi   
router-epp-5d95c984b5-nkl98   envoy-proxy      514m   75Mi    
router-epp-5d95c984b5-nkl98   epp              826m   158Mi   
load 4.99 14.62 22.37 1791024817
inference-perf-cold-jz5xn     inference-perf   444m   871Mi   
inference-perf-hot-7n4v7      inference-perf   302m   621Mi   
inference-perf-l49jp          inference-perf   368m   759Mi   
router-epp-5d95c984b5-nkl98   envoy-proxy      514m   75Mi    
router-epp-5d95c984b5-nkl98   epp              826m   158Mi   
load 4.69 14.24 22.17 1791024827
inference-perf-cold-jz5xn     inference-perf   214m   879Mi   
inference-perf-hot-7n4v7      inference-perf   221m   629Mi   
inference-perf-l49jp          inference-perf   269m   768Mi   
router-epp-5d95c984b5-nkl98   envoy-proxy      534m   75Mi    
router-epp-5d95c984b5-nkl98   epp              826m   158Mi   
load 4.88 13.97 21.99 1791024837
inference-perf-cold-jz5xn     inference-perf   295m   888Mi   
inference-perf-hot-7n4v7      inference-perf   385m   643Mi   
inference-perf-l49jp          inference-perf   371m   784Mi   
router-epp-5d95c984b5-nkl98   envoy-proxy      588m   75Mi    
router-epp-5d95c984b5-nkl98   epp              868m   159Mi   
load 5.19 13.74 21.83 1791024847
inference-perf-cold-jz5xn     inference-perf   249m   903Mi   
inference-perf-hot-7n4v7      inference-perf   240m   651Mi   
inference-perf-l49jp          inference-perf   562m   805Mi   
router-epp-5d95c984b5-nkl98   envoy-proxy      515m   77Mi    
router-epp-5d95c984b5-nkl98   epp              895m   159Mi   
load 4.78 13.37 21.62 1791024857
inference-perf-cold-jz5xn     inference-perf   249m   903Mi   
inference-perf-hot-7n4v7      inference-perf   240m   651Mi   
inference-perf-l49jp          inference-perf   562m   805Mi   
router-epp-5d95c984b5-nkl98   envoy-proxy      515m   77Mi    
router-epp-5d95c984b5-nkl98   epp              895m   159Mi   
load 4.50 13.02 21.43 1791024867
inference-perf-cold-jz5xn     inference-perf   249m   903Mi   
inference-perf-hot-7n4v7      inference-perf   229m   658Mi   
inference-perf-l49jp          inference-perf   231m   813Mi   
router-epp-5d95c984b5-nkl98   envoy-proxy      472m   77Mi    
router-epp-5d95c984b5-nkl98   epp              779m   154Mi   
load 4.42 12.73 21.24 1791024877
inference-perf-cold-jz5xn     inference-perf   443m    920Mi   
inference-perf-hot-7n4v7      inference-perf   388m    671Mi   
inference-perf-l49jp          inference-perf   603m    830Mi   
router-epp-5d95c984b5-nkl98   envoy-proxy      949m    78Mi    
router-epp-5d95c984b5-nkl98   epp              1153m   166Mi   
load 4.42 12.45 21.06 1791024887
inference-perf-cold-jz5xn     inference-perf   443m    920Mi   
inference-perf-hot-7n4v7      inference-perf   388m    671Mi   
inference-perf-l49jp          inference-perf   603m    830Mi   
router-epp-5d95c984b5-nkl98   envoy-proxy      949m    78Mi    
router-epp-5d95c984b5-nkl98   epp              1153m   166Mi   
load 4.93 12.29 20.91 1791024897
inference-perf-cold-jz5xn     inference-perf   455m    950Mi   
inference-perf-hot-7n4v7      inference-perf   589m    691Mi   
inference-perf-l49jp          inference-perf   799m    860Mi   
router-epp-5d95c984b5-nkl98   envoy-proxy      813m    78Mi    
router-epp-5d95c984b5-nkl98   epp              1175m   165Mi   
load 6.96 12.48 20.88 1791024907
inference-perf-cold-jz5xn     inference-perf   500m    966Mi   
inference-perf-hot-7n4v7      inference-perf   414m    702Mi   
inference-perf-l49jp          inference-perf   588m    884Mi   
router-epp-5d95c984b5-nkl98   envoy-proxy      843m    78Mi    
router-epp-5d95c984b5-nkl98   epp              1135m   165Mi   
load 7.12 12.33 20.74 1791024917
inference-perf-cold-jz5xn     inference-perf   500m    966Mi   
inference-perf-hot-7n4v7      inference-perf   414m    702Mi   
inference-perf-l49jp          inference-perf   588m    884Mi   
router-epp-5d95c984b5-nkl98   envoy-proxy      843m    78Mi    
router-epp-5d95c984b5-nkl98   epp              1135m   165Mi   
load 8.11 12.37 20.67 1791024927
inference-perf-cold-jz5xn     inference-perf   486m    977Mi   
inference-perf-hot-7n4v7      inference-perf   559m    722Mi   
inference-perf-l49jp          inference-perf   582m    909Mi   
router-epp-5d95c984b5-nkl98   envoy-proxy      786m    78Mi    
router-epp-5d95c984b5-nkl98   epp              1103m   166Mi   
load 7.71 12.15 20.50 1791024937
inference-perf-cold-jz5xn     inference-perf   467m    988Mi   
inference-perf-hot-7n4v7      inference-perf   455m    738Mi   
inference-perf-l49jp          inference-perf   585m    934Mi   
router-epp-5d95c984b5-nkl98   envoy-proxy      892m    78Mi    
router-epp-5d95c984b5-nkl98   epp              1200m   168Mi   
load 6.85 11.81 20.30 1791024947
inference-perf-cold-jz5xn     inference-perf   467m    988Mi   
inference-perf-hot-7n4v7      inference-perf   455m    738Mi   
inference-perf-l49jp          inference-perf   585m    934Mi   
router-epp-5d95c984b5-nkl98   envoy-proxy      892m    78Mi    
router-epp-5d95c984b5-nkl98   epp              1200m   168Mi   
load 6.55 11.59 20.14 1791024958
inference-perf-cold-jz5xn     inference-perf   492m    1004Mi   
inference-perf-hot-7n4v7      inference-perf   396m    762Mi    
inference-perf-l49jp          inference-perf   585m    934Mi    
router-epp-5d95c984b5-nkl98   envoy-proxy      789m    79Mi     
router-epp-5d95c984b5-nkl98   epp              1097m   162Mi    
load 5.92 11.29 19.95 1791024968
inference-perf-cold-jz5xn     inference-perf   575m    1028Mi   
inference-perf-hot-7n4v7      inference-perf   396m    762Mi    
inference-perf-l49jp          inference-perf   688m    963Mi    
router-epp-5d95c984b5-nkl98   envoy-proxy      863m    79Mi     
router-epp-5d95c984b5-nkl98   epp              1144m   163Mi    
load 5.85 11.10 19.79 1791024978
inference-perf-cold-jz5xn     inference-perf   575m    1028Mi   
inference-perf-hot-7n4v7      inference-perf   396m    762Mi    
inference-perf-l49jp          inference-perf   688m    963Mi    
router-epp-5d95c984b5-nkl98   envoy-proxy      863m    79Mi     
router-epp-5d95c984b5-nkl98   epp              1144m   163Mi    
load 6.70 11.11 19.70 1791024988
inference-perf-cold-jz5xn     inference-perf   447m    1055Mi   
inference-perf-hot-7n4v7      inference-perf   537m    798Mi    
inference-perf-l49jp          inference-perf   658m    984Mi    
router-epp-5d95c984b5-nkl98   envoy-proxy      731m    79Mi     
router-epp-5d95c984b5-nkl98   epp              1144m   157Mi    
load 9.05 11.48 19.73 1791024998
inference-perf-cold-jz5xn     inference-perf   821m    1076Mi   
inference-perf-hot-7n4v7      inference-perf   791m    819Mi    
inference-perf-l49jp          inference-perf   653m    1011Mi   
router-epp-5d95c984b5-nkl98   envoy-proxy      1313m   79Mi     
router-epp-5d95c984b5-nkl98   epp              1329m   175Mi    
load 10.14 11.63 19.69 1791025008
inference-perf-cold-jz5xn     inference-perf   821m    1076Mi   
inference-perf-hot-7n4v7      inference-perf   791m    819Mi    
inference-perf-l49jp          inference-perf   653m    1011Mi   
router-epp-5d95c984b5-nkl98   envoy-proxy      1313m   79Mi     
router-epp-5d95c984b5-nkl98   epp              1329m   175Mi    
load 9.36 11.41 19.54 1791025018
inference-perf-cold-jz5xn     inference-perf   761m    1094Mi   
inference-perf-hot-7n4v7      inference-perf   723m    836Mi    
inference-perf-l49jp          inference-perf   966m    1039Mi   
router-epp-5d95c984b5-nkl98   envoy-proxy      1175m   80Mi     
router-epp-5d95c984b5-nkl98   epp              1393m   170Mi    
load 9.28 11.33 19.42 1791025028
inference-perf-cold-jz5xn     inference-perf   695m    1121Mi   
inference-perf-hot-7n4v7      inference-perf   766m    858Mi    
inference-perf-l49jp          inference-perf   897m    1074Mi   
router-epp-5d95c984b5-nkl98   envoy-proxy      1107m   80Mi     
router-epp-5d95c984b5-nkl98   epp              1287m   170Mi    
load 11.14 11.67 19.45 1791025038
inference-perf-cold-jz5xn     inference-perf   695m    1121Mi   
inference-perf-hot-7n4v7      inference-perf   766m    858Mi    
inference-perf-l49jp          inference-perf   897m    1074Mi   
router-epp-5d95c984b5-nkl98   envoy-proxy      1107m   80Mi     
router-epp-5d95c984b5-nkl98   epp              1287m   170Mi    
load 10.75 11.56 19.33 1791025048
inference-perf-cold-jz5xn     inference-perf   427m    1131Mi   
inference-perf-hot-7n4v7      inference-perf   682m    881Mi    
inference-perf-l49jp          inference-perf   888m    1096Mi   
router-epp-5d95c984b5-nkl98   envoy-proxy      1239m   80Mi     
router-epp-5d95c984b5-nkl98   epp              1287m   170Mi    
load 9.79 11.33 19.17 1791025058
inference-perf-cold-jz5xn     inference-perf   682m    1148Mi   
inference-perf-hot-7n4v7      inference-perf   581m    902Mi    
inference-perf-l49jp          inference-perf   1004m   1134Mi   
router-epp-5d95c984b5-nkl98   envoy-proxy      1239m   80Mi     
router-epp-5d95c984b5-nkl98   epp              1394m   165Mi    
load 9.04 11.12 19.02 1791025068
inference-perf-cold-jz5xn     inference-perf   682m    1148Mi   
inference-perf-hot-7n4v7      inference-perf   581m    902Mi    
inference-perf-l49jp          inference-perf   1004m   1134Mi   
router-epp-5d95c984b5-nkl98   envoy-proxy      1239m   80Mi     
router-epp-5d95c984b5-nkl98   epp              1394m   165Mi    
load 9.48 11.15 18.94 1791025078
inference-perf-cold-jz5xn     inference-perf   588m    1169Mi   
inference-perf-hot-7n4v7      inference-perf   524m    928Mi    
inference-perf-l49jp          inference-perf   732m    1168Mi   
router-epp-5d95c984b5-nkl98   envoy-proxy      1074m   80Mi     
router-epp-5d95c984b5-nkl98   epp              1228m   164Mi    
load 8.81 10.95 18.79 1791025089
inference-perf-cold-jz5xn     inference-perf   620m    1186Mi   
inference-perf-hot-7n4v7      inference-perf   766m    951Mi    
inference-perf-l49jp          inference-perf   948m    1189Mi   
router-epp-5d95c984b5-nkl98   envoy-proxy      1011m   81Mi     
router-epp-5d95c984b5-nkl98   epp              1405m   173Mi    
load 10.20 11.16 18.78 1791025099
inference-perf-cold-jz5xn     inference-perf   620m    1186Mi   
inference-perf-hot-7n4v7      inference-perf   766m    951Mi    
inference-perf-l49jp          inference-perf   948m    1189Mi   
router-epp-5d95c984b5-nkl98   envoy-proxy      1011m   81Mi     
router-epp-5d95c984b5-nkl98   epp              1405m   173Mi    
load 9.58 10.99 18.64 1791025109
inference-perf-cold-jz5xn     inference-perf   769m    1211Mi   
inference-perf-hot-7n4v7      inference-perf   636m    965Mi    
inference-perf-l49jp          inference-perf   1052m   1226Mi   
router-epp-5d95c984b5-nkl98   envoy-proxy      1136m   80Mi     
router-epp-5d95c984b5-nkl98   epp              1322m   159Mi    
load 11.43 11.35 18.68 1791025119
inference-perf-cold-jz5xn     inference-perf   635m    1241Mi   
inference-perf-hot-7n4v7      inference-perf   679m    985Mi    
inference-perf-l49jp          inference-perf   893m    1263Mi   
router-epp-5d95c984b5-nkl98   envoy-proxy      1474m   81Mi     
router-epp-5d95c984b5-nkl98   epp              1503m   185Mi    
load 14.02 11.90 18.78 1791025129
inference-perf-cold-jz5xn     inference-perf   635m    1241Mi   
inference-perf-hot-7n4v7      inference-perf   679m    985Mi    
inference-perf-l49jp          inference-perf   893m    1263Mi   
router-epp-5d95c984b5-nkl98   envoy-proxy      1474m   81Mi     
router-epp-5d95c984b5-nkl98   epp              1503m   185Mi    
load 13.70 11.91 18.70 1791025139
inference-perf-cold-jz5xn     inference-perf   996m    1305Mi   
inference-perf-hot-7n4v7      inference-perf   1012m   1037Mi   
inference-perf-l49jp          inference-perf   1005m   1298Mi   
router-epp-5d95c984b5-nkl98   envoy-proxy      1552m   83Mi     
router-epp-5d95c984b5-nkl98   epp              1486m   203Mi    
load 13.61 11.99 18.62 1791025149
inference-perf-cold-jz5xn     inference-perf   744m    1325Mi   
inference-perf-hot-7n4v7      inference-perf   886m    1070Mi   
inference-perf-l49jp          inference-perf   1429m   1341Mi   
router-epp-5d95c984b5-nkl98   envoy-proxy      1531m   83Mi     
router-epp-5d95c984b5-nkl98   epp              1508m   184Mi    
load 15.41 12.45 18.70 1791025159
inference-perf-cold-jz5xn     inference-perf   744m    1325Mi   
inference-perf-hot-7n4v7      inference-perf   886m    1070Mi   
inference-perf-l49jp          inference-perf   1429m   1341Mi   
router-epp-5d95c984b5-nkl98   envoy-proxy      1531m   83Mi     
router-epp-5d95c984b5-nkl98   epp              1508m   184Mi    
load 16.54 12.79 18.75 1791025169
inference-perf-cold-jz5xn     inference-perf   615m    1344Mi   
inference-perf-hot-7n4v7      inference-perf   839m    1097Mi   
inference-perf-l49jp          inference-perf   1262m   1381Mi   
router-epp-5d95c984b5-nkl98   envoy-proxy      1267m   83Mi     
router-epp-5d95c984b5-nkl98   epp              1440m   197Mi    
load 17.65 13.16 18.80 1791025179
inference-perf-cold-jz5xn     inference-perf   760m    1361Mi   
inference-perf-hot-7n4v7      inference-perf   622m    1112Mi   
inference-perf-l49jp          inference-perf   1389m   1450Mi   
router-epp-5d95c984b5-nkl98   envoy-proxy      1514m   85Mi     
router-epp-5d95c984b5-nkl98   epp              1547m   182Mi    
load 16.67 13.11 18.72 1791025189
inference-perf-cold-jz5xn     inference-perf   760m    1361Mi   
inference-perf-hot-7n4v7      inference-perf   622m    1112Mi   
inference-perf-l49jp          inference-perf   1389m   1450Mi   
router-epp-5d95c984b5-nkl98   envoy-proxy      1514m   85Mi     
router-epp-5d95c984b5-nkl98   epp              1547m   182Mi    
load 17.79 13.46 18.78 1791025199
inference-perf-cold-jz5xn     inference-perf   813m    1393Mi   
inference-perf-hot-7n4v7      inference-perf   877m    1145Mi   
inference-perf-l49jp          inference-perf   752m    1473Mi   
router-epp-5d95c984b5-nkl98   envoy-proxy      1243m   84Mi     
router-epp-5d95c984b5-nkl98   epp              1427m   174Mi    
load 17.72 13.58 18.76 1791025210
inference-perf-cold-jz5xn     inference-perf   813m    1393Mi   
inference-perf-hot-7n4v7      inference-perf   938m    1169Mi   
inference-perf-l49jp          inference-perf   1001m   1500Mi   
router-epp-5d95c984b5-nkl98   envoy-proxy      1520m   84Mi     
router-epp-5d95c984b5-nkl98   epp              1513m   193Mi    
load 17.59 13.70 18.74 1791025220
inference-perf-cold-jz5xn     inference-perf   813m    1393Mi   
inference-perf-hot-7n4v7      inference-perf   938m    1169Mi   
inference-perf-l49jp          inference-perf   1001m   1500Mi   
router-epp-5d95c984b5-nkl98   envoy-proxy      1520m   84Mi     
router-epp-5d95c984b5-nkl98   epp              1513m   193Mi    
load 16.62 13.61 18.66 1791025230
inference-perf-cold-jz5xn     inference-perf   1027m   1434Mi   
inference-perf-hot-7n4v7      inference-perf   767m    1198Mi   
inference-perf-l49jp          inference-perf   971m    1523Mi   
router-epp-5d95c984b5-nkl98   envoy-proxy      1410m   85Mi     
router-epp-5d95c984b5-nkl98   epp              1513m   188Mi    
load 19.07 14.25 18.81 1791025240
inference-perf-cold-jz5xn     inference-perf   706m    1462Mi   
inference-perf-hot-7n4v7      inference-perf   938m    1233Mi   
inference-perf-l49jp          inference-perf   940m    1563Mi   
router-epp-5d95c984b5-nkl98   envoy-proxy      959m    84Mi     
router-epp-5d95c984b5-nkl98   epp              1176m   172Mi    
load 19.55 14.50 18.85 1791025250
inference-perf-cold-jz5xn     inference-perf   706m    1462Mi   
inference-perf-hot-7n4v7      inference-perf   938m    1233Mi   
inference-perf-l49jp          inference-perf   940m    1563Mi   
router-epp-5d95c984b5-nkl98   envoy-proxy      959m    84Mi     
router-epp-5d95c984b5-nkl98   epp              1176m   172Mi    
load 20.95 14.96 18.95 1791025260
inference-perf-cold-jz5xn     inference-perf   913m    1496Mi   
inference-perf-hot-7n4v7      inference-perf   1014m   1256Mi   
inference-perf-l49jp          inference-perf   1369m   1600Mi   
router-epp-5d95c984b5-nkl98   envoy-proxy      1652m   84Mi     
router-epp-5d95c984b5-nkl98   epp              1498m   209Mi    
load 22.62 15.54 19.10 1791025270
inference-perf-cold-jz5xn     inference-perf   981m    1538Mi   
inference-perf-hot-7n4v7      inference-perf   1024m   1293Mi   
inference-perf-l49jp          inference-perf   1358m   1644Mi   
router-epp-5d95c984b5-nkl98   envoy-proxy      1599m   85Mi     
router-epp-5d95c984b5-nkl98   epp              1519m   187Mi    
load 21.18 15.45 19.03 1791025280
inference-perf-cold-jz5xn     inference-perf   981m    1538Mi   
inference-perf-hot-7n4v7      inference-perf   1024m   1293Mi   
inference-perf-l49jp          inference-perf   1358m   1644Mi   
router-epp-5d95c984b5-nkl98   envoy-proxy      1599m   85Mi     
router-epp-5d95c984b5-nkl98   epp              1519m   187Mi    
load 20.89 15.59 19.04 1791025290
inference-perf-cold-jz5xn     inference-perf   825m    1560Mi   
inference-perf-hot-7n4v7      inference-perf   1097m   1319Mi   
inference-perf-l49jp          inference-perf   1189m   1683Mi   
router-epp-5d95c984b5-nkl98   envoy-proxy      1606m   86Mi     
router-epp-5d95c984b5-nkl98   epp              1528m   200Mi    
load 21.47 15.90 19.10 1791025300
inference-perf-cold-jz5xn     inference-perf   960m    1588Mi   
inference-perf-hot-7n4v7      inference-perf   1018m   1355Mi   
inference-perf-l49jp          inference-perf   1324m   1721Mi   
router-epp-5d95c984b5-nkl98   envoy-proxy      1570m   87Mi     
router-epp-5d95c984b5-nkl98   epp              1516m   204Mi    
load 24.37 16.70 19.33 1791025310
inference-perf-cold-jz5xn     inference-perf   960m    1588Mi   
inference-perf-hot-7n4v7      inference-perf   1018m   1355Mi   
inference-perf-l49jp          inference-perf   1324m   1721Mi   
router-epp-5d95c984b5-nkl98   envoy-proxy      1570m   87Mi     
router-epp-5d95c984b5-nkl98   epp              1516m   204Mi    
load 27.20 17.58 19.59 1791025320
inference-perf-cold-jz5xn     inference-perf   1053m   1620Mi   
inference-perf-hot-7n4v7      inference-perf   914m    1385Mi   
inference-perf-l49jp          inference-perf   1317m   1764Mi   
router-epp-5d95c984b5-nkl98   envoy-proxy      1681m   86Mi     
router-epp-5d95c984b5-nkl98   epp              1546m   212Mi    
load 28.87 18.26 19.79 1791025331
inference-perf-cold-jz5xn     inference-perf   1173m   1659Mi   
inference-perf-hot-7n4v7      inference-perf   914m    1385Mi   
inference-perf-l49jp          inference-perf   1434m   1800Mi   
router-epp-5d95c984b5-nkl98   envoy-proxy      1683m   87Mi     
router-epp-5d95c984b5-nkl98   epp              1515m   218Mi    
load 31.02 19.08 20.04 1791025341
inference-perf-cold-jz5xn     inference-perf   1173m   1659Mi   
inference-perf-hot-7n4v7      inference-perf   914m    1385Mi   
inference-perf-l49jp          inference-perf   1434m   1800Mi   
router-epp-5d95c984b5-nkl98   envoy-proxy      1683m   87Mi     
router-epp-5d95c984b5-nkl98   epp              1515m   218Mi    
load 28.63 18.98 20.00 1791025351
inference-perf-cold-jz5xn     inference-perf   1267m   1697Mi   
inference-perf-hot-7n4v7      inference-perf   975m    1426Mi   
inference-perf-l49jp          inference-perf   1367m   1857Mi   
router-epp-5d95c984b5-nkl98   envoy-proxy      1727m   88Mi     
router-epp-5d95c984b5-nkl98   epp              1538m   211Mi    
load 26.63 18.88 19.95 1791025361
inference-perf-cold-jz5xn     inference-perf   885m    1724Mi   
inference-perf-hot-7n4v7      inference-perf   1141m   1469Mi   
inference-perf-l49jp          inference-perf   1481m   1895Mi   
router-epp-5d95c984b5-nkl98   envoy-proxy      1727m   88Mi     
router-epp-5d95c984b5-nkl98   epp              1299m   167Mi    
load 26.89 19.20 20.05 1791025371
inference-perf-cold-jz5xn     inference-perf   885m    1724Mi   
inference-perf-hot-7n4v7      inference-perf   1141m   1469Mi   
inference-perf-l49jp          inference-perf   1481m   1895Mi   
router-epp-5d95c984b5-nkl98   envoy-proxy      1727m   88Mi     
router-epp-5d95c984b5-nkl98   epp              1299m   167Mi    
load 27.45 19.58 20.16 1791025381
inference-perf-cold-jz5xn     inference-perf   748m    1742Mi   
inference-perf-hot-7n4v7      inference-perf   668m    1492Mi   
inference-perf-l49jp          inference-perf   825m    1918Mi   
router-epp-5d95c984b5-nkl98   envoy-proxy      1162m   88Mi     
router-epp-5d95c984b5-nkl98   epp              1511m   208Mi    
load 29.60 20.30 20.39 1791025391
inference-perf-cold-jz5xn     inference-perf   994m    1780Mi   
inference-perf-hot-7n4v7      inference-perf   1165m   1538Mi   
inference-perf-l49jp          inference-perf   1320m   1995Mi   
router-epp-5d95c984b5-nkl98   envoy-proxy      1667m   88Mi     
router-epp-5d95c984b5-nkl98   epp              1490m   222Mi    
load 31.72 21.08 20.64 1791025401
inference-perf-cold-jz5xn     inference-perf   994m    1780Mi   
inference-perf-hot-7n4v7      inference-perf   1165m   1538Mi   
inference-perf-l49jp          inference-perf   1320m   1995Mi   
router-epp-5d95c984b5-nkl98   envoy-proxy      1667m   88Mi     
router-epp-5d95c984b5-nkl98   epp              1490m   222Mi    
load 35.95 22.34 21.06 1791025411
inference-perf-cold-jz5xn     inference-perf   1034m   1827Mi   
inference-perf-hot-7n4v7      inference-perf   1105m   1581Mi   
inference-perf-l49jp          inference-perf   1320m   1995Mi   
router-epp-5d95c984b5-nkl98   envoy-proxy      1727m   90Mi     
router-epp-5d95c984b5-nkl98   epp              1527m   244Mi    
load 38.01 23.24 21.37 1791025421
inference-perf-cold-jz5xn     inference-perf   949m    1851Mi   
inference-perf-hot-7n4v7      inference-perf   1188m   1620Mi   
inference-perf-l49jp          inference-perf   1539m   2098Mi   
router-epp-5d95c984b5-nkl98   envoy-proxy      1649m   90Mi     
router-epp-5d95c984b5-nkl98   epp              1479m   251Mi    
load 37.19 23.56 21.49 1791025431
inference-perf-cold-jz5xn     inference-perf   949m    1851Mi   
inference-perf-hot-7n4v7      inference-perf   1188m   1620Mi   
inference-perf-l49jp          inference-perf   1539m   2098Mi   
router-epp-5d95c984b5-nkl98   envoy-proxy      1649m   90Mi     
router-epp-5d95c984b5-nkl98   epp              1479m   251Mi    
load 39.31 24.46 21.81 1791025441
inference-perf-cold-jz5xn     inference-perf   1198m   1893Mi   
inference-perf-hot-7n4v7      inference-perf   1080m   1658Mi   
inference-perf-l49jp          inference-perf   1402m   2133Mi   
router-epp-5d95c984b5-nkl98   envoy-proxy      1718m   91Mi     
router-epp-5d95c984b5-nkl98   epp              1495m   225Mi    
load 40.28 25.17 22.07 1791025452
inference-perf-cold-jz5xn     inference-perf   1192m   1960Mi   
inference-perf-hot-7n4v7      inference-perf   1027m   1688Mi   
inference-perf-l49jp          inference-perf   1524m   2177Mi   
router-epp-5d95c984b5-nkl98   envoy-proxy      1664m   92Mi     
router-epp-5d95c984b5-nkl98   epp              1527m   260Mi    
load 43.30 26.32 22.47 1791025462
inference-perf-cold-jz5xn     inference-perf   1192m   1960Mi   
inference-perf-hot-7n4v7      inference-perf   1027m   1688Mi   
inference-perf-l49jp          inference-perf   1524m   2177Mi   
router-epp-5d95c984b5-nkl98   envoy-proxy      1664m   92Mi     
router-epp-5d95c984b5-nkl98   epp              1527m   260Mi    
load 43.29 26.88 22.70 1791025472
inference-perf-cold-jz5xn     inference-perf   1131m   1998Mi   
inference-perf-hot-7n4v7      inference-perf   1130m   1732Mi   
inference-perf-l49jp          inference-perf   1508m   2223Mi   
router-epp-5d95c984b5-nkl98   envoy-proxy      1688m   93Mi     
router-epp-5d95c984b5-nkl98   epp              1476m   278Mi    
load 38.94 26.50 22.62 1791025482
inference-perf-cold-jz5xn     inference-perf   1131m   1998Mi   
inference-perf-hot-7n4v7      inference-perf   1108m   1765Mi   
inference-perf-l49jp          inference-perf   1620m   2287Mi   
router-epp-5d95c984b5-nkl98   envoy-proxy      1704m   94Mi     
router-epp-5d95c984b5-nkl98   epp              1476m   284Mi    
load 39.33 26.98 22.82 1791025492
inference-perf-cold-jz5xn     inference-perf   1007m   2038Mi   
inference-perf-hot-7n4v7      inference-perf   875m    1799Mi   
inference-perf-l49jp          inference-perf   1104m   2363Mi   
router-epp-5d95c984b5-nkl98   envoy-proxy      1704m   94Mi     
router-epp-5d95c984b5-nkl98   epp              1233m   159Mi    
load 40.37 27.61 23.07 1791025502
inference-perf-cold-jz5xn     inference-perf   1007m   2038Mi   
inference-perf-hot-7n4v7      inference-perf   875m    1799Mi   
inference-perf-l49jp          inference-perf   1104m   2363Mi   
router-epp-5d95c984b5-nkl98   envoy-proxy      1704m   94Mi     
router-epp-5d95c984b5-nkl98   epp              1233m   159Mi    
load 42.38 28.46 23.39 1791025512
inference-perf-cold-jz5xn     inference-perf   1030m   2074Mi   
inference-perf-hot-7n4v7      inference-perf   875m    1799Mi   
inference-perf-l49jp          inference-perf   1416m   2420Mi   
router-epp-5d95c984b5-nkl98   envoy-proxy      1229m   95Mi     
router-epp-5d95c984b5-nkl98   epp              1482m   251Mi    
load 42.22 28.88 23.58 1791025522
inference-perf-cold-jz5xn     inference-perf   1189m   2129Mi   
inference-perf-hot-7n4v7      inference-perf   1112m   1849Mi   
inference-perf-l49jp          inference-perf   1426m   2485Mi   
router-epp-5d95c984b5-nkl98   envoy-proxy      1683m   96Mi     
router-epp-5d95c984b5-nkl98   epp              1490m   297Mi    
load 44.26 29.74 23.92 1791025532
inference-perf-cold-jz5xn     inference-perf   1189m   2129Mi   
inference-perf-hot-7n4v7      inference-perf   1112m   1849Mi   
inference-perf-l49jp          inference-perf   1426m   2485Mi   
router-epp-5d95c984b5-nkl98   envoy-proxy      1683m   96Mi     
router-epp-5d95c984b5-nkl98   epp              1490m   297Mi    
load 46.56 30.72 24.30 1791025542
inference-perf-cold-jz5xn     inference-perf   1273m   2189Mi   
inference-perf-hot-7n4v7      inference-perf   1068m   1890Mi   
inference-perf-l49jp          inference-perf   1248m   2524Mi   
router-epp-5d95c984b5-nkl98   envoy-proxy      1639m   95Mi     
router-epp-5d95c984b5-nkl98   epp              1466m   331Mi    
load 46.25 31.18 24.52 1791025552
inference-perf-cold-jz5xn     inference-perf   1113m   2230Mi   
inference-perf-hot-7n4v7      inference-perf   1137m   1934Mi   
inference-perf-l49jp          inference-perf   1498m   2590Mi   
router-epp-5d95c984b5-nkl98   envoy-proxy      1681m   98Mi     
router-epp-5d95c984b5-nkl98   epp              1507m   370Mi    
load 48.68 32.20 24.93 1791025563
inference-perf-cold-jz5xn     inference-perf   1113m   2230Mi   
inference-perf-hot-7n4v7      inference-perf   1137m   1934Mi   
inference-perf-l49jp          inference-perf   1498m   2590Mi   
router-epp-5d95c984b5-nkl98   envoy-proxy      1681m   98Mi     
router-epp-5d95c984b5-nkl98   epp              1507m   370Mi    
load 47.53 32.50 25.10 1791025573
inference-perf-cold-jz5xn     inference-perf   1113m   2230Mi   
inference-perf-hot-7n4v7      inference-perf   1143m   1980Mi   
inference-perf-l49jp          inference-perf   1646m   2650Mi   
router-epp-5d95c984b5-nkl98   envoy-proxy      1703m   101Mi    
router-epp-5d95c984b5-nkl98   epp              1507m   370Mi    
load 47.27 32.94 25.32 1791025583
inference-perf-cold-jz5xn     inference-perf   1081m   2278Mi   
inference-perf-hot-7n4v7      inference-perf   1112m   2050Mi   
inference-perf-l49jp          inference-perf   1503m   2695Mi   
router-epp-5d95c984b5-nkl98   envoy-proxy      1691m   104Mi    
router-epp-5d95c984b5-nkl98   epp              1503m   423Mi    
load 48.34 33.64 25.63 1791025593
inference-perf-cold-jz5xn     inference-perf   1081m   2278Mi   
inference-perf-hot-7n4v7      inference-perf   1112m   2050Mi   
inference-perf-l49jp          inference-perf   1503m   2695Mi   
router-epp-5d95c984b5-nkl98   envoy-proxy      1691m   104Mi    
router-epp-5d95c984b5-nkl98   epp              1503m   423Mi    
load 48.18 34.08 25.86 1791025603
inference-perf-cold-jz5xn     inference-perf   1171m   2323Mi   
inference-perf-hot-7n4v7      inference-perf   1332m   2088Mi   
inference-perf-l49jp          inference-perf   1493m   2751Mi   
router-epp-5d95c984b5-nkl98   envoy-proxy      1727m   105Mi    
router-epp-5d95c984b5-nkl98   epp              1503m   423Mi    
load 49.95 34.93 26.23 1791025613
inference-perf-cold-jz5xn     inference-perf   1001m   2361Mi   
inference-perf-hot-7n4v7      inference-perf   1332m   2088Mi   
inference-perf-l49jp          inference-perf   1664m   2788Mi   
router-epp-5d95c984b5-nkl98   envoy-proxy      1734m   105Mi    
router-epp-5d95c984b5-nkl98   epp              1495m   398Mi    
load 47.71 34.97 26.34 1791025623
inference-perf-cold-jz5xn     inference-perf   1001m   2361Mi   
inference-perf-hot-7n4v7      inference-perf   1332m   2088Mi   
inference-perf-l49jp          inference-perf   1664m   2788Mi   
router-epp-5d95c984b5-nkl98   envoy-proxy      1734m   105Mi    
router-epp-5d95c984b5-nkl98   epp              1495m   398Mi    
