1791031077 0 0
1791031082 0 0
1791031087 0 0
1791031092 0 0
1791031097 0 0
1791031102 0 0
1791031107 0 0
1791031112 0 0
1791031117 0 0
1791031122 0 0
1791031127 0 0
1791031132 0 0
1791031137 0 0
1791031142 0 0
1791031147 0 0
1791031152 0 65856
1791031157 48720 266214
1791031163 105344 548763
1791031168 154048 697049
1791031173 253760 912914
1791031178 309536 1067047
1791031183 483904 1325864
1791031188 599392 1525049
1791031193 764976 1793105
1791031198 913136 2061184
1791031203 1005632 2223752
1791031208 1112368 2424384
1791031213 1262560 2693609
1791031218 1449648 2982744
1791031223 1583408 3151734
1791031228 1710976 3382141
1791031233 1837504 3591444
1791031239 2062368 3904166
1791031244 2230368 4163793
1791031249 2390224 4394882
1791031254 2568464 4609363
1791031259 2710352 4803068
1791031264 2794768 4987964
1791031269 2953120 5217553
1791031274 3044608 5344713
1791031279 3129808 5462708
1791031284 3209088 5588708
1791031289 3282592 5714896
1791031294 3353184 5826438
1791031299 3417088 5930952
1791031305 3441488 6027312
1791031310 3513328 6190366
1791031315 3589920 6322491
1791031320 3719936 6523154
1791031325 3842784 6692921
1791031330 3958848 6855245
1791031335 4065488 7063125
1791031340 4130496 7182122
1791031345 4195760 7332120
1791031350 4288400 7509432
1791031355 4396672 7702402
1791031360 4505872 7874458
1791031365 4619840 8029791
1791031370 4706480 8178903
1791031375 4763584 8289466
1791031380 4873488 8454592
1791031386 5031776 8645976
1791031391 5081712 8742119
1791031396 5168512 8867607
1791031401 5190400 8905199
1791031406 5361360 9120017
1791031411 5527344 9364187
1791031416 5650576 9572296
1791031421 5738384 9736971
1791031426 5876320 10002532
1791031431 6006176 10200591
1791031436 6151584 10423870
1791031441 6323968 10683579
1791031446 6439152 10899229
1791031451 6580928 11167092
1791031457 6737792 11418896
1791031462 6920288 11718137
1791031467 7076832 11961578
1791031472 7191456 12138134
1791031477 7307472 12309889
1791031482 7481584 12562880
1791031487 7651472 12801938
1791031492 7735840 12950633
1791031497 7883552 13195175
1791031502 8093520 13455683
1791031507 8236544 13655431
1791031512 8352672 13863513
1791031517 8505824 14100263
1791031522 8592688 14249912
1791031528 8672144 14390790
1791031533 8879552 14686171
1791031538 9024400 14940211
1791031543 9168112 15169639
1791031548 9313264 15428445
1791031553 9493984 15739367
1791031558 9704688 16065700
1791031563 9833104 16341287
1791031568 9983792 16622645
1791031573 10156528 16905653
1791031578 10450832 17342986
1791031584 10656512 17684156
1791031589 10825424 17989289
1791031594 11035520 18332913
1791031599 11258128 18629485
1791031604 11473392 18903825
1791031609 11633152 19200189
1791031614 11798080 19482362
1791031619 11991632 19780975
1791031624 12150032 20040887
1791031629 12309792 20323176
1791031635 12575152 20664298
1791031640 12757104 20931875
1791031645 13026944 21305180
1791031650 13084496 21379735
1791031655 13327392 21690557
1791031660 13586720 22077110
1791031665 13853808 22587650
1791031670 14087200 22935411
1791031676 14269056 23255364
1791031681 14555088 23677767
1791031686 14801984 24110859
1791031691 15053200 24494937
1791031696 15283936 24823223
1791031701 15501536 25147542
1791031706 15697472 25476987
1791031711 15913936 25826313
1791031716 16172288 26182152
1791031722 16352128 26500657
1791031727 16621280 26932893
1791031732 16893152 27313030
1791031737 17043408 27616384
1791031742 17333136 28085001
1791031747 17555824 28420313
1791031752 17924752 28919253
1791031758 18144304 29296419
1791031763 18396704 29725535
1791031768 18612192 30096334
1791031773 18741568 30290026
1791031778 18777552 30385539
1791031783 19041984 30853650
1791031788 19329104 31358355
1791031794 19618320 31830014
1791031799 19816160 32151146
1791031804 20097696 32551564
1791031809 20367520 33020683
1791031814 20611072 33428310
1791031819 20923888 33881244
1791031824 21300448 34461538
1791031830 21616784 34958997
1791031835 21934736 35477028
1791031840 22260704 35993040
1791031845 22541104 36444975
1791031851 22786816 36883050
1791031856 23184096 37427372
1791031861 23405920 37806613
1791031866 23735120 38384044
1791031872 23993616 38821309
1791031877 24247472 39237394
1791031882 24523360 39638874
1791031887 24891728 40208602
1791031892 25190384 40592952
1791031897 25402608 40978646
1791031903 25409424 40985795
1791031908 25625920 41475335
1791031913 25899184 41963876
1791031918 26205904 42473775
1791031923 26493808 43016686
1791031929 26782688 43471363
1791031934 27048544 43893494
1791031939 27377920 44390657
1791031944 27735424 44933894
1791031949 28068688 45439082
1791031955 28445872 45988426
1791031960 28750976 46448737
1791031965 29048944 46978011
1791031970 29435824 47526778
1791031976 29768656 48017357
1791031981 30106688 48628285
1791031986 30426640 49191919
1791031991 30721040 49694767
1791031997 31097600 50290124
1791032002 31420640 50889241
1791032007 31722000 51407061
1791032013 31935440 51951477
1791032018 32056928 52500635
1791032024 32170864 53058608
1791032029 32318864 53445714
1791032035 32325744 53452917
1791032040 32633072 54067550
1791032045 32894672 54615982
1791032050 33198544 55149400
1791032056 33532928 55699763
1791032061 33853888 56278502
1791032066 34234544 56879211
1791032072 34578560 57416715
1791032077 34882816 57971820
1791032082 35069120 58484274
1791032088 35236608 59051614
1791032093 35471680 59578144
1791032098 35677216 60112613
1791032104 35862512 60657024
1791032109 36091472 61183307
1791032114 36351392 61718099
1791032119 36598080 62259088
1791032125 36793456 62822198
1791032130 37045696 63354441
1791032136 37313840 63895978
1791032141 37601920 64440461
1791032146 37894960 65011846
1791032152 38167376 65548061
1791032157 38398320 66082973
1791032162 38615024 66655158
1791032168 38855888 67212622
1791032173 39030064 67703549
1791032178 39030064 67711039
1791032183 39030064 67711039
1791032188 39030064 67711039
