1791029816 0 0
1791029821 0 0
1791029826 0 0
1791029831 0 0
1791029836 0 0
1791029841 0 0
1791029846 0 0
1791029851 0 0
1791029856 0 0
1791029861 0 0
1791029866 0 0
1791029871 0 0
1791029876 0 0
1791029882 0 0
1791029887 0 0
1791029892 0 0
1791029897 0 0
1791029902 0 0
1791029907 0 7530
1791029912 41808 192330
1791029917 70096 369879
1791029922 147264 644782
1791029927 211072 868183
1791029932 308880 1096871
1791029937 452720 1303714
1791029942 588864 1562733
1791029947 688752 1756169
1791029952 802224 1956129
1791029957 985376 2217200
1791029962 1107920 2433139
1791029968 1261104 2670142
1791029973 1412272 2900445
1791029978 1513760 3107776
1791029983 1651408 3293109
1791029988 1721728 3441316
1791029993 1878496 3680808
1791029998 2087952 3985937
1791030003 2196928 4171602
1791030008 2389504 4424523
1791030013 2592512 4720454
1791030018 2722880 4920139
1791030023 2920208 5187360
1791030028 3022336 5344713
1791030033 3078864 5417924
1791030038 3159472 5559763
1791030044 3266432 5722113
1791030049 3339216 5849384
1791030054 3418160 5974470
1791030059 3504752 6124563
1791030064 3555792 6249764
1791030069 3641088 6426503
1791030074 3741552 6560395
1791030079 3806096 6663264
1791030084 3920880 6825608
1791030089 3999504 6974066
1791030094 4092528 7146100
1791030099 4184992 7294118
1791030104 4286544 7435625
1791030109 4351584 7576176
1791030114 4478560 7762484
1791030119 4566016 7925808
1791030125 4632336 8022914
1791030130 4776688 8223688
1791030135 4886960 8386499
1791030140 4973728 8534523
1791030145 5081680 8676000
1791030150 5173312 8837706
1791030155 5202000 8905199
1791030160 5361280 9104992
1791030165 5505232 9327487
1791030170 5670400 9610171
1791030175 5805328 9847180
1791030180 5983952 10129150
1791030185 6162624 10409196
1791030190 6283808 10646334
1791030196 6450128 10862524
1791030201 6557952 11010125
1791030206 6740672 11308059
1791030211 6909776 11569236
1791030216 7052912 11775815
1791030221 7168848 11960516
1791030226 7284800 12178035
1791030231 7458976 12423186
1791030236 7597088 12645073
1791030241 7732192 12837583
1791030246 7846736 13046775
1791030251 8005472 13270007
1791030256 8113280 13476928
1791030261 8281472 13701682
1791030267 8370912 13892116
1791030272 8450000 14010918
1791030277 8573408 14249912
1791030282 8608496 14293884
1791030287 8799072 14657676
1791030292 8980832 14991794
1791030297 9170752 15361573
1791030302 9402000 15701624
1791030307 9551136 15968800
1791030312 9752720 16258047
1791030317 9920240 16564663
1791030323 10098272 16867960
1791030328 10286992 17187912
1791030333 10491376 17456304
1791030338 10708640 17743974
1791030343 10889104 18003203
1791030348 11084960 18309796
1791030353 11249904 18585107
1791030358 11484016 18926471
1791030363 11643008 19207815
1791030368 11839680 19519581
1791030373 12047552 19840084
1791030379 12215920 20123591
1791030384 12352976 20324110
1791030389 12529248 20620302
1791030394 12760656 20962095
1791030399 12926880 21216192
1791030404 13033888 21379735
1791030409 13299344 21697914
1791030414 13568064 22100102
1791030419 13719552 22418038
1791030424 14022960 22825414
1791030429 14236896 23276679
1791030435 14439056 23596929
1791030440 14637040 23923182
1791030445 14875232 24332564
1791030450 15152016 24725888
1791030455 15403968 25081604
1791030460 15604912 25370730
1791030465 15893584 25766671
1791030470 16104800 26099659
1791030475 16319024 26440966
1791030481 16501056 26798642
1791030486 16732176 27202104
1791030491 16911632 27541897
1791030496 17265952 28054385
1791030501 17532832 28464760
1791030506 17765728 28837406
1791030511 17960752 29163100
1791030517 18191536 29511113
1791030522 18450672 29970793
1791030527 18643712 30290026
1791030532 18751904 30504589
1791030537 18986080 30994605
1791030542 19252032 31467025
1791030547 19562624 31971362
1791030553 19758608 32366126
1791030558 19958496 32766545
1791030563 20274112 33263101
1791030568 20572240 33725990
1791030574 20885168 34200740
1791030579 21261776 34699195
1791030584 21572928 35129763
1791030589 21789296 35509002
1791030594 22078144 35977186
1791030600 22411744 36481889
1791030605 22679824 36907877
1791030610 22998432 37406089
1791030615 23286384 37820584
1791030620 23516800 38241896
1791030626 23846080 38708861
1791030631 24172304 39186885
1791030636 24455136 39628904
1791030641 24730384 40095964
1791030646 24997088 40518997
1791030651 25324688 40971216
1791030656 25332112 40978646
1791030662 25562544 41370330
1791030667 25857424 41853261
1791030672 26202992 42379629
1791030677 26454272 42891258
1791030683 26782112 43463978
1791030688 27055088 43931100
1791030693 27414688 44440834
1791030699 27819824 45082837
1791030704 28222992 45647121
1791030709 28564624 46218679
1791030715 28882752 46726004
1791030720 29251392 47289686
1791030725 29670032 47868529
1791030731 30018064 48421292
1791030736 30375936 48946362
1791030741 30710848 49539847
1791030746 31009200 50083058
1791030752 31353760 50637189
1791030757 31695584 51222444
1791030763 31988880 51756640
1791030768 32318960 52315610
1791030773 32636160 52843665
1791030779 32946832 53415855
1791030784 32982704 53452917
1791030789 33394528 54038707
1791030794 33685200 54602525
1791030800 34027472 55171245
1791030805 34356592 55735374
1791030810 34512672 56263565
1791030816 34744480 56806768
1791030821 35009664 57332858
1791030827 35298240 57899101
1791030832 35586720 58471444
1791030837 35845328 59028616
1791030842 36117760 59571173
1791030848 36369536 60090130
1791030853 36632928 60670268
1791030859 36915104 61200216
1791030864 37158432 61733383
1791030870 37398496 62281765
1791030875 37637216 62816073
1791030880 37907584 63401156
1791030886 38172896 63956978
1791030891 38434608 64483711
1791030896 38678224 65027770
1791030901 38937488 65568118
1791030907 39224192 66142564
1791030912 39486112 66721166
1791030917 39680304 67251367
1791030923 39856304 67570731
1791030928 39944032 67674216
1791030933 39979776 67711039
1791030938 39979776 67711039
1791030943 39979776 67711039
