1791024507 0 0
1791024512 0 0
1791024517 0 0
1791024522 0 0
1791024527 0 0
1791024532 0 0
1791024537 0 0
1791024542 0 0
1791024547 0 0
1791024552 0 0
1791024557 0 0
1791024562 0 0
1791024567 0 0
1791024572 0 0
1791024578 0 0
1791024583 0 0
1791024588 0 0
1791024593 0 0
1791024598 0 0
1791024603 13808 185254
1791024608 70096 421724
1791024613 147424 629810
1791024618 239200 941098
1791024623 331120 1096669
1791024628 445840 1266946
1791024633 597616 1517957
1791024638 724816 1755665
1791024643 856528 1957667
1791024648 995760 2224795
1791024653 1113584 2424338
1791024659 1237888 2618570
1791024664 1331328 2767599
1791024669 1482144 2976571
1791024674 1693392 3286628
1791024679 1816048 3463835
1791024684 1962656 3709665
1791024689 2171296 3986976
1791024694 2310400 4209188
1791024699 2461616 4424507
1791024704 2652304 4669053
1791024709 2764528 4876493
1791024714 2876288 5046453
1791024719 3039760 5322250
1791024724 3061440 5344713
1791024730 3202128 5536406
1791024735 3258784 5670320
1791024740 3366496 5819176
1791024745 3471248 5990839
1791024750 3548464 6188958
1791024755 3657888 6360186
1791024760 3752080 6508189
1791024765 3860432 6662690
1791024770 3972704 6818909
1791024775 4044096 6928813
1791024780 4135024 7108811
1791024785 4206816 7250877
1791024790 4315760 7450863
1791024796 4380112 7532064
1791024801 4436720 7627824
1791024806 4527776 7761935
1791024811 4622128 7926147
1791024816 4717104 8068176
1791024821 4804448 8210187
1791024826 4939648 8386534
1791024831 5035920 8543016
1791024836 5150224 8683099
1791024841 5236624 8808892
1791024846 5284976 8905199
1791024851 5385280 9031706
1791024856 5466848 9193037
1791024861 5623168 9431543
1791024866 5778832 9684982
1791024871 5964800 9965229
1791024877 6148736 10225017
1791024882 6265680 10423934
1791024887 6365312 10608934
1791024892 6467424 10758647
1791024897 6627808 11010376
1791024902 6793840 11285792
1791024907 6929216 11487199
1791024912 7053248 11687840
1791024917 7205168 11910317
1791024922 7352928 12140475
1791024927 7525280 12383902
1791024932 7659680 12583031
1791024937 7773600 12786237
1791024942 7908928 13002531
1791024947 8037808 13225604
1791024953 8211664 13441114
1791024958 8359168 13684200
1791024963 8472304 13878812
1791024968 8644928 14144992
1791024973 8725584 14249912
1791024978 8883376 14515840
1791024983 9097968 14835393
1791024988 9286912 15192547
1791024993 9463072 15522595
1791024998 9653568 15789505
1791025003 9853376 16140599
1791025009 10043920 16407875
1791025014 10245744 16718683
1791025019 10425744 17055819
1791025024 10620304 17313846
1791025029 10821520 17595204
1791025034 11060928 17914724
1791025039 11234640 18190770
1791025044 11449600 18518421
1791025049 11613728 18762805
1791025054 11810592 19024241
1791025059 11938928 19274043
1791025065 12088432 19489613
1791025070 12262144 19787570
1791025075 12486368 20124066
1791025080 12654240 20397633
1791025085 12844720 20679377
1791025090 13101280 21051583
1791025095 13312736 21379735
1791025100 13437888 21512969
1791025105 13756288 21950479
1791025110 13970160 22395112
1791025116 14226768 22808687
1791025121 14451952 23217515
1791025126 14758176 23707770
1791025131 15025024 24133580
1791025136 15268480 24465972
1791025141 15511728 24821839
1791025147 15802304 25215341
1791025152 15974848 25462169
1791025157 16261328 25869629
1791025162 16515392 26264569
1791025167 16774384 26663608
1791025172 16983648 26985012
1791025177 17187568 27334414
1791025182 17403664 27645834
1791025187 17608064 27958321
1791025192 17843392 28306612
1791025197 18148720 28763563
1791025203 18330224 29096427
1791025208 18539760 29444211
1791025213 18755104 29821627
1791025218 18983440 30230421
1791025223 19019360 30290026
1791025228 19242720 30689819
1791025233 19566400 31187805
1791025239 19844752 31676598
1791025244 20076768 32054519
1791025249 20349504 32506593
1791025254 20582512 32916660
1791025259 20861392 33338609
1791025264 21163488 33761662
1791025269 21477632 34199071
1791025275 21718672 34558507
1791025280 22018768 35003699
1791025285 22293248 35389773
1791025290 22577616 35857392
1791025295 22857104 36333646
1791025300 23102848 36727517
1791025306 23460064 37262478
1791025311 23772592 37770204
1791025316 24062848 38228805
1791025321 24309328 38723767
1791025326 24585840 39200628
1791025332 24923040 39748649
1791025337 25189248 40176889
1791025342 25540224 40681345
1791025347 25735856 40978646
1791025352 25757424 41007826
1791025357 25957360 41431263
1791025363 26288976 41913326
1791025368 26669376 42497485
1791025373 26941904 42987629
1791025378 27168480 43433343
1791025384 27541456 44033917
1791025389 27916000 44583249
1791025394 28268384 45120442
1791025400 28671072 45692901
1791025405 28936880 46225153
1791025410 29253632 46710665
1791025416 29565744 47274613
1791025421 29913296 47802470
1791025426 30286160 48436279
1791025431 30575328 48983051
1791025437 30871920 49551973
1791025442 31124480 50119056
1791025448 31438160 50686656
1791025453 31717792 51237610
1791025458 32017632 51808317
1791025464 32282656 52367287
1791025469 32555200 52932566
1791025474 32798912 53430217
1791025479 32813248 53452917
1791025484 32982864 53778244
1791025490 33304944 54402658
1791025495 33657632 55052940
1791025500 33948976 55616934
1791025506 34268816 56212948
1791025511 34536704 56730744
1791025516 34757632 57305536
1791025522 34941600 57825239
1791025527 35217360 58389722
1791025533 35469680 58939482
1791025538 35787040 59526702
1791025544 36071904 60085062
1791025549 36411648 60650701
1791025554 36735984 61190670
1791025559 37061456 61769995
1791025565 37362432 62320713
1791025570 37713840 62889005
1791025576 38002688 63436064
1791025581 38310032 64007681
1791025586 38642320 64574153
1791025592 39003040 65124445
1791025597 39297648 65696961
1791025602 39625008 66261908
1791025607 39914032 66819597
1791025613 40220112 67377196
1791025618 40394352 67711039
1791025623 40394352 67711039
1791025628 40394352 67711039
