1791028404 0 0
1791028409 0 0
1791028414 0 0
1791028419 0 0
1791028424 0 0
1791028429 0 0
1791028434 0 0
1791028439 0 0
1791028444 0 0
1791028449 0 0
1791028454 0 0
1791028459 0 0
1791028464 0 0
1791028469 0 0
1791028474 0 0
1791028479 0 7261
1791028484 6912 221606
1791028490 56160 459520
1791028495 98032 622412
1791028500 183232 861007
1791028505 232416 1037701
1791028510 338416 1272817
1791028515 439936 1466031
1791028520 575392 1696329
1791028525 662752 1920165
1791028530 748048 2157513
1791028535 869936 2446803
1791028540 1005744 2685919
1791028546 1084672 2887031
1791028551 1170336 3107761
1791028556 1225920 3239594
1791028561 1405936 3577138
1791028566 1546784 3866875
1791028571 1661680 4119676
1791028576 1751200 4312692
1791028581 1884144 4520879
1791028586 1996640 4728307
1791028591 2074016 4935102
1791028596 2231792 5202453
1791028601 2289504 5344713
1791028607 2346800 5410399
1791028612 2423040 5573803
1791028617 2517680 5722408
1791028622 2574000 5870435
1791028627 2608528 5945053
1791028632 2673136 6072088
1791028637 2745824 6220463
1791028642 2803872 6360449
1791028647 2868304 6516209
1791028652 2972208 6723928
1791028657 3029216 6847929
1791028662 3108272 6981901
1791028667 3173648 7168380
1791028673 3275024 7331431
1791028678 3360256 7545879
1791028683 3403584 7672779
1791028688 3502736 7858763
1791028693 3531248 7948708
1791028698 3607056 8119602
1791028703 3653456 8202061
1791028708 3766048 8357035
1791028713 3780240 8445296
1791028718 3897024 8638900
1791028723 3982048 8867324
1791028728 3989232 8905199
1791028733 4060848 9141762
1791028739 4181552 9379458
1791028744 4274736 9565001
1791028749 4381424 9839554
1791028754 4459424 10039424
1791028759 4570144 10252869
1791028764 4653456 10452373
1791028769 4759072 10698575
1791028774 4849744 10937130
1791028779 4946704 11129743
1791028784 5090512 11374958
1791028789 5147680 11583528
1791028795 5290384 11791584
1791028800 5398000 12035180
1791028805 5512544 12236869
1791028810 5612016 12450667
1791028815 5743648 12733669
1791028820 5858944 12951151
1791028825 5950032 13165571
1791028830 6079152 13426039
1791028835 6222464 13685792
1791028840 6317552 13900060
1791028845 6412592 14070844
1791028850 6509568 14249912
1791028856 6559264 14360829
1791028861 6651664 14597597
1791028866 6831024 14932899
1791028871 6944416 15265518
1791028876 7115168 15567889
1791028881 7271504 15894737
1791028886 7413968 16229669
1791028891 7549856 16578676
1791028896 7684304 16831967
1791028902 7798368 17098972
1791028907 7892048 17352450
1791028912 8083888 17706502
1791028917 8184080 17950113
1791028922 8366528 18303611
1791028927 8524944 18584837
1791028932 8700576 18925658
1791028937 8852880 19259629
1791028942 8960560 19542148
1791028948 9075520 19817515
1791028953 9206288 20079537
1791028958 9347200 20353442
1791028963 9489696 20671891
1791028968 9674304 21037017
1791028973 9786176 21372348
1791028978 9793312 21401310
1791028983 10003696 21802142
1791028989 10136720 22202520
1791028994 10303488 22588262
1791028999 10430528 22972093
1791029005 10568304 23344297
1791029010 10759728 23745191
1791029015 10919792 24072078
1791029020 11096544 24473967
1791029025 11281616 24858490
1791029030 11432000 25185261
1791029035 11645280 25611009
1791029041 11861680 26071169
1791029046 11990480 26426378
1791029051 12147472 26797951
1791029056 12334448 27238231
1791029061 12490128 27653308
1791029067 12724000 28047901
1791029072 12889120 28404910
1791029077 13042752 28755635
1791029082 13162672 29097050
1791029087 13310112 29496708
1791029093 13444480 29882167
1791029098 13590592 30253189
1791029103 13590592 30290026
1791029108 13848672 30860321
1791029113 14059488 31313114
1791029119 14213200 31843955
1791029124 14435296 32292374
1791029129 14670480 32834487
1791029135 14902288 33340198
1791029140 15063232 33850119
1791029146 15264000 34305161
1791029151 15508272 34848058
1791029157 15725232 35345210
1791029162 15891888 35858809
1791029168 16071088 36362762
1791029173 16290128 36853053
1791029179 16512784 37367520
1791029185 16658688 37791535
1791029190 16820768 38221232
1791029195 16976384 38554226
1791029200 17122112 38998296
1791029206 17355728 39533902
1791029211 17540112 40051358
1791029217 17704128 40437621
1791029222 17882608 40866410
1791029227 17932816 40978646
1791029232 18083264 41356208
1791029238 18314320 41905696
1791029243 18540928 42445404
1791029249 18761952 42957331
1791029254 18949616 43478051
1791029260 19184160 43992117
1791029265 19337120 44435296
1791029271 19535536 44942447
1791029276 19728720 45425688
1791029281 19924400 45958591
1791029287 20075264 46465108
1791029293 20188592 46984708
1791029298 20294544 47490582
1791029304 20453856 47984449
1791029310 20634752 48488519
1791029315 20805040 48990604
1791029321 20985392 49472700
1791029326 21158720 49994282
1791029332 21334176 50520764
1791029337 21529568 51030749
1791029343 21741200 51512171
1791029348 21914720 52024628
1791029354 22105136 52544946
1791029360 22245232 53043972
1791029365 22358304 53438644
1791029370 22358304 53452917
1791029376 22542416 53904012
1791029381 22719888 54440151
1791029387 22898384 55015639
1791029392 23045296 55573682
1791029398 23194064 56116269
1791029404 23299312 56605888
1791029410 23459936 57080288
1791029415 23680304 57565035
1791029421 23872624 58136902
1791029426 24065776 58626657
1791029432 24236544 59133891
1791029438 24408576 59644701
1791029443 24592784 60150056
1791029449 24795216 60673236
1791029454 24930400 61146962
1791029460 25118672 61642966
1791029465 25295728 62140231
1791029471 25434336 62601790
1791029476 25567520 63155612
1791029482 25743792 63629381
1791029487 25892800 64118978
1791029493 26076528 64648173
1791029499 26252768 65168861
1791029504 26436032 65689917
1791029509 26629696 66188469
1791029515 26823488 66707231
1791029520 26970672 67183775
1791029526 27159104 67652493
1791029531 27166272 67711039
1791029536 27166272 67711039
1791029541 27166272 67711039
