1791021978 0 0
1791021983 0 0
1791021988 0 0
1791021993 0 0
1791021998 0 0
1791022003 0 0
1791022008 0 0
1791022013 0 0
1791022018 0 0
1791022023 0 0
1791022028 0 0
1791022033 0 0
1791022038 0 0
1791022043 0 0
1791022048 0 0
1791022053 0 0
1791022058 0 170677
1791022064 28016 369991
1791022069 49392 526510
1791022074 84128 756132
1791022079 127568 964160
1791022084 175872 1118189
1791022089 262864 1377180
1791022094 355200 1606834
1791022099 432944 1875733
1791022104 516048 2068496
1791022109 557696 2216483
1791022114 627792 2387167
1791022119 691872 2604258
1791022124 813856 2849675
1791022129 907184 3167207
1791022134 1014128 3456966
1791022140 1071648 3686081
1791022145 1144240 3949349
1791022150 1227504 4156969
1791022155 1313472 4394125
1791022160 1398480 4646840
1791022165 1468800 4876145
1791022170 1518496 5084126
1791022175 1644976 5344713
1791022180 1652496 5352243
1791022185 1730912 5507789
1791022190 1798128 5714744
1791022195 1847872 5833789
1791022200 1905392 5975622
1791022205 1962304 6132023
1791022211 2011920 6301703
1791022216 2074336 6479013
1791022221 2166272 6670806
1791022226 2229504 6752133
1791022231 2286416 6899938
1791022236 2321744 6974032
1791022241 2350352 7145419
1791022246 2424208 7280614
1791022251 2488768 7435597
1791022256 2545792 7620692
1791022261 2617472 7783598
1791022266 2668128 7933398
1791022271 2732240 8089518
1791022276 2818144 8260405
1791022281 2889152 8423741
1791022287 2968576 8631801
1791022292 3032096 8750060
1791022297 3067056 8838190
1791022302 3088352 8905199
1791022307 3153792 9060249
1791022312 3227136 9326857
1791022317 3298464 9565204
1791022322 3369776 9782046
1791022327 3455328 10016643
1791022332 3548656 10312524
1791022337 3635136 10528178
1791022342 3698832 10772655
1791022347 3778096 10944751
1791022352 3897472 11232914
1791022358 3974816 11426960
1791022363 4044480 11650705
1791022368 4136400 11887542
1791022373 4228080 12102165
1791022378 4315328 12274398
1791022383 4358896 12458889
1791022388 4416016 12658166
1791022393 4458800 12853995
1791022398 4557424 13106746
1791022403 4664272 13425711
1791022408 4686352 13611473
1791022413 4792944 13818479
1791022418 4847344 13959323
1791022423 4917776 14174603
1791022429 4932208 14249912
1791022434 5016992 14531360
1791022439 5095104 14820648
1791022444 5159248 15132609
1791022449 5293136 15443150
1791022454 5428352 15724686
1791022459 5542464 16005713
1791022464 5629024 16289204
1791022469 5721616 16562624
1791022474 5814960 16838951
1791022479 5936656 17158199
1791022485 6014608 17417679
1791022490 6107344 17691491
1791022495 6215536 18017398
1791022500 6307776 18288080
1791022505 6466144 18681917
1791022510 6602928 18956256
1791022515 6709744 19207259
1791022520 6794608 19512351
1791022525 6916896 19861740
1791022530 7019168 20169090
1791022535 7115312 20465131
1791022540 7194368 20753815
1791022546 7338736 21098195
1791022551 7431808 21379735
1791022556 7527040 21535085
1791022561 7657792 21845937
1791022566 7747744 22196111
1791022571 7925392 22623248
1791022576 8025664 22987762
1791022581 8125904 23360143
1791022587 8167952 23677430
1791022592 8266528 24050048
1791022597 8384320 24435448
1791022602 8541536 24777260
1791022607 8720176 25193833
1791022612 8870400 25573785
1791022617 9033472 25959191
1791022623 9138832 26329564
1791022628 9257984 26685814
1791022633 9357872 27045411
1791022638 9509296 27505148
1791022643 9666064 27890962
1791022648 9824624 28308178
1791022653 9980976 28733664
1791022659 10095056 29043402
1791022664 10293360 29465862
1791022669 10429744 29859596
1791022674 10621280 30290026
1791022679 10642528 30341248
1791022684 10812720 30793668
1791022690 11018208 31247184
1791022695 11218544 31764248
1791022700 11465088 32239747
1791022705 11636944 32655522
1791022710 11831776 33087622
1791022715 12016800 33465814
1791022721 12246128 33969738
1791022726 12468288 34461495
1791022731 12667520 34870812
1791022736 12831520 35292731
1791022742 13063440 35812922
1791022747 13276848 36260347
1791022752 13432416 36637670
1791022757 13575200 37114412
1791022762 13828448 37650124
1791022768 14013440 38131421
1791022773 14220864 38524185
1791022778 14362464 38985021
1791022783 14675808 39533989
1791022788 14906000 39962637
1791022793 15142512 40511746
1791022799 15374848 40978646
1791022804 15417888 41074745
1791022809 15682240 41735900
1791022814 16053984 42357173
1791022820 16310816 42905680
1791022825 16603792 43449647
1791022831 16836832 43960672
1791022836 17071680 44383035
1791022841 17340080 44917677
1791022846 17549760 45394987
1791022851 17893920 46039809
1791022857 18152480 46538924
1791022862 18416976 47140882
1791022868 18743504 47750437
1791022873 19057024 48340159
1791022879 19298176 48864381
1791022884 19605504 49406461
1791022889 19944832 49963476
1791022894 20293728 50563500
1791022900 20531664 51023643
1791022905 20754000 51540471
1791022910 21051408 52129782
1791022916 21390544 52746409
1791022921 21666784 53251821
1791022927 21773648 53452917
1791022932 21967200 53807959
1791022937 22248464 54366598
1791022942 22515072 54941627
1791022947 22833552 55625818
1791022953 23120928 56160830
1791022958 23418976 56686510
1791022963 23780400 57245367
1791022969 24133056 57774487
1791022974 24403072 58358991
1791022980 24623920 58908483
1791022986 24843248 59466634
1791022991 25101888 60032291
1791022997 25335856 60574934
1791023002 25597776 61133040
1791023007 25820592 61672381
1791023013 26034432 62228664
1791023018 26262048 62761490
1791023023 26483088 63318637
1791023029 26649280 63851263
1791023034 26850064 64395038
1791023039 27093584 64922995
1791023044 27291184 65435488
1791023050 27536384 65972682
1791023055 27772544 66552689
1791023061 27942800 67102242
1791023066 28097488 67622110
1791023071 28155616 67711039
1791023076 28155616 67711039
1791023081 28155616 67711039
