1791020752 0 0
1791020757 0 0
1791020762 0 0
1791020767 0 0
1791020772 0 0
1791020777 0 0
1791020782 0 0
1791020787 0 0
1791020792 0 0
1791020797 0 0
1791020802 0 0
1791020808 0 0
1791020813 0 0
1791020818 0 0
1791020823 0 0
1791020828 13808 140354
1791020833 69904 407044
1791020838 119280 601082
1791020843 203776 793307
1791020848 273824 1022452
1791020853 417600 1223198
1791020858 576400 1458831
1791020863 662736 1651609
1791020868 827952 1935817
1791020873 930544 2135122
1791020878 1074464 2357378
1791020883 1191024 2536908
1791020889 1365328 2819747
1791020894 1494208 2998259
1791020899 1679904 3264227
1791020904 1853616 3486452
1791020909 1970000 3671949
1791020914 2139024 3933335
1791020919 2267856 4119241
1791020924 2466032 4386914
1791020929 2685360 4676638
1791020934 2830176 4920558
1791020939 2964736 5150237
1791020944 3044768 5299520
1791020949 3081264 5344713
1791020954 3173056 5485797
1791020960 3248000 5647931
1791020965 3330912 5759704
1791020970 3423776 5915314
1791020975 3528000 6086735
1791020980 3644656 6250241
1791020985 3730400 6397432
1791020990 3891072 6626810
1791020995 3975856 6773925
1791021000 4054704 6907547
1791021005 4138528 7034229
1791021010 4243840 7213209
1791021015 4315760 7347108
1791021020 4395424 7458060
1791021025 4473648 7620742
1791021030 4582704 7770249
1791021035 4669216 7926310
1791021041 4727248 8037340
1791021046 4815152 8171925
1791021051 4901440 8282844
1791021056 5008784 8452889
1791021061 5096032 8572710
1791021066 5207424 8749859
1791021071 5301264 8905199
1791021076 5365152 9001370
1791021081 5521904 9260396
1791021086 5623456 9424513
1791021091 5717696 9603015
1791021096 5836336 9815952
1791021101 5952640 9994191
1791021106 6159984 10319270
1791021111 6342992 10616726
1791021117 6475072 10847352
1791021122 6616064 11055124
1791021127 6760976 11278529
1791021132 6896368 11516280
1791021137 7057520 11746291
1791021142 7173680 11947732
1791021147 7343824 12162377
1791021152 7476688 12369044
1791021157 7627488 12591479
1791021162 7776544 12831727
1791021167 7928560 13024377
1791021172 8138160 13329875
1791021177 8337776 13573568
1791021182 8442048 13766686
1791021188 8580464 13981574
1791021193 8680512 14174846
1791021198 8739056 14249912
1791021203 8875344 14450023
1791021208 9078992 14798487
1791021213 9235328 15066653
1791021218 9420704 15317181
1791021223 9622416 15642655
1791021228 9840448 16020824
1791021233 9988496 16281650
1791021238 10117072 16533335
1791021243 10289056 16845589
1791021248 10462768 17114011
1791021254 10689232 17423293
1791021259 10906976 17751210
1791021264 11058336 18027936
1791021269 11249312 18309681
1791021274 11529632 18659628
1791021279 11801248 18993563
1791021284 11994208 19267604
1791021289 12107312 19520083
1791021294 12311488 19854123
1791021299 12519744 20137585
1791021304 12679392 20383079
1791021309 12894064 20708892
1791021315 13163376 21112734
1791021320 13371216 21379735
1791021325 13417328 21445907
1791021330 13741008 21846482
1791021335 13973936 22292175
1791021340 14246400 22719235
1791021345 14544352 23165907
1791021350 14702672 23478837
1791021356 14926608 23885782
1791021361 15159168 24215679
1791021366 15389728 24524750
1791021371 15594080 24858288
1791021376 15863664 25201189
1791021381 16129632 25639961
1791021386 16463696 26063676
1791021391 16725568 26501488
1791021397 16971072 26961425
1791021402 17207872 27327808
1791021407 17472304 27749889
1791021412 17726240 28076955
1791021417 17885616 28354249
1791021422 18157648 28688705
1791021427 18421856 29124687
1791021432 18648928 29481216
1791021437 18851968 29837326
1791021443 19110304 30200447
1791021448 19168336 30290026
1791021453 19330848 30498348
1791021458 19579600 30935995
1791021463 19874288 31372183
1791021468 20203440 31845937
1791021473 20528944 32351253
1791021479 20780256 32796899
1791021484 21025760 33221414
1791021489 21291744 33635585
1791021494 21534928 33984650
1791021499 21845120 34446890
1791021504 22212768 34980864
1791021509 22480496 35410660
1791021515 22734336 35864560
1791021520 22999184 36267088
1791021525 23287360 36689445
1791021530 23619200 37144058
1791021535 23987760 37680952
1791021540 24195920 38050245
1791021545 24553872 38598905
1791021551 24873120 39110433
1791021556 25174208 39558059
1791021561 25560512 40142615
1791021566 25825360 40600261
1791021572 26004928 40978646
1791021577 26068736 41059636
1791021582 26365296 41660382
1791021587 26664464 42172893
1791021592 26961776 42681879
1791021598 27266736 43261827
1791021603 27599088 43826735
1791021608 27988912 44426810
1791021614 28324160 44980052
1791021619 28691584 45521946
1791021624 29026000 46077634
1791021630 29369088 46621518
1791021635 29659712 47141506
1791021640 30025488 47735892
1791021645 30441680 48339809
1791021651 30725936 48850999
1791021656 31069648 49435638
1791021661 31367936 49991861
1791021666 31665632 50467371
1791021672 32016672 51023522
1791021677 32351248 51592364
1791021682 32708608 52121856
1791021688 32946896 52575806
1791021693 33276272 53170031
1791021698 33450304 53452917
1791021703 33576992 53630357
1791021708 33930368 54240196
1791021714 34280880 54795428
1791021719 34634368 55424354
1791021724 34921808 55988940
1791021730 35239616 56583274
1791021735 35584608 57125323
1791021740 35785760 57676250
1791021746 35978720 58232974
1791021751 36190240 58759510
1791021756 36438240 59326057
1791021762 36678496 59890612
1791021767 36947040 60447287
1791021772 37209216 60992898
1791021777 37476048 61560706
1791021783 37750256 62126537
1791021788 38029040 62675748
1791021793 38296336 63214270
1791021799 38564096 63770204
1791021804 38905440 64350607
1791021809 39245904 64915837
1791021815 39569184 65510068
1791021820 39839024 66025283
1791021825 40186832 66595962
1791021831 40490288 67160730
1791021836 40699808 67659886
1791021842 40728128 67711039
1791021847 40728128 67711039
1791021852 40728128 67711039
