1791025772 0 0
1791025777 0 0
1791025782 0 0
1791025787 0 0
1791025792 0 0
1791025797 0 0
1791025802 0 0
1791025807 0 0
1791025812 0 0
1791025817 0 0
1791025822 0 0
1791025827 0 0
1791025832 0 0
1791025837 0 0
1791025842 0 0
1791025847 0 66172
1791025852 6912 236565
1791025857 21296 436751
1791025862 49296 593442
1791025868 92208 786703
1791025873 176800 1038298
1791025878 255840 1238743
1791025883 326912 1445760
1791025888 442640 1727340
1791025893 492448 1927647
1791025898 549680 2164345
1791025903 635648 2432619
1791025908 671680 2648720
1791025913 755936 2930189
1791025918 827424 3146809
1791025923 897984 3337953
1791025929 964848 3537327
1791025934 1059200 3737687
1791025939 1210928 3993057
1791025944 1323568 4171964
1791025949 1430240 4402160
1791025954 1502960 4655251
1791025959 1581536 4942683
1791025964 1675584 5210046
1791025969 1696624 5344713
1791025974 1717984 5418237
1791025979 1825552 5669958
1791025984 1868496 5744604
1791025989 1910592 5907832
1791025994 1952416 6071745
1791026000 1980752 6227309
1791026005 2058160 6419752
1791026010 2144704 6575109
1791026015 2214480 6708149
1791026020 2257408 6878300
1791026025 2306640 6944623
1791026030 2383312 7086267
1791026035 2435072 7182930
1791026040 2486432 7295052
1791026045 2543120 7421098
1791026050 2607744 7636084
1791026055 2671200 7761576
1791026060 2693168 7926011
1791026065 2752176 8045593
1791026070 2800960 8201504
1791026076 2891408 8364705
1791026081 2961072 8563036
1791026086 3024368 8749633
1791026091 3085008 8897275
1791026096 3099760 8934379
1791026101 3227728 9150269
1791026106 3290880 9371603
1791026111 3379552 9588024
1791026116 3472704 9818733
1791026121 3551008 10016617
1791026126 3630688 10290159
1791026131 3715984 10557353
1791026136 3794512 10744019
1791026141 3834816 10929242
1791026147 3920208 11195684
1791026152 4004976 11419035
1791026157 4111776 11702106
1791026162 4189264 11910006
1791026167 4253984 12079400
1791026172 4298224 12280221
1791026177 4346960 12502641
1791026182 4439792 12719637
1791026187 4527632 12898411
1791026192 4613968 13121443
1791026197 4712384 13373966
1791026202 4813200 13656568
1791026207 4869216 13870977
1791026212 4939472 14129553
1791026218 4975232 14249912
1791026223 5068400 14428025
1791026228 5125456 14709137
1791026233 5238784 14999822
1791026238 5322912 15324592
1791026243 5422320 15583186
1791026248 5536272 15835500
1791026253 5607216 16110553
1791026258 5713616 16437199
1791026263 5826928 16748819
1791026268 5904016 17077679
1791026274 5981504 17447821
1791026279 6058048 17699628
1791026284 6167776 17995528
1791026289 6268176 18332512
1791026294 6410400 18681895
1791026299 6511248 18977601
1791026304 6576064 19223137
1791026310 6676752 19549766
1791026315 6783536 19846047
1791026320 6869888 20161029
1791026325 6955776 20442013
1791026330 7069664 20738257
1791026335 7189888 21044480
1791026340 7289328 21364776
1791026345 7304080 21401766
1791026350 7441024 21794598
1791026355 7523904 22136464
1791026361 7650864 22461376
1791026366 7820864 22823463
1791026371 7962656 23224431
1791026376 8058944 23597267
1791026381 8227312 24027374
1791026386 8304320 24316804
1791026391 8438640 24651420
1791026396 8588880 25089171
1791026402 8759296 25543470
1791026407 8887328 25922708
1791026412 9014736 26247679
1791026417 9185792 26679254
1791026422 9265280 26978527
1791026427 9460160 27401880
1791026432 9658624 27846494
1791026437 9765488 28180031
1791026443 9932016 28546250
1791026448 10014160 28939633
1791026453 10242176 29392063
1791026458 10427984 29836768
1791026463 10542576 30186054
1791026468 10571520 30290026
1791026474 10715184 30689655
1791026479 10915008 31159015
1791026484 11079104 31549578
1791026489 11229888 32001601
1791026495 11420096 32425646
1791026500 11675952 32968974
1791026505 11925856 33442345
1791026510 12091952 33894392
1791026515 12292928 34327585
1791026520 12530560 34833074
1791026526 12701520 35247871
1791026531 12920464 35730483
1791026536 13128768 36146931
1791026541 13327888 36645620
1791026547 13506992 37101544
1791026552 13667472 37515740
1791026557 13766512 37887023
1791026562 14016784 38457279
1791026567 14280944 38970611
1791026573 14522048 39510354
1791026578 14744816 39948323
1791026583 14906704 40346665
1791026588 15147840 40836625
1791026594 15240512 40978646
1791026599 15427600 41400834
1791026604 15643424 41921133
1791026609 16013088 42526013
1791026614 16318224 43113710
1791026620 16595888 43656471
1791026625 16953376 44221367
1791026630 17281952 44756035
1791026635 17609872 45327967
1791026641 17951664 45857070
1791026646 18251120 46358760
1791026652 18557920 46999891
1791026657 18902544 47549810
1791026662 19224368 48107022
1791026668 19524976 48651846
1791026673 19813184 49185712
1791026678 20142208 49785538
1791026684 20449504 50305070
1791026689 20739296 50852846
1791026694 21062208 51379796
1791026700 21401040 51964822
1791026705 21686672 52536984
1791026710 21968512 53088482
1791026716 22168160 53452917
1791026721 22232448 53586413
1791026726 22621424 54299737
1791026731 22911936 54867571
1791026737 23254720 55484290
1791026742 23499712 55960953
1791026748 23816464 56539408
1791026753 24110080 57079766
1791026759 24293712 57617992
1791026764 24536752 58195371
1791026769 24761712 58722705
1791026775 24988704 59260043
1791026780 25222896 59793199
1791026785 25503472 60368104
1791026791 25749536 60901918
1791026796 25964608 61389200
1791026801 26190608 61923231
1791026807 26391440 62473937
1791026812 26627616 62991804
1791026817 26812112 63562248
1791026823 27061664 64105788
1791026828 27294192 64670956
1791026833 27523056 65205989
1791026839 27749856 65704149
1791026844 27935168 66226167
1791026849 28135552 66790575
1791026855 28416720 67348584
1791026860 28583952 67703747
1791026865 28591232 67711039
1791026870 28591232 67711039
1791026875 28591232 67711039
