1791023204 0 0
1791023209 0 0
1791023214 0 0
1791023219 0 0
1791023224 0 0
1791023229 0 0
1791023235 0 0
1791023240 0 0
1791023245 0 0
1791023250 0 0
1791023255 0 0
1791023260 0 0
1791023265 0 0
1791023270 0 0
1791023275 0 0
1791023280 0 58834
1791023285 41808 429379
1791023290 105488 667601
1791023295 197040 911855
1791023300 325600 1132691
1791023305 420464 1347038
1791023310 499856 1532756
1791023315 587472 1778534
1791023320 675536 1987086
1791023325 732416 2180493
1791023331 795248 2394803
1791023336 887184 2640377
1791023341 986800 2849468
1791023346 1064048 3041595
1791023351 1160608 3263410
1791023356 1282096 3486041
1791023361 1368064 3685891
1791023366 1452224 3918908
1791023371 1538112 4163950
1791023376 1665104 4394084
1791023381 1736752 4572611
1791023386 1821696 4764851
1791023391 1892864 4957798
1791023396 2021072 5202359
1791023401 2107488 5344713
1791023406 2171744 5470433
1791023411 2245024 5625637
1791023417 2296064 5781107
1791023422 2338496 5900265
1791023427 2410496 6079188
1791023432 2477568 6221405
1791023437 2534688 6390018
1791023442 2571040 6494014
1791023447 2636000 6641836
1791023452 2678896 6788748
1791023457 2741776 6914301
1791023462 2791280 7130145
1791023467 2812576 7249946
1791023472 2876800 7435818
1791023477 2933184 7545936
1791023482 3010992 7739700
1791023487 3105376 7911647
1791023492 3207872 8104996
1791023497 3265504 8245542
1791023502 3309088 8363760
1791023508 3360480 8497924
1791023513 3433760 8653995
1791023518 3489936 8757008
1791023523 3525024 8874692
1791023528 3532208 8912348
1791023533 3642032 9223240
1791023538 3737344 9460933
1791023543 3834304 9663093
1791023548 3911296 9862079
1791023553 4040400 10150796
1791023558 4141488 10438410
1791023563 4190480 10623916
1791023568 4232880 10832370
1791023573 4317664 11091872
1791023579 4422736 11337957
1791023584 4515472 11597872
1791023589 4585664 11768494
1791023595 4687360 12057102
1791023600 4830960 12399273
1791023607 4938480 12682679
1791023612 5033104 12846736
1791023617 5132544 13032368
1791023623 5225952 13269938
1791023628 5326144 13462560
1791023633 5454832 13671261
1791023638 5542208 13877383
1791023643 5637072 14092878
1791023648 5710240 14249912
1791023653 5745744 14308662
1791023658 5899472 14568353
1791023664 6020640 14917244
1791023670 6100912 15214578
1791023675 6230352 15538248
1791023680 6377120 15864150
1791023685 6463488 16095747
1791023690 6564048 16348643
1791023695 6628064 16615276
1791023700 6799072 17017346
1791023707 6928128 17320988
1791023712 7087232 17640744
1791023717 7210896 17907328
1791023722 7359872 18248425
1791023727 7523760 18599505
1791023732 7649696 18903975
1791023737 7757632 19156814
1791023742 7930176 19593731
1791023748 8099968 19981929
1791023754 8215600 20271625
1791023759 8337040 20560418
1791023764 8467232 20843195
1791023769 8600400 21201008
1791023774 8686256 21379735
1791023779 8826432 21580091
1791023784 9029616 21935448
1791023789 9160272 22277894
1791023795 9303584 22667343
1791023800 9454032 23001928
1791023805 9569376 23344973
1791023810 9699488 23737733
1791023815 9859056 24103060
1791023820 10031680 24503266
1791023825 10132240 24821623
1791023830 10290208 25231359
1791023835 10441312 25611143
1791023840 10598384 26010691
1791023846 10740672 26344603
1791023851 10897584 26762138
1791023856 11123760 27260451
1791023861 11272352 27609806
1791023866 11430384 27943274
1791023871 11596528 28300315
1791023876 11747584 28666548
1791023881 11853920 29043102
1791023886 11982496 29406914
1791023891 12177040 29859097
1791023896 12294144 30231272
1791023901 12315632 30290026
1791023906 12480608 30786705
1791023912 12667904 31254835
1791023917 12897136 31780773
1791023922 13069952 32261744
1791023927 13193696 32663081
1791023932 13322400 33057282
1791023937 13450064 33474055
1791023942 13590720 33909484
1791023947 13761968 34335878
1791023953 13985296 34752195
1791023958 14129680 35128666
1791023963 14371808 35589304
1791023968 14612160 36080579
1791023973 14849104 36542342
1791023978 15011088 36957245
1791023983 15212992 37337626
1791023989 15330528 37768910
1791023994 15477712 38271547
1791023999 15670272 38776423
1791024004 15844832 39281998
1791024009 16015200 39859856
1791024015 16199744 40340920
1791024020 16392928 40844094
1791024025 16449200 40978646
1791024030 16602352 41296934
1791024035 16760240 41854695
1791024040 17017008 42416459
1791024046 17188784 43024626
1791024052 17357904 43501029
1791024057 17551408 44066560
1791024063 17685024 44479048
1791024068 17912960 45046733
1791024073 18193024 45588677
1791024078 18481744 46269968
1791024083 18739040 46799357
1791024088 18973968 47304890
1791024094 19157312 47808224
1791024099 19334336 48375594
1791024104 19530688 49049081
1791024109 19656720 49606117
1791024115 19870416 50185191
1791024120 20094000 50763384
1791024126 20315888 51259321
1791024131 20539280 51749728
1791024136 20850240 52329040
1791024141 21068848 52857908
1791024147 21339200 53445498
1791024152 21339200 53452917
1791024159 21339200 53452917
1791024164 21433248 53637576
1791024169 21627472 54261762
1791024174 21834576 54807160
1791024179 22022368 55409943
1791024185 22207104 56034961
1791024190 22399984 56663164
1791024195 22653552 57200203
1791024200 22913168 57795589
1791024205 23158448 58411450
1791024211 23449648 59034323
1791024216 24041296 60442175
1791024229 24275536 61056274
1791024235 24504336 61671803
1791024240 24711040 62280134
1791024245 24875184 62857963
1791024250 25140336 63449622
1791024256 25431936 64081819
1791024261 25694160 64677334
1791024266 25959904 65362387
1791024273 26278640 66195671
1791024280 26558864 66767354
1791024285 26849728 67430196
1791024292 26996624 67703502
1791024297 27004160 67711039
1791024302 27004160 67711039
1791024307 27004160 67711039
1791024312 27004160 67711039
1791024317 27004160 67711039
1791024322 27004160 67711039
1791024328 27004160 67711039
1791024333 27004160 67711039
1791024338 27004160 67711039
1791024343 27004160 67711039
1791024348 27004160 67711039
1791024353 27004160 67711039
