1791027008 0 0
1791027013 0 0
1791027018 0 0
1791027024 0 0
1791027029 0 0
1791027034 0 0
1791027039 0 0
1791027044 0 0
1791027049 0 0
1791027054 0 0
1791027059 0 0
1791027064 0 0
1791027069 0 0
1791027074 0 0
1791027079 0 0
1791027084 0 103044
1791027089 27728 251275
1791027094 84224 519065
1791027099 147296 734676
1791027104 273376 994010
1791027109 408160 1215507
1791027114 529536 1400575
1791027119 620560 1622614
1791027125 749168 1853195
1791027130 836352 1994519
1791027135 956976 2202060
1791027140 1057200 2410649
1791027145 1120672 2603669
1791027150 1276288 2811703
1791027155 1391328 3056820
1791027160 1513616 3242481
1791027165 1622448 3441647
1791027170 1763216 3655267
1791027175 1909872 3874521
1791027180 2067712 4141925
1791027185 2174928 4349715
1791027190 2374496 4616857
1791027195 2501952 4876175
1791027200 2717008 5217553
1791027206 2804016 5344713
1791027211 2854848 5425480
1791027216 2967520 5632971
1791027221 3068912 5819513
1791027226 3172144 6049938
1791027231 3265600 6234224
1791027236 3322016 6344500
1791027241 3393888 6484545
1791027246 3458656 6588205
1791027251 3560928 6736249
1791027256 3682576 6951371
1791027261 3753872 7101014
1791027266 3847024 7271943
1791027271 3867616 7345962
1791027276 3968096 7495311
1791027281 4033856 7620518
1791027287 4161984 7799580
1791027292 4259600 7985635
1791027297 4316368 8089028
1791027302 4425360 8223202
1791027307 4504688 8357276
1791027312 4593904 8520540
1791027317 4688128 8638790
1791027322 4780992 8779731
1791027327 4844576 8882178
1791027332 4866080 8912348
1791027337 4989216 9068873
1791027342 5134368 9289706
1791027347 5260336 9483043
1791027352 5348976 9692509
1791027357 5499584 9965323
1791027362 5625248 10172785
1791027367 5771168 10401140
1791027373 5886048 10668603
1791027378 5964864 10855907
1791027383 6081552 11077027
1791027388 6213920 11308452
1791027393 6341824 11523729
1791027398 6441504 11664057
1791027403 6518464 11872412
1791027408 6633040 12022899
1791027413 6790656 12310297
1791027418 6949200 12554304
1791027423 7074496 12800981
1791027428 7205504 13032846
1791027433 7415008 13306946
1791027438 7571616 13559113
1791027443 7692864 13788715
1791027448 7838224 14011804
1791027453 7982128 14249912
1791027459 8062608 14375108
1791027464 8273472 14716091
1791027469 8439024 14999422
1791027474 8574576 15288442
1791027479 8750832 15614436
1791027484 8878304 15842148
1791027489 9041568 16154729
1791027494 9204816 16444324
1791027499 9339136 16697820
1791027504 9514000 16957134
1791027509 9665616 17201715
1791027514 9844880 17559292
1791027519 9959712 17780500
1791027524 10147328 18095217
1791027529 10353808 18488432
1791027534 10522320 18800343
1791027540 10709152 19082555
1791027545 10853984 19385520
1791027550 11029184 19697821
1791027555 11254272 20109078
1791027560 11430144 20427673
1791027565 11542320 20694463
1791027570 11743680 20976717
1791027575 11927760 21282288
1791027580 11976960 21379735
1791027585 12196368 21660389
1791027590 12430240 22114380
1791027595 12644144 22529598
1791027601 12840000 22898137
1791027606 13046704 23239513
1791027611 13216496 23611353
1791027616 13374960 23931199
1791027621 13565552 24265819
1791027626 13784096 24636689
1791027631 13998544 25021151
1791027636 14265072 25424815
1791027641 14534816 25840276
1791027646 14775760 26257182
1791027651 15052448 26686144
1791027656 15278816 27060093
1791027661 15459008 27423058
1791027667 15675056 27765228
1791027672 15912704 28173127
1791027677 16059312 28495021
1791027682 16210400 28770132
1791027687 16429920 29199813
1791027692 16669824 29614031
1791027697 16843776 30000763
1791027702 16966352 30290026
1791027707 17009584 30385315
1791027712 17228112 30845902
1791027717 17448032 31321079
1791027723 17727968 31763801
1791027728 17968560 32262104
1791027733 18197152 32714464
1791027738 18419152 33183633
1791027743 18642016 33650751
1791027748 18863840 34097937
1791027753 19086016 34520698
1791027758 19293120 34935919
1791027763 19517072 35367042
1791027768 19771376 35812020
1791027774 20090656 36386115
1791027779 20275360 36785922
1791027784 20533792 37287730
1791027789 20782992 37724889
1791027794 21002800 38167714
1791027799 21280624 38590908
1791027804 21607024 39192764
1791027810 21795840 39616179
1791027815 22057600 40038028
1791027820 22272640 40467476
1791027825 22485584 40903864
1791027830 22514064 40978646
1791027835 22762176 41452731
1791027840 22951152 41898398
1791027845 23147808 42354848
1791027850 23313808 42786998
1791027855 23562624 43358851
1791027861 23800848 43887149
1791027866 24168992 44525053
1791027871 24498304 45179519
1791027876 24762624 45743449
1791027882 25048688 46315329
1791027887 25287584 46842493
1791027892 25536880 47430003
1791027897 25831920 48050046
1791027903 26151168 48630117
1791027908 26425792 49131848
1791027913 26682688 49703401
1791027918 26932720 50194911
1791027923 27166640 50718333
1791027929 27420016 51318013
1791027934 27714768 51876266
1791027939 27965776 52373798
1791027944 28210704 52909924
1791027950 28433488 53348327
1791027955 28484240 53452917
1791027960 28753152 53949330
1791027965 29029200 54660250
1791027970 29298288 55208936
1791027976 29583440 55900426
1791027981 29874960 56538754
1791027987 30169760 57125224
1791027992 30397440 57721255
1791027998 30671232 58313948
1791028004 30906160 58909434
1791028009 31127312 59504852
1791028014 31393168 60091708
1791028020 31631392 60672441
1791028025 31848800 61241983
1791028031 32059104 61828201
1791028036 32318528 62406768
1791028041 32549152 63007774
1791028047 32714480 63577864
1791028052 32960496 64171226
1791028057 33158704 64736914
1791028062 33433360 65331631
1791028068 33690512 65911315
1791028073 33978944 66485896
1791028078 34279888 67056972
1791028083 34547984 67621996
1791028089 34614112 67711039
1791028094 34614112 67711039
1791028099 34614112 67711039
