1791019576 0 0
1791019581 0 0
1791019586 0 0
1791019591 0 0
1791019596 0 0
1791019601 0 0
1791019606 0 0
1791019612 0 0
1791019617 0 0
1791019622 0 0
1791019627 0 0
1791019632 0 0
1791019637 0 0
1791019642 0 0
1791019647 0 0
1791019652 13808 162470
1791019657 105344 437040
1791019662 161232 674668
1791019667 217264 859908
1791019672 317104 1083404
1791019677 453776 1328155
1791019682 519200 1512982
1791019687 623232 1750584
1791019692 716736 1993957
1791019697 767728 2194483
1791019702 803408 2403004
1791019708 924368 2699549
1791019713 989488 2937235
1791019718 1061072 3123952
1791019723 1195856 3456828
1791019728 1265680 3648843
1791019733 1338256 3851552
1791019738 1433536 4052890
1791019743 1482432 4201494
1791019748 1574480 4439274
1791019753 1659984 4705017
1791019758 1780896 4942466
1791019763 1897440 5151015
1791019768 1976496 5322250
1791019773 2012528 5359504
1791019778 2055712 5432647
1791019783 2129456 5633601
1791019788 2173280 5788940
1791019794 2245040 5945429
1791019799 2288240 6079632
1791019804 2331472 6206077
1791019809 2382704 6353818
1791019814 2447056 6478122
1791019819 2475344 6609874
1791019824 2503936 6714133
1791019829 2546960 6862220
1791019834 2611600 7041076
1791019839 2653792 7212603
1791019844 2696048 7353738
1791019849 2738768 7487460
1791019854 2805856 7672598
1791019859 2883280 7814780
1791019864 2983264 7970885
1791019869 3053872 8104011
1791019874 3141888 8304276
1791019879 3221472 8484513
1791019885 3278672 8608924
1791019890 3379056 8808569
1791019895 3414480 8905199
1791019900 3443552 9016320
1791019905 3517360 9238143
1791019910 3582096 9453915
1791019915 3645728 9662417
1791019920 3724160 9913472
1791019925 3809424 10097513
1791019930 3874848 10268455
1791019935 3953568 10482435
1791019940 4002640 10682866
1791019945 4060160 10944460
1791019950 4124032 11143828
1791019955 4223744 11404217
1791019960 4302608 11665513
1791019965 4429264 11917040
1791019971 4573936 12242854
1791019976 4651056 12489181
1791019981 4770528 12697227
1791019986 4849872 12913551
1791019991 4964288 13114163
1791019996 5115520 13328868
1791020001 5253904 13574252
1791020006 5364768 13796001
1791020011 5422272 13959868
1791020016 5515392 14130249
1791020021 5558864 14249912
1791020026 5675008 14538160
1791020031 5746864 14768575
1791020036 5849552 15073174
1791020041 5941104 15384148
1791020047 6054880 15656645
1791020052 6153104 15924213
1791020057 6230832 16236675
1791020062 6352448 16556043
1791020067 6467904 16794421
1791020072 6596896 17091407
1791020077 6683328 17409092
1791020082 6797568 17654900
1791020087 6919520 17966965
1791020092 7049152 18266624
1791020097 7171184 18517826
1791020102 7272288 18792641
1791020107 7435808 19185354
1791020112 7592896 19534102
1791020117 7727616 19834241
1791020122 7884272 20145436
1791020128 8000416 20493352
1791020133 8119184 20709669
1791020138 8276240 21089397
1791020143 8428752 21379735
1791020148 8458032 21438318
1791020153 8637152 21817006
1791020158 8827488 22247578
1791020163 8962048 22624786
1791020168 9155952 23003094
1791020173 9308016 23329492
1791020178 9465104 23656125
1791020183 9581744 23989943
1791020188 9687888 24340943
1791020193 9837616 24717925
1791020198 9995200 25148806
1791020204 10122656 25469922
1791020209 10308736 25915472
1791020214 10526976 26344419
1791020219 10653936 26642131
1791020224 10845536 27014907
1791020229 10989440 27387113
1791020234 11130624 27773328
1791020239 11315328 28204380
1791020244 11450224 28577104
1791020249 11621392 28978989
1791020254 11712912 29325661
1791020259 11883344 29724936
1791020264 11947136 30097335
1791020270 11982256 30290026
1791020275 12031456 30482480
1791020280 12265216 30995986
1791020285 12403648 31402183
1791020290 12531968 31808432
1791020295 12702720 32240131
1791020300 12880880 32811733
1791020305 13087504 33302286
1791020310 13290048 33769265
1791020315 13443232 34156626
1791020321 13677696 34595365
1791020326 13879552 35033661
1791020331 14073408 35552031
1791020336 14284976 36016425
1791020341 14442176 36489206
1791020346 14641040 36964884
1791020351 14791280 37449381
1791020356 14896416 37827675
1791020361 15016816 38205366
1791020366 15195696 38725559
1791020372 15365568 39214822
1791020377 15592960 39712459
1791020382 15761568 40104604
1791020387 15899072 40489572
1791020392 16120320 40978646
1791020397 16155792 41052173
1791020402 16297520 41580660
1791020408 16482928 42113191
1791020413 16674464 42667977
1791020418 16852768 43129176
1791020423 17034032 43604569
1791020428 17214432 44195643
1791020433 17473680 44837408
1791020438 17690832 45321652
1791020444 17878160 45757939
1791020449 18065216 46233504
1791020454 18288224 46694433
1791020459 18549248 47282427
1791020464 18792272 47916311
1791020469 19031968 48450513
1791020475 19270640 48998428
1791020480 19465024 49585173
1791020485 19637968 50179920
1791020490 19859808 50735153
1791020495 20002256 51207410
1791020501 20179664 51719152
1791020506 20497232 52381717
1791020511 20736224 52924139
1791020516 20909584 53386269
1791020521 20931072 53452917
1791020527 21060288 53927187
1791020532 21287936 54550107
1791020537 21593920 55193856
1791020542 21745520 55774293
1791020548 21950864 56390852
1791020553 22184032 57020535
1791020558 22469648 57624174
1791020564 22720896 58269346
1791020569 22964544 58842790
1791020574 23188688 59413995
1791020579 23452944 60021874
1791020584 23650064 60560195
1791020589 23882288 61137082
1791020595 24136208 61738546
1791020600 24351712 62378120
1791020605 24576736 62947366
1791020611 24843392 63607232
1791020616 25105776 64218088
1791020621 25351648 64803761
1791020626 25640112 65399481
1791020631 25932496 66000456
1791020637 26173776 66603168
1791020642 26456384 67182749
1791020647 26655776 67658551
1791020652 26707856 67711039
1791020657 26707856 67711039
1791020662 26707856 67711039
