1791032327 0 0
1791032332 0 0
1791032337 0 0
1791032342 0 0
1791032347 0 0
1791032352 0 0
1791032357 0 0
1791032362 0 0
1791032368 0 0
1791032373 0 0
1791032378 0 0
1791032383 0 0
1791032388 0 0
1791032393 0 0
1791032398 0 0
1791032403 0 96243
1791032408 6912 221812
1791032413 41984 407684
1791032418 132944 734578
1791032424 231088 1059001
1791032429 295040 1250780
1791032435 407808 1539671
1791032441 464752 1793758
1791032446 528352 2016428
1791032451 606352 2223859
1791032457 678608 2394507
1791032462 749920 2626515
1791032467 859392 2893990
1791032472 938720 3100118
1791032477 1075936 3367569
1791032482 1207392 3642961
1791032488 1359488 3911848
1791032493 1423216 4104831
1791032498 1559664 4401379
1791032504 1706720 4705713
1791032509 1807760 4928371
1791032514 1857680 5090920
1791032519 1957696 5269647
1791032524 2008688 5344713
1791032529 2063296 5448136
1791032534 2106992 5633395
1791032540 2143264 5752046
1791032545 2212240 5967129
1791032550 2282576 6146434
1791032555 2303824 6234936
1791032560 2380832 6404051
1791032565 2437232 6530283
1791032570 2568496 6759299
1791032576 2617680 6922105
1791032581 2652720 7086046
1791032586 2702368 7219820
1791032591 2752576 7332320
1791032597 2836992 7502882
1791032602 2865168 7598591
1791032607 2922560 7776653
1791032612 3008368 7955913
1791032617 3082960 8106049
1791032622 3147872 8230917
1791032627 3225952 8364884
1791032632 3276832 8489677
1791032637 3320224 8623772
1791032642 3377520 8764380
1791032647 3426304 8905199
1791032652 3476640 9015439
1791032657 3578192 9290205
1791032663 3643216 9521556
1791032668 3692880 9743691
1791032673 3756032 9913841
1791032678 3824528 10113746
1791032683 3902768 10326783
1791032688 4001728 10556567
1791032693 4103520 10818182
1791032698 4131552 11003608
1791032703 4217104 11225362
1791032708 4288208 11449411
1791032713 4389184 11681334
1791032718 4524624 11924492
1791032723 4595968 12101033
1791032728 4712176 12332263
1791032733 4783952 12562733
1791032738 4869216 12771714
1791032743 4997456 13031893
1791032749 5146288 13306846
1791032754 5239440 13499986
1791032759 5339632 13767228
1791032764 5390480 13944623
1791032769 5483984 14137160
1791032774 5527680 14249912
1791032779 5635744 14464199
1791032784 5723200 14709529
1791032789 5800896 15014492
1791032794 5916688 15354378
1791032799 6051440 15642160
1791032804 6129696 15946860
1791032809 6229424 16236503
1791032814 6322640 16510969
1791032819 6415568 16720111
1791032824 6537968 16986885
1791032830 6715760 17322155
1791032835 6838336 17602883
1791032840 6945840 17883262
1791032845 7068752 18183573
1791032850 7211616 18503049
1791032855 7375904 18822499
1791032860 7462432 19081177
1791032865 7614912 19460074
1791032870 7744384 19735438
1791032875 7909888 20056559
1791032880 8036080 20352956
1791032885 8209616 20723778
1791032890 8412224 21150137
1791032895 8499584 21379735
1791032900 8528960 21423550
1791032905 8749200 21742660
1791032911 8902352 22062078
1791032916 9055536 22483407
1791032921 9218704 22867782
1791032926 9362528 23262966
1791032931 9447200 23603604
1791032936 9603296 23967948
1791032941 9761104 24370565
1791032946 9918624 24681234
1791032951 10074880 25073242
1791032956 10232736 25492297
1791032961 10474560 25952033
1791032966 10605088 26321653
1791032972 10725232 26657041
1791032977 10894528 27037453
1791032982 11062976 27490482
1791032987 11181664 27801952
1791032992 11361536 28157888
1791032997 11499040 28606955
1791033002 11620944 28983600
1791033007 11755664 29346830
1791033012 11934352 29791954
1791033017 12063152 30126261
1791033022 12150096 30290026
1791033027 12237952 30512213
1791033032 12339696 30875285
1791033038 12496624 31357490
1791033043 12679616 31770900
1791033048 12854816 32187744
1791033053 13070880 32647785
1791033058 13295376 33124734
1791033063 13467856 33591266
1791033068 13686816 34072931
1791033073 13851632 34476865
1791033078 14068160 34893615
1791033083 14257040 35351575
1791033088 14464160 35864888
1791033094 14620896 36237672
1791033099 14775216 36704210
1791033104 14982880 37143518
1791033109 15163152 37664880
1791033114 15284800 38079680
1791033119 15441312 38487010
1791033124 15612464 38955474
1791033129 15773456 39436670
1791033134 15958544 39926559
1791033139 16142688 40392957
1791033145 16348944 40971254
1791033150 16370288 41015165
1791033155 16574912 41601211
1791033160 16733072 42148256
1791033165 16985024 42682614
1791033170 17200400 43210063
1791033175 17441536 43850418
1791033181 17755984 44444119
1791033186 17912192 44837606
1791033191 18119840 45365881
1791033196 18348976 45847606
1791033201 18542160 46337690
1791033207 18727040 46926412
1791033212 18931120 47452975
1791033217 19173888 47929573
1791033222 19281376 48553972
1791033227 19501696 49115210
1791033232 19746464 49704177
1791033238 19948528 50259031
1791033243 20204064 50843781
1791033248 20411808 51332847
1791033253 20608368 51816504
1791033258 20796048 52234254
1791033264 21068752 52858350
1791033269 21248560 53348767
1791033274 21299024 53467687
1791033279 21495776 54121193
1791033284 21728608 54793488
1791033290 21891152 55394578
1791033295 22149120 56033508
1791033300 22420000 56658862
1791033305 22671216 57229020
1791033311 22906656 57832325
1791033316 23142832 58364809
1791033321 23373792 58984525
1791033326 23644592 59599529
1791033332 23980000 60238950
1791033337 24243376 60849204
1791033342 24454512 61434780
1791033347 24633152 62035593
1791033353 24826000 62630067
1791033358 25090112 63258762
1791033363 25373808 63881544
1791033369 25603152 64492231
1791033374 25869328 65086453
1791033380 26113840 65674384
1791033385 26349152 66306823
1791033390 26592512 66893867
1791033396 26883792 67503670
1791033401 27030784 67703629
1791033406 27038192 67711039
1791033411 27038192 67711039
