load 7.21 22.02 21.18 1791032335
router-epp-6d8d85798b-s75bj   envoy-proxy   21m   18Mi     
router-epp-6d8d85798b-s75bj   epp           40m   14Mi     
load 6.48 21.37 20.98 1791032345
router-epp-6d8d85798b-s75bj   envoy-proxy   21m   18Mi     
router-epp-6d8d85798b-s75bj   epp           40m   14Mi     
load 5.86 20.75 20.79 1791032355
inference-perf-78qkv          inference-perf   872m   205Mi    
inference-perf-cold-45rs7     inference-perf   870m   196Mi    
inference-perf-hot-bh76d      inference-perf   770m   279Mi    
router-epp-6d8d85798b-s75bj   envoy-proxy      9m     18Mi     
router-epp-6d8d85798b-s75bj   epp              17m    14Mi     
load 5.06 19.85 20.49 1791032365
inference-perf-78qkv          inference-perf   998m   255Mi    
inference-perf-cold-45rs7     inference-perf   997m   243Mi    
inference-perf-hot-bh76d      inference-perf   16m    280Mi    
router-epp-6d8d85798b-s75bj   envoy-proxy      6m     18Mi     
router-epp-6d8d85798b-s75bj   epp              13m    14Mi     
load 4.52 19.24 20.29 1791032375
inference-perf-78qkv          inference-perf   998m   255Mi    
inference-perf-cold-45rs7     inference-perf   997m   243Mi    
inference-perf-hot-bh76d      inference-perf   16m    280Mi    
router-epp-6d8d85798b-s75bj   envoy-proxy      6m     18Mi     
router-epp-6d8d85798b-s75bj   epp              13m    14Mi     
load 3.98 18.64 20.08 1791032386
inference-perf-78qkv          inference-perf   389m   357Mi    
inference-perf-cold-45rs7     inference-perf   997m   325Mi    
inference-perf-hot-bh76d      inference-perf   16m    281Mi    
router-epp-6d8d85798b-s75bj   envoy-proxy      6m     18Mi     
router-epp-6d8d85798b-s75bj   epp              13m    14Mi     
load 3.68 18.09 19.88 1791032396
inference-perf-78qkv          inference-perf   15m    357Mi    
inference-perf-cold-45rs7     inference-perf   997m   383Mi    
inference-perf-hot-bh76d      inference-perf   15m    284Mi    
router-epp-6d8d85798b-s75bj   envoy-proxy      6m     18Mi     
router-epp-6d8d85798b-s75bj   epp              13m    14Mi     
load 3.19 17.52 19.68 1791032406
inference-perf-78qkv          inference-perf   15m    357Mi    
inference-perf-cold-45rs7     inference-perf   997m   383Mi    
inference-perf-hot-bh76d      inference-perf   15m    284Mi    
router-epp-6d8d85798b-s75bj   envoy-proxy      6m     18Mi     
router-epp-6d8d85798b-s75bj   epp              13m    14Mi     
load 8.82 18.23 19.88 1791032416
inference-perf-78qkv          inference-perf   15m    357Mi    
inference-perf-cold-45rs7     inference-perf   897m   622Mi    
inference-perf-hot-bh76d      inference-perf   58m    300Mi    
router-epp-6d8d85798b-s75bj   envoy-proxy      110m   25Mi     
router-epp-6d8d85798b-s75bj   epp              14m    14Mi     
load 16.84 19.64 20.33 1791032426
inference-perf-78qkv          inference-perf   362m   492Mi    
inference-perf-cold-45rs7     inference-perf   506m   661Mi    
inference-perf-hot-bh76d      inference-perf   321m   396Mi    
router-epp-6d8d85798b-s75bj   envoy-proxy      662m   38Mi     
router-epp-6d8d85798b-s75bj   epp              230m   21Mi     
load 21.22 20.47 20.59 1791032436
inference-perf-78qkv          inference-perf   362m   492Mi    
inference-perf-cold-45rs7     inference-perf   506m   661Mi    
inference-perf-hot-bh76d      inference-perf   321m   396Mi    
router-epp-6d8d85798b-s75bj   envoy-proxy      662m   38Mi     
router-epp-6d8d85798b-s75bj   epp              230m   21Mi     
load 24.93 21.31 20.86 1791032446
inference-perf-78qkv          inference-perf   990m   536Mi    
inference-perf-cold-45rs7     inference-perf   736m   697Mi    
inference-perf-hot-bh76d      inference-perf   608m   423Mi    
router-epp-6d8d85798b-s75bj   envoy-proxy      970m   46Mi     
router-epp-6d8d85798b-s75bj   epp              310m   21Mi     
load 25.12 21.48 20.92 1791032456
inference-perf-78qkv          inference-perf   788m   549Mi    
inference-perf-cold-45rs7     inference-perf   725m   718Mi    
inference-perf-hot-bh76d      inference-perf   608m   423Mi    
router-epp-6d8d85798b-s75bj   envoy-proxy      970m   46Mi     
router-epp-6d8d85798b-s75bj   epp              300m   21Mi     
load 22.25 20.99 20.77 1791032466
inference-perf-78qkv          inference-perf   788m   549Mi    
inference-perf-cold-45rs7     inference-perf   725m   718Mi    
inference-perf-hot-bh76d      inference-perf   608m   423Mi    
router-epp-6d8d85798b-s75bj   envoy-proxy      970m   46Mi     
router-epp-6d8d85798b-s75bj   epp              300m   21Mi     
load 19.74 20.49 20.61 1791032476
inference-perf-78qkv          inference-perf   550m   568Mi    
inference-perf-cold-45rs7     inference-perf   504m   733Mi    
inference-perf-hot-bh76d      inference-perf   673m   454Mi    
router-epp-6d8d85798b-s75bj   envoy-proxy      875m   49Mi     
router-epp-6d8d85798b-s75bj   epp              277m   22Mi     
load 19.86 20.48 20.60 1791032487
inference-perf-78qkv          inference-perf   695m   584Mi    
inference-perf-cold-45rs7     inference-perf   685m   747Mi    
inference-perf-hot-bh76d      inference-perf   632m   492Mi    
router-epp-6d8d85798b-s75bj   envoy-proxy      784m   50Mi     
router-epp-6d8d85798b-s75bj   epp              253m   21Mi     
load 23.24 21.17 20.83 1791032497
inference-perf-78qkv          inference-perf   695m   584Mi    
inference-perf-cold-45rs7     inference-perf   685m   747Mi    
inference-perf-hot-bh76d      inference-perf   632m   492Mi    
router-epp-6d8d85798b-s75bj   envoy-proxy      784m   50Mi     
router-epp-6d8d85798b-s75bj   epp              253m   21Mi     
load 21.25 20.82 20.72 1791032507
inference-perf-78qkv          inference-perf   991m   610Mi    
inference-perf-cold-45rs7     inference-perf   452m   764Mi    
inference-perf-hot-bh76d      inference-perf   632m   492Mi    
router-epp-6d8d85798b-s75bj   envoy-proxy      822m   52Mi     
router-epp-6d8d85798b-s75bj   epp              280m   22Mi     
load 24.12 21.45 20.92 1791032517
inference-perf-78qkv          inference-perf   766m   627Mi    
inference-perf-cold-45rs7     inference-perf   644m   783Mi    
inference-perf-hot-bh76d      inference-perf   621m   515Mi    
router-epp-6d8d85798b-s75bj   envoy-proxy      850m   55Mi     
router-epp-6d8d85798b-s75bj   epp              294m   23Mi     
load 25.59 21.86 21.06 1791032527
inference-perf-78qkv          inference-perf   693m   659Mi    
inference-perf-cold-45rs7     inference-perf   321m   798Mi    
inference-perf-hot-bh76d      inference-perf   594m   530Mi    
router-epp-6d8d85798b-s75bj   envoy-proxy      797m   56Mi     
router-epp-6d8d85798b-s75bj   epp              224m   23Mi     
load 24.93 21.84 21.06 1791032537
inference-perf-78qkv          inference-perf   693m   659Mi    
inference-perf-cold-45rs7     inference-perf   321m   798Mi    
inference-perf-hot-bh76d      inference-perf   594m   530Mi    
router-epp-6d8d85798b-s75bj   envoy-proxy      797m   56Mi     
router-epp-6d8d85798b-s75bj   epp              224m   23Mi     
load 28.91 22.78 21.38 1791032547
inference-perf-78qkv          inference-perf   223m   665Mi    
inference-perf-cold-45rs7     inference-perf   501m   812Mi    
inference-perf-hot-bh76d      inference-perf   262m   543Mi    
router-epp-6d8d85798b-s75bj   envoy-proxy      369m   56Mi     
router-epp-6d8d85798b-s75bj   epp              146m   23Mi     
load 32.94 23.85 21.74 1791032557
inference-perf-78qkv          inference-perf   489m   682Mi    
inference-perf-cold-45rs7     inference-perf   285m   823Mi    
inference-perf-hot-bh76d      inference-perf   332m   553Mi    
router-epp-6d8d85798b-s75bj   envoy-proxy      583m   57Mi     
router-epp-6d8d85798b-s75bj   epp              213m   23Mi     
load 33.32 24.23 21.89 1791032567
inference-perf-78qkv          inference-perf   489m   682Mi    
inference-perf-cold-45rs7     inference-perf   285m   823Mi    
inference-perf-hot-bh76d      inference-perf   332m   553Mi    
router-epp-6d8d85798b-s75bj   envoy-proxy      583m   57Mi     
router-epp-6d8d85798b-s75bj   epp              213m   23Mi     
load 33.37 24.54 22.01 1791032577
inference-perf-78qkv          inference-perf   453m   710Mi    
inference-perf-cold-45rs7     inference-perf   294m   833Mi    
inference-perf-hot-bh76d      inference-perf   294m   567Mi    
router-epp-6d8d85798b-s75bj   envoy-proxy      422m   57Mi     
router-epp-6d8d85798b-s75bj   epp              157m   23Mi     
load 31.47 24.42 22.00 1791032587
inference-perf-78qkv          inference-perf   376m   722Mi    
inference-perf-cold-45rs7     inference-perf   466m   845Mi    
inference-perf-hot-bh76d      inference-perf   329m   582Mi    
router-epp-6d8d85798b-s75bj   envoy-proxy      532m   58Mi     
router-epp-6d8d85798b-s75bj   epp              184m   23Mi     
load 33.07 25.00 22.22 1791032598
inference-perf-78qkv          inference-perf   376m   722Mi    
inference-perf-cold-45rs7     inference-perf   466m   845Mi    
inference-perf-hot-bh76d      inference-perf   329m   582Mi    
router-epp-6d8d85798b-s75bj   envoy-proxy      532m   58Mi     
router-epp-6d8d85798b-s75bj   epp              184m   23Mi     
load 35.16 25.72 22.48 1791032608
inference-perf-78qkv          inference-perf   376m   722Mi    
inference-perf-cold-45rs7     inference-perf   351m   850Mi    
inference-perf-hot-bh76d      inference-perf   402m   587Mi    
router-epp-6d8d85798b-s75bj   envoy-proxy      373m   57Mi     
router-epp-6d8d85798b-s75bj   epp              174m   23Mi     
load 32.13 25.38 22.41 1791032618
inference-perf-78qkv          inference-perf   228m   722Mi    
inference-perf-cold-45rs7     inference-perf   215m   858Mi    
inference-perf-hot-bh76d      inference-perf   422m   601Mi    
router-epp-6d8d85798b-s75bj   envoy-proxy      488m   58Mi     
router-epp-6d8d85798b-s75bj   epp              152m   23Mi     
load 28.04 24.73 22.22 1791032628
inference-perf-78qkv          inference-perf   228m   722Mi    
inference-perf-cold-45rs7     inference-perf   215m   858Mi    
inference-perf-hot-bh76d      inference-perf   422m   601Mi    
router-epp-6d8d85798b-s75bj   envoy-proxy      488m   58Mi     
router-epp-6d8d85798b-s75bj   epp              152m   23Mi     
load 24.50 24.08 22.04 1791032638
inference-perf-78qkv          inference-perf   450m   752Mi    
inference-perf-cold-45rs7     inference-perf   189m   863Mi    
inference-perf-hot-bh76d      inference-perf   422m   601Mi    
router-epp-6d8d85798b-s75bj   envoy-proxy      488m   58Mi     
router-epp-6d8d85798b-s75bj   epp              168m   15Mi     
load 21.81 23.52 21.88 1791032648
inference-perf-78qkv          inference-perf   450m   752Mi    
inference-perf-cold-45rs7     inference-perf   294m   876Mi    
inference-perf-hot-bh76d      inference-perf   280m   612Mi    
router-epp-6d8d85798b-s75bj   envoy-proxy      488m   58Mi     
router-epp-6d8d85798b-s75bj   epp              157m   15Mi     
load 19.07 22.87 21.69 1791032658
inference-perf-78qkv          inference-perf   450m   752Mi    
inference-perf-cold-45rs7     inference-perf   294m   876Mi    
inference-perf-hot-bh76d      inference-perf   280m   612Mi    
router-epp-6d8d85798b-s75bj   envoy-proxy      488m   58Mi     
router-epp-6d8d85798b-s75bj   epp              157m   15Mi     
load 16.60 22.22 21.48 1791032669
inference-perf-78qkv          inference-perf   485m   785Mi    
inference-perf-cold-45rs7     inference-perf   294m   876Mi    
inference-perf-hot-bh76d      inference-perf   305m   633Mi    
router-epp-6d8d85798b-s75bj   envoy-proxy      475m   58Mi     
router-epp-6d8d85798b-s75bj   epp              179m   15Mi     
load 14.66 21.62 21.30 1791032679
inference-perf-78qkv          inference-perf   585m   804Mi    
inference-perf-cold-45rs7     inference-perf   418m   896Mi    
inference-perf-hot-bh76d      inference-perf   304m   641Mi    
router-epp-6d8d85798b-s75bj   envoy-proxy      641m   58Mi     
router-epp-6d8d85798b-s75bj   epp              212m   15Mi     
load 13.47 21.14 21.14 1791032689
inference-perf-78qkv          inference-perf   585m   804Mi    
inference-perf-cold-45rs7     inference-perf   418m   896Mi    
inference-perf-hot-bh76d      inference-perf   304m   641Mi    
router-epp-6d8d85798b-s75bj   envoy-proxy      641m   58Mi     
router-epp-6d8d85798b-s75bj   epp              212m   15Mi     
load 12.02 20.57 20.96 1791032699
inference-perf-78qkv          inference-perf   504m   825Mi    
inference-perf-cold-45rs7     inference-perf   445m   915Mi    
inference-perf-hot-bh76d      inference-perf   363m   650Mi    
router-epp-6d8d85798b-s75bj   envoy-proxy      541m   60Mi     
router-epp-6d8d85798b-s75bj   epp              206m   15Mi     
load 11.02 20.07 20.79 1791032709
inference-perf-78qkv          inference-perf   576m   839Mi    
inference-perf-cold-45rs7     inference-perf   478m   938Mi    
inference-perf-hot-bh76d      inference-perf   492m   669Mi    
router-epp-6d8d85798b-s75bj   envoy-proxy      662m   60Mi     
router-epp-6d8d85798b-s75bj   epp              216m   15Mi     
load 9.86 19.53 20.61 1791032719
inference-perf-78qkv          inference-perf   576m   839Mi    
inference-perf-cold-45rs7     inference-perf   478m   938Mi    
inference-perf-hot-bh76d      inference-perf   492m   669Mi    
router-epp-6d8d85798b-s75bj   envoy-proxy      662m   60Mi     
router-epp-6d8d85798b-s75bj   epp              216m   15Mi     
load 8.66 18.95 20.41 1791032729
inference-perf-78qkv          inference-perf   519m   860Mi    
inference-perf-cold-45rs7     inference-perf   492m   955Mi    
inference-perf-hot-bh76d      inference-perf   431m   689Mi    
router-epp-6d8d85798b-s75bj   envoy-proxy      635m   59Mi     
router-epp-6d8d85798b-s75bj   epp              219m   15Mi     
load 8.04 18.47 20.24 1791032739
inference-perf-78qkv          inference-perf   573m   876Mi    
inference-perf-cold-45rs7     inference-perf   409m   974Mi    
inference-perf-hot-bh76d      inference-perf   427m   706Mi    
router-epp-6d8d85798b-s75bj   envoy-proxy      626m   60Mi     
router-epp-6d8d85798b-s75bj   epp              210m   15Mi     
load 7.72 18.06 20.08 1791032749
inference-perf-78qkv          inference-perf   573m   876Mi    
inference-perf-cold-45rs7     inference-perf   409m   974Mi    
inference-perf-hot-bh76d      inference-perf   427m   706Mi    
router-epp-6d8d85798b-s75bj   envoy-proxy      626m   60Mi     
router-epp-6d8d85798b-s75bj   epp              210m   15Mi     
load 6.93 17.55 19.90 1791032759
inference-perf-78qkv          inference-perf   694m   902Mi    
inference-perf-cold-45rs7     inference-perf   391m   986Mi    
inference-perf-hot-bh76d      inference-perf   427m   706Mi    
router-epp-6d8d85798b-s75bj   envoy-proxy      707m   60Mi     
router-epp-6d8d85798b-s75bj   epp              233m   15Mi     
load 6.56 17.12 19.73 1791032769
inference-perf-78qkv          inference-perf   718m   936Mi    
inference-perf-cold-45rs7     inference-perf   405m   996Mi    
inference-perf-hot-bh76d      inference-perf   491m   729Mi    
router-epp-6d8d85798b-s75bj   envoy-proxy      663m   59Mi     
router-epp-6d8d85798b-s75bj   epp              203m   15Mi     
load 6.24 16.70 19.57 1791032779
inference-perf-78qkv          inference-perf   718m   936Mi    
inference-perf-cold-45rs7     inference-perf   405m   996Mi    
inference-perf-hot-bh76d      inference-perf   491m   729Mi    
router-epp-6d8d85798b-s75bj   envoy-proxy      663m   59Mi     
router-epp-6d8d85798b-s75bj   epp              203m   15Mi     
load 6.07 16.32 19.41 1791032789
inference-perf-78qkv          inference-perf   409m   952Mi    
inference-perf-cold-45rs7     inference-perf   437m   1006Mi   
inference-perf-hot-bh76d      inference-perf   414m   757Mi    
router-epp-6d8d85798b-s75bj   envoy-proxy      657m   59Mi     
router-epp-6d8d85798b-s75bj   epp              182m   15Mi     
load 5.83 15.93 19.25 1791032799
inference-perf-78qkv          inference-perf   883m   997Mi    
inference-perf-cold-45rs7     inference-perf   439m   1033Mi   
inference-perf-hot-bh76d      inference-perf   414m   757Mi    
router-epp-6d8d85798b-s75bj   envoy-proxy      561m   60Mi     
router-epp-6d8d85798b-s75bj   epp              259m   15Mi     
load 5.63 15.55 19.09 1791032809
inference-perf-78qkv          inference-perf   883m   997Mi    
inference-perf-cold-45rs7     inference-perf   439m   1033Mi   
inference-perf-hot-bh76d      inference-perf   414m   757Mi    
router-epp-6d8d85798b-s75bj   envoy-proxy      561m   60Mi     
router-epp-6d8d85798b-s75bj   epp              259m   15Mi     
load 5.53 15.21 18.94 1791032819
inference-perf-78qkv          inference-perf   810m   1019Mi   
inference-perf-cold-45rs7     inference-perf   664m   1055Mi   
inference-perf-hot-bh76d      inference-perf   509m   780Mi    
router-epp-6d8d85798b-s75bj   envoy-proxy      935m   60Mi     
router-epp-6d8d85798b-s75bj   epp              278m   15Mi     
load 6.13 15.02 18.84 1791032829
inference-perf-78qkv          inference-perf   624m   1042Mi   
inference-perf-cold-45rs7     inference-perf   610m   1083Mi   
inference-perf-hot-bh76d      inference-perf   654m   799Mi    
router-epp-6d8d85798b-s75bj   envoy-proxy      878m   62Mi     
router-epp-6d8d85798b-s75bj   epp              248m   15Mi     
load 6.61 14.83 18.74 1791032840
inference-perf-78qkv          inference-perf   624m   1042Mi   
inference-perf-cold-45rs7     inference-perf   610m   1083Mi   
inference-perf-hot-bh76d      inference-perf   654m   799Mi    
router-epp-6d8d85798b-s75bj   envoy-proxy      878m   62Mi     
router-epp-6d8d85798b-s75bj   epp              248m   15Mi     
load 7.31 14.71 18.65 1791032850
inference-perf-78qkv          inference-perf   836m   1062Mi   
inference-perf-cold-45rs7     inference-perf   556m   1101Mi   
inference-perf-hot-bh76d      inference-perf   586m   827Mi    
router-epp-6d8d85798b-s75bj   envoy-proxy      806m   61Mi     
router-epp-6d8d85798b-s75bj   epp              262m   15Mi     
load 7.85 14.58 18.57 1791032860
inference-perf-78qkv          inference-perf   834m   1100Mi   
inference-perf-cold-45rs7     inference-perf   686m   1132Mi   
inference-perf-hot-bh76d      inference-perf   575m   844Mi    
router-epp-6d8d85798b-s75bj   envoy-proxy      911m   63Mi     
router-epp-6d8d85798b-s75bj   epp              300m   15Mi     
load 7.56 14.30 18.44 1791032870
inference-perf-78qkv          inference-perf   834m   1100Mi   
inference-perf-cold-45rs7     inference-perf   686m   1132Mi   
inference-perf-hot-bh76d      inference-perf   575m   844Mi    
router-epp-6d8d85798b-s75bj   envoy-proxy      911m   63Mi     
router-epp-6d8d85798b-s75bj   epp              300m   15Mi     
load 6.86 13.93 18.27 1791032880
inference-perf-78qkv          inference-perf   872m   1137Mi   
inference-perf-cold-45rs7     inference-perf   622m   1156Mi   
inference-perf-hot-bh76d      inference-perf   683m   864Mi    
router-epp-6d8d85798b-s75bj   envoy-proxy      911m   63Mi     
router-epp-6d8d85798b-s75bj   epp              274m   16Mi     
load 7.53 13.85 18.20 1791032890
inference-perf-78qkv          inference-perf   782m   1161Mi   
inference-perf-cold-45rs7     inference-perf   622m   1156Mi   
inference-perf-hot-bh76d      inference-perf   685m   894Mi    
router-epp-6d8d85798b-s75bj   envoy-proxy      921m   62Mi     
router-epp-6d8d85798b-s75bj   epp              273m   16Mi     
load 6.83 13.49 18.03 1791032900
inference-perf-78qkv          inference-perf   782m   1161Mi   
inference-perf-cold-45rs7     inference-perf   622m   1156Mi   
inference-perf-hot-bh76d      inference-perf   685m   894Mi    
router-epp-6d8d85798b-s75bj   envoy-proxy      921m   62Mi     
router-epp-6d8d85798b-s75bj   epp              273m   16Mi     
load 7.04 13.31 17.93 1791032910
inference-perf-78qkv          inference-perf   782m    1161Mi   
inference-perf-cold-45rs7     inference-perf   639m    1206Mi   
inference-perf-hot-bh76d      inference-perf   889m    927Mi    
router-epp-6d8d85798b-s75bj   envoy-proxy      1069m   62Mi     
router-epp-6d8d85798b-s75bj   epp              313m    16Mi     
load 7.59 13.22 17.85 1791032920
inference-perf-78qkv          inference-perf   789m   1221Mi   
inference-perf-cold-45rs7     inference-perf   639m   1206Mi   
inference-perf-hot-bh76d      inference-perf   505m   944Mi    
router-epp-6d8d85798b-s75bj   envoy-proxy      703m   63Mi     
router-epp-6d8d85798b-s75bj   epp              216m   16Mi     
load 7.88 13.09 17.76 1791032930
inference-perf-78qkv          inference-perf   789m   1221Mi   
inference-perf-cold-45rs7     inference-perf   639m   1206Mi   
inference-perf-hot-bh76d      inference-perf   505m   944Mi    
router-epp-6d8d85798b-s75bj   envoy-proxy      703m   63Mi     
router-epp-6d8d85798b-s75bj   epp              216m   16Mi     
load 7.75 12.89 17.64 1791032940
inference-perf-78qkv          inference-perf   1214m   1254Mi   
inference-perf-cold-45rs7     inference-perf   844m    1260Mi   
inference-perf-hot-bh76d      inference-perf   876m    964Mi    
router-epp-6d8d85798b-s75bj   envoy-proxy      1166m   63Mi     
router-epp-6d8d85798b-s75bj   epp              351m    16Mi     
load 7.83 12.75 17.54 1791032950
inference-perf-78qkv          inference-perf   1164m   1298Mi   
inference-perf-cold-45rs7     inference-perf   844m    1260Mi   
inference-perf-hot-bh76d      inference-perf   681m    987Mi    
router-epp-6d8d85798b-s75bj   envoy-proxy      1139m   63Mi     
router-epp-6d8d85798b-s75bj   epp              324m    16Mi     
load 8.18 12.66 17.46 1791032960
inference-perf-78qkv          inference-perf   1164m   1298Mi   
inference-perf-cold-45rs7     inference-perf   844m    1260Mi   
inference-perf-hot-bh76d      inference-perf   681m    987Mi    
router-epp-6d8d85798b-s75bj   envoy-proxy      1139m   63Mi     
router-epp-6d8d85798b-s75bj   epp              324m    16Mi     
load 8.57 12.59 17.39 1791032970
inference-perf-78qkv          inference-perf   1348m   1353Mi   
inference-perf-cold-45rs7     inference-perf   763m    1291Mi   
inference-perf-hot-bh76d      inference-perf   821m    1028Mi   
router-epp-6d8d85798b-s75bj   envoy-proxy      1135m   63Mi     
router-epp-6d8d85798b-s75bj   epp              324m    16Mi     
load 8.61 12.47 17.30 1791032981
inference-perf-78qkv          inference-perf   1165m   1392Mi   
inference-perf-cold-45rs7     inference-perf   973m    1318Mi   
inference-perf-hot-bh76d      inference-perf   775m    1059Mi   
router-epp-6d8d85798b-s75bj   envoy-proxy      1476m   63Mi     
router-epp-6d8d85798b-s75bj   epp              345m    16Mi     
load 8.97 12.36 17.18 1791032991
inference-perf-78qkv          inference-perf   1165m   1392Mi   
inference-perf-cold-45rs7     inference-perf   973m    1318Mi   
inference-perf-hot-bh76d      inference-perf   775m    1059Mi   
router-epp-6d8d85798b-s75bj   envoy-proxy      1476m   63Mi     
router-epp-6d8d85798b-s75bj   epp              345m    16Mi     
load 9.86 12.45 17.16 1791033001
inference-perf-78qkv          inference-perf   1151m   1421Mi   
inference-perf-cold-45rs7     inference-perf   847m    1370Mi   
inference-perf-hot-bh76d      inference-perf   789m    1084Mi   
router-epp-6d8d85798b-s75bj   envoy-proxy      1156m   63Mi     
router-epp-6d8d85798b-s75bj   epp              345m    16Mi     
load 9.87 12.37 17.08 1791033011
inference-perf-78qkv          inference-perf   1043m   1457Mi   
inference-perf-cold-45rs7     inference-perf   847m    1370Mi   
inference-perf-hot-bh76d      inference-perf   789m    1084Mi   
router-epp-6d8d85798b-s75bj   envoy-proxy      1223m   64Mi     
router-epp-6d8d85798b-s75bj   epp              345m    16Mi     
load 9.03 12.11 16.95 1791033021
inference-perf-78qkv          inference-perf   1043m   1457Mi   
inference-perf-cold-45rs7     inference-perf   847m    1370Mi   
inference-perf-hot-bh76d      inference-perf   789m    1084Mi   
router-epp-6d8d85798b-s75bj   envoy-proxy      1223m   64Mi     
router-epp-6d8d85798b-s75bj   epp              345m    16Mi     
load 8.56 11.90 16.83 1791033031
inference-perf-78qkv          inference-perf   1005m   1494Mi   
inference-perf-cold-45rs7     inference-perf   998m    1406Mi   
inference-perf-hot-bh76d      inference-perf   967m    1123Mi   
router-epp-6d8d85798b-s75bj   envoy-proxy      1213m   63Mi     
router-epp-6d8d85798b-s75bj   epp              345m    16Mi     
load 9.05 11.91 16.78 1791033041
inference-perf-78qkv          inference-perf   1005m   1494Mi   
inference-perf-cold-45rs7     inference-perf   605m    1428Mi   
inference-perf-hot-bh76d      inference-perf   870m    1150Mi   
router-epp-6d8d85798b-s75bj   envoy-proxy      932m    64Mi     
router-epp-6d8d85798b-s75bj   epp              281m    16Mi     
load 9.49 11.91 16.72 1791033051
inference-perf-78qkv          inference-perf   1005m   1494Mi   
inference-perf-cold-45rs7     inference-perf   605m    1428Mi   
inference-perf-hot-bh76d      inference-perf   870m    1150Mi   
router-epp-6d8d85798b-s75bj   envoy-proxy      932m    64Mi     
router-epp-6d8d85798b-s75bj   epp              281m    16Mi     
load 10.76 12.09 16.73 1791033061
inference-perf-78qkv          inference-perf   883m    1533Mi   
inference-perf-cold-45rs7     inference-perf   1032m   1470Mi   
inference-perf-hot-bh76d      inference-perf   927m    1190Mi   
router-epp-6d8d85798b-s75bj   envoy-proxy      932m    64Mi     
router-epp-6d8d85798b-s75bj   epp              348m    17Mi     
load 11.95 12.31 16.75 1791033071
inference-perf-78qkv          inference-perf   1382m   1583Mi   
inference-perf-cold-45rs7     inference-perf   926m    1509Mi   
inference-perf-hot-bh76d      inference-perf   1122m   1242Mi   
router-epp-6d8d85798b-s75bj   envoy-proxy      1408m   64Mi     
router-epp-6d8d85798b-s75bj   epp              387m    17Mi     
load 13.90 12.70 16.83 1791033081
inference-perf-78qkv          inference-perf   1382m   1583Mi   
inference-perf-cold-45rs7     inference-perf   926m    1509Mi   
inference-perf-hot-bh76d      inference-perf   1122m   1242Mi   
router-epp-6d8d85798b-s75bj   envoy-proxy      1408m   64Mi     
router-epp-6d8d85798b-s75bj   epp              387m    17Mi     
load 14.19 12.80 16.82 1791033091
inference-perf-78qkv          inference-perf   1370m   1652Mi   
inference-perf-cold-45rs7     inference-perf   1017m   1535Mi   
inference-perf-hot-bh76d      inference-perf   938m    1266Mi   
router-epp-6d8d85798b-s75bj   envoy-proxy      1424m   64Mi     
router-epp-6d8d85798b-s75bj   epp              367m    17Mi     
load 14.11 12.84 16.79 1791033101
inference-perf-78qkv          inference-perf   1566m   1696Mi   
inference-perf-cold-45rs7     inference-perf   984m    1563Mi   
inference-perf-hot-bh76d      inference-perf   1083m   1309Mi   
router-epp-6d8d85798b-s75bj   envoy-proxy      1481m   65Mi     
router-epp-6d8d85798b-s75bj   epp              393m    18Mi     
load 13.35 12.71 16.71 1791033112
inference-perf-78qkv          inference-perf   1566m   1696Mi   
inference-perf-cold-45rs7     inference-perf   984m    1563Mi   
inference-perf-hot-bh76d      inference-perf   1083m   1309Mi   
router-epp-6d8d85798b-s75bj   envoy-proxy      1481m   65Mi     
router-epp-6d8d85798b-s75bj   epp              393m    18Mi     
load 15.33 13.17 16.81 1791033122
inference-perf-78qkv          inference-perf   1192m   1724Mi   
inference-perf-cold-45rs7     inference-perf   1213m   1608Mi   
inference-perf-hot-bh76d      inference-perf   1018m   1345Mi   
router-epp-6d8d85798b-s75bj   envoy-proxy      1391m   65Mi     
router-epp-6d8d85798b-s75bj   epp              380m    18Mi     
load 14.06 12.96 16.71 1791033132
inference-perf-78qkv          inference-perf   1359m   1770Mi   
inference-perf-cold-45rs7     inference-perf   1213m   1608Mi   
inference-perf-hot-bh76d      inference-perf   1018m   1345Mi   
router-epp-6d8d85798b-s75bj   envoy-proxy      1605m   65Mi     
router-epp-6d8d85798b-s75bj   epp              389m    17Mi     
load 16.07 13.45 16.83 1791033142
inference-perf-78qkv          inference-perf   1493m   1814Mi   
inference-perf-cold-45rs7     inference-perf   1051m   1650Mi   
inference-perf-hot-bh76d      inference-perf   1002m   1403Mi   
router-epp-6d8d85798b-s75bj   envoy-proxy      1443m   66Mi     
router-epp-6d8d85798b-s75bj   epp              391m    17Mi     
load 16.45 13.63 16.85 1791033152
inference-perf-78qkv          inference-perf   1493m   1814Mi   
inference-perf-cold-45rs7     inference-perf   1051m   1650Mi   
inference-perf-hot-bh76d      inference-perf   1002m   1403Mi   
router-epp-6d8d85798b-s75bj   envoy-proxy      1443m   66Mi     
router-epp-6d8d85798b-s75bj   epp              391m    17Mi     
load 15.88 13.61 16.81 1791033162
inference-perf-78qkv          inference-perf   1454m   1855Mi   
inference-perf-cold-45rs7     inference-perf   1135m   1688Mi   
inference-perf-hot-bh76d      inference-perf   985m    1445Mi   
router-epp-6d8d85798b-s75bj   envoy-proxy      1602m   66Mi     
router-epp-6d8d85798b-s75bj   epp              369m    19Mi     
load 15.25 13.54 16.75 1791033172
inference-perf-78qkv          inference-perf   1496m   1899Mi   
inference-perf-cold-45rs7     inference-perf   1010m   1721Mi   
inference-perf-hot-bh76d      inference-perf   1201m   1475Mi   
router-epp-6d8d85798b-s75bj   envoy-proxy      1470m   66Mi     
router-epp-6d8d85798b-s75bj   epp              443m    19Mi     
load 18.16 14.22 16.94 1791033182
inference-perf-78qkv          inference-perf   1496m   1899Mi   
inference-perf-cold-45rs7     inference-perf   1010m   1721Mi   
inference-perf-hot-bh76d      inference-perf   1201m   1475Mi   
router-epp-6d8d85798b-s75bj   envoy-proxy      1470m   66Mi     
router-epp-6d8d85798b-s75bj   epp              443m    19Mi     
load 20.17 14.79 17.09 1791033192
inference-perf-78qkv          inference-perf   1669m   1940Mi   
inference-perf-cold-45rs7     inference-perf   1271m   1786Mi   
inference-perf-hot-bh76d      inference-perf   1551m   1526Mi   
router-epp-6d8d85798b-s75bj   envoy-proxy      1470m   66Mi     
router-epp-6d8d85798b-s75bj   epp              457m    21Mi     
load 18.91 14.69 17.04 1791033202
inference-perf-78qkv          inference-perf   1591m   1980Mi   
inference-perf-cold-45rs7     inference-perf   1199m   1812Mi   
inference-perf-hot-bh76d      inference-perf   1220m   1553Mi   
router-epp-6d8d85798b-s75bj   envoy-proxy      1780m   68Mi     
router-epp-6d8d85798b-s75bj   epp              457m    21Mi     
load 21.06 15.30 17.21 1791033212
inference-perf-78qkv          inference-perf   1591m   1980Mi   
inference-perf-cold-45rs7     inference-perf   1199m   1812Mi   
inference-perf-hot-bh76d      inference-perf   1220m   1553Mi   
router-epp-6d8d85798b-s75bj   envoy-proxy      1780m   68Mi     
router-epp-6d8d85798b-s75bj   epp              457m    21Mi     
load 19.89 15.22 17.16 1791033222
inference-perf-78qkv          inference-perf   1548m   2028Mi   
inference-perf-cold-45rs7     inference-perf   1200m   1842Mi   
inference-perf-hot-bh76d      inference-perf   1098m   1582Mi   
router-epp-6d8d85798b-s75bj   envoy-proxy      1615m   68Mi     
router-epp-6d8d85798b-s75bj   epp              417m    19Mi     
load 20.68 15.55 17.25 1791033232
inference-perf-78qkv          inference-perf   1737m   2132Mi   
inference-perf-cold-45rs7     inference-perf   1375m   1887Mi   
inference-perf-hot-bh76d      inference-perf   1157m   1615Mi   
router-epp-6d8d85798b-s75bj   envoy-proxy      1729m   69Mi     
router-epp-6d8d85798b-s75bj   epp              436m    20Mi     
load 21.76 15.95 17.37 1791033243
inference-perf-78qkv          inference-perf   1737m   2132Mi   
inference-perf-cold-45rs7     inference-perf   1375m   1887Mi   
inference-perf-hot-bh76d      inference-perf   1157m   1615Mi   
router-epp-6d8d85798b-s75bj   envoy-proxy      1729m   69Mi     
router-epp-6d8d85798b-s75bj   epp              436m    20Mi     
load 20.10 15.79 17.30 1791033253
inference-perf-78qkv          inference-perf   1726m   2170Mi   
inference-perf-cold-45rs7     inference-perf   1352m   1913Mi   
inference-perf-hot-bh76d      inference-perf   1212m   1648Mi   
router-epp-6d8d85798b-s75bj   envoy-proxy      1850m   69Mi     
router-epp-6d8d85798b-s75bj   epp              463m    21Mi     
load 19.03 15.70 17.25 1791033263
inference-perf-78qkv          inference-perf   1726m   2170Mi   
inference-perf-cold-45rs7     inference-perf   1321m   1961Mi   
inference-perf-hot-bh76d      inference-perf   1477m   1692Mi   
router-epp-6d8d85798b-s75bj   envoy-proxy      1850m   69Mi     
router-epp-6d8d85798b-s75bj   epp              428m    20Mi     
load 19.77 15.98 17.33 1791033273
inference-perf-78qkv          inference-perf   1726m   2170Mi   
inference-perf-cold-45rs7     inference-perf   1321m   1961Mi   
inference-perf-hot-bh76d      inference-perf   1477m   1692Mi   
router-epp-6d8d85798b-s75bj   envoy-proxy      1850m   69Mi     
router-epp-6d8d85798b-s75bj   epp              428m    20Mi     
load 23.08 16.81 17.58 1791033283
inference-perf-78qkv          inference-perf   1576m   2275Mi   
inference-perf-cold-45rs7     inference-perf   1081m   1988Mi   
inference-perf-hot-bh76d      inference-perf   1180m   1735Mi   
router-epp-6d8d85798b-s75bj   envoy-proxy      1518m   69Mi     
router-epp-6d8d85798b-s75bj   epp              368m    19Mi     
load 26.23 17.69 17.86 1791033293
inference-perf-78qkv          inference-perf   1576m   2275Mi   
inference-perf-cold-45rs7     inference-perf   1210m   2048Mi   
inference-perf-hot-bh76d      inference-perf   923m    1762Mi   
router-epp-6d8d85798b-s75bj   envoy-proxy      1821m   71Mi     
router-epp-6d8d85798b-s75bj   epp              471m    23Mi     
load 25.29 17.78 17.89 1791033303
inference-perf-78qkv          inference-perf   1576m   2275Mi   
inference-perf-cold-45rs7     inference-perf   1210m   2048Mi   
inference-perf-hot-bh76d      inference-perf   923m    1762Mi   
router-epp-6d8d85798b-s75bj   envoy-proxy      1821m   71Mi     
router-epp-6d8d85798b-s75bj   epp              471m    23Mi     
load 27.31 18.46 18.11 1791033313
inference-perf-78qkv          inference-perf   1878m   2391Mi   
inference-perf-cold-45rs7     inference-perf   1312m   2078Mi   
inference-perf-hot-bh76d      inference-perf   1224m   1792Mi   
router-epp-6d8d85798b-s75bj   envoy-proxy      1925m   71Mi     
router-epp-6d8d85798b-s75bj   epp              471m    23Mi     
load 27.04 18.68 18.18 1791033323
inference-perf-78qkv          inference-perf   1887m   2498Mi   
inference-perf-cold-45rs7     inference-perf   1462m   2138Mi   
inference-perf-hot-bh76d      inference-perf   1396m   1845Mi   
router-epp-6d8d85798b-s75bj   envoy-proxy      1951m   72Mi     
router-epp-6d8d85798b-s75bj   epp              479m    24Mi     
load 28.95 19.37 18.41 1791033333
inference-perf-78qkv          inference-perf   1887m   2498Mi   
inference-perf-cold-45rs7     inference-perf   1462m   2138Mi   
inference-perf-hot-bh76d      inference-perf   1396m   1845Mi   
router-epp-6d8d85798b-s75bj   envoy-proxy      1951m   72Mi     
router-epp-6d8d85798b-s75bj   epp              479m    24Mi     
load 32.03 20.33 18.73 1791033343
inference-perf-78qkv          inference-perf   1838m   2536Mi   
inference-perf-cold-45rs7     inference-perf   1381m   2174Mi   
inference-perf-hot-bh76d      inference-perf   1348m   1884Mi   
router-epp-6d8d85798b-s75bj   envoy-proxy      1945m   72Mi     
router-epp-6d8d85798b-s75bj   epp              482m    24Mi     
load 29.22 20.12 18.68 1791033353
inference-perf-78qkv          inference-perf   1763m   2607Mi   
inference-perf-cold-45rs7     inference-perf   1488m   2219Mi   
inference-perf-hot-bh76d      inference-perf   1644m   1922Mi   
router-epp-6d8d85798b-s75bj   envoy-proxy      1947m   74Mi     
router-epp-6d8d85798b-s75bj   epp              487m    25Mi     
load 29.27 20.41 18.79 1791033364
inference-perf-78qkv          inference-perf   1763m   2607Mi   
inference-perf-cold-45rs7     inference-perf   1488m   2219Mi   
inference-perf-hot-bh76d      inference-perf   1644m   1922Mi   
router-epp-6d8d85798b-s75bj   envoy-proxy      1947m   74Mi     
router-epp-6d8d85798b-s75bj   epp              487m    25Mi     
load 30.94 21.06 19.02 1791033374
inference-perf-78qkv          inference-perf   1814m   2647Mi   
inference-perf-cold-45rs7     inference-perf   1542m   2252Mi   
inference-perf-hot-bh76d      inference-perf   1305m   1954Mi   
router-epp-6d8d85798b-s75bj   envoy-proxy      1940m   74Mi     
router-epp-6d8d85798b-s75bj   epp              478m    27Mi     
load 31.42 21.50 19.19 1791033384
inference-perf-78qkv          inference-perf   1861m   2688Mi   
inference-perf-cold-45rs7     inference-perf   1470m   2283Mi   
inference-perf-hot-bh76d      inference-perf   1378m   2008Mi   
router-epp-6d8d85798b-s75bj   envoy-proxy      1960m   76Mi     
router-epp-6d8d85798b-s75bj   epp              484m    28Mi     
load 31.76 21.90 19.34 1791033394
inference-perf-78qkv          inference-perf   1861m   2688Mi   
inference-perf-cold-45rs7     inference-perf   1470m   2283Mi   
inference-perf-hot-bh76d      inference-perf   1378m   2008Mi   
router-epp-6d8d85798b-s75bj   envoy-proxy      1960m   76Mi     
router-epp-6d8d85798b-s75bj   epp              484m    28Mi     
load 30.20 21.91 19.38 1791033404
inference-perf-78qkv          inference-perf   1759m   2740Mi   
inference-perf-cold-45rs7     inference-perf   1539m   2338Mi   
inference-perf-hot-bh76d      inference-perf   1397m   2078Mi   
router-epp-6d8d85798b-s75bj   envoy-proxy      1955m   76Mi     
router-epp-6d8d85798b-s75bj   epp              482m    29Mi     
load 26.23 21.34 19.22 1791033414
router-epp-6d8d85798b-s75bj   envoy-proxy    1287m   75Mi     
router-epp-6d8d85798b-s75bj   epp            244m    30Mi     
