1791043162 1125555.69 117.05
1791043167 1125559.16 120.11
1791043172 1125573.23 134.11
1791043177 1125582.11 143.26
1791043182 1125586.08 147.39
1791043187 1125597.87 159.15
1791043192 1125610.27 171.76
1791043197 1125614.50 175.96
1791043202 1125622.19 183.79
1791043207 1125643.08 204.80
1791043212 1125646.69 208.13
1791043217 1125654.50 215.96
1791043222 1125671.60 232.94
1791043227 1125675.49 236.88
1791043232 1125678.71 239.84
1791043237 1125683.08 243.86
1791043242 1125689.48 250.34
1791043247 1125694.48 255.30
1791043252 1125700.28 261.11
1791043258 1125706.22 267.01
1791043263 1125711.96 272.83
1791043268 1125717.89 278.72
1791043273 1125724.08 284.59
1791043278 1125729.99 290.42
1791043283 1125735.94 296.31
1791043288 1125742.47 303.05
1791043293 1125752.85 314.09
1791043298 1125764.74 326.57
1791043303 1125777.31 339.79
1791043308 1125790.75 353.66
1791043313 1125805.31 368.86
1791043318 1125818.75 382.82
1791043323 1125832.51 397.02
1791043328 1125846.92 411.83
1791043333 1125859.42 424.63
1791043338 1125871.87 437.36
1791043343 1125897.87 463.96
1791043348 1125912.51 479.21
1791043353 1125924.99 492.47
1791043358 1125964.14 532.58
1791043363 1125998.55 567.97
1791043368 1126039.09 609.26
1791043373 1126079.84 650.72
1791043378 1126117.14 688.98
1791043383 1126155.14 728.19
1791043388 1126195.42 769.44
1791043393 1126229.40 804.12
1791043398 1126265.75 841.28
1791043403 1126299.73 876.05
1791043408 1126334.30 911.75
1791043413 1126372.81 951.04
1791043418 1126408.39 987.38
1791043423 1126442.25 1022.16
1791043428 1126477.03 1057.60
1791043433 1126512.98 1094.18
1791043438 1126551.06 1132.72
1791043443 1126593.87 1175.77
1791043448 1126638.92 1221.01
1791043453 1126677.46 1260.16
1791043458 1126719.76 1302.62
1791043463 1126764.71 1347.57
1791043468 1126806.45 1389.66
1791043473 1126852.02 1435.34
1791043478 1126893.29 1476.88
1791043483 1126923.35 1508.08
1791043488 1126968.16 1552.90
1791043493 1127006.29 1591.80
1791043498 1127046.19 1632.16
1791043503 1127084.06 1670.80
1791043508 1127118.89 1706.16
1791043513 1127142.68 1731.11
1791043518 1127177.50 1766.56
1791043523 1127218.01 1807.39
1791043528 1127251.83 1841.90
1791043533 1127282.64 1873.32
1791043538 1127311.93 1903.14
1791043543 1127360.00 1951.42
1791043548 1127409.08 2000.41
1791043553 1127458.35 2049.64
1791043558 1127507.58 2098.74
1791043563 1127556.82 2147.89
1791043568 1127606.56 2197.49
1791043573 1127656.33 2247.18
1791043578 1127706.14 2296.61
1791043583 1127755.39 2345.71
1791043588 1127805.20 2395.28
1791043593 1127855.12 2445.09
1791043598 1127904.85 2494.55
1791043603 1127954.58 2544.18
1791043608 1128004.57 2593.80
1791043613 1128054.54 2643.58
1791043618 1128104.59 2693.27
1791043623 1128154.13 2742.67
1791043628 1128203.75 2792.06
1791043633 1128253.16 2841.31
1791043638 1128303.24 2890.84
1791043643 1128353.40 2940.49
1791043648 1128403.31 2990.08
1791043653 1128453.14 3039.81
1791043658 1128503.25 3089.58
1791043663 1128553.46 3139.42
1791043668 1128603.60 3189.02
1791043673 1128653.45 3238.56
1791043678 1128703.26 3287.95
1791043683 1128752.49 3336.80
1791043688 1128802.70 3386.60
1791043693 1128852.83 3436.47
1791043698 1128903.16 3486.21
1791043703 1128953.30 3535.87
1791043708 1129003.45 3585.72
1791043713 1129053.49 3635.58
1791043718 1129084.67 3666.66
1791043724 1129091.14 3673.21
1791043729 1129097.49 3679.46
1791043734 1129103.47 3685.46
1791043739 1129109.18 3691.18
1791043744 1129115.46 3697.42
1791043749 1129123.56 3705.08
1791043754 1129126.11 3707.80
1791043759 1129129.15 3710.70
1791043764 1129167.64 3749.06
1791043769 1129171.74 3753.28
1791043774 1129175.13 3756.68
1791043779 1129193.22 3774.89
1791043784 1129202.23 3784.01
1791043789 1129210.71 3792.46
1791043794 1129218.23 3800.08
1791043799 1129234.28 3816.27
1791043804 1129237.96 3819.29
1791043809 1129240.04 3821.61
1791043814 1129244.04 3825.93
1791043819 1129248.64 3830.65
1791043824 1129253.31 3835.52
1791043829 1129258.09 3840.63
1791043834 1129262.55 3845.53
1791043839 1129266.78 3850.07
1791043844 1129271.11 3854.76
1791043849 1129275.39 3859.34
1791043854 1129280.10 3864.31
1791043859 1129284.41 3868.97
1791043864 1129289.00 3873.90
1791043869 1129293.24 3878.48
1791043874 1129298.50 3883.46
1791043879 1129303.47 3888.50
1791043884 1129308.95 3893.95
1791043889 1129313.68 3898.77
1791043894 1129319.37 3904.42
1791043899 1129328.44 3913.62
1791043904 1129337.31 3922.55
1791043909 1129344.44 3929.69
1791043914 1129351.69 3936.87
1791043919 1129360.87 3946.12
1791043924 1129367.09 3952.30
1791043929 1129373.50 3958.84
1791043934 1129389.43 3975.89
1791043939 1129405.28 3992.71
1791043944 1129424.22 4012.71
1791043949 1129445.87 4036.01
1791043954 1129463.03 4054.20
1791043959 1129479.32 4071.72
1791043964 1129495.40 4088.82
1791043969 1129518.34 4113.08
1791043974 1129535.19 4130.92
1791043979 1129552.47 4149.40
1791043984 1129581.83 4180.46
1791043989 1129599.74 4199.49
1791043994 1129613.69 4213.83
1791043999 1129654.97 4255.99
1791044004 1129701.25 4302.72
1791044009 1129748.40 4350.31
1791044014 1129794.61 4396.97
1791044019 1129841.17 4443.94
1791044024 1129888.97 4491.97
1791044029 1129932.74 4536.30
1791044034 1129979.69 4583.45
1791044039 1130027.02 4631.10
1791044044 1130074.60 4678.64
1791044049 1130120.68 4725.00
1791044054 1130166.92 4771.59
1791044059 1130212.15 4817.24
1791044064 1130257.74 4863.06
1791044069 1130302.37 4908.22
1791044074 1130347.56 4953.78
1791044079 1130389.41 4996.44
1791044084 1130435.59 5042.91
1791044089 1130478.67 5086.37
1791044094 1130525.19 5132.95
1791044099 1130572.52 5180.37
1791044105 1130619.08 5226.65
1791044110 1130667.23 5274.44
1791044115 1130715.71 5322.48
1791044120 1130764.01 5370.37
1791044125 1130811.61 5417.59
1791044130 1130857.08 5463.35
1791044135 1130904.48 5510.09
1791044140 1130949.40 5555.39
1791044145 1130998.56 5601.68
1791044150 1131047.00 5649.52
1791044155 1131095.08 5696.86
1791044160 1131148.43 5741.78
1791044165 1131197.97 5789.22
1791044170 1131243.83 5834.62
1791044175 1131290.68 5880.88
1791044180 1131310.08 5899.26
1791044185 1131357.51 5946.31
1791044190 1131406.75 5995.00
1791044195 1131456.17 6043.79
1791044200 1131506.10 6092.98
1791044205 1131556.19 6142.04
1791044210 1131606.46 6191.08
1791044215 1131656.38 6240.23
1791044220 1131706.79 6289.57
1791044225 1131756.76 6338.68
1791044230 1131806.91 6387.98
1791044235 1131857.53 6437.32
1791044240 1131908.00 6486.77
1791044245 1131958.40 6536.29
1791044250 1132012.28 6590.76
1791044255 1132064.02 6640.32
1791044260 1132115.65 6690.56
1791044265 1132167.32 6741.25
1791044271 1132220.48 6793.70
1791044276 1132274.23 6846.01
1791044281 1132317.60 6889.31
1791044287 1132365.41 6936.79
1791044292 1132414.04 6985.01
1791044298 1132477.40 7047.71
1791044304 1132521.80 7090.69
1791044309 1132564.12 7133.05
1791044316 1132628.92 7197.26
1791044322 1132688.95 7259.55
1791044336 1132734.70 7304.34
1791044349 1132794.73 7372.61
1791044363 1132839.04 7425.64
1791044403 1132882.44 7447.84
1791044422 1132906.04 7463.15
1791044441 1132919.22 7473.22
1791044451 1132932.38 7484.93
1791044456 1132968.66 7520.99
1791044461 1133018.33 7567.18
1791044466 1133062.92 7611.20
1791044471 1133111.41 7659.17
1791044476 1133126.19 7668.69
1791044481 1133140.27 7675.38
1791044486 1133148.58 7681.80
1791044491 1133186.11 7716.68
1791044496 1133192.70 7721.21
1791044501 1133196.71 7723.02
1791044506 1133201.93 7725.40
1791044511 1133208.02 7728.62
1791044516 1133215.16 7734.89
1791044521 1133223.38 7742.59
1791044526 1133229.64 7748.24
1791044531 1133236.86 7755.00
1791044536 1133243.85 7760.75
1791044541 1133249.08 7765.85
1791044551 1133259.09 7774.48
1791044556 1133261.64 7777.17
1791044561 1133268.95 7784.57
1791044566 1133282.64 7798.14
1791044571 1133315.29 7830.61
1791044576 1133319.46 7834.25
1791044581 1133322.34 7837.21
1791044586 1133346.96 7861.75
1791044591 1133350.01 7864.39
1791044596 1133353.32 7867.08
1791044601 1133356.07 7869.93
1791044606 1133366.52 7880.22
1791044611 1133380.35 7893.85
1791044616 1133383.54 7897.06
1791044621 1133386.96 7898.54
1791044626 1133389.35 7900.93
1791044631 1133393.53 7904.62
1791044636 1133398.37 7908.65
1791044641 1133403.73 7911.10
1791044646 1133411.07 7912.82
1791044651 1133416.84 7917.09
1791044656 1133422.88 7921.85
1791044661 1133427.82 7925.33
1791044666 1133433.27 7929.88
1791044671 1133439.27 7934.68
1791044676 1133445.21 7939.63
1791044681 1133451.28 7944.53
1791044686 1133457.19 7949.39
1791044691 1133462.76 7953.63
1791044697 1133467.33 7957.75
1791044702 1133472.54 7962.16
1791044707 1133481.82 7971.00
1791044712 1133487.34 7975.90
1791044717 1133492.70 7980.67
1791044722 1133498.92 7985.66
1791044727 1133507.30 7993.56
1791044732 1133519.06 8004.84
1791044737 1133525.69 8011.03
1791044742 1133532.35 8017.14
1791044747 1133539.35 8023.31
1791044752 1133545.93 8029.43
1791044757 1133552.59 8035.60
1791044762 1133560.52 8042.74
1791044767 1133573.48 8055.79
1791044772 1133585.58 8067.90
1791044777 1133602.60 8085.12
1791044782 1133616.05 8098.46
1791044787 1133632.37 8114.87
1791044792 1133649.24 8131.51
1791044797 1133661.77 8143.88
1791044802 1133676.71 8158.52
1791044807 1133690.78 8172.42
1791044812 1133706.16 8187.31
1791044817 1133720.00 8200.91
1791044822 1133733.00 8213.35
1791044827 1133759.03 8239.53
1791044832 1133797.33 8278.14
1791044837 1133837.63 8319.51
1791044842 1133879.92 8362.56
1791044847 1133920.43 8404.01
1791044852 1133966.04 8449.74
1791044857 1134008.23 8492.55
1791044862 1134049.31 8534.33
1791044867 1134079.80 8565.85
1791044872 1134119.15 8606.16
1791044877 1134159.30 8647.14
1791044882 1134205.31 8692.26
1791044887 1134246.49 8733.58
1791044892 1134276.24 8763.45
1791044897 1134317.64 8805.22
1791044902 1134349.58 8838.05
1791044907 1134387.04 8876.24
1791044912 1134425.72 8915.29
1791044917 1134470.36 8959.55
1791044922 1134507.02 8996.79
1791044927 1134546.65 9037.00
1791044932 1134580.14 9071.48
1791044937 1134624.07 9115.61
1791044942 1134670.38 9161.87
1791044947 1134716.95 9208.39
1791044952 1134759.81 9251.45
1791044957 1134791.60 9284.01
1791044962 1134824.74 9317.97
1791044967 1134862.55 9356.43
1791044972 1134908.14 9402.05
1791044977 1134944.74 9439.36
1791044982 1134981.36 9476.68
1791044987 1135025.98 9521.54
1791044992 1135070.68 9566.37
1791044997 1135113.19 9609.37
1791045002 1135157.07 9653.46
1791045007 1135189.21 9685.74
1791045012 1135214.05 9710.82
1791045017 1135262.19 9759.10
1791045022 1135310.91 9807.77
1791045027 1135360.45 9857.19
1791045032 1135409.83 9906.51
1791045037 1135459.85 9956.25
1791045042 1135509.91 10005.99
1791045047 1135559.98 10055.92
1791045052 1135610.03 10105.68
1791045057 1135660.10 10155.52
1791045062 1135710.09 10205.31
1791045067 1135760.41 10255.19
1791045072 1135810.63 10305.08
1791045077 1135860.86 10355.05
1791045082 1135910.93 10404.92
1791045087 1135961.08 10454.82
1791045092 1136011.20 10504.77
1791045097 1136061.49 10554.76
1791045102 1136111.76 10604.67
1791045107 1136161.92 10654.69
1791045112 1136212.13 10704.60
1791045117 1136262.26 10754.56
1791045122 1136312.45 10804.46
1791045127 1136362.93 10854.45
1791045132 1136413.21 10904.36
1791045137 1136463.32 10954.32
1791045142 1136513.61 11004.31
1791045147 1136563.79 11054.16
1791045152 1136614.02 11104.18
1791045157 1136664.24 11154.09
1791045162 1136714.42 11204.06
1791045167 1136764.65 11254.00
1791045172 1136814.85 11303.99
1791045177 1136865.04 11353.85
1791045182 1136915.17 11403.83
1791045187 1136965.37 11453.75
1791045192 1137015.87 11503.75
1791045198 1137037.76 11525.79
1791045203 1137044.77 11532.79
1791045208 1137051.77 11539.81
1791045213 1137061.68 11549.85
1791045218 1137071.22 11559.24
1791045223 1137082.08 11568.97
1791045228 1137085.91 11572.86
1791045233 1137088.30 11575.42
1791045238 1137100.04 11587.22
1791045243 1137129.24 11616.32
1791045248 1137132.39 11619.44
1791045253 1137135.97 11622.49
1791045258 1137143.20 11629.71
1791045263 1137158.93 11645.24
1791045268 1137162.62 11649.12
1791045273 1137169.71 11656.10
1791045278 1137187.49 11673.63
1791045283 1137190.90 11676.81
1791045288 1137194.55 11679.67
1791045293 1137200.39 11685.77
1791045298 1137207.23 11692.93
1791045303 1137214.28 11700.15
1791045308 1137221.36 11707.63
1791045313 1137227.60 11713.66
1791045318 1137234.19 11720.38
1791045323 1137241.04 11727.40
1791045328 1137247.93 11734.62
1791045333 1137255.35 11741.54
1791045338 1137262.69 11748.66
1791045343 1137269.57 11755.78
1791045348 1137277.06 11763.24
1791045353 1137284.07 11770.29
1791045358 1137291.04 11777.66
1791045363 1137298.18 11784.87
1791045368 1137305.39 11791.73
1791045373 1137312.82 11799.04
1791045378 1137321.06 11807.50
1791045383 1137333.53 11819.91
1791045388 1137340.27 11826.67
1791045393 1137347.88 11834.67
1791045398 1137360.70 11847.34
1791045403 1137367.64 11854.16
1791045408 1137374.27 11860.94
1791045413 1137380.80 11867.69
1791045418 1137387.49 11874.41
1791045423 1137400.59 11888.16
1791045428 1137419.95 11908.84
1791045433 1137440.66 11930.65
1791045438 1137464.13 11955.63
1791045443 1137487.74 11980.71
1791045448 1137509.75 12003.96
1791045453 1137533.10 12028.85
1791045458 1137559.09 12055.98
1791045463 1137580.64 12078.33
1791045468 1137600.01 12098.83
1791045473 1137622.95 12123.04
1791045478 1137645.85 12146.84
1791045483 1137666.84 12168.94
1791045488 1137702.59 12205.13
1791045493 1137750.49 12253.22
1791045498 1137797.90 12300.89
1791045503 1137846.28 12349.39
1791045508 1137894.52 12397.71
1791045513 1137942.98 12446.11
1791045518 1137991.69 12494.91
1791045523 1138040.58 12543.68
1791045528 1138089.45 12592.50
1791045533 1138138.29 12641.32
1791045538 1138187.29 12689.86
1791045543 1138235.46 12738.16
1791045548 1138284.05 12786.68
1791045553 1138330.83 12833.58
1791045558 1138378.45 12881.35
1791045564 1138427.56 12930.35
1791045569 1138476.20 12978.74
1791045574 1138524.84 13027.17
1791045579 1138573.81 13075.89
1791045584 1138623.02 13124.91
1791045589 1138671.74 13173.37
1791045594 1138719.38 13221.00
1791045599 1138767.94 13269.24
1791045604 1138816.54 13317.74
1791045609 1138863.97 13365.21
1791045614 1138912.69 13413.68
1791045619 1138961.26 13462.14
1791045624 1139011.19 13511.87
1791045629 1139060.91 13561.31
1791045634 1139110.68 13610.59
1791045639 1139160.43 13660.06
1791045644 1139209.42 13708.89
1791045649 1139258.30 13757.57
1791045654 1139307.51 13806.61
1791045659 1139356.94 13855.79
1791045664 1139406.19 13904.81
1791045669 1139439.26 13938.24
1791045674 1139478.22 13977.70
1791045679 1139527.73 14026.95
1791045684 1139577.08 14076.38
1791045689 1139626.62 14125.70
1791045694 1139676.13 14175.25
1791045699 1139726.04 14224.69
1791045704 1139775.88 14274.38
1791045709 1139825.62 14324.00
1791045714 1139875.52 14373.70
1791045719 1139925.33 14423.28
1791045724 1139975.26 14472.99
1791045729 1140025.23 14522.72
1791045734 1140075.26 14572.49
1791045739 1140125.25 14622.34
1791045744 1140175.40 14672.19
1791045749 1140225.49 14722.14
1791045754 1140275.52 14771.88
1791045759 1140325.89 14821.87
1791045764 1140376.07 14871.78
1791045769 1140426.12 14921.69
1791045774 1140476.03 14971.33
1791045779 1140526.01 15021.07
1791045784 1140575.94 15070.79
1791045789 1140625.87 15120.67
1791045794 1140676.20 15170.43
1791045799 1140726.19 15220.35
1791045804 1140776.23 15270.12
1791045809 1140826.17 15319.91
1791045814 1140876.15 15369.71
1791045819 1140926.58 15419.69
1791045824 1140976.67 15469.40
1791045829 1141026.69 15519.24
1791045834 1141076.61 15568.92
1791045839 1141126.60 15618.75
1791045844 1141176.68 15668.53
1791045849 1141226.71 15718.38
1791045854 1141276.91 15768.20
1791045859 1141327.00 15818.05
1791045864 1141377.08 15867.86
1791045869 1141427.38 15917.77
1791045874 1141477.47 15967.70
1791045879 1141527.52 16017.52
1791045884 1141577.71 16067.16
1791045889 1141627.74 16117.10
1791045894 1141677.85 16166.92
1791045899 1141708.44 16197.53
1791045904 1141718.83 16207.92
1791045909 1141728.85 16218.05
1791045914 1141741.56 16230.58
1791045919 1141758.82 16247.51
