1791043873 0 0
1791043878 0 0
1791043883 0 0
1791043888 0 0
1791043893 0 0
1791043898 0 0
1791043903 0 0
1791043908 0 0
1791043914 0 0
1791043919 0 0
1791043924 0 0
1791043929 0 0
1791043934 6816 164154
1791043939 34976 297289
1791043944 91440 491222
1791043949 148336 713672
1791043954 218448 860773
1791043959 282192 1024376
1791043964 401072 1201490
1791043969 528064 1414973
1791043974 655600 1578623
1791043979 762144 1735427
1791043984 972304 2044414
1791043989 1105296 2214670
1791043994 1149840 2259596
1791044000 1722400 2832776
1791044005 2437552 3548704
1791044010 3110800 4222718
1791044015 3677680 4852640
1791044021 4262768 5483630
1791044026 4802416 6052727
1791044031 5350144 6630120
1791044036 5875808 7184089
1791044042 6530832 7868797
1791044047 7096032 8434627
1791044052 7656384 8995585
1791044057 8189968 9529732
1791044062 8809632 10150090
1791044068 9270800 10611687
1791044073 9752240 11093630
1791044078 10224608 11566465
1791044083 10750320 12092718
1791044088 11295632 12638571
1791044093 11794432 13137806
1791044098 12396352 13740400
1791044104 12914608 14259237
1791044109 13616768 14962141
1791044114 14265856 15611972
1791044119 14881760 16228443
1791044124 15497184 16844535
1791044129 16013168 17361023
1791044135 16535952 17877046
1791044140 17104464 18453348
1791044145 17665312 19014824
1791044150 18258864 19609035
1791044155 18863264 20214072
1791044161 19463264 20814734
1791044166 20025952 21378006
1791044171 20567536 21920116
1791044176 20856224 22209109
1791044181 21236256 22589558
1791044187 22182272 23536612
1791044192 23238960 24594446
1791044197 24217648 25574125
1791044203 25193456 26550916
1791044208 26201104 27559500
1791044214 27253200 28612788
1791044219 28164176 29524715
1791044224 29043424 30404891
1791044230 30079552 31442078
1791044235 31134960 32498551
1791044241 32250496 33615205
1791044246 33322496 34688344
1791044252 34454336 35821420
1791044258 35653792 37029181
1791044264 36695232 38071676
1791044270 37668656 39053487
1791044275 38801760 40202616
1791044282 39747136 41370512
1791044287 40993376 42625076
1791044296 42409504 44042562
1791044302 43305648 44998876
1791044308 44145616 45892077
1791044313 45901824 47686840
1791044323 47278816 49348317
1791044336 49822000 52465294
1791044361 15231344 15916815
1791044454 15439280 16139764
1791044460 15907792 16608705
1791044465 15907792 16608705
1791044470 15907792 16608705
1791044476 15907792 16608705
1791044481 15907792 16608705
1791044486 15907792 16608705
1791044491 15907792 16608705
1791044496 15907792 16608705
1791044501 15907792 16608705
1791044507 15907792 16608705
1791044512 15907792 16608705
1791044517 15907792 16608705
1791044522 15907792 16608705
1791044527 15907792 16608705
