1791045367 0 0
1791045372 0 0
1791045377 0 0
1791045383 0 0
1791045388 0 0
1791045393 0 0
1791045398 0 0
1791045403 0 0
1791045408 0 0
1791045413 0 0
1791045418 0 0
1791045423 14304 90017
1791045428 14304 246423
1791045433 56640 415449
1791045438 63952 609336
1791045443 112704 816496
1791045448 162640 1025988
1791045453 247472 1235239
1791045458 339936 1421392
1791045463 425344 1578390
1791045469 515712 1732112
1791045474 628704 1932802
1791045479 720784 2119595
1791045484 777824 2231377
1791045489 1218512 2735706
1791045494 1722592 3332089
1791045500 2189552 3904926
1791045506 2782912 4617376
1791045511 3262752 5232794
1791045517 3739968 5795017
1791045523 4334000 6474033
1791045528 4938832 7149121
1791045533 5516512 7786511
1791045539 6103136 8395266
1791045544 6664080 8961753
1791045549 7216704 9532926
1791045554 7689520 10009800
1791045560 8298032 10632136
1791045565 8815776 11164683
1791045570 9441040 11814905
1791045575 9964048 12348892
1791045581 10621232 13028524
1791045586 11148912 13565305
1791045591 11679360 14098382
1791045597 12212144 14635909
1791045602 12741840 15169807
1791045607 13192496 15624017
1791045612 13756800 16194678
1791045617 14319552 16764462
1791045623 15079456 17532989
1791045629 15760848 18222177
1791045634 16322704 18790642
1791045640 16889792 19362555
1791045645 17469136 19944449
1791045650 18085376 20562004
1791045656 18766080 21245668
1791045661 19413312 21897266
1791045666 19773344 22259307
1791045672 19996864 22483828
1791045677 21019456 23509615
1791045683 22168352 24662174
1791045689 23237824 25734540
1791045695 24339488 26843990
1791045701 25461280 27994054
1791045707 26582752 29148419
1791045713 27767376 30372300
1791045719 28925328 31547974
1791045726 29987472 32643335
1791045732 31044496 33718808
1791045738 32108016 34850263
1791045744 33270224 36059907
1791045751 34337424 37183835
1791045757 35372640 38244685
1791045764 36701680 39643122
1791045771 37418896 40361430
1791045777 38181136 41169309
1791045783 38979984 41991538
1791045789 39814416 42857179
1791045795 40597456 43680251
1791045800 41626224 44718278
1791045807 42441136 45541297
1791045813 43435552 46544812
1791045820 44582976 47716289
1791045826 45357856 48536828
1791045832 46120832 49315793
1791045838 46913200 50123704
1791045843 47684240 50932165
1791045849 48392480 51648694
1791045855 49428960 52702229
1791045861 50292864 53581911
1791045867 51185584 54499221
1791045874 52220784 55573615
1791045880 52279888 55632759
1791045885 52279888 55632759
1791045892 52279888 55632759
1791045899 52279888 55632759
1791045904 52279888 55632759
1791045909 52279888 55632759
1791045914 52279888 55632759
