1791044690 0 0
1791044695 0 0
1791044700 0 0
1791044705 0 0
1791044710 0 0
1791044715 0 0
1791044720 0 0
1791044726 0 0
1791044731 0 0
1791044736 0 0
1791044741 0 0
1791044746 0 0
1791044751 0 0
1791044756 0 0
1791044761 0 29871
1791044766 7184 192679
1791044771 13968 354118
1791044776 62336 598129
1791044781 112192 782577
1791044786 194816 994946
1791044791 307008 1232312
1791044796 384240 1378704
1791044801 489888 1564530
1791044806 593088 1747740
1791044811 718400 1939393
1791044816 871600 2108581
1791044822 955904 2212089
1791044827 1225216 2543945
1791044832 1669488 3083169
1791044837 2247312 3681198
1791044842 2779232 4240803
1791044847 3332288 4880126
1791044853 3816224 5478443
1791044858 4321888 6048012
1791044863 4825568 6585850
1791044868 5269760 7053926
1791044873 5831536 7652936
1791044878 6434256 8265946
1791044883 6998480 8834712
1791044888 7497280 9336630
1791044893 8060480 9902947
1791044898 8526544 10381606
1791044904 9051824 10914191
1791044909 9543408 11409387
1791044914 10178736 12051385
1791044919 10693120 12569928
1791044924 11271696 13154541
1791044929 11703056 13590518
1791044934 12333712 14224738
1791044939 12974752 14867478
1791044944 13583504 15478110
1791044950 14160032 16058774
1791044955 14609680 16511169
1791044960 15174768 17080455
1791044965 15668128 17575076
1791044970 16205040 18115353
1791044975 16742176 18656013
1791044980 17264592 19180435
1791044985 17866656 19784907
1791044990 18508112 20428261
1791044995 19093616 21016300
1791045001 19732064 21656781
1791045006 20219760 22145884
1791045011 20441712 22368377
1791045016 21212640 23140830
1791045021 22112752 24041864
1791045027 23029952 25013390
1791045033 24055056 26042225
1791045038 25189200 27179636
1791045044 26362592 28355336
1791045051 27489360 29483997
1791045057 28488064 30491505
1791045063 29446976 31453983
1791045069 30699408 32709198
1791045076 31919264 33953274
1791045083 33075056 35110232
1791045089 34073664 36111536
1791045096 35401120 37447655
1791045102 36681152 38753314
1791045109 38182672 40257915
1791045117 39518448 41597573
1791045124 40657024 42760540
1791045130 41902640 44008102
1791045137 42958928 45073966
1791045143 44230576 46362468
1791045149 45698288 47847125
1791045156 46923600 49073731
1791045163 48120672 50272488
1791045170 49711184 51865680
1791045178 51235472 53392691
1791045185 52664112 54825688
1791045192 53197104 55375024
1791045199 53197104 55375024
1791045204 53197104 55375024
1791045209 53197104 55375024
1791045214 53197104 55375024
