1791043235 0 0
1791043240 0 0
1791043245 0 0
1791043250 0 0
1791043256 0 0
1791043261 0 0
1791043266 0 0
1791043271 0 0
1791043276 0 0
1791043281 0 0
1791043286 0 0
1791043291 6912 120887
1791043296 28240 300159
1791043301 57568 456598
1791043306 107152 636534
1791043311 206144 860470
1791043316 305920 1061398
1791043321 426016 1261847
1791043326 468384 1374886
1791043331 581552 1568806
1791043336 710304 1733810
1791043341 915984 2001222
1791043346 1114448 2224735
1791043352 1166784 2284873
1791043357 1779856 2898538
1791043362 2315744 3434957
1791043367 2995408 4115373
1791043372 3554416 4699365
1791043377 4082976 5271669
1791043382 4601072 5839358
1791043387 5193104 6470671
1791043392 5680992 6984730
1791043397 6199232 7530960
1791043403 6697216 8044857
1791043408 7273584 8621847
1791043413 7876656 9225512
1791043418 8442720 9792190
1791043423 8864720 10214683
1791043428 9450368 10800884
1791043433 9994400 11345453
1791043438 10542976 11894566
1791043443 11205808 12558068
1791043449 11796576 13149410
1791043454 12340080 13693416
1791043459 12945088 14299062
1791043464 13586416 14941032
1791043469 14196448 15551737
1791043474 14848176 16204157
1791043479 15384192 16740688
1791043484 16000384 17357496
1791043490 16625040 17982733
1791043495 17200528 18558811
1791043500 17781632 19140481
1791043505 18393824 19753306
1791043510 18757872 20117681
1791043515 19227968 20588275
1791043520 19815744 21176705
1791043525 20342336 21703849
1791043530 20907520 22269579
1791043535 21110288 22472563
1791043540 22019712 23382898
1791043546 23108128 24472475
1791043551 24101152 25466506
1791043557 25089168 26455508
1791043562 26014832 27382112
1791043567 27080592 28448869
1791043573 28162496 29531890
1791043579 28963856 30334163
1791043584 29826368 31197497
1791043589 30970192 32342425
1791043595 31924784 33297989
1791043600 32932640 34306856
1791043606 33917376 35292592
1791043611 35118064 36494545
1791043617 36173424 37550953
1791043622 37067536 38445961
1791043627 37991776 39371048
1791043633 39013248 40393569
1791043638 40056080 41437543
1791043643 41118960 42501484
1791043649 42172144 43555674
1791043655 43358064 44742766
1791043660 44462240 45848050
1791043666 45557776 46944776
1791043672 46567504 47955519
1791043677 47464800 48853701
1791043682 48293696 49683442
1791043688 49419584 50810388
1791043694 50598240 51990284
1791043699 51607344 53000466
1791043705 52744336 54138594
1791043711 53898176 55293589
1791043717 54493568 55889511
1791043722 54493568 55889511
1791043727 54493568 55889511
1791043732 54493568 55889511
1791043737 54493568 55889511
