1791150043 1213523.32 98.75
1791150048 1213527.28 102.09
1791150053 1213530.51 105.48
1791150058 1213533.53 108.87
1791150063 1213537.90 113.33
1791150068 1213541.60 117.23
1791150073 1213545.82 121.66
1791150078 1213550.31 125.50
1791150083 1213554.14 129.26
1791150088 1213560.02 134.40
1791150093 1213573.10 147.51
1791150098 1213588.90 163.34
1791150103 1213600.31 174.79
1791150108 1213612.55 186.92
1791150113 1213623.89 198.30
1791150118 1213635.30 209.66
1791150123 1213644.68 219.07
1791150128 1213651.05 225.39
1791150133 1213657.33 231.75
1791150138 1213663.78 238.12
1791150143 1213670.06 244.47
1791150148 1213676.36 250.79
1791150153 1213682.75 257.17
1791150158 1213689.10 263.48
1791150163 1213703.14 278.21
1791150168 1213718.90 294.46
1791150173 1213736.24 312.73
1791150178 1213750.21 327.30
1791150183 1213766.02 343.55
1791150188 1213783.98 362.41
1791150193 1213803.35 382.51
1791150198 1213817.56 397.23
1791150203 1213835.73 416.11
1791150208 1213854.35 435.55
1791150213 1213870.39 452.30
1791150218 1213886.17 468.69
1791150223 1213904.08 487.34
1791150228 1213919.72 503.38
1791150233 1213933.16 517.34
1791150238 1213947.78 532.42
1791150243 1213967.25 552.79
1791150248 1213988.58 575.01
1791150253 1214005.54 592.78
1791150258 1214020.44 608.15
1791150263 1214033.84 622.15
1791150268 1214051.47 640.40
1791150273 1214069.68 659.31
1791150278 1214087.03 677.26
1791150283 1214102.99 694.04
1791150288 1214116.20 707.15
1791150293 1214132.81 724.40
1791150298 1214146.40 737.84
1791150303 1214158.55 750.38
1791150308 1214172.80 764.84
1791150313 1214185.70 778.32
1791150318 1214197.32 790.41
1791150323 1214210.09 803.76
1791150328 1214224.04 818.26
1791150333 1214236.41 831.09
1791150338 1214248.32 843.48
1791150343 1214260.72 856.33
1791150348 1214271.83 867.81
1791150353 1214283.56 880.00
1791150358 1214296.30 892.97
1791150363 1214308.49 905.54
1791150368 1214322.45 920.07
1791150373 1214333.97 932.08
1791150378 1214348.53 946.99
1791150383 1214361.20 960.13
1791150388 1214373.75 973.09
1791150393 1214385.90 985.75
1791150398 1214403.41 1004.17
1791150403 1214415.98 1017.25
1791150408 1214427.20 1028.75
1791150413 1214444.86 1047.37
1791150418 1214461.52 1064.73
1791150423 1214479.98 1083.96
1791150428 1214493.13 1097.60
1791150433 1214505.15 1110.31
1791150438 1214520.59 1126.30
1791150443 1214538.03 1144.56
1791150448 1214557.72 1165.28
1791150453 1214576.26 1184.61
1791150458 1214591.76 1200.83
1791150463 1214609.94 1219.77
1791150468 1214626.77 1237.13
1791150473 1214646.25 1257.49
1791150478 1214661.71 1273.42
1791150483 1214681.30 1293.99
1791150488 1214703.06 1316.58
1791150493 1214721.87 1336.24
1791150498 1214739.76 1354.69
1791150503 1214755.38 1371.00
1791150508 1214775.60 1392.00
1791150513 1214790.56 1407.60
1791150518 1214805.67 1423.33
1791150523 1214823.09 1441.46
1791150528 1214842.44 1461.50
1791150533 1214853.78 1473.34
1791150538 1214872.28 1492.68
1791150543 1214895.65 1517.27
1791150548 1214923.23 1546.08
1791150553 1214947.68 1571.70
1791150558 1214970.67 1595.59
1791150563 1214998.75 1624.97
1791150568 1215022.64 1649.86
1791150573 1215047.08 1675.37
1791150578 1215070.93 1700.19
1791150583 1215096.49 1726.70
1791150588 1215115.58 1746.51
1791150593 1215134.64 1766.45
1791150598 1215160.56 1793.14
1791150603 1215183.15 1816.60
1791150608 1215201.18 1835.34
1791150613 1215227.02 1862.42
1791150619 1215252.24 1888.52
1791150624 1215272.24 1909.50
1791150629 1215296.10 1934.27
1791150634 1215317.83 1956.96
1791150639 1215336.86 1976.85
1791150644 1215365.24 2006.52
1791150649 1215391.01 2033.22
1791150654 1215419.29 2062.75
1791150659 1215430.94 2074.69
1791150664 1215456.29 2101.12
1791150669 1215488.41 2134.32
1791150674 1215523.56 2170.60
1791150679 1215556.09 2204.04
1791150684 1215584.99 2234.16
1791150689 1215620.87 2271.13
1791150694 1215644.80 2296.15
1791150699 1215676.18 2328.74
1791150704 1215714.66 2368.33
1791150709 1215750.54 2404.87
1791150714 1215778.99 2434.25
1791150719 1215803.54 2459.49
1791150724 1215836.32 2493.32
1791150729 1215863.96 2521.82
1791150734 1215883.26 2541.94
1791150739 1215904.34 2563.79
1791150744 1215930.62 2591.26
1791150749 1215961.26 2622.82
1791150754 1215989.91 2652.59
1791150759 1216029.09 2692.41
1791150764 1216068.84 2732.73
1791150769 1216100.33 2765.36
1791150774 1216131.82 2797.62
1791150779 1216155.40 2822.08
1791150784 1216168.67 2835.75
1791150789 1216200.38 2868.58
1791150794 1216235.75 2905.16
1791150799 1216275.52 2945.85
1791150804 1216318.80 2989.93
1791150809 1216361.05 3032.98
1791150814 1216399.29 3072.20
1791150819 1216435.71 3109.73
1791150824 1216468.20 3143.14
1791150829 1216513.43 3188.62
1791150834 1216556.20 3232.03
1791150839 1216591.59 3268.28
1791150844 1216620.83 3298.60
1791150849 1216650.80 3329.64
1791150854 1216687.21 3367.08
1791150859 1216721.69 3402.41
1791150864 1216756.83 3438.28
1791150869 1216795.35 3477.55
1791150874 1216837.47 3519.94
1791150879 1216876.55 3559.65
1791150884 1216915.78 3599.59
1791150889 1216948.03 3632.91
1791150894 1216990.53 3675.64
1791150899 1217029.92 3715.53
1791150904 1217066.18 3752.15
1791150909 1217083.24 3769.78
1791150914 1217120.67 3808.15
1791150919 1217164.74 3852.83
1791150924 1217209.85 3898.49
1791150929 1217255.76 3944.84
1791150934 1217298.83 3988.37
1791150939 1217342.05 4032.30
1791150944 1217388.25 4078.82
1791150949 1217435.17 4125.88
1791150954 1217481.01 4171.98
1791150959 1217528.47 4219.36
1791150964 1217574.42 4265.33
1791150969 1217621.92 4312.96
1791150974 1217669.81 4360.84
1791150979 1217718.00 4408.92
1791150984 1217766.04 4456.90
1791150989 1217813.68 4504.42
1791150994 1217860.22 4550.92
1791150999 1217905.15 4595.93
1791151004 1217946.02 4637.19
1791151009 1217986.55 4678.25
1791151014 1218032.08 4723.71
1791151019 1218075.23 4767.24
1791151024 1218121.20 4813.10
1791151029 1218153.27 4845.47
1791151034 1218176.52 4869.38
1791151039 1218219.68 4913.23
1791151044 1218265.45 4959.37
1791151049 1218312.61 5006.80
1791151054 1218359.93 5054.16
1791151059 1218407.33 5101.80
1791151064 1218455.32 5149.69
1791151069 1218502.78 5197.27
1791151074 1218550.08 5244.74
1791151079 1218597.55 5292.15
1791151084 1218645.70 5340.19
1791151089 1218693.64 5388.18
1791151094 1218741.71 5436.14
1791151099 1218789.43 5483.86
1791151104 1218837.45 5531.68
1791151109 1218885.38 5579.58
1791151114 1218933.43 5627.44
1791151119 1218981.58 5675.46
1791151124 1219029.45 5723.29
1791151129 1219077.21 5770.96
1791151134 1219125.46 5819.09
1791151139 1219173.59 5867.10
1791151144 1219221.52 5914.83
1791151149 1219269.69 5962.89
1791151154 1219317.91 6010.92
1791151159 1219365.73 6058.69
1791151164 1219388.59 6081.85
1791151169 1219405.62 6098.97
1791151174 1219413.84 6106.85
1791151179 1219421.45 6114.19
1791151184 1219430.96 6122.63
1791151189 1219434.37 6126.16
1791151194 1219437.10 6129.11
1791151199 1219440.01 6132.12
1791151204 1219443.49 6135.73
1791151209 1219447.18 6139.48
1791151214 1219450.09 6142.56
1791151219 1219454.00 6146.58
1791151224 1219457.55 6150.47
1791151229 1219461.53 6154.62
1791151235 1219464.55 6157.81
1791151240 1219468.56 6161.85
1791151245 1219472.49 6165.39
1791151250 1219477.35 6170.64
1791151255 1219481.90 6175.67
1791151260 1219486.69 6180.93
1791151265 1219491.24 6185.88
1791151270 1219496.24 6191.27
1791151275 1219501.08 6196.57
1791151280 1219505.68 6201.62
1791151285 1219510.69 6207.02
1791151290 1219515.77 6212.49
1791151295 1219521.67 6217.58
1791151300 1219535.93 6231.93
1791151305 1219551.62 6247.58
1791151310 1219563.04 6259.02
1791151315 1219575.47 6271.40
1791151320 1219586.97 6282.82
1791151325 1219598.33 6294.15
1791151330 1219607.06 6302.93
1791151335 1219613.35 6309.28
1791151340 1219619.77 6315.66
1791151345 1219626.04 6321.94
1791151350 1219632.39 6328.33
1791151355 1219638.73 6334.65
1791151360 1219644.96 6340.95
1791151365 1219651.23 6347.26
1791151370 1219662.02 6358.49
1791151375 1219678.97 6376.18
1791151380 1219692.69 6390.57
1791151385 1219709.07 6407.61
1791151390 1219727.25 6426.76
1791151395 1219742.49 6442.49
1791151400 1219757.39 6458.07
1791151405 1219774.71 6476.03
1791151410 1219790.13 6492.04
1791151415 1219805.38 6507.83
1791151420 1219823.74 6527.05
1791151425 1219840.73 6544.74
1791151430 1219855.09 6559.66
1791151435 1219875.63 6581.11
1791151440 1219898.28 6604.73
1791151445 1219918.80 6625.91
1791151450 1219942.56 6650.61
1791151455 1219963.18 6671.97
1791151460 1219979.53 6688.88
1791151465 1219999.93 6710.02
1791151470 1220013.40 6723.98
1791151475 1220028.22 6739.40
1791151480 1220048.15 6760.21
1791151485 1220063.89 6776.60
1791151490 1220074.17 6787.27
1791151495 1220085.43 6798.91
1791151500 1220098.94 6812.94
1791151505 1220111.30 6825.66
1791151510 1220124.16 6839.14
1791151515 1220136.69 6852.12
1791151520 1220148.87 6864.69
1791151525 1220161.84 6878.22
1791151530 1220176.02 6893.01
1791151535 1220188.78 6906.18
1791151540 1220201.45 6919.39
1791151545 1220214.42 6932.77
1791151550 1220229.26 6948.24
1791151555 1220242.16 6961.44
1791151560 1220254.14 6974.00
1791151565 1220267.48 6987.73
1791151570 1220280.05 7000.77
1791151575 1220294.16 7015.34
1791151580 1220306.99 7028.74
1791151585 1220319.23 7041.44
1791151590 1220330.78 7053.49
1791151595 1220346.12 7069.35
1791151600 1220356.96 7080.73
1791151605 1220370.30 7094.59
1791151610 1220384.92 7109.72
1791151615 1220396.78 7121.99
1791151620 1220410.14 7136.04
1791151625 1220424.09 7150.43
1791151630 1220440.74 7167.78
1791151635 1220461.00 7188.95
1791151640 1220480.10 7208.85
1791151645 1220497.15 7226.64
1791151650 1220522.00 7252.61
1791151655 1220544.71 7276.16
1791151660 1220562.07 7294.37
1791151665 1220577.80 7310.76
1791151670 1220600.63 7334.72
1791151675 1220618.62 7353.45
1791151680 1220633.56 7369.01
1791151685 1220650.72 7386.59
1791151690 1220668.47 7405.11
1791151695 1220687.56 7424.94
1791151700 1220702.31 7440.20
1791151705 1220719.90 7458.44
1791151710 1220734.62 7473.93
1791151715 1220752.56 7492.55
1791151720 1220768.95 7509.70
1791151725 1220784.21 7525.53
1791151730 1220801.82 7543.81
1791151735 1220819.29 7562.01
1791151741 1220830.01 7573.22
1791151746 1220857.94 7602.18
1791151751 1220879.78 7625.04
1791151756 1220908.62 7655.11
1791151761 1220929.49 7676.73
1791151766 1220949.93 7698.11
1791151771 1220967.55 7716.41
1791151776 1220991.44 7741.40
1791151781 1221014.10 7765.24
1791151786 1221034.64 7786.70
1791151791 1221058.17 7811.30
1791151796 1221081.80 7835.70
1791151801 1221106.22 7861.08
1791151806 1221135.20 7890.78
1791151811 1221158.79 7915.37
1791151816 1221183.02 7940.54
1791151821 1221202.50 7960.83
1791151826 1221231.04 7990.18
1791151831 1221258.18 8018.14
1791151836 1221276.74 8037.37
1791151841 1221305.38 8067.22
1791151846 1221326.87 8089.60
1791151851 1221351.90 8115.43
1791151856 1221371.88 8136.13
1791151861 1221393.89 8159.05
1791151866 1221406.54 8171.87
1791151871 1221435.73 8202.42
1791151876 1221468.69 8236.56
1791151881 1221492.83 8261.69
1791151886 1221531.24 8301.12
1791151891 1221565.07 8336.21
1791151896 1221595.20 8367.47
1791151901 1221621.85 8395.38
1791151906 1221655.54 8430.18
1791151911 1221681.77 8457.43
1791151916 1221714.91 8491.59
1791151921 1221744.99 8522.88
1791151926 1221775.23 8554.09
1791151931 1221808.32 8588.56
1791151936 1221840.30 8621.46
1791151941 1221867.54 8649.67
1791151946 1221897.15 8680.38
1791151951 1221928.71 8712.93
1791151956 1221957.19 8742.43
1791151961 1221982.74 8768.92
1791151966 1222011.08 8798.22
1791151971 1222047.05 8835.06
1791151976 1222078.94 8867.88
1791151981 1222109.76 8899.65
1791151986 1222139.69 8930.48
1791151991 1222154.52 8946.06
1791151996 1222193.23 8985.77
1791152001 1222236.83 9030.07
1791152006 1222279.52 9073.48
1791152011 1222320.24 9115.09
1791152016 1222359.10 9155.05
1791152021 1222401.29 9198.06
1791152026 1222437.52 9235.17
1791152031 1222475.79 9274.43
1791152036 1222508.52 9308.21
1791152041 1222543.88 9344.53
1791152046 1222578.37 9379.91
1791152051 1222613.75 9416.32
1791152056 1222644.13 9447.46
1791152061 1222681.46 9485.54
1791152066 1222716.72 9521.78
1791152071 1222757.22 9562.86
1791152076 1222793.36 9599.73
1791152081 1222832.90 9640.02
1791152086 1222870.62 9678.60
1791152091 1222911.69 9720.11
1791152096 1222948.66 9757.61
1791152101 1222987.75 9797.48
1791152106 1223029.19 9839.35
1791152111 1223062.50 9873.45
1791152116 1223081.51 9893.22
1791152121 1223122.26 9934.77
1791152126 1223162.37 9975.67
1791152131 1223208.70 10022.40
1791152136 1223255.44 10069.33
1791152141 1223301.93 10116.09
1791152146 1223342.98 10157.94
1791152151 1223389.71 10204.91
1791152156 1223434.95 10250.52
1791152161 1223481.11 10296.94
1791152166 1223527.89 10343.78
1791152171 1223576.07 10391.89
1791152176 1223623.77 10439.68
1791152181 1223671.19 10487.01
1791152186 1223717.31 10533.32
1791152191 1223763.83 10579.88
1791152196 1223810.85 10626.95
1791152201 1223855.22 10671.61
1791152206 1223895.48 10712.61
1791152211 1223936.55 10753.94
1791152216 1223981.45 10798.98
1791152221 1224026.63 10844.27
1791152226 1224073.81 10891.51
1791152231 1224120.19 10937.88
1791152236 1224164.50 10982.31
1791152241 1224177.10 10995.10
1791152246 1224214.45 11033.30
1791152251 1224259.96 11079.43
1791152256 1224305.99 11125.88
1791152261 1224352.54 11172.58
1791152266 1224399.41 11219.75
1791152271 1224447.37 11267.68
1791152276 1224494.84 11315.36
1791152281 1224542.77 11363.31
1791152286 1224590.84 11411.21
1791152291 1224639.19 11459.43
1791152296 1224687.38 11507.50
1791152301 1224735.57 11555.51
1791152306 1224783.70 11603.53
1791152311 1224831.81 11651.55
1791152316 1224880.34 11699.92
1791152321 1224929.25 11748.60
1791152326 1224977.02 11796.32
1791152331 1225025.38 11844.44
1791152336 1225073.44 11892.43
1791152341 1225121.36 11940.23
1791152346 1225169.58 11988.41
1791152351 1225217.73 12036.40
1791152356 1225265.89 12084.39
1791152361 1225314.07 12132.51
1791152366 1225362.19 12180.57
1791152371 1225410.44 12228.59
1791152377 1225426.66 12244.87
1791152382 1225443.54 12261.72
1791152387 1225451.65 12269.10
1791152392 1225459.63 12276.75
1791152397 1225470.25 12286.33
1791152402 1225473.64 12289.72
1791152407 1225476.45 12292.09
1791152412 1225480.24 12295.97
1791152417 1225485.24 12301.15
1791152422 1225488.54 12304.23
1791152427 1225491.63 12307.31
1791152432 1225495.02 12310.88
1791152437 1225498.27 12314.30
1791152442 1225502.26 12318.40
1791152447 1225505.98 12322.20
1791152452 1225509.73 12325.98
1791152457 1225514.19 12329.60
1791152462 1225518.83 12334.14
1791152467 1225523.42 12339.06
1791152472 1225527.94 12343.85
1791152477 1225532.79 12348.94
1791152482 1225537.70 12354.11
1791152487 1225542.26 12358.85
1791152492 1225547.38 12364.16
1791152497 1225551.95 12368.79
1791152502 1225556.64 12373.75
1791152507 1225561.41 12378.56
1791152512 1225566.40 12382.59
1791152517 1225579.21 12395.35
1791152522 1225591.26 12407.48
1791152527 1225602.54 12418.66
1791152532 1225617.32 12433.53
1791152537 1225628.65 12444.87
1791152542 1225640.13 12456.24
1791152547 1225650.92 12467.13
1791152552 1225657.36 12473.61
1791152557 1225663.64 12479.89
1791152562 1225670.09 12486.28
1791152567 1225676.33 12492.60
1791152572 1225682.70 12499.00
1791152577 1225688.94 12505.29
1791152582 1225695.28 12511.68
1791152587 1225705.09 12521.97
1791152592 1225716.37 12533.73
1791152597 1225732.78 12550.78
1791152602 1225747.40 12565.86
1791152607 1225766.03 12585.38
1791152612 1225787.14 12607.54
1791152617 1225801.31 12622.37
1791152622 1225815.87 12637.58
1791152627 1225839.26 12662.09
1791152632 1225857.92 12681.41
1791152637 1225872.56 12696.69
1791152642 1225891.70 12716.66
1791152647 1225908.80 12734.26
1791152652 1225926.21 12752.29
1791152657 1225945.49 12772.31
1791152662 1225960.33 12787.69
1791152667 1225977.65 12805.64
1791152672 1225994.71 12823.25
1791152677 1226013.51 12843.05
1791152682 1226029.52 12859.56
1791152687 1226047.78 12878.68
1791152692 1226067.80 12899.48
1791152697 1226086.72 12919.29
1791152702 1226101.77 12934.92
1791152707 1226117.24 12951.11
1791152712 1226126.71 12960.85
1791152717 1226139.13 12973.87
1791152722 1226151.13 12986.36
1791152727 1226164.33 13000.14
1791152732 1226177.82 13014.17
1791152737 1226192.77 13029.67
1791152742 1226206.32 13043.74
1791152747 1226217.65 13055.53
1791152752 1226230.49 13068.77
1791152757 1226243.96 13082.80
1791152762 1226256.64 13096.04
1791152767 1226269.97 13109.77
1791152772 1226283.63 13123.98
1791152777 1226295.00 13135.90
1791152782 1226311.81 13153.29
1791152788 1226325.02 13166.94
1791152793 1226339.84 13182.42
1791152798 1226352.92 13196.00
1791152803 1226367.01 13210.61
1791152808 1226381.87 13226.05
1791152813 1226394.48 13239.04
1791152818 1226405.86 13250.87
1791152823 1226417.57 13262.97
1791152828 1226428.15 13274.03
1791152833 1226443.51 13290.00
1791152838 1226456.66 13303.74
1791152843 1226473.31 13321.10
1791152848 1226490.29 13338.91
1791152853 1226508.90 13358.36
1791152858 1226527.06 13377.37
1791152863 1226542.99 13394.07
1791152868 1226556.57 13408.25
1791152873 1226570.01 13422.15
1791152878 1226586.78 13439.59
1791152883 1226602.89 13456.38
1791152888 1226617.62 13471.52
1791152893 1226635.59 13490.22
1791152898 1226652.14 13507.58
1791152903 1226678.63 13535.11
1791152908 1226700.47 13557.77
1791152913 1226720.44 13578.58
1791152918 1226741.98 13601.13
1791152923 1226758.25 13618.14
1791152928 1226781.12 13642.09
1791152933 1226795.71 13657.23
1791152938 1226811.63 13673.77
1791152943 1226825.90 13688.64
1791152948 1226844.26 13707.71
1791152953 1226858.03 13722.00
1791152958 1226871.86 13736.48
1791152963 1226890.25 13755.70
1791152968 1226910.86 13777.12
1791152973 1226936.37 13803.78
1791152978 1226969.42 13838.15
1791152983 1226991.96 13861.55
1791152988 1227008.77 13879.09
1791152993 1227033.52 13904.78
1791152998 1227055.79 13928.18
1791153003 1227085.16 13958.84
1791153008 1227107.29 13981.72
1791153013 1227128.88 14004.15
1791153018 1227154.87 14031.09
1791153023 1227174.05 14051.08
1791153028 1227197.39 14075.54
1791153033 1227224.22 14103.51
1791153038 1227246.59 14126.86
1791153043 1227265.87 14146.75
1791153048 1227289.94 14171.91
1791153053 1227311.88 14194.80
1791153058 1227333.94 14217.88
1791153063 1227360.71 14245.71
1791153068 1227385.89 14271.82
1791153073 1227406.52 14293.22
1791153078 1227430.95 14318.56
1791153083 1227445.33 14333.42
1791153088 1227466.70 14355.69
1791153093 1227495.54 14385.77
1791153098 1227519.61 14410.81
1791153103 1227548.91 14441.19
1791153108 1227577.52 14470.78
1791153113 1227608.19 14502.72
1791153118 1227640.89 14536.74
1791153123 1227674.58 14571.54
1791153128 1227702.40 14600.49
1791153133 1227729.70 14628.86
1791153138 1227757.71 14657.92
1791153143 1227786.96 14688.18
1791153148 1227807.43 14709.60
1791153153 1227836.32 14739.65
1791153158 1227866.79 14771.26
1791153163 1227892.60 14798.07
1791153168 1227919.78 14826.29
1791153173 1227957.07 14864.33
1791153178 1227991.20 14899.48
1791153183 1228028.38 14937.22
1791153188 1228057.61 14967.40
1791153193 1228098.27 15008.49
1791153198 1228131.13 15042.35
1791153203 1228165.70 15077.96
1791153208 1228183.69 15096.37
1791153213 1228203.17 15116.66
1791153218 1228238.60 15153.26
1791153223 1228275.74 15191.36
1791153228 1228317.17 15233.66
1791153233 1228359.73 15276.72
1791153238 1228401.32 15319.00
1791153243 1228434.92 15353.70
1791153248 1228468.28 15388.01
1791153253 1228508.81 15429.23
1791153258 1228547.74 15468.90
1791153263 1228582.83 15504.81
1791153268 1228626.45 15548.81
1791153273 1228668.11 15591.00
1791153278 1228712.45 15635.58
1791153283 1228749.48 15673.18
1791153288 1228786.61 15710.95
1791153293 1228823.99 15748.94
1791153298 1228850.75 15776.88
1791153303 1228887.93 15814.94
1791153308 1228927.80 15855.35
1791153313 1228971.13 15898.97
1791153318 1229004.85 15933.58
1791153323 1229040.07 15969.40
1791153328 1229080.38 16010.31
1791153333 1229096.00 16026.33
1791153338 1229123.75 16055.29
1791153343 1229161.84 16094.32
1791153348 1229195.88 16129.63
1791153353 1229236.10 16170.82
1791153358 1229278.73 16214.12
1791153363 1229323.58 16259.49
1791153368 1229365.20 16301.67
1791153373 1229411.02 16347.83
1791153378 1229458.17 16395.19
1791153383 1229503.56 16440.87
1791153388 1229549.59 16487.15
1791153393 1229596.79 16534.42
1791153398 1229643.82 16581.52
1791153403 1229691.04 16628.71
1791153408 1229739.02 16676.60
1791153413 1229786.98 16724.36
1791153418 1229834.15 16771.52
1791153423 1229878.06 16815.69
1791153428 1229924.04 16861.85
1791153433 1229970.60 16908.41
1791153438 1230014.23 16952.48
1791153443 1230059.96 16998.15
1791153448 1230106.59 17044.88
1791153453 1230153.12 17091.47
1791153459 1230177.55 17116.36
1791153464 1230203.23 17142.75
1791153469 1230248.66 17188.71
1791153474 1230295.26 17235.59
1791153479 1230342.19 17282.75
1791153484 1230389.91 17330.54
1791153489 1230437.45 17378.07
1791153494 1230484.89 17425.64
1791153499 1230532.19 17473.09
1791153504 1230579.89 17520.74
1791153509 1230627.73 17568.53
1791153514 1230675.47 17616.39
1791153519 1230722.63 17663.52
1791153524 1230769.60 17710.63
1791153529 1230817.17 17758.14
1791153534 1230864.89 17805.76
1791153539 1230912.28 17853.19
1791153544 1230960.28 17901.13
1791153549 1231007.97 17948.72
1791153554 1231055.91 17996.67
1791153559 1231104.08 18044.71
1791153564 1231151.93 18092.55
1791153569 1231199.76 18140.32
1791153574 1231247.85 18188.34
1791153579 1231295.63 18235.99
1791153584 1231343.09 18283.39
1791153589 1231390.78 18330.89
1791153594 1231405.09 18345.47
1791153599 1231421.55 18361.95
1791153604 1231430.53 18369.80
1791153609 1231438.41 18376.88
1791153614 1231449.39 18386.91
1791153619 1231452.90 18390.56
1791153624 1231455.28 18393.02
1791153629 1231459.23 18397.20
1791153634 1231462.64 18400.87
1791153639 1231467.42 18405.57
1791153644 1231470.28 18408.56
1791153649 1231474.30 18412.68
1791153654 1231477.29 18415.94
1791153659 1231481.39 18420.26
1791153664 1231484.77 18423.92
1791153669 1231488.09 18427.37
1791153674 1231492.01 18430.70
1791153679 1231497.03 18436.11
1791153684 1231502.25 18441.68
1791153689 1231507.09 18447.09
1791153694 1231511.79 18452.30
1791153699 1231516.68 18457.51
1791153704 1231521.51 18462.83
1791153709 1231526.21 18467.99
1791153714 1231530.27 18472.33
1791153719 1231535.31 18477.84
1791153724 1231540.90 18483.04
1791153729 1231552.01 18494.05
1791153734 1231569.51 18511.47
1791153739 1231580.29 18522.29
1791153744 1231593.31 18535.29
1791153749 1231604.66 18546.71
1791153754 1231615.95 18558.07
1791153759 1231625.35 18567.46
1791153764 1231631.82 18573.89
1791153769 1231638.25 18580.40
1791153774 1231644.65 18586.72
1791153779 1231650.93 18593.11
1791153784 1231657.33 18599.46
1791153789 1231663.68 18605.88
1791153794 1231669.92 18612.15
1791153799 1231681.54 18624.34
1791153804 1231697.83 18641.28
1791153809 1231711.66 18655.69
1791153814 1231727.65 18672.60
1791153819 1231748.03 18693.84
1791153824 1231763.06 18709.65
1791153829 1231778.23 18725.54
1791153834 1231792.48 18740.24
1791153839 1231809.23 18757.86
1791153844 1231822.02 18771.09
1791153849 1231840.63 18790.15
1791153854 1231860.04 18810.38
1791153859 1231877.86 18829.03
1791153864 1231898.35 18850.35
1791153869 1231914.62 18867.25
1791153874 1231933.11 18886.60
1791153879 1231949.45 18903.64
1791153884 1231971.66 18926.92
1791153889 1231990.82 18947.04
1791153894 1232006.83 18963.63
1791153899 1232022.90 18980.37
1791153904 1232039.36 18997.35
1791153909 1232056.71 19015.40
1791153914 1232073.00 19032.42
1791153919 1232084.88 19044.95
1791153924 1232094.74 19055.20
1791153929 1232107.23 19068.12
1791153934 1232121.29 19082.75
1791153939 1232133.39 19095.40
1791153944 1232150.34 19113.10
1791153949 1232160.88 19124.05
1791153954 1232172.58 19136.05
1791153959 1232186.01 19150.10
1791153964 1232199.11 19163.57
1791153969 1232208.78 19173.45
1791153974 1232221.16 19186.29
1791153979 1232234.31 19200.13
1791153984 1232249.81 19216.24
1791153989 1232263.39 19230.46
1791153994 1232279.32 19246.85
1791153999 1232292.26 19260.34
1791154004 1232306.17 19274.75
1791154009 1232319.93 19289.26
1791154014 1232332.64 19302.40
1791154019 1232344.80 19315.16
1791154025 1232356.87 19327.65
1791154030 1232370.10 19341.27
1791154035 1232381.51 19353.11
1791154040 1232393.86 19366.01
1791154045 1232403.85 19376.33
1791154050 1232416.98 19390.09
1791154055 1232435.05 19408.85
1791154060 1232449.22 19423.51
1791154065 1232466.84 19441.91
1791154070 1232485.50 19461.44
1791154075 1232500.14 19476.61
1791154080 1232516.70 19494.10
1791154085 1232534.82 19512.76
1791154090 1232548.96 19527.42
1791154095 1232568.89 19548.22
1791154100 1232587.42 19567.62
1791154105 1232600.80 19581.64
1791154110 1232621.49 19603.29
1791154115 1232645.30 19628.08
1791154120 1232661.56 19644.81
1791154125 1232677.80 19661.67
1791154130 1232694.99 19679.60
1791154135 1232709.49 19694.57
1791154140 1232727.59 19713.45
1791154145 1232750.74 19737.53
1791154150 1232765.47 19752.85
1791154155 1232787.09 19775.50
1791154160 1232803.13 19792.28
1791154165 1232822.55 19812.56
1791154170 1232835.25 19825.77
1791154175 1232848.97 19840.08
1791154180 1232870.38 19862.61
1791154185 1232900.72 19894.09
1791154190 1232927.15 19921.99
1791154195 1232952.64 19948.33
1791154200 1232972.10 19968.62
1791154205 1232998.70 19996.21
1791154210 1233020.34 20018.63
1791154215 1233038.75 20037.77
1791154220 1233059.47 20059.47
1791154225 1233079.38 20080.11
1791154230 1233103.43 20105.22
1791154235 1233128.90 20131.66
1791154240 1233150.25 20153.72
1791154245 1233174.58 20178.97
1791154250 1233199.71 20205.25
1791154255 1233228.93 20235.40
1791154260 1233251.29 20258.78
1791154265 1233273.29 20281.73
1791154270 1233301.36 20310.77
1791154275 1233328.07 20338.57
1791154280 1233346.43 20357.78
1791154285 1233377.79 20389.92
1791154290 1233402.22 20415.25
1791154295 1233414.61 20427.94
1791154300 1233440.27 20454.53
1791154305 1233465.04 20480.33
1791154310 1233494.55 20511.33
1791154315 1233519.19 20537.03
1791154320 1233546.41 20565.29
1791154325 1233572.49 20592.76
1791154330 1233602.83 20623.98
1791154335 1233632.70 20655.03
1791154340 1233662.34 20685.73
1791154345 1233691.08 20715.59
1791154350 1233728.28 20753.65
1791154355 1233756.77 20783.24
1791154360 1233792.09 20819.49
1791154365 1233817.34 20845.67
1791154370 1233848.21 20877.63
1791154375 1233871.53 20901.91
1791154380 1233901.58 20933.00
1791154385 1233936.16 20968.57
1791154390 1233968.26 21001.38
1791154395 1234004.53 21038.45
1791154400 1234038.49 21073.40
1791154405 1234069.66 21105.37
1791154410 1234102.14 21138.86
1791154415 1234146.31 21183.18
1791154420 1234162.79 21199.99
1791154425 1234192.48 21230.99
1791154430 1234224.87 21264.52
1791154435 1234254.32 21295.25
1791154440 1234297.05 21338.57
1791154445 1234341.76 21383.14
1791154450 1234380.14 21421.98
1791154455 1234417.07 21460.00
1791154460 1234460.36 21503.99
1791154465 1234501.99 21546.17
1791154470 1234538.65 21583.84
1791154475 1234580.84 21626.84
1791154480 1234622.81 21669.39
1791154485 1234654.36 21702.02
1791154490 1234695.58 21743.81
1791154495 1234739.69 21788.27
1791154500 1234775.21 21824.64
1791154505 1234814.52 21864.54
1791154510 1234856.43 21906.68
1791154515 1234893.27 21944.34
1791154520 1234932.44 21984.00
1791154525 1234961.92 22014.44
1791154530 1234997.60 22050.77
1791154535 1235039.26 22092.84
1791154540 1235079.73 22133.71
1791154545 1235092.73 22147.24
1791154550 1235126.44 22181.90
1791154555 1235171.19 22227.23
1791154560 1235210.40 22267.38
1791154565 1235254.07 22311.73
1791154570 1235299.49 22357.31
1791154575 1235346.15 22404.26
1791154580 1235393.24 22451.55
1791154585 1235439.13 22497.78
1791154590 1235483.86 22542.90
1791154595 1235528.41 22587.89
1791154600 1235573.12 22632.85
1791154605 1235618.20 22678.44
1791154610 1235662.23 22722.85
1791154615 1235705.90 22766.81
1791154620 1235749.82 22811.01
1791154625 1235790.57 22852.45
1791154630 1235830.78 22893.16
1791154635 1235873.77 22936.68
1791154640 1235919.87 22982.84
1791154645 1235966.47 23029.47
1791154650 1236014.53 23077.43
1791154655 1236060.72 23123.76
1791154661 1236108.25 23171.17
1791154666 1236156.56 23219.36
1791154671 1236189.24 23252.10
1791154676 1236215.01 23278.85
1791154681 1236256.98 23321.63
1791154686 1236303.65 23368.65
1791154691 1236350.72 23415.74
1791154696 1236398.05 23463.35
1791154701 1236444.85 23510.40
1791154706 1236492.41 23558.11
1791154711 1236539.75 23605.52
1791154716 1236587.44 23653.31
1791154721 1236635.20 23701.14
1791154726 1236682.98 23748.99
1791154731 1236731.35 23797.33
1791154736 1236779.24 23845.27
1791154741 1236827.51 23893.45
1791154746 1236875.70 23941.72
1791154751 1236924.15 23989.96
1791154756 1236971.71 24037.52
1791154761 1237019.92 24085.65
1791154766 1237067.95 24133.63
1791154771 1237115.89 24181.40
1791154776 1237163.84 24229.35
1791154781 1237212.14 24277.52
1791154786 1237260.20 24325.56
1791154791 1237308.41 24373.63
1791154796 1237356.17 24421.37
1791154801 1237403.12 24468.24
1791154806 1237424.60 24490.27
1791154811 1237437.97 24503.53
1791154816 1237449.78 24515.50
1791154821 1237458.15 24522.88
1791154826 1237466.78 24529.73
