1791150086 0 0
1791150091 0 0
1791150096 0 0
1791150101 0 0
1791150106 0 0
1791150111 0 0
1791150116 0 0
1791150121 0 0
1791150126 0 0
1791150131 0 0
1791150136 0 0
1791150141 0 0
1791150146 0 0
1791150152 0 0
1791150157 0 0
1791150162 6912 110706
1791150167 55888 332424
1791150172 126320 586053
1791150177 190048 794417
1791150182 295424 1007763
1791150187 409904 1265520
1791150192 554736 1533435
1791150197 653552 1711880
1791150202 777456 1957119
1791150207 923984 2201931
1791150212 1053024 2394427
1791150217 1170352 2619179
1791150222 1343312 2863990
1791150227 1471376 3048581
1791150232 1560640 3210025
1791150237 1728080 3419184
1791150243 1886928 3672774
1791150248 2076464 3956273
1791150253 2218960 4179653
1791150258 2326800 4357441
1791150263 2485072 4543402
1791150268 2650560 4772144
1791150273 2785984 5009725
1791150278 2961552 5247061
1791150283 3034768 5344713
1791150288 3156208 5507454
1791150293 3250656 5685128
1791150298 3341024 5826350
1791150303 3440688 5997546
1791150308 3540720 6160646
1791150313 3598432 6256739
1791150318 3656400 6367579
1791150324 3778192 6545165
1791150329 3876128 6707517
1791150334 3953936 6833213
1791150339 4054544 7003703
1791150344 4125280 7108112
1791150349 4221840 7251002
1791150354 4278480 7376912
1791150359 4379264 7546668
1791150364 4433328 7643263
1791150369 4568640 7829132
1791150374 4632560 7948141
1791150379 4699328 8089962
1791150384 4827424 8268621
1791150389 4920288 8386700
1791150394 5012064 8550308
1791150399 5158384 8771749
1791150404 5243936 8905199
1791150410 5279248 8956519
1791150415 5446752 9230783
1791150420 5595440 9438969
1791150425 5742976 9655274
1791150430 5820768 9804120
1791150435 5898688 9964588
1791150440 6045008 10215743
1791150445 6175600 10430263
1791150450 6337328 10691356
1791150455 6446224 10863215
1791150460 6608144 11114337
1791150465 6748160 11314999
1791150470 6888336 11576038
1791150475 7009504 11776346
1791150480 7170048 12028736
1791150485 7351760 12302073
1791150490 7487952 12523794
1791150496 7618096 12764671
1791150501 7784624 12987411
1791150506 7957856 13262140
1791150511 8126016 13463191
1791150516 8256000 13640115
1791150521 8393952 13870977
1791150526 8560160 14100263
1791150531 8647024 14249912
1791150536 8739744 14368281
1791150541 8937744 14694476
1791150546 9112320 15007420
1791150551 9284048 15316350
1791150556 9456544 15597325
1791150561 9689936 15961082
1791150566 9881728 16288834
1791150571 10079408 16622564
1791150577 10256944 16883594
1791150582 10457552 17203114
1791150587 10623568 17455482
1791150592 10764320 17706134
1791150597 10991104 18048911
1791150602 11189760 18310797
1791150607 11346976 18555188
1791150612 11589744 18881763
1791150617 11780992 19200436
1791150622 11961424 19482476
1791150627 12167056 19787110
1791150632 12339344 20071300
1791150637 12473024 20294028
1791150642 12725568 20671824
1791150648 12931280 20984228
1791150653 13166384 21342063
1791150658 13188416 21379735
1791150663 13444272 21720212
1791150668 13637808 22106600
1791150673 13870400 22555985
1791150678 14108800 22934650
1791150683 14329072 23329396
1791150688 14553296 23737196
1791150693 14721184 24028040
1791150698 15019536 24479905
1791150703 15343744 24962826
1791150709 15568976 25350406
1791150714 15854448 25723271
1791150719 16066752 26017519
1791150724 16327040 26449090
1791150729 16506512 26753734
1791150734 16707328 27021632
1791150739 16864400 27282439
1791150744 17097104 27645771
1791150749 17384528 28040179
1791150754 17668704 28427776
1791150759 17936080 28939312
1791150764 18192464 29325762
1791150769 18429760 29709963
1791150775 18664608 30089435
1791150780 18818016 30290026
1791150785 18907280 30438455
1791150790 19149616 30912834
1791150795 19384064 31342458
1791150800 19718672 31874456
1791150805 19996720 32373594
1791150810 20225792 32826793
1791150816 20536528 33287054
1791150821 20800544 33680340
1791150826 21141904 34231020
1791150831 21470272 34729251
1791150836 21765008 35204280
1791150841 22001744 35575325
1791150846 22225072 35961701
1791150851 22516688 36356394
1791150856 22802176 36794663
1791150861 23082496 37225538
1791150866 23396528 37703093
1791150872 23655072 38198202
1791150877 23909632 38634905
1791150882 24175152 39074787
1791150887 24424144 39496750
1791150892 24773808 40006122
1791150897 25132000 40481799
1791150902 25427984 40956151
1791150907 25456096 40993134
1791150912 25814864 41527456
1791150917 26136032 42062012
1791150923 26477888 42631039
1791150928 26835776 43211181
1791150933 27080704 43678623
1791150938 27440992 44243224
1791150943 27768704 44769444
1791150948 28143552 45358397
1791150953 28512496 45944139
1791150959 28775056 46411566
1791150964 29173072 47022468
1791150969 29596608 47638921
1791150974 29969264 48273280
1791150980 30278304 48806162
1791150985 30601664 49331377
1791150990 30948432 49955886
1791150995 31263488 50437970
1791151000 31610720 50905363
1791151006 31932288 51372266
1791151011 32250032 51912905
1791151016 32536640 52419385
1791151021 32830832 52968765
1791151026 33039056 53393688
1791151031 33082256 53452917
1791151036 33439136 53994274
1791151041 33767840 54586532
1791151047 34151056 55185809
1791151052 34501856 55856176
1791151057 34884400 56428957
1791151063 35271632 57026861
1791151068 35679504 57610032
1791151073 36034896 58196320
1791151078 36419360 58782161
1791151083 36770912 59369399
1791151089 37155632 59972290
1791151094 37520656 60570212
1791151099 37902576 61147088
1791151105 38274592 61753247
1791151110 38634208 62333438
1791151115 39021088 62919985
1791151121 39398048 63512192
1791151126 39804336 64120172
1791151131 40189312 64720572
1791151137 40530384 65309780
1791151142 40922944 65904394
1791151147 41293120 66477617
1791151152 41651680 67050067
1791151157 41985888 67607880
1791151163 42057168 67711039
1791151168 42057168 67711039
1791151173 42057168 67711039
