1791153723 0 0
1791153728 0 0
1791153733 0 0
1791153738 0 0
1791153743 0 0
1791153748 0 0
1791153753 0 0
1791153758 0 0
1791153763 0 0
1791153769 0 0
1791153774 0 0
1791153779 0 0
1791153784 0 0
1791153789 0 0
1791153794 0 0
1791153799 6912 103007
1791153804 55888 339892
1791153809 126320 533699
1791153814 196992 771842
1791153819 332064 1059500
1791153824 440096 1245612
1791153829 562592 1451463
1791153834 625216 1644405
1791153839 738208 1844807
1791153844 847024 2009696
1791153849 939168 2238681
1791153854 1107664 2507328
1791153859 1279296 2758806
1791153865 1425280 3004686
1791153870 1584928 3228840
1791153875 1734016 3471680
1791153880 1893728 3701263
1791153885 2118480 4021180
1791153890 2218784 4216256
1791153895 2340880 4401573
1791153900 2491696 4638971
1791153905 2612272 4839521
1791153910 2741584 5054581
1791153915 2879984 5269357
1791153920 2923344 5344713
1791153925 3001936 5440402
1791153930 3082224 5574962
1791153935 3182128 5766289
1791153940 3261312 5915050
1791153946 3324944 6071445
1791153951 3361360 6168629
1791153956 3443936 6322706
1791153961 3536368 6500489
1791153966 3602352 6603298
1791153971 3673008 6714269
1791153976 3781664 6862673
1791153981 3910320 7070702
1791153986 4005264 7242397
1791153991 4128272 7413386
1791153996 4215360 7606302
1791154001 4307696 7769048
1791154006 4427952 7956128
1791154011 4493584 8097243
1791154016 4625840 8260344
1791154021 4697200 8394196
1791154026 4771696 8498952
1791154031 4886320 8654243
1791154037 4954592 8764304
1791154042 5038320 8905199
1791154047 5038320 8905199
1791154052 5195680 9112140
1791154057 5349984 9334118
1791154062 5480192 9528228
1791154067 5628848 9766815
1791154072 5763664 10001129
1791154077 5908912 10201267
1791154082 6038576 10430073
1791154087 6130800 10624559
1791154092 6252848 10840540
1791154097 6427376 11121898
1791154102 6549840 11292356
1791154107 6705504 11531106
1791154112 6886000 11820220
1791154117 7057568 12096586
1791154123 7160480 12288008
1791154128 7287888 12479684
1791154133 7406912 12673283
1791154138 7550064 12905752
1791154143 7698496 13187792
1791154148 7848944 13381709
1791154153 8050880 13663917
1791154158 8148096 13870644
1791154163 8289520 14100329
1791154168 8391840 14249912
1791154173 8458096 14367863
1791154178 8601024 14635046
1791154183 8769552 15012642
1791154188 8924320 15315511
1791154193 9092240 15649060
1791154199 9242480 15880033
1791154204 9413568 16199881
1791154209 9607696 16510887
1791154214 9737584 16734023
1791154219 9933056 17018052
1791154224 10094288 17254785
1791154229 10292144 17578693
1791154234 10485632 17908442
1791154239 10622080 18161173
1791154244 10821216 18488418
1791154249 11024000 18792315
1791154254 11253200 19156302
1791154259 11402880 19431248
1791154264 11568272 19720715
1791154269 11776624 20071787
1791154274 11950432 20397844
1791154280 12120816 20642297
1791154285 12377888 21044332
1791154290 12555312 21334841
1791154295 12584560 21379735
1791154300 12891520 21765063
1791154305 13081632 22099998
1791154310 13222960 22411011
1791154315 13451312 22743841
1791154320 13583104 23069630
1791154325 13787440 23380726
1791154330 13952080 23783323
1791154335 14187808 24167890
1791154340 14380368 24518883
1791154346 14636800 24925687
1791154351 14858224 25303941
1791154356 15129360 25699631
1791154361 15317968 26063456
1791154366 15494304 26419130
1791154371 15665888 26776577
1791154376 15805440 27081111
1791154381 16002032 27445925
1791154386 16228400 27838565
1791154391 16479072 28257537
1791154396 16680256 28658794
1791154401 16902048 29064763
1791154406 17118000 29451694
1791154412 17438400 29984811
1791154417 17607280 30290026
1791154422 17701808 30452557
1791154427 17878992 30861509
1791154432 18095520 31223874
1791154437 18400528 31741950
1791154442 18729600 32254577
1791154447 18950592 32722763
1791154452 19198128 33129897
1791154458 19515216 33687258
1791154463 19803248 34170105
1791154468 20057968 34610102
1791154473 20326416 35099866
1791154478 20645648 35612415
1791154483 20818736 35933410
1791154488 21119824 36481996
1791154493 21457728 36972102
1791154498 21703856 37404767
1791154504 21944992 37864305
1791154509 22195776 38353456
1791154514 22418256 38755095
1791154519 22619488 39215460
1791154524 22795696 39563670
1791154529 23039600 39971357
1791154534 23278592 40459556
1791154539 23520816 40911396
1791154544 23561216 40978646
1791154549 23783168 41422832
1791154555 24074320 41980159
1791154560 24268240 42356998
1791154565 24510496 42913267
1791154570 24778480 43506687
1791154575 25096128 44034588
1791154580 25448224 44688549
1791154586 25708032 45120301
1791154591 26071728 45669392
1791154596 26369984 46188876
1791154601 26637808 46717616
1791154606 26883072 47237415
1791154612 27188176 47736148
1791154617 27510256 48279148
1791154622 27762352 48731356
1791154627 28052192 49198051
1791154632 28330208 49694872
1791154637 28589632 50215913
1791154642 28862560 50805951
1791154648 29181968 51391375
1791154653 29484096 51914009
1791154658 29849776 52553076
1791154663 30179728 53140015
1791154668 30347104 53452917
1791154673 30400608 53556896
1791154678 30697168 54090220
1791154684 31048960 54741618
1791154689 31395264 55351081
1791154694 31680400 55937103
1791154700 32034608 56576884
1791154705 32342320 57109554
1791154710 32666528 57750835
1791154715 32963728 58322123
1791154721 33252672 58909140
1791154726 33547648 59467072
1791154731 33901120 60059515
1791154736 34233088 60641703
1791154742 34505824 61220056
1791154747 34817040 61820849
1791154752 35135264 62452362
1791154758 35440544 63043978
1791154763 35725184 63622309
1791154768 36032864 64224369
1791154774 36375776 64804022
1791154779 36669728 65369670
1791154784 36951968 65963177
1791154789 37294896 66556874
1791154795 37659232 67144236
1791154800 37899824 67619799
1791154805 37974416 67711039
1791154811 37974416 67711039
1791154816 37974416 67711039
