1791151292 0 0
1791151298 0 0
1791151303 0 0
1791151308 0 0
1791151313 0 0
1791151318 0 0
1791151323 0 0
1791151328 0 0
1791151333 0 0
1791151338 0 0
1791151343 0 0
1791151348 0 0
1791151353 0 0
1791151358 0 0
1791151363 0 0
1791151368 6912 58219
1791151373 34912 280785
1791151378 77216 466730
1791151383 139984 704655
1791151388 245680 956483
1791151393 358976 1171285
1791151398 473680 1369951
1791151404 561280 1548676
1791151409 696096 1793522
1791151414 808016 1979445
1791151419 942528 2201501
1791151424 1047920 2417862
1791151429 1149728 2611513
1791151434 1336592 2878929
1791151439 1488464 3151955
1791151444 1650528 3404416
1791151449 1844608 3725427
1791151454 2026336 3993449
1791151459 2143984 4178294
1791151464 2355536 4469344
1791151469 2481504 4638801
1791151474 2609056 4823993
1791151479 2757696 5083703
1791151484 2877952 5276935
1791151490 2921632 5344713
1791151495 2978256 5448252
1791151500 3108000 5633241
1791151505 3180112 5766901
1791151510 3276832 5900626
1791151515 3329856 6027525
1791151520 3400720 6153833
1791151525 3468272 6285322
1791151530 3561664 6456780
1791151535 3653408 6610329
1791151540 3754448 6758707
1791151545 3855296 6899535
1791151550 3992656 7108252
1791151555 4042880 7205555
1791151560 4125632 7332249
1791151565 4219104 7465134
1791151571 4294048 7605784
1791151576 4377360 7783942
1791151581 4471952 7941570
1791151586 4559104 8090066
1791151591 4670912 8223678
1791151596 4799040 8430061
1791151601 4875824 8533517
1791151606 4991792 8683237
1791151611 5134976 8905199
1791151616 5149408 8927217
1791151621 5260320 9104534
1791151626 5341072 9245743
1791151631 5518304 9499407
1791151636 5657136 9750721
1791151641 5802704 9980072
1791151646 5960592 10230457
1791151652 6205024 10594511
1791151657 6333760 10847758
1791151662 6450272 11033278
1791151667 6594432 11300969
1791151672 6739296 11553805
1791151677 6876080 11776135
1791151682 6947520 11932389
1791151687 7123040 12156103
1791151692 7279776 12398606
1791151697 7387680 12591388
1791151702 7526688 12794174
1791151707 7671856 13025029
1791151712 7843168 13262319
1791151717 7987056 13455809
1791151722 8115824 13677087
1791151727 8246736 13884576
1791151732 8391248 14114750
1791151738 8486288 14249912
1791151743 8624768 14464199
1791151748 8809024 14776254
1791151753 9035936 15110755
1791151758 9201232 15406746
1791151763 9360480 15650923
1791151768 9506080 15917289
1791151773 9687440 16191752
1791151778 9831200 16473735
1791151783 10000224 16756708
1791151788 10157184 17046825
1791151793 10364160 17344188
1791151798 10557776 17648353
1791151803 10761888 18009716
1791151808 10965056 18309693
1791151814 11159632 18614830
1791151819 11321264 18859663
1791151824 11512400 19193521
1791151829 11711232 19564761
1791151834 11813584 19779760
1791151839 12022848 20115702
1791151844 12204448 20412014
1791151849 12397440 20724315
1791151854 12606128 21029550
1791151859 12749440 21268036
1791151864 12826224 21379735
1791151869 13076208 21734938
1791151874 13279456 22121419
1791151879 13431312 22425026
1791151885 13636016 22852865
1791151890 13841536 23277510
1791151895 14092992 23655091
1791151900 14260688 23999174
1791151905 14518768 24384727
1791151910 14736464 24739904
1791151915 14996912 25141725
1791151920 15249344 25507015
1791151925 15484368 25886222
1791151930 15721312 26293819
1791151935 15935616 26657250
1791151940 16149376 27013329
1791151945 16377408 27386886
1791151950 16586400 27764682
1791151956 16828576 28128825
1791151961 17032224 28442399
1791151966 17229104 28792977
1791151971 17498176 29244597
1791151976 17685472 29614135
1791151981 17910000 29970603
1791151986 18082224 30290026
1791151991 18153792 30423247
1791151996 18418240 30958334
1791152001 18692592 31468280
1791152006 18988720 31949786
1791152011 19278592 32425604
1791152017 19524176 32937621
1791152022 19739776 33325367
1791152027 20030128 33797714
1791152032 20282640 34215922
1791152037 20602608 34684261
1791152042 20924272 35115017
1791152047 21149856 35522237
1791152053 21386224 35961533
1791152058 21605904 36334683
1791152063 21862896 36764034
1791152068 22140720 37227319
1791152073 22409232 37686443
1791152078 22690640 38117268
1791152083 22975408 38598765
1791152088 23231968 39059180
1791152093 23504256 39518647
1791152098 23747904 39970460
1791152104 23975040 40408273
1791152109 24248496 40859139
1791152114 24305984 40978646
1791152119 24548896 41497769
1791152124 24792816 41965174
1791152129 25061296 42526198
1791152134 25344368 43120418
1791152140 25565712 43582449
1791152145 25931888 44139825
1791152150 26303392 44726106
1791152155 26607664 45224970
1791152160 26981456 45802347
1791152166 27294800 46434216
1791152171 27551968 46970009
1791152176 27880304 47490502
1791152181 28175200 48005728
1791152186 28522256 48605401
1791152192 28786640 49101029
1791152197 29075296 49635977
1791152202 29362800 50082202
1791152207 29651040 50592909
1791152212 29928944 51082344
1791152217 30192512 51562571
1791152222 30528992 52166765
1791152228 30837424 52747309
1791152233 31128960 53289880
1791152238 31216096 53452917
1791152243 31349680 53674224
1791152248 31747888 54320329
1791152254 32087600 54884186
1791152259 32334176 55350891
1791152264 32721088 56063741
1791152269 33059232 56688573
1791152275 33380592 57304096
1791152280 33689488 57885043
1791152285 34088768 58484878
1791152291 34375152 59071719
1791152296 34697776 59660400
1791152301 34986512 60240231
1791152307 35302672 60836483
1791152312 35628544 61435077
1791152318 35916816 61992512
1791152323 36212544 62586663
1791152328 36529232 63187118
1791152334 36827872 63770736
1791152339 37154736 64365125
1791152344 37448272 64952627
1791152350 37770224 65532643
1791152355 38046304 66105899
1791152360 38326080 66699459
1791152365 38602400 67296351
1791152370 38832176 67711039
1791152376 38832176 67711039
1791152381 38832176 67711039
1791152386 38832176 67711039
