1791152509 0 0
1791152514 0 0
1791152519 0 0
1791152524 0 0
1791152529 0 0
1791152534 0 0
1791152539 0 0
1791152544 0 0
1791152549 0 0
1791152554 0 0
1791152559 0 0
1791152564 0 0
1791152569 0 0
1791152574 0 0
1791152579 0 0
1791152585 0 0
1791152590 6912 155891
1791152595 70096 376922
1791152600 119280 601082
1791152605 183152 786978
1791152610 288688 1059545
1791152615 416448 1287956
1791152620 539936 1496285
1791152625 676240 1771359
1791152630 814048 2024398
1791152635 914752 2194294
1791152640 1099712 2476253
1791152645 1210752 2670724
1791152650 1377552 2901586
1791152655 1506224 3115501
1791152661 1619712 3286628
1791152666 1792688 3530145
1791152671 1918688 3754989
1791152676 2068928 4001349
1791152681 2235504 4201182
1791152686 2391936 4431534
1791152691 2620608 4705709
1791152696 2777120 4957269
1791152701 2887504 5150979
1791152706 3018016 5344713
1791152711 3061568 5388634
1791152716 3147552 5515218
1791152721 3227200 5648175
1791152726 3304976 5789237
1791152731 3379376 5922889
1791152736 3481104 6108871
1791152741 3590176 6258017
1791152747 3646576 6360218
1791152752 3705392 6463641
1791152757 3784240 6618182
1791152762 3898960 6773982
1791152767 4014928 6937152
1791152772 4131520 7108731
1791152777 4205584 7242269
1791152782 4314432 7435982
1791152787 4408272 7584473
1791152792 4517008 7746756
1791152797 4585712 7851253
1791152802 4702016 8008041
1791152807 4803792 8201902
1791152812 4924496 8357027
1791152817 4996112 8489957
1791152822 5082416 8630635
1791152827 5188288 8756918
1791152832 5282640 8905199
1791152838 5395920 9052940
1791152843 5510064 9260583
1791152848 5682032 9483164
1791152853 5791088 9728705
1791152858 5916736 9949583
1791152863 6064016 10178947
1791152868 6173504 10334389
1791152873 6313072 10542165
1791152878 6411968 10736139
1791152883 6512096 10943991
1791152888 6642720 11152673
1791152893 6770528 11351765
1791152898 6932608 11599111
1791152903 7175312 11954763
1791152908 7372672 12234637
1791152913 7556736 12496065
1791152919 7707632 12718840
1791152924 7866640 12943316
1791152929 8082320 13269257
1791152934 8226816 13456151
1791152939 8357408 13627148
1791152944 8492368 13825718
1791152949 8587408 14034623
1791152954 8728928 14242449
1791152959 8764928 14279239
1791152964 8951776 14568185
1791152969 9155376 14880932
1791152974 9351008 15205935
1791152979 9595648 15620912
1791152984 9719248 15820201
1791152989 9889408 16117821
1791152994 10091056 16400197
1791153000 10243024 16726962
1791153005 10440512 17047466
1791153010 10642928 17313596
1791153015 10879808 17670445
1791153020 11042208 17922189
1791153025 11192848 18174591
1791153030 11421424 18525605
1791153035 11632512 18844944
1791153040 11805744 19075551
1791153045 11989168 19378427
1791153050 12132352 19653511
1791153055 12304384 19951514
1791153060 12491504 20242122
1791153065 12704688 20611826
1791153070 12892096 20872782
1791153076 13108352 21200382
1791153081 13223440 21379735
1791153086 13336720 21542655
1791153091 13635184 21920301
1791153096 13819072 22211051
1791153101 14013072 22550847
1791153106 14244688 22950242
1791153111 14462128 23292262
1791153116 14698208 23715495
1791153121 14954912 24117838
1791153126 15183360 24495454
1791153131 15353456 24821525
1791153136 15563632 25150107
1791153141 15826144 25565525
1791153147 16001216 25819169
1791153152 16253072 26175086
1791153157 16462896 26561529
1791153162 16619632 26850243
1791153167 16818864 27199393
1791153172 17126480 27676597
1791153177 17375968 28071227
1791153182 17655088 28503789
1791153187 17907616 28888442
1791153192 18242752 29406066
1791153197 18472800 29746952
1791153202 18759456 30193467
1791153208 18816576 30290026
1791153213 19013952 30556522
1791153218 19349936 31062138
1791153223 19673216 31529045
1791153228 19994480 32068817
1791153233 20235744 32537011
1791153239 20504032 33026845
1791153244 20766496 33399873
1791153249 21053104 33857012
1791153254 21405088 34388427
1791153259 21695504 34795157
1791153264 22057824 35321593
1791153269 22383568 35797447
1791153274 22728096 36363815
1791153279 22990384 36794134
1791153284 23264912 37226311
1791153290 23538112 37659229
1791153295 23787648 38043410
1791153300 24046528 38420683
1791153305 24291216 38880701
1791153310 24647776 39416634
1791153315 24959392 39852856
1791153320 25162112 40216171
1791153325 25448624 40718853
1791153330 25606080 40978646
1791153335 25702176 41127614
1791153340 25958112 41601487
1791153346 26168992 42015787
1791153351 26452640 42467211
1791153356 26772464 43017997
1791153361 27092544 43545685
1791153366 27373312 43998680
1791153371 27760368 44635971
1791153376 28112624 45217278
1791153382 28535232 45773940
1791153387 28832672 46262673
1791153392 29198992 46859619
1791153397 29557248 47423185
1791153402 29947616 48018299
1791153408 30328112 48627665
1791153413 30606688 49116819
1791153418 30895072 49674634
1791153423 31224240 50170500
1791153428 31575072 50732651
1791153434 31906512 51258331
1791153439 32262080 51824127
1791153444 32636032 52418466
1791153449 32994576 52969941
1791153454 33288816 53445498
1791153460 33288816 53452917
1791153465 33645712 53986387
1791153470 33987216 54579148
1791153475 34408464 55255388
1791153481 34747184 55855109
1791153486 35118800 56427243
1791153491 35472640 57029007
1791153497 35835888 57623579
1791153502 36245936 58211035
1791153507 36564400 58806141
1791153513 36904704 59369647
1791153518 37337296 60009718
1791153524 37764576 60625982
1791153529 38124736 61247842
1791153535 38513232 61872855
1791153540 38874816 62451986
1791153546 39299056 63094303
1791153551 39685920 63695820
1791153556 40028176 64306455
1791153562 40471744 64923773
1791153567 40872944 65509512
1791153572 41235808 66097504
1791153578 41620896 66676795
1791153583 42023296 67271043
1791153588 42277056 67711039
1791153593 42277056 67711039
1791153598 42277056 67711039
1791153604 42277056 67711039
